Archive member included to satisfy reference by file (symbol)

c:/altera/15.0/nios2eds/bin/gnu/h-x86_64-mingw32/bin/../lib/gcc/nios2-elf/4.9.1/mno-hw-mul\libgcc.a(_muldi3.o)
                              obj/default/main.o (__muldi3)
c:/altera/15.0/nios2eds/bin/gnu/h-x86_64-mingw32/bin/../lib/gcc/nios2-elf/4.9.1/mno-hw-mul\libgcc.a(lib2-divmod.o)
                              obj/default/main.o (__udivsi3)
c:/altera/15.0/nios2eds/bin/gnu/h-x86_64-mingw32/bin/../lib/gcc/nios2-elf/4.9.1/mno-hw-mul\libgcc.a(lib2-mul.o)
                              obj/default/main.o (__mulsi3)
c:/altera/15.0/nios2eds/bin/gnu/h-x86_64-mingw32/bin/../lib/gcc/nios2-elf/4.9.1/mno-hw-mul\libgcc.a(divsf3.o)
                              obj/default/terasic_fat/FatFileSystem.o (__divsf3)
c:/altera/15.0/nios2eds/bin/gnu/h-x86_64-mingw32/bin/../lib/gcc/nios2-elf/4.9.1/mno-hw-mul\libgcc.a(mulsf3.o)
                              obj/default/terasic_fat/FatFileSystem.o (__mulsf3)
c:/altera/15.0/nios2eds/bin/gnu/h-x86_64-mingw32/bin/../lib/gcc/nios2-elf/4.9.1/mno-hw-mul\libgcc.a(floatunsisf.o)
                              obj/default/terasic_fat/FatFileSystem.o (__floatunsisf)
c:/altera/15.0/nios2eds/bin/gnu/h-x86_64-mingw32/bin/../lib/gcc/nios2-elf/4.9.1/mno-hw-mul\libgcc.a(divdf3.o)
                              obj/default/terasic_fat/FatFileSystem.o (__divdf3)
c:/altera/15.0/nios2eds/bin/gnu/h-x86_64-mingw32/bin/../lib/gcc/nios2-elf/4.9.1/mno-hw-mul\libgcc.a(extendsfdf2.o)
                              obj/default/terasic_fat/FatFileSystem.o (__extendsfdf2)
c:/altera/15.0/nios2eds/bin/gnu/h-x86_64-mingw32/bin/../lib/gcc/nios2-elf/4.9.1/mno-hw-mul\libgcc.a(truncdfsf2.o)
                              obj/default/terasic_fat/FatFileSystem.o (__truncdfsf2)
c:/altera/15.0/nios2eds/bin/gnu/h-x86_64-mingw32/bin/../lib/gcc/nios2-elf/4.9.1/mno-hw-mul\libgcc.a(_clzsi2.o)
                              c:/altera/15.0/nios2eds/bin/gnu/h-x86_64-mingw32/bin/../lib/gcc/nios2-elf/4.9.1/mno-hw-mul\libgcc.a(divsf3.o) (__clzsi2)
c:/altera/15.0/nios2eds/bin/gnu/h-x86_64-mingw32/bin/../lib/gcc/nios2-elf/4.9.1/mno-hw-mul\libgcc.a(_clz.o)
                              c:/altera/15.0/nios2eds/bin/gnu/h-x86_64-mingw32/bin/../lib/gcc/nios2-elf/4.9.1/mno-hw-mul\libgcc.a(_clzsi2.o) (__clz_tab)
c:/altera/15.0/nios2eds/bin/gnu/h-x86_64-mingw32/bin/../lib/gcc/nios2-elf/4.9.1/../../../../../H-x86_64-mingw32/nios2-elf/lib/mno-hw-mul\libc.a(lib_a-exit.o)
                              obj/default/main.o (exit)
c:/altera/15.0/nios2eds/bin/gnu/h-x86_64-mingw32/bin/../lib/gcc/nios2-elf/4.9.1/../../../../../H-x86_64-mingw32/nios2-elf/lib/mno-hw-mul\libc.a(lib_a-fclose.o)
                              obj/default/main.o (fclose)
c:/altera/15.0/nios2eds/bin/gnu/h-x86_64-mingw32/bin/../lib/gcc/nios2-elf/4.9.1/../../../../../H-x86_64-mingw32/nios2-elf/lib/mno-hw-mul\libc.a(lib_a-fflush.o)
                              c:/altera/15.0/nios2eds/bin/gnu/h-x86_64-mingw32/bin/../lib/gcc/nios2-elf/4.9.1/../../../../../H-x86_64-mingw32/nios2-elf/lib/mno-hw-mul\libc.a(lib_a-fclose.o) (_fflush_r)
c:/altera/15.0/nios2eds/bin/gnu/h-x86_64-mingw32/bin/../lib/gcc/nios2-elf/4.9.1/../../../../../H-x86_64-mingw32/nios2-elf/lib/mno-hw-mul\libc.a(lib_a-findfp.o)
                              c:/altera/15.0/nios2eds/bin/gnu/h-x86_64-mingw32/bin/../lib/gcc/nios2-elf/4.9.1/../../../../../H-x86_64-mingw32/nios2-elf/lib/mno-hw-mul\libc.a(lib_a-fclose.o) (__sinit)
c:/altera/15.0/nios2eds/bin/gnu/h-x86_64-mingw32/bin/../lib/gcc/nios2-elf/4.9.1/../../../../../H-x86_64-mingw32/nios2-elf/lib/mno-hw-mul\libc.a(lib_a-fopen.o)
                              obj/default/main.o (fopen)
c:/altera/15.0/nios2eds/bin/gnu/h-x86_64-mingw32/bin/../lib/gcc/nios2-elf/4.9.1/../../../../../H-x86_64-mingw32/nios2-elf/lib/mno-hw-mul\libc.a(lib_a-freer.o)
                              c:/altera/15.0/nios2eds/bin/gnu/h-x86_64-mingw32/bin/../lib/gcc/nios2-elf/4.9.1/../../../../../H-x86_64-mingw32/nios2-elf/lib/mno-hw-mul\libc.a(lib_a-fclose.o) (_free_r)
c:/altera/15.0/nios2eds/bin/gnu/h-x86_64-mingw32/bin/../lib/gcc/nios2-elf/4.9.1/../../../../../H-x86_64-mingw32/nios2-elf/lib/mno-hw-mul\libc.a(lib_a-fseek.o)
                              c:/altera/15.0/nios2eds/bin/gnu/h-x86_64-mingw32/bin/../lib/gcc/nios2-elf/4.9.1/../../../../../H-x86_64-mingw32/nios2-elf/lib/mno-hw-mul\libc.a(lib_a-fopen.o) (_fseek_r)
c:/altera/15.0/nios2eds/bin/gnu/h-x86_64-mingw32/bin/../lib/gcc/nios2-elf/4.9.1/../../../../../H-x86_64-mingw32/nios2-elf/lib/mno-hw-mul\libc.a(lib_a-fstatr.o)
                              c:/altera/15.0/nios2eds/bin/gnu/h-x86_64-mingw32/bin/../lib/gcc/nios2-elf/4.9.1/../../../../../H-x86_64-mingw32/nios2-elf/lib/mno-hw-mul\libc.a(lib_a-fseek.o) (_fstat_r)
c:/altera/15.0/nios2eds/bin/gnu/h-x86_64-mingw32/bin/../lib/gcc/nios2-elf/4.9.1/../../../../../H-x86_64-mingw32/nios2-elf/lib/mno-hw-mul\libc.a(lib_a-fwalk.o)
[...]
Memory Configuration

Name             Origin             Length             Attributes
cfi_flash        0x0000000001800000 0x0000000000800000
reset            0x0000000002040000 0x0000000000000020
onchip_memory2   0x0000000002040020 0x000000000003ffe0
sdram_controller 0x0000000010000000 0x0000000008000000
*default*        0x0000000000000000 0xffffffffffffffff

Linker script and memory map

LOAD ../DE2_115_SD_CARD_bsp//obj/HAL/src/crt0.o
LOAD obj/default/main.o
LOAD obj/default/terasic_fat/FatFileSystem.o
LOAD obj/default/terasic_fat/FatInternal.o
LOAD obj/default/terasic_lib/debug.o
LOAD obj/default/terasic_sdcard/crc16.o
LOAD obj/default/terasic_sdcard/crc7.o
LOAD obj/default/terasic_sdcard/sd_hal.o
LOAD obj/default/terasic_sdcard/sd_lib.o
LOAD obj/default/terasic_sdcard/sd_protocol.o
LOAD c:/altera/15.0/nios2eds/bin/gnu/h-x86_64-mingw32/bin/../lib/gcc/nios2-elf/4.9.1/../../../../../H-x86_64-mingw32/nios2-elf/lib/mno-hw-mul\libstdc++.a
LOAD c:/altera/15.0/nios2eds/bin/gnu/h-x86_64-mingw32/bin/../lib/gcc/nios2-elf/4.9.1/../../../../../H-x86_64-mingw32/nios2-elf/lib/mno-hw-mul\libm.a
LOAD c:/altera/15.0/nios2eds/bin/gnu/h-x86_64-mingw32/bin/../lib/gcc/nios2-elf/4.9.1/mno-hw-mul\libgcc.a
START GROUP
LOAD c:/altera/15.0/nios2eds/bin/gnu/h-x86_64-mingw32/bin/../lib/gcc/nios2-elf/4.9.1/../../../../../H-x86_64-mingw32/nios2-elf/lib/mno-hw-mul\libc.a
LOAD c:/altera/15.0/nios2eds/bin/gnu/h-x86_64-mingw32/bin/../lib/gcc/nios2-elf/4.9.1/mno-hw-mul\libgcc.a
LOAD ../DE2_115_SD_CARD_bsp/\libhal_bsp.a
END GROUP
LOAD c:/altera/15.0/nios2eds/bin/gnu/h-x86_64-mingw32/bin/../lib/gcc/nios2-elf/4.9.1/mno-hw-mul\libgcc.a
                0x0000000001800000                __alt_mem_cfi_flash = 0x1800000
                0x0000000002040000                __alt_mem_onchip_memory2 = 0x2040000
                0x0000000010000000                __alt_mem_sdram_controller = 0x10000000

.entry          0x0000000002040000       0x20
 *(.entry)
 .entry         0x0000000002040000       0x20 ../DE2_115_SD_CARD_bsp//obj/HAL/src/crt0.o
                0x0000000002040000                __reset

.exceptions     0x0000000002040020      0x19c
                0x0000000002040020                PROVIDE (__ram_exceptions_start, ABSOLUTE (.))
                0x0000000002040020                . = ALIGN (0x20)
 *(.irq)
 *(.exceptions.entry.label)
 .exceptions.entry.label
                0x0000000002040020        0x0 ../DE2_115_SD_CARD_bsp/\libhal_bsp.a(alt_irq_entry.o)
                0x0000000002040020                alt_irq_entry
 .exceptions.entry.label
                0x0000000002040020        0x0 ../DE2_115_SD_CARD_bsp/\libhal_bsp.a(alt_exception_entry.o)
                0x0000000002040020                alt_exception
 *(.exceptions.entry.user)
 *(.exceptions.entry.ecc_fatal)
 *(.exceptions.entry)
 .exceptions.entry
                0x0000000002040020       0x54 ../DE2_115_SD_CARD_bsp/\libhal_bsp.a(alt_exception_entry.o)
 *(.exceptions.irqtest.user)
 *(.exceptions.irqtest)
 .exceptions.irqtest
                0x0000000002040074       0x10 ../DE2_115_SD_CARD_bsp/\libhal_bsp.a(alt_irq_entry.o)
 *(.exceptions.irqhandler.user)
 *(.exceptions.irqhandler)
 .exceptions.irqhandler
                0x0000000002040084        0x4 ../DE2_115_SD_CARD_bsp/\libhal_bsp.a(alt_irq_entry.o)
 *(.exceptions.irqreturn.user)
 *(.exceptions.irqreturn)
 .exceptions.irqreturn
                0x0000000002040088        0x4 ../DE2_115_SD_CARD_bsp/\libhal_bsp.a(alt_irq_entry.o)
 *(.exceptions.notirq.label)
 .exceptions.notirq.label
                0x000000000204008c        0x0 ../DE2_115_SD_CARD_bsp/\libhal_bsp.a(alt_irq_entry.o)
 *(.exceptions.notirq.user)
 *(.exceptions.notirq)
 .exceptions.notirq
                0x000000000204008c        0x8 ../DE2_115_SD_CARD_bsp/\libhal_bsp.a(alt_exception_entry.o)
 *(.exceptions.soft.user)
 *(.exceptions.soft)
 *(.exceptions.unknown.user)
 *(.exceptions.unknown)
 .exceptions.unknown
                0x0000000002040094        0x4 ../DE2_115_SD_CARD_bsp/\libhal_bsp.a(alt_exception_entry.o)
 *(.exceptions.exit.label)
 .exceptions.exit.label
                0x0000000002040098        0x0 ../DE2_115_SD_CARD_bsp/\libhal_bsp.a(alt_irq_entry.o)
 .exceptions.exit.label
                0x0000000002040098        0x0 ../DE2_115_SD_CARD_bsp/\libhal_bsp.a(alt_exception_entry.o)
 *(.exceptions.exit.user)
 *(.exceptions.exit)
 .exceptions.exit
                0x0000000002040098       0x54 ../DE2_115_SD_CARD_bsp/\libhal_bsp.a(alt_exception_entry.o)
 *(.exceptions)
 .exceptions    0x00000000020400ec       0xd0 ../DE2_115_SD_CARD_bsp/\libhal_bsp.a(alt_irq_handler.o)
                0x00000000020400ec                alt_irq_handler
                0x00000000020401bc                PROVIDE (__ram_exceptions_end, ABSOLUTE (.))
                0x0000000002040020                PROVIDE (__flash_exceptions_start, LOADADDR (.exceptions))

.text           0x00000000020401bc    0x1d968
                0x00000000020401bc                PROVIDE (stext, ABSOLUTE (.))
 *(.interp)
 *(.hash)
 *(.dynsym)
 *(.dynstr)
 *(.gnu.version)
 *(.gnu.version_d)
 *(.gnu.version_r)
 *(.rel.init)
 *(.rela.init)
 *(.rel.text .rel.text.* .rel.gnu.linkonce.t.*)
 *(.rela.text .rela.text.* .rela.gnu.linkonce.t.*)
 *(.rel.fini)
 *(.rela.fini)
 *(.rel.rodata .rel.rodata.* .rel.gnu.linkonce.r.*)
 *(.rela.rodata .rela.rodata.* .rela.gnu.linkonce.r.*)
 *(.rel.data .rel.data.* .rel.gnu.linkonce.d.*)
 *(.rela.data .rela.data.* .rela.gnu.linkonce.d.*)
 *(.rel.tdata .rel.tdata.* .rel.gnu.linkonce.td.*)
 *(.rela.tdata .rela.tdata.* .rela.gnu.linkonce.td.*)
 *(.rel.tbss .rel.tbss.* .rel.gnu.linkonce.tb.*)
 *(.rela.tbss .rela.tbss.* .rela.gnu.linkonce.tb.*)
 *(.rel.ctors)
 *(.rela.ctors)
 *(.rel.dtors)
 *(.rela.dtors)
 *(.rel.got)
 *(.rela.got)
 *(.rel.sdata .rel.sdata.* .rel.gnu.linkonce.s.*)
 *(.rela.sdata .rela.sdata.* .rela.gnu.linkonce.s.*)
 *(.rel.sbss .rel.sbss.* .rel.gnu.linkonce.sb.*)
 *(.rela.sbss .rela.sbss.* .rela.gnu.linkonce.sb.*)
 *(.rel.sdata2 .rel.sdata2.* .rel.gnu.linkonce.s2.*)
 *(.rela.sdata2 .rela.sdata2.* .rela.gnu.linkonce.s2.*)
 *(.rel.sbss2 .rel.sbss2.* .rel.gnu.linkonce.sb2.*)
 *(.rela.sbss2 .rela.sbss2.* .rela.gnu.linkonce.sb2.*)
 *(.rel.bss .rel.bss.* .rel.gnu.linkonce.b.*)
 *(.rela.bss .rela.bss.* .rela.gnu.linkonce.b.*)
 *(.rel.plt)
 *(.rela.plt)
 *(.rel.dyn)
 *(.init)
 *(.plt)
 *(.text .stub .text.* .gnu.linkonce.t.*)
 .text          0x00000000020401bc       0x3c ../DE2_115_SD_CARD_bsp//obj/HAL/src/crt0.o
                0x00000000020401bc                _start
 .text          0x00000000020401f8      0xc3c obj/default/main.o
                0x00000000020401f8                LCD_Open
                0x0000000002040248                LCD_TextOut
                0x00000000020402a8                LCD_Clear
                0x0000000002040328                LCD_Close
                0x0000000002040364                substring
                0x0000000002040424                selectionList
                0x0000000002040624                Fat_Test
                0x0000000002040c38                main
 .text          0x0000000002040e34     0x1228 obj/default/terasic_fat/FatFileSystem.o
                0x0000000002040e34                Fat_Mount
                0x0000000002040e78                Fat_Unmount
                0x0000000002040ec4                Fat_Type
                0x0000000002040f30                Fat_FileBrowseBegin
                0x0000000002040f9c                Fat_FileBrowseNext
                0x00000000020413cc                Fat_FileCount
                0x0000000002041438                fatSameLongFilename
                0x00000000020414d0                fatComposeShortFilename
                0x0000000002041680                Fat_FileExist
                0x0000000002041730                Fat_FileOpen
                0x0000000002041858                Fat_FileSize
                0x000000000204189c                Fat_FileRead
                0x0000000002041d20                Fat_FileSeek
                0x0000000002041e20                Fat_FileClose
                0x0000000002041e64                Fat_SpeedTest
 .text          0x000000000204205c     0x116c obj/default/terasic_fat/FatInternal.o
                0x000000000204205c                fat16ClusterType
                0x000000000204210c                fat32ClusterType
                0x00000000020421d8                fatNextCluster
                0x0000000002042358                fatFindUnusedCluster
                0x00000000020424e0                fatDelClusterList
                0x00000000020426d8                fatDumpDate
                0x0000000002042734                fatDumpTime
                0x0000000002042790                fatIsLastDir
                0x00000000020427d4                fatIsValidDir
                0x000000000204287c                fatIsUnusedDir
                0x00000000020428c4                fatDump
                0x0000000002042a5c                fatArray2Value
                0x0000000002042ae4                fatReadSecter
                0x0000000002042b74                fatFindDirectory
                0x0000000002042c20                fatFindUnusedDirectory
                0x0000000002042d30                fatMount
                0x000000000204305c                SD_ReadBlock512
                0x0000000002043098                SD_WriteBlock512
                0x00000000020430d4                fatMountSdcard
 .text          0x00000000020431c8      0x1b4 obj/default/terasic_lib/debug.o
                0x00000000020431c8                debug_output
                0x00000000020431f8                myprintf
                0x0000000002043264                myprintf_hexarray
                0x00000000020432ec                myprintf_dwordarray
 .text          0x000000000204337c       0xa4 obj/default/terasic_sdcard/crc16.o
                0x000000000204337c                crc16
 .text          0x0000000002043420       0xc0 obj/default/terasic_sdcard/crc7.o
                0x0000000002043420                crc7_byte
                0x0000000002043470                crc7
 .text          0x00000000020434e0      0x9e8 obj/default/terasic_sdcard/sd_hal.o
                0x00000000020434e0                SDHAL_IsSupport4Bits
                0x000000000204350c                SDHAL_Init
                0x0000000002043564                SDHAL_SendCmd
                0x0000000002043644                SDHAL_GetResponse
                0x0000000002043830                SDHAL_ReadData
                0x0000000002043cc8                SDHAL_WriteData
                0x0000000002043e70                SDHAL_DummyClock
 .text          0x0000000002043ec8      0x434 obj/default/terasic_sdcard/sd_lib.o
                0x0000000002043ec8                SDLIB_Init
                0x00000000020441fc                SDLIB_ReadBlock512
                0x000000000204427c                SDLIB_WriteBlock512
 .text          0x00000000020442fc     0x16a4 obj/default/terasic_sdcard/sd_protocol.o
                0x00000000020442fc                SD_Init
                0x0000000002044324                SD_IsSupport4Bits
                0x000000000204434c                SD_CMD0
                0x00000000020443d4                SD_CMD8
                0x0000000002044560                SD_CMD55
                0x00000000020446e0                SD_ACMD41
                0x000000000204487c                SD_CMD2
                0x0000000002044a14                SD_CMD3
                0x0000000002044bb0                SD_CMD9
                0x0000000002044d70                SD_CMD10
                0x0000000002044f30                SD_CMD7
                0x00000000020450b0                SD_CMD16
                0x0000000002045250                SD_ACMD6
                0x00000000020453dc                SD_ACMD42
                0x000000000204555c                SD_CMD17
                0x0000000002045704                SD_CMD24
                0x00000000020458ac                SD_ReadData
                0x00000000020458ec                SD_WriteData
                0x000000000204592c                ArrayToU32
 .text          0x00000000020459a0      0x10c c:/altera/15.0/nios2eds/bin/gnu/h-x86_64-mingw32/bin/../lib/gcc/nios2-elf/4.9.1/mno-hw-mul\libgcc.a(_muldi3.o)
                0x00000000020459a0                __muldi3
 .text          0x0000000002045aac      0x12c c:/altera/15.0/nios2eds/bin/gnu/h-x86_64-mingw32/bin/../lib/gcc/nios2-elf/4.9.1/mno-hw-mul\libgcc.a(lib2-divmod.o)
                0x0000000002045b18                __divsi3
                0x0000000002045b6c                __modsi3
                0x0000000002045bc8                __udivsi3
                0x0000000002045bd0                __umodsi3
 .text          0x0000000002045bd8       0x28 c:/altera/15.0/nios2eds/bin/gnu/h-x86_64-mingw32/bin/../lib/gcc/nios2-elf/4.9.1/mno-hw-mul\libgcc.a(lib2-mul.o)
                0x0000000002045bd8                __mulsi3
 .text          0x0000000002045c00      0x450 c:/altera/15.0/nios2eds/bin/gnu/h-x86_64-mingw32/bin/../lib/gcc/nios2-elf/4.9.1/mno-hw-mul\libgcc.a(divsf3.o)
                0x0000000002045c00                __divsf3
 .text          0x0000000002046050      0x450 c:/altera/15.0/nios2eds/bin/gnu/h-x86_64-mingw32/bin/../lib/gcc/nios2-elf/4.9.1/mno-hw-mul\libgcc.a(mulsf3.o)
                0x0000000002046050                __mulsf3
 .text          0x00000000020464a0      0x110 c:/altera/15.0/nios2eds/bin/gnu/h-x86_64-mingw32/bin/../lib/gcc/nios2-elf/4.9.1/mno-hw-mul\libgcc.a(floatunsisf.o)
                0x00000000020464a0                __floatunsisf
 .text          0x00000000020465b0      0x980 c:/altera/15.0/nios2eds/bin/gnu/h-x86_64-mingw32/bin/../lib/gcc/nios2-elf/4.9.1/mno-hw-mul\libgcc.a(divdf3.o)
                0x00000000020465b0                __divdf3
 .text          0x0000000002046f30      0x110 c:/altera/15.0/nios2eds/bin/gnu/h-x86_64-mingw32/bin/../lib/gcc/nios2-elf/4.9.1/mno-hw-mul\libgcc.a(extendsfdf2.o)
                0x0000000002046f30                __extendsfdf2
 .text          0x0000000002047040      0x198 c:/altera/15.0/nios2eds/bin/gnu/h-x86_64-mingw32/bin/../lib/gcc/nios2-elf/4.9.1/mno-hw-mul\libgcc.a(truncdfsf2.o)
                0x0000000002047040                __truncdfsf2
 .text          0x00000000020471d8       0x64 c:/altera/15.0/nios2eds/bin/gnu/h-x86_64-mingw32/bin/../lib/gcc/nios2-elf/4.9.1/mno-hw-mul\libgcc.a(_clzsi2.o)
                0x00000000020471d8                __clzsi2
 .text          0x000000000204723c        0x0 c:/altera/15.0/nios2eds/bin/gnu/h-x86_64-mingw32/bin/../lib/gcc/nios2-elf/4.9.1/mno-hw-mul\libgcc.a(_clz.o)
 .text          0x000000000204723c       0x38 c:/altera/15.0/nios2eds/bin/gnu/h-x86_64-mingw32/bin/../lib/gcc/nios2-elf/4.9.1/../../../../../H-x86_64-mingw32/nios2-elf/lib/mno-hw-mul\libc.a(lib_a-exit.o)
                0x000000000204723c                exit
 .text          0x0000000002047274      0x114 c:/altera/15.0/nios2eds/bin/gnu/h-x86_64-mingw32/bin/../lib/gcc/nios2-elf/4.9.1/../../../../../H-x86_64-mingw32/nios2-elf/lib/mno-hw-mul\libc.a(lib_a-fclose.o)
                0x0000000002047274                _fclose_r
                0x0000000002047374                fclose
 .text          0x0000000002047388      0x258 c:/altera/15.0/nios2eds/bin/gnu/h-x86_64-mingw32/bin/../lib/gcc/nios2-elf/4.9.1/../../../../../H-x86_64-mingw32/nios2-elf/lib/mno-hw-mul\libc.a(lib_a-fflush.o)
                0x0000000002047388                _fflush_r
                0x00000000020475b0                fflush
 .text          0x00000000020475e0      0x3b4 c:/altera/15.0/nios2eds/bin/gnu/h-x86_64-mingw32/bin/../lib/gcc/nios2-elf/4.9.1/../../../../../H-x86_64-mingw32/nios2-elf/lib/mno-hw-mul\libc.a(lib_a-findfp.o)
                0x00000000020475f0                _cleanup_r
                0x000000000204779c                __sfmoreglue
                0x0000000002047814                __sfp
                0x000000000204792c                _cleanup
                0x0000000002047944                __sinit
                0x0000000002047954                __sfp_lock_acquire
                0x0000000002047958                __sfp_lock_release
                0x000000000204795c                __sinit_lock_acquire
                0x0000000002047960                __sinit_lock_release
                0x0000000002047964                __fp_lock_all
                0x000000000204797c                __fp_unlock_all
 .text          0x0000000002047994      0x10c c:/altera/15.0/nios2eds/bin/gnu/h-x86_64-mingw32/bin/../lib/gcc/nios2-elf/4.9.1/../../../../../H-x86_64-mingw32/nios2-elf/lib/mno-hw-mul\libc.a(lib_a-fopen.o)
                0x0000000002047994                _fopen_r
                0x0000000002047a84                fopen
 .text          0x0000000002047aa0      0x414 c:/altera/15.0/nios2eds/bin/gnu/h-x86_64-mingw32/bin/../lib/gcc/nios2-elf/4.9.1/../../../../../H-x86_64-mingw32/nios2-elf/lib/mno-hw-mul\libc.a(lib_a-freer.o)
                0x0000000002047aa0                _malloc_trim_r
                0x0000000002047bc4                _free_r
 .text          0x0000000002047eb4      0x478 c:/altera/15.0/nios2eds/bin/gnu/h-x86_64-mingw32/bin/../lib/gcc/nios2-elf/4.9.1/../../../../../H-x86_64-mingw32/nios2-elf/lib/mno-hw-mul\libc.a(lib_a-fseek.o)
                0x0000000002047eb4                _fseek_r
                0x0000000002048308                fseek
 .text          0x000000000204832c       0x58 c:/altera/15.0/nios2eds/bin/gnu/h-x86_64-mingw32/bin/../lib/gcc/nios2-elf/4.9.1/../../../../../H-x86_64-mingw32/nios2-elf/lib/mno-hw-mul\libc.a(lib_a-fstatr.o)
                0x000000000204832c                _fstat_r
 .text          0x0000000002048384      0x170 c:/altera/15.0/nios2eds/bin/gnu/h-x86_64-mingw32/bin/../lib/gcc/nios2-elf/4.9.1/../../../../../H-x86_64-mingw32/nios2-elf/lib/mno-hw-mul\libc.a(lib_a-fwalk.o)
                0x0000000002048384                _fwalk
                0x000000000204843c                _fwalk_reent
 .text          0x00000000020484f4      0x11c c:/altera/15.0/nios2eds/bin/gnu/h-x86_64-mingw32/bin/../lib/gcc/nios2-elf/4.9.1/../../../../../H-x86_64-mingw32/nios2-elf/lib/mno-hw-mul\libc.a(lib_a-fwrite.o)
                0x00000000020484f4                _fwrite_r
                0x00000000020485d0                fwrite
 .text          0x0000000002048610        0x0 c:/altera/15.0/nios2eds/bin/gnu/h-x86_64-mingw32/bin/../lib/gcc/nios2-elf/4.9.1/../../../../../H-x86_64-mingw32/nios2-elf/lib/mno-hw-mul\libc.a(lib_a-impure.o)
 .text          0x0000000002048610        0x0 c:/altera/15.0/nios2eds/bin/gnu/h-x86_64-mingw32/bin/../lib/gcc/nios2-elf/4.9.1/../../../../../H-x86_64-mingw32/nios2-elf/lib/mno-hw-mul\libc.a(lib_a-int_errno.o)
 .text          0x0000000002048610      0x1b8 c:/altera/15.0/nios2eds/bin/gnu/h-x86_64-mingw32/bin/../lib/gcc/nios2-elf/4.9.1/../../../../../H-x86_64-mingw32/nios2-elf/lib/mno-hw-mul\libc.a(lib_a-makebuf.o)
                0x0000000002048610                __smakebuf_r
 .text          0x00000000020487c8       0x28 c:/altera/15.0/nios2eds/bin/gnu/h-x86_64-mingw32/bin/../lib/gcc/nios2-elf/4.9.1/../../../../../H-x86_64-mingw32/nios2-elf/lib/mno-hw-mul\libc.a(lib_a-malloc.o)
                0x00000000020487c8                malloc
                0x00000000020487dc                free
 .text          0x00000000020487f0      0x7a8 c:/altera/15.0/nios2eds/bin/gnu/h-x86_64-mingw32/bin/../lib/gcc/nios2-elf/4.9.1/../../../../../H-x86_64-mingw32/nios2-elf/lib/mno-hw-mul\libc.a(lib_a-mallocr.o)
                0x00000000020487f0                _malloc_r
 .text          0x0000000002048f98      0x138 c:/altera/15.0/nios2eds/bin/gnu/h-x86_64-mingw32/bin/../lib/gcc/nios2-elf/4.9.1/../../../../../H-x86_64-mingw32/nios2-elf/lib/mno-hw-mul\libc.a(lib_a-memcpy.o)
                0x0000000002048f98                memcpy
 .text          0x00000000020490d0      0x124 c:/altera/15.0/nios2eds/bin/gnu/h-x86_64-mingw32/bin/../lib/gcc/nios2-elf/4.9.1/../../../../../H-x86_64-mingw32/nios2-elf/lib/mno-hw-mul\libc.a(lib_a-memset.o)
                0x00000000020490d0                memset
 .text          0x00000000020491f4       0x5c c:/altera/15.0/nios2eds/bin/gnu/h-x86_64-mingw32/bin/../lib/gcc/nios2-elf/4.9.1/../../../../../H-x86_64-mingw32/nios2-elf/lib/mno-hw-mul\libc.a(lib_a-openr.o)
                0x00000000020491f4                _open_r
 .text          0x0000000002049250       0x68 c:/altera/15.0/nios2eds/bin/gnu/h-x86_64-mingw32/bin/../lib/gcc/nios2-elf/4.9.1/../../../../../H-x86_64-mingw32/nios2-elf/lib/mno-hw-mul\libc.a(lib_a-printf.o)
                0x0000000002049250                _printf_r
                0x000000000204927c                printf
 .text          0x00000000020492b8       0x20 c:/altera/15.0/nios2eds/bin/gnu/h-x86_64-mingw32/bin/../lib/gcc/nios2-elf/4.9.1/../../../../../H-x86_64-mingw32/nios2-elf/lib/mno-hw-mul\libc.a(lib_a-putchar.o)
                0x00000000020492b8                _putchar_r
                0x00000000020492c0                putchar
 .text          0x00000000020492d8       0xcc c:/altera/15.0/nios2eds/bin/gnu/h-x86_64-mingw32/bin/../lib/gcc/nios2-elf/4.9.1/../../../../../H-x86_64-mingw32/nios2-elf/lib/mno-hw-mul\libc.a(lib_a-puts.o)
                0x00000000020492d8                _puts_r
                0x0000000002049390                puts
 .text          0x00000000020493a4      0x1c4 c:/altera/15.0/nios2eds/bin/gnu/h-x86_64-mingw32/bin/../lib/gcc/nios2-elf/4.9.1/../../../../../H-x86_64-mingw32/nios2-elf/lib/mno-hw-mul\libc.a(lib_a-refill.o)
                0x00000000020493c0                __srefill_r
 .text          0x0000000002049568       0x54 c:/altera/15.0/nios2eds/bin/gnu/h-x86_64-mingw32/bin/../lib/gcc/nios2-elf/4.9.1/../../../../../H-x86_64-mingw32/nios2-elf/lib/mno-hw-mul\libc.a(lib_a-sbrkr.o)
                0x0000000002049568                _sbrk_r
 .text          0x00000000020495bc       0xc4 c:/altera/15.0/nios2eds/bin/gnu/h-x86_64-mingw32/bin/../lib/gcc/nios2-elf/4.9.1/../../../../../H-x86_64-mingw32/nios2-elf/lib/mno-hw-mul\libc.a(lib_a-sprintf.o)
                0x00000000020495bc                _sprintf_r
                0x0000000002049614                sprintf
 .text          0x0000000002049680      0x13c c:/altera/15.0/nios2eds/bin/gnu/h-x86_64-mingw32/bin/../lib/gcc/nios2-elf/4.9.1/../../../../../H-x86_64-mingw32/nios2-elf/lib/mno-hw-mul\libc.a(lib_a-stdio.o)
                0x0000000002049680                __sread
                0x00000000020496d4                __seofread
                0x00000000020496dc                __swrite
                0x0000000002049758                __sseek
                0x00000000020497b4                __sclose
 .text          0x00000000020497bc       0x70 c:/altera/15.0/nios2eds/bin/gnu/h-x86_64-mingw32/bin/../lib/gcc/nios2-elf/4.9.1/../../../../../H-x86_64-mingw32/nios2-elf/lib/mno-hw-mul\libc.a(lib_a-strcasecmp.o)
                0x00000000020497bc                strcasecmp
 .text          0x000000000204982c       0x90 c:/altera/15.0/nios2eds/bin/gnu/h-x86_64-mingw32/bin/../lib/gcc/nios2-elf/4.9.1/../../../../../H-x86_64-mingw32/nios2-elf/lib/mno-hw-mul\libc.a(lib_a-strcpy.o)
                0x000000000204982c                strcpy
 .text          0x00000000020498bc       0x98 c:/altera/15.0/nios2eds/bin/gnu/h-x86_64-mingw32/bin/../lib/gcc/nios2-elf/4.9.1/../../../../../H-x86_64-mingw32/nios2-elf/lib/mno-hw-mul\libc.a(lib_a-strlen.o)
                0x00000000020498bc                strlen
 .text          0x0000000002049954     0x2070 c:/altera/15.0/nios2eds/bin/gnu/h-x86_64-mingw32/bin/../lib/gcc/nios2-elf/4.9.1/../../../../../H-x86_64-mingw32/nios2-elf/lib/mno-hw-mul\libc.a(lib_a-svfprintf.o)
                0x0000000002049954                ___svfprintf_internal_r
 .text          0x000000000204b9c4     0x2120 c:/altera/15.0/nios2eds/bin/gnu/h-x86_64-mingw32/bin/../lib/gcc/nios2-elf/4.9.1/../../../../../H-x86_64-mingw32/nios2-elf/lib/mno-hw-mul\libc.a(lib_a-vfprintf.o)
                0x000000000204b9c4                ___vfprintf_internal_r
                0x000000000204dac0                __vfprintf_internal
 .text          0x000000000204dae4      0x130 c:/altera/15.0/nios2eds/bin/gnu/h-x86_64-mingw32/bin/../lib/gcc/nios2-elf/4.9.1/../../../../../H-x86_64-mingw32/nios2-elf/lib/mno-hw-mul\libc.a(lib_a-vsnprintf.o)
                0x000000000204dae4                _vsnprintf_r
                0x000000000204dbd4                vsnprintf
 .text          0x000000000204dc14       0x5c c:/altera/15.0/nios2eds/bin/gnu/h-x86_64-mingw32/bin/../lib/gcc/nios2-elf/4.9.1/../../../../../H-x86_64-mingw32/nios2-elf/lib/mno-hw-mul\libc.a(lib_a-writer.o)
                0x000000000204dc14                _write_r
 .text          0x000000000204dc70      0x130 c:/altera/15.0/nios2eds/bin/gnu/h-x86_64-mingw32/bin/../lib/gcc/nios2-elf/4.9.1/../../../../../H-x86_64-mingw32/nios2-elf/lib/mno-hw-mul\libc.a(lib_a-wsetup.o)
                0x000000000204dc70                __swsetup_r
 .text          0x000000000204dda0       0x54 c:/altera/15.0/nios2eds/bin/gnu/h-x86_64-mingw32/bin/../lib/gcc/nios2-elf/4.9.1/../../../../../H-x86_64-mingw32/nios2-elf/lib/mno-hw-mul\libc.a(closer.o)
                0x000000000204dda0                _close_r
 .text          0x000000000204ddf4      0x194 c:/altera/15.0/nios2eds/bin/gnu/h-x86_64-mingw32/bin/../lib/gcc/nios2-elf/4.9.1/../../../../../H-x86_64-mingw32/nios2-elf/lib/mno-hw-mul\libc.a(lib_a-__call_atexit.o)
                0x000000000204ddf4                __call_exitprocs
 .text          0x000000000204df88        0x0 c:/altera/15.0/nios2eds/bin/gnu/h-x86_64-mingw32/bin/../lib/gcc/nios2-elf/4.9.1/../../../../../H-x86_64-mingw32/nios2-elf/lib/mno-hw-mul\libc.a(lib_a-ctype_.o)
 .text          0x000000000204df88     0x1950 c:/altera/15.0/nios2eds/bin/gnu/h-x86_64-mingw32/bin/../lib/gcc/nios2-elf/4.9.1/../../../../../H-x86_64-mingw32/nios2-elf/lib/mno-hw-mul\libc.a(lib_a-dtoa.o)
                0x000000000204e1b0                _dtoa_r
 .text          0x000000000204f8d8       0x98 c:/altera/15.0/nios2eds/bin/gnu/h-x86_64-mingw32/bin/../lib/gcc/nios2-elf/4.9.1/../../../../../H-x86_64-mingw32/nios2-elf/lib/mno-hw-mul\libc.a(lib_a-flags.o)
                0x000000000204f8d8                __sflags
 .text          0x000000000204f970      0x4a4 c:/altera/15.0/nios2eds/bin/gnu/h-x86_64-mingw32/bin/../lib/gcc/nios2-elf/4.9.1/../../../../../H-x86_64-mingw32/nios2-elf/lib/mno-hw-mul\libc.a(lib_a-fvwrite.o)
                0x000000000204f970                __sfvwrite_r
 .text          0x000000000204fe14       0x54 c:/altera/15.0/nios2eds/bin/gnu/h-x86_64-mingw32/bin/../lib/gcc/nios2-elf/4.9.1/../../../../../H-x86_64-mingw32/nios2-elf/lib/mno-hw-mul\libc.a(lib_a-isattyr.o)
                0x000000000204fe14                _isatty_r
 .text          0x000000000204fe68       0xe0 c:/altera/15.0/nios2eds/bin/gnu/h-x86_64-mingw32/bin/../lib/gcc/nios2-elf/4.9.1/../../../../../H-x86_64-mingw32/nios2-elf/lib/mno-hw-mul\libc.a(lib_a-locale.o)
                0x000000000204fe68                _setlocale_r
                0x000000000204fee4                __locale_charset
                0x000000000204fef0                __locale_mb_cur_max
                0x000000000204ff00                __locale_msgcharset
                0x000000000204ff0c                __locale_cjk_lang
                0x000000000204ff14                _localeconv_r
                0x000000000204ff20                setlocale
                0x000000000204ff3c                localeconv
 .text          0x000000000204ff48       0x5c c:/altera/15.0/nios2eds/bin/gnu/h-x86_64-mingw32/bin/../lib/gcc/nios2-elf/4.9.1/../../../../../H-x86_64-mingw32/nios2-elf/lib/mno-hw-mul\libc.a(lib_a-lseekr.o)
                0x000000000204ff48                _lseek_r
 .text          0x000000000204ffa4       0xe8 c:/altera/15.0/nios2eds/bin/gnu/h-x86_64-mingw32/bin/../lib/gcc/nios2-elf/4.9.1/../../../../../H-x86_64-mingw32/nios2-elf/lib/mno-hw-mul\libc.a(lib_a-memchr.o)
                0x000000000204ffa4                memchr
 .text          0x000000000205008c      0x15c c:/altera/15.0/nios2eds/bin/gnu/h-x86_64-mingw32/bin/../lib/gcc/nios2-elf/4.9.1/../../../../../H-x86_64-mingw32/nios2-elf/lib/mno-hw-mul\libc.a(lib_a-memmove.o)
                0x000000000205008c                memmove
 .text          0x00000000020501e8     0x1048 c:/altera/15.0/nios2eds/bin/gnu/h-x86_64-mingw32/bin/../lib/gcc/nios2-elf/4.9.1/../../../../../H-x86_64-mingw32/nios2-elf/lib/mno-hw-mul\libc.a(lib_a-mprec.o)
                0x00000000020501e8                _Balloc
                0x0000000002050290                _Bfree
                0x00000000020502b8                __multadd
                0x00000000020503f4                __s2b
                0x00000000020504f8                __hi0bits
                0x0000000002050560                __lo0bits
                0x0000000002050610                __i2b
                0x000000000205064c                __multiply
                0x00000000020508dc                __pow5mult
                0x0000000002050a1c                __lshift
                0x0000000002050b64                __mcmp
                0x0000000002050bc4                __mdiff
                0x0000000002050d5c                __ulp
                0x0000000002050dbc                __b2d
                0x0000000002050ed8                __d2b
                0x0000000002051014                __ratio
                0x00000000020510b8                _mprec_log10
                0x000000000205112c                __copybits
                0x00000000020511a4                __any_on
 .text          0x0000000002051230      0x168 c:/altera/15.0/nios2eds/bin/gnu/h-x86_64-mingw32/bin/../lib/gcc/nios2-elf/4.9.1/../../../../../H-x86_64-mingw32/nios2-elf/lib/mno-hw-mul\libc.a(lib_a-putc.o)
                0x0000000002051230                _putc_r
                0x00000000020512d0                putc
 .text          0x0000000002051398       0x5c c:/altera/15.0/nios2eds/bin/gnu/h-x86_64-mingw32/bin/../lib/gcc/nios2-elf/4.9.1/../../../../../H-x86_64-mingw32/nios2-elf/lib/mno-hw-mul\libc.a(lib_a-readr.o)
                0x0000000002051398                _read_r
 .text          0x00000000020513f4      0x5a0 c:/altera/15.0/nios2eds/bin/gnu/h-x86_64-mingw32/bin/../lib/gcc/nios2-elf/4.9.1/../../../../../H-x86_64-mingw32/nios2-elf/lib/mno-hw-mul\libc.a(lib_a-reallocr.o)
                0x00000000020513f4                _realloc_r
 .text          0x0000000002051994       0x74 c:/altera/15.0/nios2eds/bin/gnu/h-x86_64-mingw32/bin/../lib/gcc/nios2-elf/4.9.1/../../../../../H-x86_64-mingw32/nios2-elf/lib/mno-hw-mul\libc.a(lib_a-s_fpclassify.o)
                0x0000000002051994                __fpclassifyd
 .text          0x0000000002051a08       0xa4 c:/altera/15.0/nios2eds/bin/gnu/h-x86_64-mingw32/bin/../lib/gcc/nios2-elf/4.9.1/../../../../../H-x86_64-mingw32/nios2-elf/lib/mno-hw-mul\libc.a(lib_a-strcmp.o)
                0x0000000002051a08                strcmp
 .text          0x0000000002051aac     0x1398 c:/altera/15.0/nios2eds/bin/gnu/h-x86_64-mingw32/bin/../lib/gcc/nios2-elf/4.9.1/../../../../../H-x86_64-mingw32/nios2-elf/lib/mno-hw-mul\libc.a(lib_a-svfiprintf.o)
                0x0000000002051aac                __ssprint_r
                0x0000000002051c74                ___svfiprintf_internal_r
 .text          0x0000000002052e44     0x155c c:/altera/15.0/nios2eds/bin/gnu/h-x86_64-mingw32/bin/../lib/gcc/nios2-elf/4.9.1/../../../../../H-x86_64-mingw32/nios2-elf/lib/mno-hw-mul\libc.a(lib_a-vfiprintf.o)
                0x0000000002052f40                __sprint_r
                0x0000000002052f58                ___vfiprintf_internal_r
                0x000000000205437c                __vfiprintf_internal
 .text          0x00000000020543a0      0x170 c:/altera/15.0/nios2eds/bin/gnu/h-x86_64-mingw32/bin/../lib/gcc/nios2-elf/4.9.1/../../../../../H-x86_64-mingw32/nios2-elf/lib/mno-hw-mul\libc.a(lib_a-wbuf.o)
                0x00000000020543a0                __swbuf_r
                0x00000000020544f4                __swbuf
 .text          0x0000000002054510       0xd8 c:/altera/15.0/nios2eds/bin/gnu/h-x86_64-mingw32/bin/../lib/gcc/nios2-elf/4.9.1/../../../../../H-x86_64-mingw32/nios2-elf/lib/mno-hw-mul\libc.a(lib_a-callocr.o)
                0x0000000002054510                _calloc_r
 .text          0x00000000020545e8      0x1dc c:/altera/15.0/nios2eds/bin/gnu/h-x86_64-mingw32/bin/../lib/gcc/nios2-elf/4.9.1/../../../../../H-x86_64-mingw32/nios2-elf/lib/mno-hw-mul\libc.a(lib_a-fputwc.o)
                0x00000000020545e8                _fputwc_r
                0x000000000205476c                fputwc
 .text          0x00000000020547c4      0x174 c:/altera/15.0/nios2eds/bin/gnu/h-x86_64-mingw32/bin/../lib/gcc/nios2-elf/4.9.1/../../../../../H-x86_64-mingw32/nios2-elf/lib/mno-hw-mul\libc.a(lib_a-wcrtomb.o)
                0x00000000020547c4                _wcrtomb_r
                0x0000000002054860                wcrtomb
 .text          0x0000000002054938       0x8c c:/altera/15.0/nios2eds/bin/gnu/h-x86_64-mingw32/bin/../lib/gcc/nios2-elf/4.9.1/../../../../../H-x86_64-mingw32/nios2-elf/lib/mno-hw-mul\libc.a(lib_a-wctomb_r.o)
                0x0000000002054938                __ascii_wctomb
                0x0000000002054968                _wctomb_r
 .text          0x00000000020549c4      0x640 c:/altera/15.0/nios2eds/bin/gnu/h-x86_64-mingw32/bin/../lib/gcc/nios2-elf/4.9.1/mno-hw-mul\libgcc.a(_udivdi3.o)
                0x00000000020549c4                __udivdi3
 .text          0x0000000002055004      0x61c c:/altera/15.0/nios2eds/bin/gnu/h-x86_64-mingw32/bin/../lib/gcc/nios2-elf/4.9.1/mno-hw-mul\libgcc.a(_umoddi3.o)
                0x0000000002055004                __umoddi3
 .text          0x0000000002055620      0x89c c:/altera/15.0/nios2eds/bin/gnu/h-x86_64-mingw32/bin/../lib/gcc/nios2-elf/4.9.1/mno-hw-mul\libgcc.a(adddf3.o)
                0x0000000002055620                __adddf3
 .text          0x0000000002055ebc       0x84 c:/altera/15.0/nios2eds/bin/gnu/h-x86_64-mingw32/bin/../lib/gcc/nios2-elf/4.9.1/mno-hw-mul\libgcc.a(eqdf2.o)
                0x0000000002055ebc                __nedf2
                0x0000000002055ebc                __eqdf2
 .text          0x0000000002055f40       0xe0 c:/altera/15.0/nios2eds/bin/gnu/h-x86_64-mingw32/bin/../lib/gcc/nios2-elf/4.9.1/mno-hw-mul\libgcc.a(gedf2.o)
                0x0000000002055f40                __gedf2
                0x0000000002055f40                __gtdf2
 .text          0x0000000002056020       0xe0 c:/altera/15.0/nios2eds/bin/gnu/h-x86_64-mingw32/bin/../lib/gcc/nios2-elf/4.9.1/mno-hw-mul\libgcc.a(ledf2.o)
                0x0000000002056020                __ledf2
                0x0000000002056020                __ltdf2
 .text          0x0000000002056100      0x86c c:/altera/15.0/nios2eds/bin/gnu/h-x86_64-mingw32/bin/../lib/gcc/nios2-elf/4.9.1/mno-hw-mul\libgcc.a(muldf3.o)
                0x0000000002056100                __muldf3
 .text          0x000000000205696c      0x8d0 c:/altera/15.0/nios2eds/bin/gnu/h-x86_64-mingw32/bin/../lib/gcc/nios2-elf/4.9.1/mno-hw-mul\libgcc.a(subdf3.o)
                0x000000000205696c                __subdf3
 .text          0x000000000205723c       0x88 c:/altera/15.0/nios2eds/bin/gnu/h-x86_64-mingw32/bin/../lib/gcc/nios2-elf/4.9.1/mno-hw-mul\libgcc.a(fixdfsi.o)
                0x000000000205723c                __fixdfsi
 .text          0x00000000020572c4       0xd0 c:/altera/15.0/nios2eds/bin/gnu/h-x86_64-mingw32/bin/../lib/gcc/nios2-elf/4.9.1/mno-hw-mul\libgcc.a(floatsidf.o)
                0x00000000020572c4                __floatsidf
 .text          0x0000000002057394       0xa4 c:/altera/15.0/nios2eds/bin/gnu/h-x86_64-mingw32/bin/../lib/gcc/nios2-elf/4.9.1/mno-hw-mul\libgcc.a(floatunsidf.o)
                0x0000000002057394                __floatunsidf
 .text          0x0000000002057438      0x128 ../DE2_115_SD_CARD_bsp/\libhal_bsp.a(alt_close.o)
                0x0000000002057488                close
 .text          0x0000000002057560       0x2c ../DE2_115_SD_CARD_bsp/\libhal_bsp.a(alt_dev.o)
 .text          0x000000000205758c        0x0 ../DE2_115_SD_CARD_bsp/\libhal_bsp.a(alt_errno.o)
 .text          0x000000000205758c       0x34 ../DE2_115_SD_CARD_bsp/\libhal_bsp.a(alt_exit.o)
                0x000000000205758c                _exit
 .text          0x00000000020575c0      0x108 ../DE2_115_SD_CARD_bsp/\libhal_bsp.a(alt_fstat.o)
                0x0000000002057610                fstat
 .text          0x00000000020576c8       0xfc ../DE2_115_SD_CARD_bsp/\libhal_bsp.a(alt_isatty.o)
                0x0000000002057718                isatty
 .text          0x00000000020577c4       0xe4 ../DE2_115_SD_CARD_bsp/\libhal_bsp.a(alt_load.o)
                0x0000000002057828                alt_load
 .text          0x00000000020578a8      0x12c ../DE2_115_SD_CARD_bsp/\libhal_bsp.a(alt_lseek.o)
                0x00000000020578f8                lseek
 .text          0x00000000020579d4       0x78 ../DE2_115_SD_CARD_bsp/\libhal_bsp.a(alt_main.o)
                0x00000000020579d4                alt_main
 .text          0x0000000002057a4c       0x40 ../DE2_115_SD_CARD_bsp/\libhal_bsp.a(alt_malloc_lock.o)
                0x0000000002057a4c                __malloc_lock
                0x0000000002057a6c                __malloc_unlock
 .text          0x0000000002057a8c      0x2a4 ../DE2_115_SD_CARD_bsp/\libhal_bsp.a(alt_open.o)
                0x0000000002057bd0                open
 .text          0x0000000002057d30      0x154 ../DE2_115_SD_CARD_bsp/\libhal_bsp.a(alt_read.o)
                0x0000000002057d80                read
 .text          0x0000000002057e84       0x80 ../DE2_115_SD_CARD_bsp/\libhal_bsp.a(alt_release_fd.o)
                0x0000000002057e84                alt_release_fd
 .text          0x0000000002057f04       0xb0 ../DE2_115_SD_CARD_bsp/\libhal_bsp.a(alt_sbrk.o)
                0x0000000002057f04                sbrk
 .text          0x0000000002057fb4      0x19c ../DE2_115_SD_CARD_bsp/\libhal_bsp.a(alt_tick.o)
                0x0000000002057fb4                alt_alarm_stop
                0x000000000205804c                alt_tick
 .text          0x0000000002058150       0x30 ../DE2_115_SD_CARD_bsp/\libhal_bsp.a(alt_usleep.o)
                0x0000000002058150                usleep
 .text          0x0000000002058180      0x150 ../DE2_115_SD_CARD_bsp/\libhal_bsp.a(alt_write.o)
                0x00000000020581d0                write
 .text          0x00000000020582d0      0x108 ../DE2_115_SD_CARD_bsp/\libhal_bsp.a(alt_sys_init.o)
                0x0000000002058308                alt_irq_init
                0x000000000205833c                alt_sys_init
 .text          0x00000000020583d8      0x88c ../DE2_115_SD_CARD_bsp/\libhal_bsp.a(altera_avalon_cfi_flash.o)
                0x0000000002058410                alt_flash_cfi_init
                0x00000000020584a0                alt_flash_cfi_write
                0x0000000002058748                alt_flash_cfi_get_info
                0x00000000020587d4                alt_flash_cfi_read
                0x0000000002058838                alt_write_value_to_flash
                0x0000000002058990                alt_flash_program_block
 .text          0x0000000002058c64     0x1468 ../DE2_115_SD_CARD_bsp/\libhal_bsp.a(altera_avalon_cfi_flash_table.o)
                0x0000000002058c64                alt_read_query_entry_8bit
                0x0000000002058ca0                alt_read_query_entry_16bit
                0x0000000002058ce0                alt_read_query_entry_32bit
                0x0000000002058d20                alt_write_flash_command_8bit_device_8bit_mode
                0x0000000002058d64                alt_write_flash_command_16bit_device_8bit_mode
                0x0000000002058ddc                alt_write_flash_command_32bit_device_8bit_mode
                0x0000000002058e2c                alt_write_flash_command_16bit_device_16bit_mode
                0x0000000002058e78                alt_write_flash_command_32bit_device_16bit_mode
                0x0000000002058ec8                alt_write_flash_command_32bit_device_32bit_mode
                0x0000000002058f18                alt_write_native_8bit
                0x0000000002058f50                alt_write_native_16bit
                0x0000000002058f88                alt_write_native_32bit
                0x0000000002058fbc                alt_set_flash_width_func
                0x0000000002059178                alt_set_flash_algorithm_func
                0x0000000002059294                alt_read_cfi_table
                0x0000000002059870                alt_read_cfi_width
                0x0000000002059ff4                alt_check_primary_table
 .text          0x000000000205a0cc      0x164 ../DE2_115_SD_CARD_bsp/\libhal_bsp.a(altera_avalon_jtag_uart_fd.o)
                0x000000000205a0cc                altera_avalon_jtag_uart_read_fd
                0x000000000205a12c                altera_avalon_jtag_uart_write_fd
                0x000000000205a18c                altera_avalon_jtag_uart_close_fd
                0x000000000205a1dc                altera_avalon_jtag_uart_ioctl_fd
 .text          0x000000000205a230      0x3d8 ../DE2_115_SD_CARD_bsp/\libhal_bsp.a(altera_avalon_jtag_uart_init.o)
                0x000000000205a230                altera_avalon_jtag_uart_init
                0x000000000205a5a0                altera_avalon_jtag_uart_close
 .text          0x000000000205a608       0xec ../DE2_115_SD_CARD_bsp/\libhal_bsp.a(altera_avalon_jtag_uart_ioctl.o)
                0x000000000205a608                altera_avalon_jtag_uart_ioctl
 .text          0x000000000205a6f4      0x20c ../DE2_115_SD_CARD_bsp/\libhal_bsp.a(altera_avalon_jtag_uart_read.o)
                0x000000000205a6f4                altera_avalon_jtag_uart_read
 .text          0x000000000205a900      0x218 ../DE2_115_SD_CARD_bsp/\libhal_bsp.a(altera_avalon_jtag_uart_write.o)
                0x000000000205a900                altera_avalon_jtag_uart_write
 .text          0x000000000205ab18      0xf40 ../DE2_115_SD_CARD_bsp/\libhal_bsp.a(altera_avalon_lcd_16207.o)
                0x000000000205b344                altera_avalon_lcd_16207_write
                0x000000000205b920                altera_avalon_lcd_16207_init
 .text          0x000000000205ba58       0x60 ../DE2_115_SD_CARD_bsp/\libhal_bsp.a(altera_avalon_lcd_16207_fd.o)
                0x000000000205ba58                altera_avalon_lcd_16207_write_fd
 .text          0x000000000205bab8       0xfc ../DE2_115_SD_CARD_bsp/\libhal_bsp.a(altera_avalon_timer_sc.o)
                0x000000000205bb2c                alt_avalon_timer_sc_init
 .text          0x000000000205bbb4      0x110 ../DE2_115_SD_CARD_bsp/\libhal_bsp.a(altera_avalon_uart_fd.o)
                0x000000000205bbb4                altera_avalon_uart_read_fd
                0x000000000205bc14                altera_avalon_uart_write_fd
                0x000000000205bc74                altera_avalon_uart_close_fd
 .text          0x000000000205bcc4      0x3b8 ../DE2_115_SD_CARD_bsp/\libhal_bsp.a(altera_avalon_uart_init.o)
                0x000000000205bcc4                altera_avalon_uart_init
                0x000000000205c028                altera_avalon_uart_close
 .text          0x000000000205c07c      0x22c ../DE2_115_SD_CARD_bsp/\libhal_bsp.a(altera_avalon_uart_read.o)
                0x000000000205c0cc                altera_avalon_uart_read
 .text          0x000000000205c2a8      0x1fc ../DE2_115_SD_CARD_bsp/\libhal_bsp.a(altera_avalon_uart_write.o)
                0x000000000205c2f8                altera_avalon_uart_write
 .text          0x000000000205c4a4      0x140 ../DE2_115_SD_CARD_bsp/\libhal_bsp.a(alt_alarm_start.o)
                0x000000000205c4a4                alt_alarm_start
 .text          0x000000000205c5e4      0x158 ../DE2_115_SD_CARD_bsp/\libhal_bsp.a(alt_busy_sleep.o)
                0x000000000205c5e4                alt_busy_sleep
 .text          0x000000000205c73c       0x24 ../DE2_115_SD_CARD_bsp/\libhal_bsp.a(alt_dcache_flush.o)
                0x000000000205c73c                alt_dcache_flush
 .text          0x000000000205c760       0x1c ../DE2_115_SD_CARD_bsp/\libhal_bsp.a(alt_dcache_flush_all.o)
                0x000000000205c760                alt_dcache_flush_all
 .text          0x000000000205c77c       0xf4 ../DE2_115_SD_CARD_bsp/\libhal_bsp.a(alt_dev_llist_insert.o)
                0x000000000205c7cc                alt_dev_llist_insert
 .text          0x000000000205c870       0x5c ../DE2_115_SD_CARD_bsp/\libhal_bsp.a(alt_do_ctors.o)
                0x000000000205c870                _do_ctors
 .text          0x000000000205c8cc       0x5c ../DE2_115_SD_CARD_bsp/\libhal_bsp.a(alt_do_dtors.o)
                0x000000000205c8cc                _do_dtors
 .text          0x000000000205c928       0x90 ../DE2_115_SD_CARD_bsp/\libhal_bsp.a(alt_find_dev.o)
                0x000000000205c928                alt_find_dev
 .text          0x000000000205c9b8      0x114 ../DE2_115_SD_CARD_bsp/\libhal_bsp.a(alt_find_file.o)
                0x000000000205c9b8                alt_find_file
 .text          0x000000000205cacc       0xb8 ../DE2_115_SD_CARD_bsp/\libhal_bsp.a(alt_flash_dev.o)
                0x000000000205cacc                alt_flash_open_dev
                0x000000000205cb34                alt_flash_close_dev
 .text          0x000000000205cb84       0xd4 ../DE2_115_SD_CARD_bsp/\libhal_bsp.a(alt_get_fd.o)
                0x000000000205cb84                alt_get_fd
 .text          0x000000000205cc58       0x1c ../DE2_115_SD_CARD_bsp/\libhal_bsp.a(alt_icache_flush_all.o)
                0x000000000205cc58                alt_icache_flush_all
 .text          0x000000000205cc74      0x1e0 ../DE2_115_SD_CARD_bsp/\libhal_bsp.a(alt_iic.o)
                0x000000000205cc74                alt_ic_isr_register
                0x000000000205ccc4                alt_ic_irq_enable
                0x000000000205cd64                alt_ic_irq_disable
                0x000000000205ce08                alt_ic_irq_enabled
 .text          0x000000000205ce54       0xf0 ../DE2_115_SD_CARD_bsp/\libhal_bsp.a(alt_iic_isr_register.o)
                0x000000000205ce54                alt_iic_isr_register
 .text          0x000000000205cf44      0x158 ../DE2_115_SD_CARD_bsp/\libhal_bsp.a(alt_io_redirect.o)
                0x000000000205d024                alt_io_redirect
 .text          0x000000000205d09c        0x0 ../DE2_115_SD_CARD_bsp/\libhal_bsp.a(alt_irq_entry.o)
 .text          0x000000000205d09c        0x0 ../DE2_115_SD_CARD_bsp/\libhal_bsp.a(alt_irq_handler.o)
 .text          0x000000000205d09c        0x0 ../DE2_115_SD_CARD_bsp/\libhal_bsp.a(alt_irq_vars.o)
 .text          0x000000000205d09c       0x20 ../DE2_115_SD_CARD_bsp/\libhal_bsp.a(altera_nios2_qsys_irq.o)
                0x000000000205d09c                altera_nios2_qsys_irq_init
 .text          0x000000000205d0bc      0x468 ../DE2_115_SD_CARD_bsp/\libhal_bsp.a(altera_avalon_cfi_flash_amd.o)
                0x000000000205d0bc                alt_program_amd
                0x000000000205d124                alt_erase_block_amd
 .text          0x000000000205d524      0x45c ../DE2_115_SD_CARD_bsp/\libhal_bsp.a(altera_avalon_cfi_flash_intel.o)
                0x000000000205d524                alt_program_intel
                0x000000000205d5a4                alt_erase_block_intel
 .text          0x000000000205d980        0x0 ../DE2_115_SD_CARD_bsp/\libhal_bsp.a(alt_exception_entry.o)
 .text          0x000000000205d980       0x14 c:/altera/15.0/nios2eds/bin/gnu/h-x86_64-mingw32/bin/../lib/gcc/nios2-elf/4.9.1/../../../../../H-x86_64-mingw32/nios2-elf/lib/mno-hw-mul\libc.a(lib_a-atexit.o)
                0x000000000205d980                atexit
 .text          0x000000000205d994       0x7c c:/altera/15.0/nios2eds/bin/gnu/h-x86_64-mingw32/bin/../lib/gcc/nios2-elf/4.9.1/../../../../../H-x86_64-mingw32/nios2-elf/lib/mno-hw-mul\libc.a(lib_a-memcmp.o)
                0x000000000205d994                memcmp
 .text          0x000000000205da10      0x114 c:/altera/15.0/nios2eds/bin/gnu/h-x86_64-mingw32/bin/../lib/gcc/nios2-elf/4.9.1/../../../../../H-x86_64-mingw32/nios2-elf/lib/mno-hw-mul\libc.a(lib_a-__atexit.o)
                0x000000000205da10                __register_exitproc
 *(.gnu.warning.*)
 *(.fini)
                0x000000000205db24                PROVIDE (__etext, ABSOLUTE (.))
                0x000000000205db24                PROVIDE (_etext, ABSOLUTE (.))
                0x000000000205db24                PROVIDE (etext, ABSOLUTE (.))
 *(.eh_frame_hdr)
                0x000000000205db24                . = ALIGN (0x4)
                0x000000000205db24                PROVIDE (__preinit_array_start, ABSOLUTE (.))
 *(.preinit_array)
                0x000000000205db24                PROVIDE (__preinit_array_end, ABSOLUTE (.))
                0x000000000205db24                PROVIDE (__init_array_start, ABSOLUTE (.))
 *(.init_array)
                0x000000000205db24                PROVIDE (__init_array_end, ABSOLUTE (.))
                0x000000000205db24                PROVIDE (__fini_array_start, ABSOLUTE (.))
 *(.fini_array)
                0x000000000205db24                PROVIDE (__fini_array_end, ABSOLUTE (.))
 *(.eh_frame)
 *(.gcc_except_table .gcc_except_table.*)
 *(.dynamic)
                0x000000000205db24                PROVIDE (__CTOR_LIST__, ABSOLUTE (.))
 *(.ctors)
 *(SORT(.ctors.*))
                0x000000000205db24                PROVIDE (__CTOR_END__, ABSOLUTE (.))
                0x000000000205db24                PROVIDE (__DTOR_LIST__, ABSOLUTE (.))
 *(.dtors)
 *(SORT(.dtors.*))
                0x000000000205db24                PROVIDE (__DTOR_END__, ABSOLUTE (.))
 *(.jcr)
                0x000000000205db24                . = ALIGN (0x4)

.rodata         0x000000000205db24      0xbb8
                0x000000000205db24                PROVIDE (__ram_rodata_start, ABSOLUTE (.))
                0x000000000205db24                . = ALIGN (0x4)
 *(.rodata .rodata.* .gnu.linkonce.r.*)
 .rodata        0x000000000205db24      0x2a8 obj/default/main.o
 .rodata        0x000000000205ddcc       0x20 obj/default/terasic_fat/FatInternal.o
 .rodata        0x000000000205ddec       0x10 obj/default/terasic_lib/debug.o
 .rodata        0x000000000205ddfc      0x200 obj/default/terasic_sdcard/crc16.o
 .rodata        0x000000000205dffc      0x100 obj/default/terasic_sdcard/crc7.o
 .rodata        0x000000000205e0fc      0x100 c:/altera/15.0/nios2eds/bin/gnu/h-x86_64-mingw32/bin/../lib/gcc/nios2-elf/4.9.1/mno-hw-mul\libgcc.a(_clz.o)
                0x000000000205e0fc                __clz_tab
 .rodata.str1.4
                0x000000000205e1fc        0x2 c:/altera/15.0/nios2eds/bin/gnu/h-x86_64-mingw32/bin/../lib/gcc/nios2-elf/4.9.1/../../../../../H-x86_64-mingw32/nios2-elf/lib/mno-hw-mul\libc.a(lib_a-impure.o)
                                          0x4 (size before relaxing)
 *fill*         0x000000000205e1fe        0x2 
 .rodata.str1.4
                0x000000000205e200        0x2 c:/altera/15.0/nios2eds/bin/gnu/h-x86_64-mingw32/bin/../lib/gcc/nios2-elf/4.9.1/../../../../../H-x86_64-mingw32/nios2-elf/lib/mno-hw-mul\libc.a(lib_a-puts.o)
                                          0x4 (size before relaxing)
 *fill*         0x000000000205e202        0x2 
 .rodata.str1.4
                0x000000000205e204       0x42 c:/altera/15.0/nios2eds/bin/gnu/h-x86_64-mingw32/bin/../lib/gcc/nios2-elf/4.9.1/../../../../../H-x86_64-mingw32/nios2-elf/lib/mno-hw-mul\libc.a(lib_a-svfprintf.o)
                                         0x44 (size before relaxing)
 .rodata        0x000000000205e246       0x20 c:/altera/15.0/nios2eds/bin/gnu/h-x86_64-mingw32/bin/../lib/gcc/nios2-elf/4.9.1/../../../../../H-x86_64-mingw32/nios2-elf/lib/mno-hw-mul\libc.a(lib_a-svfprintf.o)
 .rodata.str1.4
                0x0000000000000000       0x44 c:/altera/15.0/nios2eds/bin/gnu/h-x86_64-mingw32/bin/../lib/gcc/nios2-elf/4.9.1/../../../../../H-x86_64-mingw32/nios2-elf/lib/mno-hw-mul\libc.a(lib_a-vfprintf.o)
 .rodata        0x000000000205e266       0x20 c:/altera/15.0/nios2eds/bin/gnu/h-x86_64-mingw32/bin/../lib/gcc/nios2-elf/4.9.1/../../../../../H-x86_64-mingw32/nios2-elf/lib/mno-hw-mul\libc.a(lib_a-vfprintf.o)
 .rodata        0x000000000205e286      0x281 c:/altera/15.0/nios2eds/bin/gnu/h-x86_64-mingw32/bin/../lib/gcc/nios2-elf/4.9.1/../../../../../H-x86_64-mingw32/nios2-elf/lib/mno-hw-mul\libc.a(lib_a-ctype_.o)
                0x000000000205e286                _ctype_
 *fill*         0x000000000205e507        0x1 
 .rodata.str1.4
                0x000000000205e508       0x10 c:/altera/15.0/nios2eds/bin/gnu/h-x86_64-mingw32/bin/../lib/gcc/nios2-elf/4.9.1/../../../../../H-x86_64-mingw32/nios2-elf/lib/mno-hw-mul\libc.a(lib_a-dtoa.o)
                                         0x14 (size before relaxing)
 .rodata.str1.4
                0x000000000205e518        0xc c:/altera/15.0/nios2eds/bin/gnu/h-x86_64-mingw32/bin/../lib/gcc/nios2-elf/4.9.1/../../../../../H-x86_64-mingw32/nios2-elf/lib/mno-hw-mul\libc.a(lib_a-locale.o)
                                         0x14 (size before relaxing)
 .rodata        0x000000000205e524      0x124 c:/altera/15.0/nios2eds/bin/gnu/h-x86_64-mingw32/bin/../lib/gcc/nios2-elf/4.9.1/../../../../../H-x86_64-mingw32/nios2-elf/lib/mno-hw-mul\libc.a(lib_a-mprec.o)
                0x000000000205e530                __mprec_tinytens
                0x000000000205e558                __mprec_bigtens
                0x000000000205e580                __mprec_tens
 .rodata.str1.4
                0x0000000000000000       0x30 c:/altera/15.0/nios2eds/bin/gnu/h-x86_64-mingw32/bin/../lib/gcc/nios2-elf/4.9.1/../../../../../H-x86_64-mingw32/nios2-elf/lib/mno-hw-mul\libc.a(lib_a-svfiprintf.o)
 .rodata        0x000000000205e648       0x20 c:/altera/15.0/nios2eds/bin/gnu/h-x86_64-mingw32/bin/../lib/gcc/nios2-elf/4.9.1/../../../../../H-x86_64-mingw32/nios2-elf/lib/mno-hw-mul\libc.a(lib_a-svfiprintf.o)
 .rodata.str1.4
                0x0000000000000000       0x30 c:/altera/15.0/nios2eds/bin/gnu/h-x86_64-mingw32/bin/../lib/gcc/nios2-elf/4.9.1/../../../../../H-x86_64-mingw32/nios2-elf/lib/mno-hw-mul\libc.a(lib_a-vfiprintf.o)
 .rodata        0x000000000205e668       0x20 c:/altera/15.0/nios2eds/bin/gnu/h-x86_64-mingw32/bin/../lib/gcc/nios2-elf/4.9.1/../../../../../H-x86_64-mingw32/nios2-elf/lib/mno-hw-mul\libc.a(lib_a-vfiprintf.o)
 .rodata        0x000000000205e688        0xc ../DE2_115_SD_CARD_bsp/\libhal_bsp.a(alt_dev.o)
 .rodata        0x000000000205e694       0x10 ../DE2_115_SD_CARD_bsp/\libhal_bsp.a(alt_main.o)
 .rodata        0x000000000205e6a4       0x38 ../DE2_115_SD_CARD_bsp/\libhal_bsp.a(alt_sys_init.o)
 *(.rodata1)
                0x000000000205e6dc                . = ALIGN (0x4)
                0x000000000205e6dc                PROVIDE (__ram_rodata_end, ABSOLUTE (.))
                0x000000000205db24                PROVIDE (__flash_rodata_start, LOADADDR (.rodata))

.rwdata         0x000000000205e6dc     0x1dc4 load address 0x00000000020604a0
                0x000000000205e6dc                PROVIDE (__ram_rwdata_start, ABSOLUTE (.))
                0x000000000205e6dc                . = ALIGN (0x4)
 *(.got.plt)
 *(.got)
 *(.data1)
 *(.data .data.* .gnu.linkonce.d.*)
 .data          0x000000000205e6dc        0x0 ../DE2_115_SD_CARD_bsp//obj/HAL/src/crt0.o
 .data          0x000000000205e6dc        0x0 obj/default/main.o
 .data          0x000000000205e6dc        0x0 obj/default/terasic_fat/FatFileSystem.o
 .data          0x000000000205e6dc        0x0 obj/default/terasic_fat/FatInternal.o
 .data          0x000000000205e6dc        0x0 obj/default/terasic_lib/debug.o
 .data          0x000000000205e6dc        0x0 obj/default/terasic_sdcard/crc16.o
 .data          0x000000000205e6dc        0x0 obj/default/terasic_sdcard/crc7.o
 .data          0x000000000205e6dc        0x0 obj/default/terasic_sdcard/sd_hal.o
 .data          0x000000000205e6dc        0x0 obj/default/terasic_sdcard/sd_lib.o
 .data          0x000000000205e6dc        0x0 obj/default/terasic_sdcard/sd_protocol.o
 .data          0x000000000205e6dc        0x0 c:/altera/15.0/nios2eds/bin/gnu/h-x86_64-mingw32/bin/../lib/gcc/nios2-elf/4.9.1/mno-hw-mul\libgcc.a(_muldi3.o)
 .data          0x000000000205e6dc        0x0 c:/altera/15.0/nios2eds/bin/gnu/h-x86_64-mingw32/bin/../lib/gcc/nios2-elf/4.9.1/mno-hw-mul\libgcc.a(lib2-divmod.o)
 .data          0x000000000205e6dc        0x0 c:/altera/15.0/nios2eds/bin/gnu/h-x86_64-mingw32/bin/../lib/gcc/nios2-elf/4.9.1/mno-hw-mul\libgcc.a(lib2-mul.o)
 .data          0x000000000205e6dc        0x0 c:/altera/15.0/nios2eds/bin/gnu/h-x86_64-mingw32/bin/../lib/gcc/nios2-elf/4.9.1/mno-hw-mul\libgcc.a(divsf3.o)
 .data          0x000000000205e6dc        0x0 c:/altera/15.0/nios2eds/bin/gnu/h-x86_64-mingw32/bin/../lib/gcc/nios2-elf/4.9.1/mno-hw-mul\libgcc.a(mulsf3.o)
 .data          0x000000000205e6dc        0x0 c:/altera/15.0/nios2eds/bin/gnu/h-x86_64-mingw32/bin/../lib/gcc/nios2-elf/4.9.1/mno-hw-mul\libgcc.a(floatunsisf.o)
 .data          0x000000000205e6dc        0x0 c:/altera/15.0/nios2eds/bin/gnu/h-x86_64-mingw32/bin/../lib/gcc/nios2-elf/4.9.1/mno-hw-mul\libgcc.a(divdf3.o)
 .data          0x000000000205e6dc        0x0 c:/altera/15.0/nios2eds/bin/gnu/h-x86_64-mingw32/bin/../lib/gcc/nios2-elf/4.9.1/mno-hw-mul\libgcc.a(extendsfdf2.o)
 .data          0x000000000205e6dc        0x0 c:/altera/15.0/nios2eds/bin/gnu/h-x86_64-mingw32/bin/../lib/gcc/nios2-elf/4.9.1/mno-hw-mul\libgcc.a(truncdfsf2.o)
 .data          0x000000000205e6dc        0x0 c:/altera/15.0/nios2eds/bin/gnu/h-x86_64-mingw32/bin/../lib/gcc/nios2-elf/4.9.1/mno-hw-mul\libgcc.a(_clzsi2.o)
 .data          0x000000000205e6dc        0x0 c:/altera/15.0/nios2eds/bin/gnu/h-x86_64-mingw32/bin/../lib/gcc/nios2-elf/4.9.1/mno-hw-mul\libgcc.a(_clz.o)
 .data          0x000000000205e6dc        0x0 c:/altera/15.0/nios2eds/bin/gnu/h-x86_64-mingw32/bin/../lib/gcc/nios2-elf/4.9.1/../../../../../H-x86_64-mingw32/nios2-elf/lib/mno-hw-mul\libc.a(lib_a-exit.o)
 .data          0x000000000205e6dc        0x0 c:/altera/15.0/nios2eds/bin/gnu/h-x86_64-mingw32/bin/../lib/gcc/nios2-elf/4.9.1/../../../../../H-x86_64-mingw32/nios2-elf/lib/mno-hw-mul\libc.a(lib_a-fclose.o)
 .data          0x000000000205e6dc        0x0 c:/altera/15.0/nios2eds/bin/gnu/h-x86_64-mingw32/bin/../lib/gcc/nios2-elf/4.9.1/../../../../../H-x86_64-mingw32/nios2-elf/lib/mno-hw-mul\libc.a(lib_a-fflush.o)
 .data          0x000000000205e6dc        0x0 c:/altera/15.0/nios2eds/bin/gnu/h-x86_64-mingw32/bin/../lib/gcc/nios2-elf/4.9.1/../../../../../H-x86_64-mingw32/nios2-elf/lib/mno-hw-mul\libc.a(lib_a-findfp.o)
 .data          0x000000000205e6dc        0x0 c:/altera/15.0/nios2eds/bin/gnu/h-x86_64-mingw32/bin/../lib/gcc/nios2-elf/4.9.1/../../../../../H-x86_64-mingw32/nios2-elf/lib/mno-hw-mul\libc.a(lib_a-fopen.o)
 .data          0x000000000205e6dc        0x0 c:/altera/15.0/nios2eds/bin/gnu/h-x86_64-mingw32/bin/../lib/gcc/nios2-elf/4.9.1/../../../../../H-x86_64-mingw32/nios2-elf/lib/mno-hw-mul\libc.a(lib_a-freer.o)
 .data          0x000000000205e6dc        0x0 c:/altera/15.0/nios2eds/bin/gnu/h-x86_64-mingw32/bin/../lib/gcc/nios2-elf/4.9.1/../../../../../H-x86_64-mingw32/nios2-elf/lib/mno-hw-mul\libc.a(lib_a-fseek.o)
 .data          0x000000000205e6dc        0x0 c:/altera/15.0/nios2eds/bin/gnu/h-x86_64-mingw32/bin/../lib/gcc/nios2-elf/4.9.1/../../../../../H-x86_64-mingw32/nios2-elf/lib/mno-hw-mul\libc.a(lib_a-fstatr.o)
 .data          0x000000000205e6dc        0x0 c:/altera/15.0/nios2eds/bin/gnu/h-x86_64-mingw32/bin/../lib/gcc/nios2-elf/4.9.1/../../../../../H-x86_64-mingw32/nios2-elf/lib/mno-hw-mul\libc.a(lib_a-fwalk.o)
 .data          0x000000000205e6dc        0x0 c:/altera/15.0/nios2eds/bin/gnu/h-x86_64-mingw32/bin/../lib/gcc/nios2-elf/4.9.1/../../../../../H-x86_64-mingw32/nios2-elf/lib/mno-hw-mul\libc.a(lib_a-fwrite.o)
 .data          0x000000000205e6dc      0x424 c:/altera/15.0/nios2eds/bin/gnu/h-x86_64-mingw32/bin/../lib/gcc/nios2-elf/4.9.1/../../../../../H-x86_64-mingw32/nios2-elf/lib/mno-hw-mul\libc.a(lib_a-impure.o)
 .data          0x000000000205eb00        0x0 c:/altera/15.0/nios2eds/bin/gnu/h-x86_64-mingw32/bin/../lib/gcc/nios2-elf/4.9.1/../../../../../H-x86_64-mingw32/nios2-elf/lib/mno-hw-mul\libc.a(lib_a-int_errno.o)
 .data          0x000000000205eb00        0x0 c:/altera/15.0/nios2eds/bin/gnu/h-x86_64-mingw32/bin/../lib/gcc/nios2-elf/4.9.1/../../../../../H-x86_64-mingw32/nios2-elf/lib/mno-hw-mul\libc.a(lib_a-makebuf.o)
 .data          0x000000000205eb00        0x0 c:/altera/15.0/nios2eds/bin/gnu/h-x86_64-mingw32/bin/../lib/gcc/nios2-elf/4.9.1/../../../../../H-x86_64-mingw32/nios2-elf/lib/mno-hw-mul\libc.a(lib_a-malloc.o)
 .data          0x000000000205eb00      0x408 c:/altera/15.0/nios2eds/bin/gnu/h-x86_64-mingw32/bin/../lib/gcc/nios2-elf/4.9.1/../../../../../H-x86_64-mingw32/nios2-elf/lib/mno-hw-mul\libc.a(lib_a-mallocr.o)
                0x000000000205eb00                __malloc_av_
 .data          0x000000000205ef08        0x0 c:/altera/15.0/nios2eds/bin/gnu/h-x86_64-mingw32/bin/../lib/gcc/nios2-elf/4.9.1/../../../../../H-x86_64-mingw32/nios2-elf/lib/mno-hw-mul\libc.a(lib_a-memcpy.o)
 .data          0x000000000205ef08        0x0 c:/altera/15.0/nios2eds/bin/gnu/h-x86_64-mingw32/bin/../lib/gcc/nios2-elf/4.9.1/../../../../../H-x86_64-mingw32/nios2-elf/lib/mno-hw-mul\libc.a(lib_a-memset.o)
 .data          0x000000000205ef08        0x0 c:/altera/15.0/nios2eds/bin/gnu/h-x86_64-mingw32/bin/../lib/gcc/nios2-elf/4.9.1/../../../../../H-x86_64-mingw32/nios2-elf/lib/mno-hw-mul\libc.a(lib_a-openr.o)
 .data          0x000000000205ef08        0x0 c:/altera/15.0/nios2eds/bin/gnu/h-x86_64-mingw32/bin/../lib/gcc/nios2-elf/4.9.1/../../../../../H-x86_64-mingw32/nios2-elf/lib/mno-hw-mul\libc.a(lib_a-printf.o)
 .data          0x000000000205ef08        0x0 c:/altera/15.0/nios2eds/bin/gnu/h-x86_64-mingw32/bin/../lib/gcc/nios2-elf/4.9.1/../../../../../H-x86_64-mingw32/nios2-elf/lib/mno-hw-mul\libc.a(lib_a-putchar.o)
 .data          0x000000000205ef08        0x0 c:/altera/15.0/nios2eds/bin/gnu/h-x86_64-mingw32/bin/../lib/gcc/nios2-elf/4.9.1/../../../../../H-x86_64-mingw32/nios2-elf/lib/mno-hw-mul\libc.a(lib_a-puts.o)
 .data          0x000000000205ef08        0x0 c:/altera/15.0/nios2eds/bin/gnu/h-x86_64-mingw32/bin/../lib/gcc/nios2-elf/4.9.1/../../../../../H-x86_64-mingw32/nios2-elf/lib/mno-hw-mul\libc.a(lib_a-refill.o)
 .data          0x000000000205ef08        0x0 c:/altera/15.0/nios2eds/bin/gnu/h-x86_64-mingw32/bin/../lib/gcc/nios2-elf/4.9.1/../../../../../H-x86_64-mingw32/nios2-elf/lib/mno-hw-mul\libc.a(lib_a-sbrkr.o)
 .data          0x000000000205ef08        0x0 c:/altera/15.0/nios2eds/bin/gnu/h-x86_64-mingw32/bin/../lib/gcc/nios2-elf/4.9.1/../../../../../H-x86_64-mingw32/nios2-elf/lib/mno-hw-mul\libc.a(lib_a-sprintf.o)
 .data          0x000000000205ef08        0x0 c:/altera/15.0/nios2eds/bin/gnu/h-x86_64-mingw32/bin/../lib/gcc/nios2-elf/4.9.1/../../../../../H-x86_64-mingw32/nios2-elf/lib/mno-hw-mul\libc.a(lib_a-stdio.o)
 .data          0x000000000205ef08        0x0 c:/altera/15.0/nios2eds/bin/gnu/h-x86_64-mingw32/bin/../lib/gcc/nios2-elf/4.9.1/../../../../../H-x86_64-mingw32/nios2-elf/lib/mno-hw-mul\libc.a(lib_a-strcasecmp.o)
 .data          0x000000000205ef08        0x0 c:/altera/15.0/nios2eds/bin/gnu/h-x86_64-mingw32/bin/../lib/gcc/nios2-elf/4.9.1/../../../../../H-x86_64-mingw32/nios2-elf/lib/mno-hw-mul\libc.a(lib_a-strcpy.o)
 .data          0x000000000205ef08        0x0 c:/altera/15.0/nios2eds/bin/gnu/h-x86_64-mingw32/bin/../lib/gcc/nios2-elf/4.9.1/../../../../../H-x86_64-mingw32/nios2-elf/lib/mno-hw-mul\libc.a(lib_a-strlen.o)
 .data          0x000000000205ef08        0x0 c:/altera/15.0/nios2eds/bin/gnu/h-x86_64-mingw32/bin/../lib/gcc/nios2-elf/4.9.1/../../../../../H-x86_64-mingw32/nios2-elf/lib/mno-hw-mul\libc.a(lib_a-svfprintf.o)
 .data          0x000000000205ef08        0x0 c:/altera/15.0/nios2eds/bin/gnu/h-x86_64-mingw32/bin/../lib/gcc/nios2-elf/4.9.1/../../../../../H-x86_64-mingw32/nios2-elf/lib/mno-hw-mul\libc.a(lib_a-vfprintf.o)
 .data          0x000000000205ef08        0x0 c:/altera/15.0/nios2eds/bin/gnu/h-x86_64-mingw32/bin/../lib/gcc/nios2-elf/4.9.1/../../../../../H-x86_64-mingw32/nios2-elf/lib/mno-hw-mul\libc.a(lib_a-vsnprintf.o)
 .data          0x000000000205ef08        0x0 c:/altera/15.0/nios2eds/bin/gnu/h-x86_64-mingw32/bin/../lib/gcc/nios2-elf/4.9.1/../../../../../H-x86_64-mingw32/nios2-elf/lib/mno-hw-mul\libc.a(lib_a-writer.o)
 .data          0x000000000205ef08        0x0 c:/altera/15.0/nios2eds/bin/gnu/h-x86_64-mingw32/bin/../lib/gcc/nios2-elf/4.9.1/../../../../../H-x86_64-mingw32/nios2-elf/lib/mno-hw-mul\libc.a(lib_a-wsetup.o)
 .data          0x000000000205ef08        0x0 c:/altera/15.0/nios2eds/bin/gnu/h-x86_64-mingw32/bin/../lib/gcc/nios2-elf/4.9.1/../../../../../H-x86_64-mingw32/nios2-elf/lib/mno-hw-mul\libc.a(closer.o)
 .data          0x000000000205ef08        0x0 c:/altera/15.0/nios2eds/bin/gnu/h-x86_64-mingw32/bin/../lib/gcc/nios2-elf/4.9.1/../../../../../H-x86_64-mingw32/nios2-elf/lib/mno-hw-mul\libc.a(lib_a-__call_atexit.o)
 .data          0x000000000205ef08        0x0 c:/altera/15.0/nios2eds/bin/gnu/h-x86_64-mingw32/bin/../lib/gcc/nios2-elf/4.9.1/../../../../../H-x86_64-mingw32/nios2-elf/lib/mno-hw-mul\libc.a(lib_a-ctype_.o)
 .data          0x000000000205ef08        0x0 c:/altera/15.0/nios2eds/bin/gnu/h-x86_64-mingw32/bin/../lib/gcc/nios2-elf/4.9.1/../../../../../H-x86_64-mingw32/nios2-elf/lib/mno-hw-mul\libc.a(lib_a-dtoa.o)
 .data          0x000000000205ef08        0x0 c:/altera/15.0/nios2eds/bin/gnu/h-x86_64-mingw32/bin/../lib/gcc/nios2-elf/4.9.1/../../../../../H-x86_64-mingw32/nios2-elf/lib/mno-hw-mul\libc.a(lib_a-flags.o)
 .data          0x000000000205ef08        0x0 c:/altera/15.0/nios2eds/bin/gnu/h-x86_64-mingw32/bin/../lib/gcc/nios2-elf/4.9.1/../../../../../H-x86_64-mingw32/nios2-elf/lib/mno-hw-mul\libc.a(lib_a-fvwrite.o)
 .data          0x000000000205ef08        0x0 c:/altera/15.0/nios2eds/bin/gnu/h-x86_64-mingw32/bin/../lib/gcc/nios2-elf/4.9.1/../../../../../H-x86_64-mingw32/nios2-elf/lib/mno-hw-mul\libc.a(lib_a-isattyr.o)
 .data          0x000000000205ef08       0x78 c:/altera/15.0/nios2eds/bin/gnu/h-x86_64-mingw32/bin/../lib/gcc/nios2-elf/4.9.1/../../../../../H-x86_64-mingw32/nios2-elf/lib/mno-hw-mul\libc.a(lib_a-locale.o)
 .data          0x000000000205ef80        0x0 c:/altera/15.0/nios2eds/bin/gnu/h-x86_64-mingw32/bin/../lib/gcc/nios2-elf/4.9.1/../../../../../H-x86_64-mingw32/nios2-elf/lib/mno-hw-mul\libc.a(lib_a-lseekr.o)
 .data          0x000000000205ef80        0x0 c:/altera/15.0/nios2eds/bin/gnu/h-x86_64-mingw32/bin/../lib/gcc/nios2-elf/4.9.1/../../../../../H-x86_64-mingw32/nios2-elf/lib/mno-hw-mul\libc.a(lib_a-memchr.o)
 .data          0x000000000205ef80        0x0 c:/altera/15.0/nios2eds/bin/gnu/h-x86_64-mingw32/bin/../lib/gcc/nios2-elf/4.9.1/../../../../../H-x86_64-mingw32/nios2-elf/lib/mno-hw-mul\libc.a(lib_a-memmove.o)
 .data          0x000000000205ef80        0x0 c:/altera/15.0/nios2eds/bin/gnu/h-x86_64-mingw32/bin/../lib/gcc/nios2-elf/4.9.1/../../../../../H-x86_64-mingw32/nios2-elf/lib/mno-hw-mul\libc.a(lib_a-mprec.o)
 .data          0x000000000205ef80        0x0 c:/altera/15.0/nios2eds/bin/gnu/h-x86_64-mingw32/bin/../lib/gcc/nios2-elf/4.9.1/../../../../../H-x86_64-mingw32/nios2-elf/lib/mno-hw-mul\libc.a(lib_a-putc.o)
 .data          0x000000000205ef80        0x0 c:/altera/15.0/nios2eds/bin/gnu/h-x86_64-mingw32/bin/../lib/gcc/nios2-elf/4.9.1/../../../../../H-x86_64-mingw32/nios2-elf/lib/mno-hw-mul\libc.a(lib_a-readr.o)
 .data          0x000000000205ef80        0x0 c:/altera/15.0/nios2eds/bin/gnu/h-x86_64-mingw32/bin/../lib/gcc/nios2-elf/4.9.1/../../../../../H-x86_64-mingw32/nios2-elf/lib/mno-hw-mul\libc.a(lib_a-reallocr.o)
 .data          0x000000000205ef80        0x0 c:/altera/15.0/nios2eds/bin/gnu/h-x86_64-mingw32/bin/../lib/gcc/nios2-elf/4.9.1/../../../../../H-x86_64-mingw32/nios2-elf/lib/mno-hw-mul\libc.a(lib_a-s_fpclassify.o)
 .data          0x000000000205ef80        0x0 c:/altera/15.0/nios2eds/bin/gnu/h-x86_64-mingw32/bin/../lib/gcc/nios2-elf/4.9.1/../../../../../H-x86_64-mingw32/nios2-elf/lib/mno-hw-mul\libc.a(lib_a-strcmp.o)
 .data          0x000000000205ef80        0x0 c:/altera/15.0/nios2eds/bin/gnu/h-x86_64-mingw32/bin/../lib/gcc/nios2-elf/4.9.1/../../../../../H-x86_64-mingw32/nios2-elf/lib/mno-hw-mul\libc.a(lib_a-svfiprintf.o)
 .data          0x000000000205ef80        0x0 c:/altera/15.0/nios2eds/bin/gnu/h-x86_64-mingw32/bin/../lib/gcc/nios2-elf/4.9.1/../../../../../H-x86_64-mingw32/nios2-elf/lib/mno-hw-mul\libc.a(lib_a-vfiprintf.o)
 .data          0x000000000205ef80        0x0 c:/altera/15.0/nios2eds/bin/gnu/h-x86_64-mingw32/bin/../lib/gcc/nios2-elf/4.9.1/../../../../../H-x86_64-mingw32/nios2-elf/lib/mno-hw-mul\libc.a(lib_a-wbuf.o)
 .data          0x000000000205ef80        0x0 c:/altera/15.0/nios2eds/bin/gnu/h-x86_64-mingw32/bin/../lib/gcc/nios2-elf/4.9.1/../../../../../H-x86_64-mingw32/nios2-elf/lib/mno-hw-mul\libc.a(lib_a-callocr.o)
 .data          0x000000000205ef80        0x0 c:/altera/15.0/nios2eds/bin/gnu/h-x86_64-mingw32/bin/../lib/gcc/nios2-elf/4.9.1/../../../../../H-x86_64-mingw32/nios2-elf/lib/mno-hw-mul\libc.a(lib_a-fputwc.o)
 .data          0x000000000205ef80        0x0 c:/altera/15.0/nios2eds/bin/gnu/h-x86_64-mingw32/bin/../lib/gcc/nios2-elf/4.9.1/../../../../../H-x86_64-mingw32/nios2-elf/lib/mno-hw-mul\libc.a(lib_a-wcrtomb.o)
 .data          0x000000000205ef80        0x0 c:/altera/15.0/nios2eds/bin/gnu/h-x86_64-mingw32/bin/../lib/gcc/nios2-elf/4.9.1/../../../../../H-x86_64-mingw32/nios2-elf/lib/mno-hw-mul\libc.a(lib_a-wctomb_r.o)
 .data          0x000000000205ef80        0x0 c:/altera/15.0/nios2eds/bin/gnu/h-x86_64-mingw32/bin/../lib/gcc/nios2-elf/4.9.1/mno-hw-mul\libgcc.a(_udivdi3.o)
 .data          0x000000000205ef80        0x0 c:/altera/15.0/nios2eds/bin/gnu/h-x86_64-mingw32/bin/../lib/gcc/nios2-elf/4.9.1/mno-hw-mul\libgcc.a(_umoddi3.o)
 .data          0x000000000205ef80        0x0 c:/altera/15.0/nios2eds/bin/gnu/h-x86_64-mingw32/bin/../lib/gcc/nios2-elf/4.9.1/mno-hw-mul\libgcc.a(adddf3.o)
 .data          0x000000000205ef80        0x0 c:/altera/15.0/nios2eds/bin/gnu/h-x86_64-mingw32/bin/../lib/gcc/nios2-elf/4.9.1/mno-hw-mul\libgcc.a(eqdf2.o)
 .data          0x000000000205ef80        0x0 c:/altera/15.0/nios2eds/bin/gnu/h-x86_64-mingw32/bin/../lib/gcc/nios2-elf/4.9.1/mno-hw-mul\libgcc.a(gedf2.o)
 .data          0x000000000205ef80        0x0 c:/altera/15.0/nios2eds/bin/gnu/h-x86_64-mingw32/bin/../lib/gcc/nios2-elf/4.9.1/mno-hw-mul\libgcc.a(ledf2.o)
 .data          0x000000000205ef80        0x0 c:/altera/15.0/nios2eds/bin/gnu/h-x86_64-mingw32/bin/../lib/gcc/nios2-elf/4.9.1/mno-hw-mul\libgcc.a(muldf3.o)
 .data          0x000000000205ef80        0x0 c:/altera/15.0/nios2eds/bin/gnu/h-x86_64-mingw32/bin/../lib/gcc/nios2-elf/4.9.1/mno-hw-mul\libgcc.a(subdf3.o)
 .data          0x000000000205ef80        0x0 c:/altera/15.0/nios2eds/bin/gnu/h-x86_64-mingw32/bin/../lib/gcc/nios2-elf/4.9.1/mno-hw-mul\libgcc.a(fixdfsi.o)
 .data          0x000000000205ef80        0x0 c:/altera/15.0/nios2eds/bin/gnu/h-x86_64-mingw32/bin/../lib/gcc/nios2-elf/4.9.1/mno-hw-mul\libgcc.a(floatsidf.o)
 .data          0x000000000205ef80        0x0 c:/altera/15.0/nios2eds/bin/gnu/h-x86_64-mingw32/bin/../lib/gcc/nios2-elf/4.9.1/mno-hw-mul\libgcc.a(floatunsidf.o)
 .data          0x000000000205ef80        0x0 ../DE2_115_SD_CARD_bsp/\libhal_bsp.a(alt_close.o)
 .data          0x000000000205ef80      0x1a8 ../DE2_115_SD_CARD_bsp/\libhal_bsp.a(alt_dev.o)
                0x000000000205ef80                alt_dev_null
                0x000000000205efa8                alt_fd_list
 .data          0x000000000205f128        0x0 ../DE2_115_SD_CARD_bsp/\libhal_bsp.a(alt_errno.o)
 .data          0x000000000205f128        0x0 ../DE2_115_SD_CARD_bsp/\libhal_bsp.a(alt_exit.o)
 .data          0x000000000205f128        0x0 ../DE2_115_SD_CARD_bsp/\libhal_bsp.a(alt_fstat.o)
 .data          0x000000000205f128        0x0 ../DE2_115_SD_CARD_bsp/\libhal_bsp.a(alt_isatty.o)
 .data          0x000000000205f128        0x0 ../DE2_115_SD_CARD_bsp/\libhal_bsp.a(alt_load.o)
 .data          0x000000000205f128        0x0 ../DE2_115_SD_CARD_bsp/\libhal_bsp.a(alt_lseek.o)
 .data          0x000000000205f128        0x0 ../DE2_115_SD_CARD_bsp/\libhal_bsp.a(alt_main.o)
 .data          0x000000000205f128        0x0 ../DE2_115_SD_CARD_bsp/\libhal_bsp.a(alt_malloc_lock.o)
 .data          0x000000000205f128        0x0 ../DE2_115_SD_CARD_bsp/\libhal_bsp.a(alt_open.o)
 .data          0x000000000205f128        0x0 ../DE2_115_SD_CARD_bsp/\libhal_bsp.a(alt_read.o)
 .data          0x000000000205f128        0x0 ../DE2_115_SD_CARD_bsp/\libhal_bsp.a(alt_release_fd.o)
 .data          0x000000000205f128        0x0 ../DE2_115_SD_CARD_bsp/\libhal_bsp.a(alt_sbrk.o)
 .data          0x000000000205f128        0x0 ../DE2_115_SD_CARD_bsp/\libhal_bsp.a(alt_tick.o)
 .data          0x000000000205f128        0x0 ../DE2_115_SD_CARD_bsp/\libhal_bsp.a(alt_usleep.o)
 .data          0x000000000205f128        0x0 ../DE2_115_SD_CARD_bsp/\libhal_bsp.a(alt_write.o)
 .data          0x000000000205f128     0x1320 ../DE2_115_SD_CARD_bsp/\libhal_bsp.a(alt_sys_init.o)
 .data          0x0000000002060448        0x0 ../DE2_115_SD_CARD_bsp/\libhal_bsp.a(altera_avalon_cfi_flash.o)
 .data          0x0000000002060448        0x0 ../DE2_115_SD_CARD_bsp/\libhal_bsp.a(altera_avalon_cfi_flash_table.o)
 .data          0x0000000002060448        0x0 ../DE2_115_SD_CARD_bsp/\libhal_bsp.a(altera_avalon_jtag_uart_fd.o)
 .data          0x0000000002060448        0x0 ../DE2_115_SD_CARD_bsp/\libhal_bsp.a(altera_avalon_jtag_uart_init.o)
 .data          0x0000000002060448        0x0 ../DE2_115_SD_CARD_bsp/\libhal_bsp.a(altera_avalon_jtag_uart_ioctl.o)
 .data          0x0000000002060448        0x0 ../DE2_115_SD_CARD_bsp/\libhal_bsp.a(altera_avalon_jtag_uart_read.o)
 .data          0x0000000002060448        0x0 ../DE2_115_SD_CARD_bsp/\libhal_bsp.a(altera_avalon_jtag_uart_write.o)
 .data          0x0000000002060448        0x0 ../DE2_115_SD_CARD_bsp/\libhal_bsp.a(altera_avalon_lcd_16207.o)
 .data          0x0000000002060448        0x0 ../DE2_115_SD_CARD_bsp/\libhal_bsp.a(altera_avalon_lcd_16207_fd.o)
 .data          0x0000000002060448        0x0 ../DE2_115_SD_CARD_bsp/\libhal_bsp.a(altera_avalon_timer_sc.o)
 .data          0x0000000002060448        0x0 ../DE2_115_SD_CARD_bsp/\libhal_bsp.a(altera_avalon_uart_fd.o)
 .data          0x0000000002060448        0x0 ../DE2_115_SD_CARD_bsp/\libhal_bsp.a(altera_avalon_uart_init.o)
 .data          0x0000000002060448        0x0 ../DE2_115_SD_CARD_bsp/\libhal_bsp.a(altera_avalon_uart_read.o)
 .data          0x0000000002060448        0x0 ../DE2_115_SD_CARD_bsp/\libhal_bsp.a(altera_avalon_uart_write.o)
 .data          0x0000000002060448        0x0 ../DE2_115_SD_CARD_bsp/\libhal_bsp.a(alt_alarm_start.o)
 .data          0x0000000002060448        0x0 ../DE2_115_SD_CARD_bsp/\libhal_bsp.a(alt_busy_sleep.o)
 .data          0x0000000002060448        0x0 ../DE2_115_SD_CARD_bsp/\libhal_bsp.a(alt_dcache_flush.o)
 .data          0x0000000002060448        0x0 ../DE2_115_SD_CARD_bsp/\libhal_bsp.a(alt_dcache_flush_all.o)
 .data          0x0000000002060448        0x0 ../DE2_115_SD_CARD_bsp/\libhal_bsp.a(alt_dev_llist_insert.o)
 .data          0x0000000002060448        0x0 ../DE2_115_SD_CARD_bsp/\libhal_bsp.a(alt_do_ctors.o)
 .data          0x0000000002060448        0x0 ../DE2_115_SD_CARD_bsp/\libhal_bsp.a(alt_do_dtors.o)
 .data          0x0000000002060448        0x0 ../DE2_115_SD_CARD_bsp/\libhal_bsp.a(alt_find_dev.o)
 .data          0x0000000002060448        0x0 ../DE2_115_SD_CARD_bsp/\libhal_bsp.a(alt_find_file.o)
 .data          0x0000000002060448        0x0 ../DE2_115_SD_CARD_bsp/\libhal_bsp.a(alt_flash_dev.o)
 .data          0x0000000002060448        0x0 ../DE2_115_SD_CARD_bsp/\libhal_bsp.a(alt_get_fd.o)
 .data          0x0000000002060448        0x0 ../DE2_115_SD_CARD_bsp/\libhal_bsp.a(alt_icache_flush_all.o)
 .data          0x0000000002060448        0x0 ../DE2_115_SD_CARD_bsp/\libhal_bsp.a(alt_iic.o)
 .data          0x0000000002060448        0x0 ../DE2_115_SD_CARD_bsp/\libhal_bsp.a(alt_iic_isr_register.o)
 .data          0x0000000002060448        0x0 ../DE2_115_SD_CARD_bsp/\libhal_bsp.a(alt_io_redirect.o)
 .data          0x0000000002060448        0x0 ../DE2_115_SD_CARD_bsp/\libhal_bsp.a(alt_irq_entry.o)
 .data          0x0000000002060448        0x0 ../DE2_115_SD_CARD_bsp/\libhal_bsp.a(alt_irq_handler.o)
 .data          0x0000000002060448        0x0 ../DE2_115_SD_CARD_bsp/\libhal_bsp.a(alt_irq_vars.o)
 .data          0x0000000002060448        0x0 ../DE2_115_SD_CARD_bsp/\libhal_bsp.a(altera_nios2_qsys_irq.o)
 .data          0x0000000002060448        0x0 ../DE2_115_SD_CARD_bsp/\libhal_bsp.a(altera_avalon_cfi_flash_amd.o)
 .data          0x0000000002060448        0x0 ../DE2_115_SD_CARD_bsp/\libhal_bsp.a(altera_avalon_cfi_flash_intel.o)
 .data          0x0000000002060448        0x0 ../DE2_115_SD_CARD_bsp/\libhal_bsp.a(alt_exception_entry.o)
 .data          0x0000000002060448        0x0 c:/altera/15.0/nios2eds/bin/gnu/h-x86_64-mingw32/bin/../lib/gcc/nios2-elf/4.9.1/../../../../../H-x86_64-mingw32/nios2-elf/lib/mno-hw-mul\libc.a(lib_a-atexit.o)
 .data          0x0000000002060448        0x0 c:/altera/15.0/nios2eds/bin/gnu/h-x86_64-mingw32/bin/../lib/gcc/nios2-elf/4.9.1/../../../../../H-x86_64-mingw32/nios2-elf/lib/mno-hw-mul\libc.a(lib_a-memcmp.o)
 .data          0x0000000002060448        0x0 c:/altera/15.0/nios2eds/bin/gnu/h-x86_64-mingw32/bin/../lib/gcc/nios2-elf/4.9.1/../../../../../H-x86_64-mingw32/nios2-elf/lib/mno-hw-mul\libc.a(lib_a-__atexit.o)
                0x0000000002068448                _gp = ABSOLUTE ((. + 0x8000))
                0x0000000002068448                PROVIDE (gp, _gp)
 *(.rwdata .rwdata.*)
 *(.sdata .sdata.* .gnu.linkonce.s.*)
 .sdata         0x0000000002060448        0x8 obj/default/main.o
 .sdata         0x0000000002060450        0x8 c:/altera/15.0/nios2eds/bin/gnu/h-x86_64-mingw32/bin/../lib/gcc/nios2-elf/4.9.1/../../../../../H-x86_64-mingw32/nios2-elf/lib/mno-hw-mul\libc.a(lib_a-impure.o)
                0x0000000002060450                _global_impure_ptr
                0x0000000002060454                _impure_ptr
 .sdata         0x0000000002060458        0x8 c:/altera/15.0/nios2eds/bin/gnu/h-x86_64-mingw32/bin/../lib/gcc/nios2-elf/4.9.1/../../../../../H-x86_64-mingw32/nios2-elf/lib/mno-hw-mul\libc.a(lib_a-mallocr.o)
                0x0000000002060458                __malloc_sbrk_base
                0x000000000206045c                __malloc_trim_threshold
 .sdata         0x0000000002060460        0x4 c:/altera/15.0/nios2eds/bin/gnu/h-x86_64-mingw32/bin/../lib/gcc/nios2-elf/4.9.1/../../../../../H-x86_64-mingw32/nios2-elf/lib/mno-hw-mul\libc.a(lib_a-ctype_.o)
                0x0000000002060460                __ctype_ptr__
 .sdata         0x0000000002060464        0x4 c:/altera/15.0/nios2eds/bin/gnu/h-x86_64-mingw32/bin/../lib/gcc/nios2-elf/4.9.1/../../../../../H-x86_64-mingw32/nios2-elf/lib/mno-hw-mul\libc.a(lib_a-locale.o)
                0x0000000002060464                __mb_cur_max
 .sdata         0x0000000002060468        0x4 c:/altera/15.0/nios2eds/bin/gnu/h-x86_64-mingw32/bin/../lib/gcc/nios2-elf/4.9.1/../../../../../H-x86_64-mingw32/nios2-elf/lib/mno-hw-mul\libc.a(lib_a-wctomb_r.o)
                0x0000000002060468                __wctomb
 .sdata         0x000000000206046c       0x14 ../DE2_115_SD_CARD_bsp/\libhal_bsp.a(alt_dev.o)
                0x000000000206046c                alt_fs_list
                0x0000000002060474                alt_dev_list
                0x000000000206047c                alt_max_fd
 .sdata         0x0000000002060480        0x4 ../DE2_115_SD_CARD_bsp/\libhal_bsp.a(alt_errno.o)
                0x0000000002060480                alt_errno
 .sdata         0x0000000002060484        0x4 ../DE2_115_SD_CARD_bsp/\libhal_bsp.a(alt_sbrk.o)
 .sdata         0x0000000002060488        0x8 ../DE2_115_SD_CARD_bsp/\libhal_bsp.a(alt_tick.o)
                0x0000000002060488                alt_alarm_list
 .sdata         0x0000000002060490        0x4 ../DE2_115_SD_CARD_bsp/\libhal_bsp.a(altera_avalon_lcd_16207.o)
 .sdata         0x0000000002060494        0x8 ../DE2_115_SD_CARD_bsp/\libhal_bsp.a(alt_flash_dev.o)
                0x0000000002060494                alt_flash_dev_list
 .sdata         0x000000000206049c        0x4 ../DE2_115_SD_CARD_bsp/\libhal_bsp.a(alt_irq_vars.o)
                0x000000000206049c                alt_priority_mask
 *(.sdata2 .sdata2.* .gnu.linkonce.s2.*)
                0x00000000020604a0                . = ALIGN (0x4)
                0x00000000020604a0                _edata = ABSOLUTE (.)
                0x00000000020604a0                PROVIDE (edata, ABSOLUTE (.))
                0x00000000020604a0                PROVIDE (__ram_rwdata_end, ABSOLUTE (.))
                0x00000000020604a0                PROVIDE (__flash_rwdata_start, LOADADDR (.rwdata))

.bss            0x0000000002062264      0x198
                0x0000000002062264                __bss_start = ABSOLUTE (.)
                0x0000000002062264                PROVIDE (__sbss_start, ABSOLUTE (.))
                0x0000000002062264                PROVIDE (___sbss_start, ABSOLUTE (.))
 *(.dynsbss)
 *(.sbss .sbss.* .gnu.linkonce.sb.*)
 .sbss          0x0000000002062264        0x4 obj/default/main.o
 .sbss          0x0000000002062268        0x4 c:/altera/15.0/nios2eds/bin/gnu/h-x86_64-mingw32/bin/../lib/gcc/nios2-elf/4.9.1/../../../../../H-x86_64-mingw32/nios2-elf/lib/mno-hw-mul\libc.a(lib_a-int_errno.o)
                0x0000000002062268                errno
 .sbss          0x000000000206226c        0xc c:/altera/15.0/nios2eds/bin/gnu/h-x86_64-mingw32/bin/../lib/gcc/nios2-elf/4.9.1/../../../../../H-x86_64-mingw32/nios2-elf/lib/mno-hw-mul\libc.a(lib_a-mallocr.o)
                0x000000000206226c                __malloc_max_total_mem
                0x0000000002062270                __malloc_max_sbrked_mem
                0x0000000002062274                __malloc_top_pad
 .sbss          0x0000000002062278        0xc c:/altera/15.0/nios2eds/bin/gnu/h-x86_64-mingw32/bin/../lib/gcc/nios2-elf/4.9.1/../../../../../H-x86_64-mingw32/nios2-elf/lib/mno-hw-mul\libc.a(lib_a-locale.o)
                0x0000000002062278                _PathLocale
                0x000000000206227c                __mlocale_changed
                0x0000000002062280                __nlocale_changed
 .sbss          0x0000000002062284        0xc ../DE2_115_SD_CARD_bsp/\libhal_bsp.a(alt_main.o)
                0x0000000002062284                alt_argc
                0x0000000002062288                alt_argv
                0x000000000206228c                alt_envp
 .sbss          0x0000000002062290        0x8 ../DE2_115_SD_CARD_bsp/\libhal_bsp.a(alt_tick.o)
                0x0000000002062290                _alt_tick_rate
                0x0000000002062294                _alt_nticks
 .sbss          0x0000000002062298        0x4 ../DE2_115_SD_CARD_bsp/\libhal_bsp.a(alt_irq_vars.o)
                0x0000000002062298                alt_irq_active
 *(.sbss2 .sbss2.* .gnu.linkonce.sb2.*)
 *(.scommon)
                0x000000000206229c                PROVIDE (__sbss_end, ABSOLUTE (.))
                0x000000000206229c                PROVIDE (___sbss_end, ABSOLUTE (.))
 *(.dynbss)
 *(.bss .bss.* .gnu.linkonce.b.*)
 .bss           0x000000000206229c        0x0 ../DE2_115_SD_CARD_bsp//obj/HAL/src/crt0.o
 .bss           0x000000000206229c        0x0 obj/default/main.o
 .bss           0x000000000206229c        0x0 obj/default/terasic_fat/FatFileSystem.o
 .bss           0x000000000206229c        0x0 obj/default/terasic_fat/FatInternal.o
 .bss           0x000000000206229c        0x0 obj/default/terasic_lib/debug.o
 .bss           0x000000000206229c        0x0 obj/default/terasic_sdcard/crc16.o
 .bss           0x000000000206229c        0x0 obj/default/terasic_sdcard/crc7.o
 .bss           0x000000000206229c        0x0 obj/default/terasic_sdcard/sd_hal.o
 .bss           0x000000000206229c       0x38 obj/default/terasic_sdcard/sd_lib.o
 .bss           0x00000000020622d4        0x0 obj/default/terasic_sdcard/sd_protocol.o
 .bss           0x00000000020622d4        0x0 c:/altera/15.0/nios2eds/bin/gnu/h-x86_64-mingw32/bin/../lib/gcc/nios2-elf/4.9.1/mno-hw-mul\libgcc.a(_muldi3.o)
 .bss           0x00000000020622d4        0x0 c:/altera/15.0/nios2eds/bin/gnu/h-x86_64-mingw32/bin/../lib/gcc/nios2-elf/4.9.1/mno-hw-mul\libgcc.a(lib2-divmod.o)
 .bss           0x00000000020622d4        0x0 c:/altera/15.0/nios2eds/bin/gnu/h-x86_64-mingw32/bin/../lib/gcc/nios2-elf/4.9.1/mno-hw-mul\libgcc.a(lib2-mul.o)
 .bss           0x00000000020622d4        0x0 c:/altera/15.0/nios2eds/bin/gnu/h-x86_64-mingw32/bin/../lib/gcc/nios2-elf/4.9.1/mno-hw-mul\libgcc.a(divsf3.o)
 .bss           0x00000000020622d4        0x0 c:/altera/15.0/nios2eds/bin/gnu/h-x86_64-mingw32/bin/../lib/gcc/nios2-elf/4.9.1/mno-hw-mul\libgcc.a(mulsf3.o)
 .bss           0x00000000020622d4        0x0 c:/altera/15.0/nios2eds/bin/gnu/h-x86_64-mingw32/bin/../lib/gcc/nios2-elf/4.9.1/mno-hw-mul\libgcc.a(floatunsisf.o)
 .bss           0x00000000020622d4        0x0 c:/altera/15.0/nios2eds/bin/gnu/h-x86_64-mingw32/bin/../lib/gcc/nios2-elf/4.9.1/mno-hw-mul\libgcc.a(divdf3.o)
 .bss           0x00000000020622d4        0x0 c:/altera/15.0/nios2eds/bin/gnu/h-x86_64-mingw32/bin/../lib/gcc/nios2-elf/4.9.1/mno-hw-mul\libgcc.a(extendsfdf2.o)
 .bss           0x00000000020622d4        0x0 c:/altera/15.0/nios2eds/bin/gnu/h-x86_64-mingw32/bin/../lib/gcc/nios2-elf/4.9.1/mno-hw-mul\libgcc.a(truncdfsf2.o)
 .bss           0x00000000020622d4        0x0 c:/altera/15.0/nios2eds/bin/gnu/h-x86_64-mingw32/bin/../lib/gcc/nios2-elf/4.9.1/mno-hw-mul\libgcc.a(_clzsi2.o)
 .bss           0x00000000020622d4        0x0 c:/altera/15.0/nios2eds/bin/gnu/h-x86_64-mingw32/bin/../lib/gcc/nios2-elf/4.9.1/mno-hw-mul\libgcc.a(_clz.o)
 .bss           0x00000000020622d4        0x0 c:/altera/15.0/nios2eds/bin/gnu/h-x86_64-mingw32/bin/../lib/gcc/nios2-elf/4.9.1/../../../../../H-x86_64-mingw32/nios2-elf/lib/mno-hw-mul\libc.a(lib_a-exit.o)
 .bss           0x00000000020622d4        0x0 c:/altera/15.0/nios2eds/bin/gnu/h-x86_64-mingw32/bin/../lib/gcc/nios2-elf/4.9.1/../../../../../H-x86_64-mingw32/nios2-elf/lib/mno-hw-mul\libc.a(lib_a-fclose.o)
 .bss           0x00000000020622d4        0x0 c:/altera/15.0/nios2eds/bin/gnu/h-x86_64-mingw32/bin/../lib/gcc/nios2-elf/4.9.1/../../../../../H-x86_64-mingw32/nios2-elf/lib/mno-hw-mul\libc.a(lib_a-fflush.o)
 .bss           0x00000000020622d4        0x0 c:/altera/15.0/nios2eds/bin/gnu/h-x86_64-mingw32/bin/../lib/gcc/nios2-elf/4.9.1/../../../../../H-x86_64-mingw32/nios2-elf/lib/mno-hw-mul\libc.a(lib_a-findfp.o)
 .bss           0x00000000020622d4        0x0 c:/altera/15.0/nios2eds/bin/gnu/h-x86_64-mingw32/bin/../lib/gcc/nios2-elf/4.9.1/../../../../../H-x86_64-mingw32/nios2-elf/lib/mno-hw-mul\libc.a(lib_a-fopen.o)
 .bss           0x00000000020622d4        0x0 c:/altera/15.0/nios2eds/bin/gnu/h-x86_64-mingw32/bin/../lib/gcc/nios2-elf/4.9.1/../../../../../H-x86_64-mingw32/nios2-elf/lib/mno-hw-mul\libc.a(lib_a-freer.o)
 .bss           0x00000000020622d4        0x0 c:/altera/15.0/nios2eds/bin/gnu/h-x86_64-mingw32/bin/../lib/gcc/nios2-elf/4.9.1/../../../../../H-x86_64-mingw32/nios2-elf/lib/mno-hw-mul\libc.a(lib_a-fseek.o)
 .bss           0x00000000020622d4        0x0 c:/altera/15.0/nios2eds/bin/gnu/h-x86_64-mingw32/bin/../lib/gcc/nios2-elf/4.9.1/../../../../../H-x86_64-mingw32/nios2-elf/lib/mno-hw-mul\libc.a(lib_a-fstatr.o)
 .bss           0x00000000020622d4        0x0 c:/altera/15.0/nios2eds/bin/gnu/h-x86_64-mingw32/bin/../lib/gcc/nios2-elf/4.9.1/../../../../../H-x86_64-mingw32/nios2-elf/lib/mno-hw-mul\libc.a(lib_a-fwalk.o)
 .bss           0x00000000020622d4        0x0 c:/altera/15.0/nios2eds/bin/gnu/h-x86_64-mingw32/bin/../lib/gcc/nios2-elf/4.9.1/../../../../../H-x86_64-mingw32/nios2-elf/lib/mno-hw-mul\libc.a(lib_a-fwrite.o)
 .bss           0x00000000020622d4        0x0 c:/altera/15.0/nios2eds/bin/gnu/h-x86_64-mingw32/bin/../lib/gcc/nios2-elf/4.9.1/../../../../../H-x86_64-mingw32/nios2-elf/lib/mno-hw-mul\libc.a(lib_a-impure.o)
 .bss           0x00000000020622d4        0x0 c:/altera/15.0/nios2eds/bin/gnu/h-x86_64-mingw32/bin/../lib/gcc/nios2-elf/4.9.1/../../../../../H-x86_64-mingw32/nios2-elf/lib/mno-hw-mul\libc.a(lib_a-int_errno.o)
 .bss           0x00000000020622d4        0x0 c:/altera/15.0/nios2eds/bin/gnu/h-x86_64-mingw32/bin/../lib/gcc/nios2-elf/4.9.1/../../../../../H-x86_64-mingw32/nios2-elf/lib/mno-hw-mul\libc.a(lib_a-makebuf.o)
 .bss           0x00000000020622d4        0x0 c:/altera/15.0/nios2eds/bin/gnu/h-x86_64-mingw32/bin/../lib/gcc/nios2-elf/4.9.1/../../../../../H-x86_64-mingw32/nios2-elf/lib/mno-hw-mul\libc.a(lib_a-malloc.o)
 .bss           0x00000000020622d4       0x28 c:/altera/15.0/nios2eds/bin/gnu/h-x86_64-mingw32/bin/../lib/gcc/nios2-elf/4.9.1/../../../../../H-x86_64-mingw32/nios2-elf/lib/mno-hw-mul\libc.a(lib_a-mallocr.o)
                0x00000000020622d4                __malloc_current_mallinfo
 .bss           0x00000000020622fc        0x0 c:/altera/15.0/nios2eds/bin/gnu/h-x86_64-mingw32/bin/../lib/gcc/nios2-elf/4.9.1/../../../../../H-x86_64-mingw32/nios2-elf/lib/mno-hw-mul\libc.a(lib_a-memcpy.o)
 .bss           0x00000000020622fc        0x0 c:/altera/15.0/nios2eds/bin/gnu/h-x86_64-mingw32/bin/../lib/gcc/nios2-elf/4.9.1/../../../../../H-x86_64-mingw32/nios2-elf/lib/mno-hw-mul\libc.a(lib_a-memset.o)
 .bss           0x00000000020622fc        0x0 c:/altera/15.0/nios2eds/bin/gnu/h-x86_64-mingw32/bin/../lib/gcc/nios2-elf/4.9.1/../../../../../H-x86_64-mingw32/nios2-elf/lib/mno-hw-mul\libc.a(lib_a-openr.o)
 .bss           0x00000000020622fc        0x0 c:/altera/15.0/nios2eds/bin/gnu/h-x86_64-mingw32/bin/../lib/gcc/nios2-elf/4.9.1/../../../../../H-x86_64-mingw32/nios2-elf/lib/mno-hw-mul\libc.a(lib_a-printf.o)
 .bss           0x00000000020622fc        0x0 c:/altera/15.0/nios2eds/bin/gnu/h-x86_64-mingw32/bin/../lib/gcc/nios2-elf/4.9.1/../../../../../H-x86_64-mingw32/nios2-elf/lib/mno-hw-mul\libc.a(lib_a-putchar.o)
 .bss           0x00000000020622fc        0x0 c:/altera/15.0/nios2eds/bin/gnu/h-x86_64-mingw32/bin/../lib/gcc/nios2-elf/4.9.1/../../../../../H-x86_64-mingw32/nios2-elf/lib/mno-hw-mul\libc.a(lib_a-puts.o)
 .bss           0x00000000020622fc        0x0 c:/altera/15.0/nios2eds/bin/gnu/h-x86_64-mingw32/bin/../lib/gcc/nios2-elf/4.9.1/../../../../../H-x86_64-mingw32/nios2-elf/lib/mno-hw-mul\libc.a(lib_a-refill.o)
 .bss           0x00000000020622fc        0x0 c:/altera/15.0/nios2eds/bin/gnu/h-x86_64-mingw32/bin/../lib/gcc/nios2-elf/4.9.1/../../../../../H-x86_64-mingw32/nios2-elf/lib/mno-hw-mul\libc.a(lib_a-sbrkr.o)
 .bss           0x00000000020622fc        0x0 c:/altera/15.0/nios2eds/bin/gnu/h-x86_64-mingw32/bin/../lib/gcc/nios2-elf/4.9.1/../../../../../H-x86_64-mingw32/nios2-elf/lib/mno-hw-mul\libc.a(lib_a-sprintf.o)
 .bss           0x00000000020622fc        0x0 c:/altera/15.0/nios2eds/bin/gnu/h-x86_64-mingw32/bin/../lib/gcc/nios2-elf/4.9.1/../../../../../H-x86_64-mingw32/nios2-elf/lib/mno-hw-mul\libc.a(lib_a-stdio.o)
 .bss           0x00000000020622fc        0x0 c:/altera/15.0/nios2eds/bin/gnu/h-x86_64-mingw32/bin/../lib/gcc/nios2-elf/4.9.1/../../../../../H-x86_64-mingw32/nios2-elf/lib/mno-hw-mul\libc.a(lib_a-strcasecmp.o)
 .bss           0x00000000020622fc        0x0 c:/altera/15.0/nios2eds/bin/gnu/h-x86_64-mingw32/bin/../lib/gcc/nios2-elf/4.9.1/../../../../../H-x86_64-mingw32/nios2-elf/lib/mno-hw-mul\libc.a(lib_a-strcpy.o)
 .bss           0x00000000020622fc        0x0 c:/altera/15.0/nios2eds/bin/gnu/h-x86_64-mingw32/bin/../lib/gcc/nios2-elf/4.9.1/../../../../../H-x86_64-mingw32/nios2-elf/lib/mno-hw-mul\libc.a(lib_a-strlen.o)
 .bss           0x00000000020622fc        0x0 c:/altera/15.0/nios2eds/bin/gnu/h-x86_64-mingw32/bin/../lib/gcc/nios2-elf/4.9.1/../../../../../H-x86_64-mingw32/nios2-elf/lib/mno-hw-mul\libc.a(lib_a-svfprintf.o)
 .bss           0x00000000020622fc        0x0 c:/altera/15.0/nios2eds/bin/gnu/h-x86_64-mingw32/bin/../lib/gcc/nios2-elf/4.9.1/../../../../../H-x86_64-mingw32/nios2-elf/lib/mno-hw-mul\libc.a(lib_a-vfprintf.o)
 .bss           0x00000000020622fc        0x0 c:/altera/15.0/nios2eds/bin/gnu/h-x86_64-mingw32/bin/../lib/gcc/nios2-elf/4.9.1/../../../../../H-x86_64-mingw32/nios2-elf/lib/mno-hw-mul\libc.a(lib_a-vsnprintf.o)
 .bss           0x00000000020622fc        0x0 c:/altera/15.0/nios2eds/bin/gnu/h-x86_64-mingw32/bin/../lib/gcc/nios2-elf/4.9.1/../../../../../H-x86_64-mingw32/nios2-elf/lib/mno-hw-mul\libc.a(lib_a-writer.o)
 .bss           0x00000000020622fc        0x0 c:/altera/15.0/nios2eds/bin/gnu/h-x86_64-mingw32/bin/../lib/gcc/nios2-elf/4.9.1/../../../../../H-x86_64-mingw32/nios2-elf/lib/mno-hw-mul\libc.a(lib_a-wsetup.o)
 .bss           0x00000000020622fc        0x0 c:/altera/15.0/nios2eds/bin/gnu/h-x86_64-mingw32/bin/../lib/gcc/nios2-elf/4.9.1/../../../../../H-x86_64-mingw32/nios2-elf/lib/mno-hw-mul\libc.a(closer.o)
 .bss           0x00000000020622fc        0x0 c:/altera/15.0/nios2eds/bin/gnu/h-x86_64-mingw32/bin/../lib/gcc/nios2-elf/4.9.1/../../../../../H-x86_64-mingw32/nios2-elf/lib/mno-hw-mul\libc.a(lib_a-__call_atexit.o)
 .bss           0x00000000020622fc        0x0 c:/altera/15.0/nios2eds/bin/gnu/h-x86_64-mingw32/bin/../lib/gcc/nios2-elf/4.9.1/../../../../../H-x86_64-mingw32/nios2-elf/lib/mno-hw-mul\libc.a(lib_a-ctype_.o)
 .bss           0x00000000020622fc        0x0 c:/altera/15.0/nios2eds/bin/gnu/h-x86_64-mingw32/bin/../lib/gcc/nios2-elf/4.9.1/../../../../../H-x86_64-mingw32/nios2-elf/lib/mno-hw-mul\libc.a(lib_a-dtoa.o)
 .bss           0x00000000020622fc        0x0 c:/altera/15.0/nios2eds/bin/gnu/h-x86_64-mingw32/bin/../lib/gcc/nios2-elf/4.9.1/../../../../../H-x86_64-mingw32/nios2-elf/lib/mno-hw-mul\libc.a(lib_a-flags.o)
 .bss           0x00000000020622fc        0x0 c:/altera/15.0/nios2eds/bin/gnu/h-x86_64-mingw32/bin/../lib/gcc/nios2-elf/4.9.1/../../../../../H-x86_64-mingw32/nios2-elf/lib/mno-hw-mul\libc.a(lib_a-fvwrite.o)
 .bss           0x00000000020622fc        0x0 c:/altera/15.0/nios2eds/bin/gnu/h-x86_64-mingw32/bin/../lib/gcc/nios2-elf/4.9.1/../../../../../H-x86_64-mingw32/nios2-elf/lib/mno-hw-mul\libc.a(lib_a-isattyr.o)
 .bss           0x00000000020622fc        0x0 c:/altera/15.0/nios2eds/bin/gnu/h-x86_64-mingw32/bin/../lib/gcc/nios2-elf/4.9.1/../../../../../H-x86_64-mingw32/nios2-elf/lib/mno-hw-mul\libc.a(lib_a-locale.o)