Archive member included to satisfy reference by file (symbol)

c:/altera/15.0/nios2eds/bin/gnu/h-x86_64-mingw32/bin/../lib/gcc/nios2-elf/4.9.1/mno-hw-mul\libgcc.a(_muldi3.o)
                              obj/default/main.o (__muldi3)
c:/altera/15.0/nios2eds/bin/gnu/h-x86_64-mingw32/bin/../lib/gcc/nios2-elf/4.9.1/mno-hw-mul\libgcc.a(lib2-divmod.o)
                              obj/default/main.o (__udivsi3)
c:/altera/15.0/nios2eds/bin/gnu/h-x86_64-mingw32/bin/../lib/gcc/nios2-elf/4.9.1/mno-hw-mul\libgcc.a(lib2-mul.o)
                              obj/default/main.o (__mulsi3)
c:/altera/15.0/nios2eds/bin/gnu/h-x86_64-mingw32/bin/../lib/gcc/nios2-elf/4.9.1/mno-hw-mul\libgcc.a(divsf3.o)
                              obj/default/terasic_fat/FatFileSystem.o (__divsf3)
c:/altera/15.0/nios2eds/bin/gnu/h-x86_64-mingw32/bin/../lib/gcc/nios2-elf/4.9.1/mno-hw-mul\libgcc.a(mulsf3.o)
                              obj/default/terasic_fat/FatFileSystem.o (__mulsf3)
c:/altera/15.0/nios2eds/bin/gnu/h-x86_64-mingw32/bin/../lib/gcc/nios2-elf/4.9.1/mno-hw-mul\libgcc.a(floatunsisf.o)
                              obj/default/terasic_fat/FatFileSystem.o (__floatunsisf)
c:/altera/15.0/nios2eds/bin/gnu/h-x86_64-mingw32/bin/../lib/gcc/nios2-elf/4.9.1/mno-hw-mul\libgcc.a(divdf3.o)
                              obj/default/terasic_fat/FatFileSystem.o (__divdf3)
c:/altera/15.0/nios2eds/bin/gnu/h-x86_64-mingw32/bin/../lib/gcc/nios2-elf/4.9.1/mno-hw-mul\libgcc.a(extendsfdf2.o)
                              obj/default/terasic_fat/FatFileSystem.o (__extendsfdf2)
c:/altera/15.0/nios2eds/bin/gnu/h-x86_64-mingw32/bin/../lib/gcc/nios2-elf/4.9.1/mno-hw-mul\libgcc.a(truncdfsf2.o)
                              obj/default/terasic_fat/FatFileSystem.o (__truncdfsf2)
c:/altera/15.0/nios2eds/bin/gnu/h-x86_64-mingw32/bin/../lib/gcc/nios2-elf/4.9.1/mno-hw-mul\libgcc.a(_clzsi2.o)
                              c:/altera/15.0/nios2eds/bin/gnu/h-x86_64-mingw32/bin/../lib/gcc/nios2-elf/4.9.1/mno-hw-mul\libgcc.a(divsf3.o) (__clzsi2)
c:/altera/15.0/nios2eds/bin/gnu/h-x86_64-mingw32/bin/../lib/gcc/nios2-elf/4.9.1/mno-hw-mul\libgcc.a(_clz.o)
                              c:/altera/15.0/nios2eds/bin/gnu/h-x86_64-mingw32/bin/../lib/gcc/nios2-elf/4.9.1/mno-hw-mul\libgcc.a(_clzsi2.o) (__clz_tab)
c:/altera/15.0/nios2eds/bin/gnu/h-x86_64-mingw32/bin/../lib/gcc/nios2-elf/4.9.1/../../../../../H-x86_64-mingw32/nios2-elf/lib/mno-hw-mul\libc.a(lib_a-exit.o)
                              obj/default/main.o (exit)
c:/altera/15.0/nios2eds/bin/gnu/h-x86_64-mingw32/bin/../lib/gcc/nios2-elf/4.9.1/../../../../../H-x86_64-mingw32/nios2-elf/lib/mno-hw-mul\libc.a(lib_a-fclose.o)
                              obj/default/main.o (fclose)
c:/altera/15.0/nios2eds/bin/gnu/h-x86_64-mingw32/bin/../lib/gcc/nios2-elf/4.9.1/../../../../../H-x86_64-mingw32/nios2-elf/lib/mno-hw-mul\libc.a(lib_a-fflush.o)
                              c:/altera/15.0/nios2eds/bin/gnu/h-x86_64-mingw32/bin/../lib/gcc/nios2-elf/4.9.1/../../../../../H-x86_64-mingw32/nios2-elf/lib/mno-hw-mul\libc.a(lib_a-fclose.o) (_fflush_r)
c:/altera/15.0/nios2eds/bin/gnu/h-x86_64-mingw32/bin/../lib/gcc/nios2-elf/4.9.1/../../../../../H-x86_64-mingw32/nios2-elf/lib/mno-hw-mul\libc.a(lib_a-findfp.o)
                              c:/altera/15.0/nios2eds/bin/gnu/h-x86_64-mingw32/bin/../lib/gcc/nios2-elf/4.9.1/../../../../../H-x86_64-mingw32/nios2-elf/lib/mno-hw-mul\libc.a(lib_a-fclose.o) (__sinit)
c:/altera/15.0/nios2eds/bin/gnu/h-x86_64-mingw32/bin/../lib/gcc/nios2-elf/4.9.1/../../../../../H-x86_64-mingw32/nios2-elf/lib/mno-hw-mul\libc.a(lib_a-fopen.o)
                              obj/default/main.o (fopen)
c:/altera/15.0/nios2eds/bin/gnu/h-x86_64-mingw32/bin/../lib/gcc/nios2-elf/4.9.1/../../../../../H-x86_64-mingw32/nios2-elf/lib/mno-hw-mul\libc.a(lib_a-freer.o)
                              c:/altera/15.0/nios2eds/bin/gnu/h-x86_64-mingw32/bin/../lib/gcc/nios2-elf/4.9.1/../../../../../H-x86_64-mingw32/nios2-elf/lib/mno-hw-mul\libc.a(lib_a-fclose.o) (_free_r)
c:/altera/15.0/nios2eds/bin/gnu/h-x86_64-mingw32/bin/../lib/gcc/nios2-elf/4.9.1/../../../../../H-x86_64-mingw32/nios2-elf/lib/mno-hw-mul\libc.a(lib_a-fseek.o)
                              c:/altera/15.0/nios2eds/bin/gnu/h-x86_64-mingw32/bin/../lib/gcc/nios2-elf/4.9.1/../../../../../H-x86_64-mingw32/nios2-elf/lib/mno-hw-mul\libc.a(lib_a-fopen.o) (_fseek_r)
c:/altera/15.0/nios2eds/bin/gnu/h-x86_64-mingw32/bin/../lib/gcc/nios2-elf/4.9.1/../../../../../H-x86_64-mingw32/nios2-elf/lib/mno-hw-mul\libc.a(lib_a-fstatr.o)
                              c:/altera/15.0/nios2eds/bin/gnu/h-x86_64-mingw32/bin/../lib/gcc/nios2-elf/4.9.1/../../../../../H-x86_64-mingw32/nios2-elf/lib/mno-hw-mul\libc.a(lib_a-fseek.o) (_fstat_r)
c:/altera/15.0/nios2eds/bin/gnu/h-x86_64-mingw32/bin/../lib/gcc/nios2-elf/4.9.1/../../../../../H-x86_64-mingw32/nios2-elf/lib/mno-hw-mul\libc.a(lib_a-fwalk.o)
[...]
Memory Configuration

Name             Origin             Length             Attributes
cfi_flash        0x0000000001800000 0x0000000000800000
reset            0x0000000002040000 0x0000000000000020
onchip_memory2   0x0000000002040020 0x000000000003ffe0
sdram_controller 0x0000000010000000 0x0000000008000000
*default*        0x0000000000000000 0xffffffffffffffff

Linker script and memory map

LOAD ../DE2_115_SD_CARD_bsp//obj/HAL/src/crt0.o
LOAD obj/default/main.o
LOAD obj/default/terasic_fat/FatFileSystem.o
LOAD obj/default/terasic_fat/FatInternal.o
LOAD obj/default/terasic_lib/debug.o
LOAD obj/default/terasic_sdcard/crc16.o
LOAD obj/default/terasic_sdcard/crc7.o
LOAD obj/default/terasic_sdcard/sd_hal.o
LOAD obj/default/terasic_sdcard/sd_lib.o
LOAD obj/default/terasic_sdcard/sd_protocol.o
LOAD c:/altera/15.0/nios2eds/bin/gnu/h-x86_64-mingw32/bin/../lib/gcc/nios2-elf/4.9.1/../../../../../H-x86_64-mingw32/nios2-elf/lib/mno-hw-mul\libstdc++.a
LOAD c:/altera/15.0/nios2eds/bin/gnu/h-x86_64-mingw32/bin/../lib/gcc/nios2-elf/4.9.1/../../../../../H-x86_64-mingw32/nios2-elf/lib/mno-hw-mul\libm.a
LOAD c:/altera/15.0/nios2eds/bin/gnu/h-x86_64-mingw32/bin/../lib/gcc/nios2-elf/4.9.1/mno-hw-mul\libgcc.a
START GROUP
LOAD c:/altera/15.0/nios2eds/bin/gnu/h-x86_64-mingw32/bin/../lib/gcc/nios2-elf/4.9.1/../../../../../H-x86_64-mingw32/nios2-elf/lib/mno-hw-mul\libc.a
LOAD c:/altera/15.0/nios2eds/bin/gnu/h-x86_64-mingw32/bin/../lib/gcc/nios2-elf/4.9.1/mno-hw-mul\libgcc.a
LOAD ../DE2_115_SD_CARD_bsp/\libhal_bsp.a
END GROUP
LOAD c:/altera/15.0/nios2eds/bin/gnu/h-x86_64-mingw32/bin/../lib/gcc/nios2-elf/4.9.1/mno-hw-mul\libgcc.a
                0x0000000001800000                __alt_mem_cfi_flash = 0x1800000
                0x0000000002040000                __alt_mem_onchip_memory2 = 0x2040000
                0x0000000010000000                __alt_mem_sdram_controller = 0x10000000

.entry          0x0000000002040000       0x20
 *(.entry)
 .entry         0x0000000002040000       0x20 ../DE2_115_SD_CARD_bsp//obj/HAL/src/crt0.o
                0x0000000002040000                __reset

.exceptions     0x0000000002040020      0x19c
                0x0000000002040020                PROVIDE (__ram_exceptions_start, ABSOLUTE (.))
                0x0000000002040020                . = ALIGN (0x20)
 *(.irq)
 *(.exceptions.entry.label)
 .exceptions.entry.label
                0x0000000002040020        0x0 ../DE2_115_SD_CARD_bsp/\libhal_bsp.a(alt_irq_entry.o)
                0x0000000002040020                alt_irq_entry
 .exceptions.entry.label
                0x0000000002040020        0x0 ../DE2_115_SD_CARD_bsp/\libhal_bsp.a(alt_exception_entry.o)
                0x0000000002040020                alt_exception
 *(.exceptions.entry.user)
 *(.exceptions.entry.ecc_fatal)
 *(.exceptions.entry)
 .exceptions.entry
                0x0000000002040020       0x54 ../DE2_115_SD_CARD_bsp/\libhal_bsp.a(alt_exception_entry.o)
 *(.exceptions.irqtest.user)
 *(.exceptions.irqtest)
 .exceptions.irqtest
                0x0000000002040074       0x10 ../DE2_115_SD_CARD_bsp/\libhal_bsp.a(alt_irq_entry.o)
 *(.exceptions.irqhandler.user)
 *(.exceptions.irqhandler)
 .exceptions.irqhandler
                0x0000000002040084        0x4 ../DE2_115_SD_CARD_bsp/\libhal_bsp.a(alt_irq_entry.o)
 *(.exceptions.irqreturn.user)
 *(.exceptions.irqreturn)
 .exceptions.irqreturn
                0x0000000002040088        0x4 ../DE2_115_SD_CARD_bsp/\libhal_bsp.a(alt_irq_entry.o)
 *(.exceptions.notirq.label)
 .exceptions.notirq.label
                0x000000000204008c        0x0 ../DE2_115_SD_CARD_bsp/\libhal_bsp.a(alt_irq_entry.o)
 *(.exceptions.notirq.user)
 *(.exceptions.notirq)
 .exceptions.notirq
                0x000000000204008c        0x8 ../DE2_115_SD_CARD_bsp/\libhal_bsp.a(alt_exception_entry.o)
 *(.exceptions.soft.user)
 *(.exceptions.soft)
 *(.exceptions.unknown.user)
 *(.exceptions.unknown)
 .exceptions.unknown
                0x0000000002040094        0x4 ../DE2_115_SD_CARD_bsp/\libhal_bsp.a(alt_exception_entry.o)
 *(.exceptions.exit.label)
 .exceptions.exit.label
                0x0000000002040098        0x0 ../DE2_115_SD_CARD_bsp/\libhal_bsp.a(alt_irq_entry.o)
 .exceptions.exit.label
                0x0000000002040098        0x0 ../DE2_115_SD_CARD_bsp/\libhal_bsp.a(alt_exception_entry.o)
 *(.exceptions.exit.user)
 *(.exceptions.exit)
 .exceptions.exit
                0x0000000002040098       0x54 ../DE2_115_SD_CARD_bsp/\libhal_bsp.a(alt_exception_entry.o)
 *(.exceptions)
 .exceptions    0x00000000020400ec       0xd0 ../DE2_115_SD_CARD_bsp/\libhal_bsp.a(alt_irq_handler.o)
                0x00000000020400ec                alt_irq_handler
                0x00000000020401bc                PROVIDE (__ram_exceptions_end, ABSOLUTE (.))
                0x0000000002040020                PROVIDE (__flash_exceptions_start, LOADADDR (.exceptions))

.text           0x00000000020401bc    0x1defc
                0x00000000020401bc                PROVIDE (stext, ABSOLUTE (.))
 *(.interp)
 *(.hash)
 *(.dynsym)
 *(.dynstr)
 *(.gnu.version)
 *(.gnu.version_d)
 *(.gnu.version_r)
 *(.rel.init)
 *(.rela.init)
 *(.rel.text .rel.text.* .rel.gnu.linkonce.t.*)
 *(.rela.text .rela.text.* .rela.gnu.linkonce.t.*)
 *(.rel.fini)
 *(.rela.fini)
 *(.rel.rodata .rel.rodata.* .rel.gnu.linkonce.r.*)
 *(.rela.rodata .rela.rodata.* .rela.gnu.linkonce.r.*)
 *(.rel.data .rel.data.* .rel.gnu.linkonce.d.*)
 *(.rela.data .rela.data.* .rela.gnu.linkonce.d.*)
 *(.rel.tdata .rel.tdata.* .rel.gnu.linkonce.td.*)
 *(.rela.tdata .rela.tdata.* .rela.gnu.linkonce.td.*)
 *(.rel.tbss .rel.tbss.* .rel.gnu.linkonce.tb.*)
 *(.rela.tbss .rela.tbss.* .rela.gnu.linkonce.tb.*)
 *(.rel.ctors)
 *(.rela.ctors)
 *(.rel.dtors)
 *(.rela.dtors)
 *(.rel.got)
 *(.rela.got)
 *(.rel.sdata .rel.sdata.* .rel.gnu.linkonce.s.*)
 *(.rela.sdata .rela.sdata.* .rela.gnu.linkonce.s.*)
 *(.rel.sbss .rel.sbss.* .rel.gnu.linkonce.sb.*)
 *(.rela.sbss .rela.sbss.* .rela.gnu.linkonce.sb.*)
 *(.rel.sdata2 .rel.sdata2.* .rel.gnu.linkonce.s2.*)
 *(.rela.sdata2 .rela.sdata2.* .rela.gnu.linkonce.s2.*)
 *(.rel.sbss2 .rel.sbss2.* .rel.gnu.linkonce.sb2.*)
 *(.rela.sbss2 .rela.sbss2.* .rela.gnu.linkonce.sb2.*)
 *(.rel.bss .rel.bss.* .rel.gnu.linkonce.b.*)
 *(.rela.bss .rela.bss.* .rela.gnu.linkonce.b.*)
 *(.rel.plt)
 *(.rela.plt)
 *(.rel.dyn)
 *(.init)
 *(.plt)
 *(.text .stub .text.* .gnu.linkonce.t.*)
 .text          0x00000000020401bc       0x3c ../DE2_115_SD_CARD_bsp//obj/HAL/src/crt0.o
                0x00000000020401bc                _start
 .text          0x00000000020401f8      0xcb0 obj/default/main.o
                0x00000000020401f8                LCD_Open
                0x0000000002040248                LCD_TextOut
                0x00000000020402a8                LCD_Clear
                0x0000000002040328                LCD_Close
                0x0000000002040364                substring
                0x0000000002040424                selectionList
                0x0000000002040640                Fat_Test
                0x0000000002040d00                main
 .text          0x0000000002040ea8     0x16a8 obj/default/terasic_fat/FatFileSystem.o
                0x0000000002040ea8                Fat_Mount
                0x0000000002040eec                Fat_Unmount
                0x0000000002040f38                Fat_Type
                0x0000000002040fa4                Fat_FileBrowseBegin
                0x0000000002041010                Fat_FileBrowseNext
                0x0000000002041440                Fat_FileCount
                0x00000000020414ac                fatSameLongFilename
                0x0000000002041544                fatComposeShortFilename
                0x00000000020416f4                Fat_FileExist
                0x00000000020417a4                Fat_FileOpen
                0x00000000020418cc                Fat_FileSize
                0x0000000002041910                Fat_FileRead
                0x0000000002041d94                Fat_FileWrite
                0x0000000002042214                Fat_FileSeek
                0x0000000002042314                Fat_FileClose
                0x0000000002042358                Fat_SpeedTest
 .text          0x0000000002042550     0x11fc obj/default/terasic_fat/FatInternal.o
                0x0000000002042550                fat16ClusterType
                0x0000000002042600                fat32ClusterType
                0x00000000020426cc                fatNextCluster
                0x000000000204284c                fatFindUnusedCluster
                0x00000000020429d4                fatDelClusterList
                0x0000000002042bcc                fatDumpDate
                0x0000000002042c28                fatDumpTime
                0x0000000002042c84                fatIsLastDir
                0x0000000002042cc8                fatIsValidDir
                0x0000000002042d70                fatIsUnusedDir
                0x0000000002042db8                fatDump
                0x0000000002042f50                fatArray2Value
                0x0000000002042fd8                fatReadSecter
                0x0000000002043068                fatWriteSecter
                0x00000000020430f8                fatFindDirectory
                0x00000000020431a4                fatFindUnusedDirectory
                0x00000000020432b4                fatMount
                0x00000000020435e0                SD_ReadBlock512
                0x000000000204361c                SD_WriteBlock512
                0x0000000002043658                fatMountSdcard
 .text          0x000000000204374c      0x1b4 obj/default/terasic_lib/debug.o
                0x000000000204374c                debug_output
                0x000000000204377c                myprintf
                0x00000000020437e8                myprintf_hexarray
                0x0000000002043870                myprintf_dwordarray
 .text          0x0000000002043900       0xa4 obj/default/terasic_sdcard/crc16.o
                0x0000000002043900                crc16
 .text          0x00000000020439a4       0xc0 obj/default/terasic_sdcard/crc7.o
                0x00000000020439a4                crc7_byte
                0x00000000020439f4                crc7
 .text          0x0000000002043a64      0x9e8 obj/default/terasic_sdcard/sd_hal.o
                0x0000000002043a64                SDHAL_IsSupport4Bits
                0x0000000002043a90                SDHAL_Init
                0x0000000002043ae8                SDHAL_SendCmd
                0x0000000002043bc8                SDHAL_GetResponse
                0x0000000002043db4                SDHAL_ReadData
                0x000000000204424c                SDHAL_WriteData
                0x00000000020443f4                SDHAL_DummyClock
 .text          0x000000000204444c      0x444 obj/default/terasic_sdcard/sd_lib.o
                0x000000000204444c                SDLIB_Init
                0x0000000002044780                SDLIB_ReadBlock512
                0x0000000002044800                SDLIB_WriteBlock512
 .text          0x0000000002044890     0x16a4 obj/default/terasic_sdcard/sd_protocol.o
                0x0000000002044890                SD_Init
                0x00000000020448b8                SD_IsSupport4Bits
                0x00000000020448e0                SD_CMD0
                0x0000000002044968                SD_CMD8
                0x0000000002044af4                SD_CMD55
                0x0000000002044c74                SD_ACMD41
                0x0000000002044e10                SD_CMD2
                0x0000000002044fa8                SD_CMD3
                0x0000000002045144                SD_CMD9
                0x0000000002045304                SD_CMD10
                0x00000000020454c4                SD_CMD7
                0x0000000002045644                SD_CMD16
                0x00000000020457e4                SD_ACMD6
                0x0000000002045970                SD_ACMD42
                0x0000000002045af0                SD_CMD17
                0x0000000002045c98                SD_CMD24
                0x0000000002045e40                SD_ReadData
                0x0000000002045e80                SD_WriteData
                0x0000000002045ec0                ArrayToU32
 .text          0x0000000002045f34      0x10c c:/altera/15.0/nios2eds/bin/gnu/h-x86_64-mingw32/bin/../lib/gcc/nios2-elf/4.9.1/mno-hw-mul\libgcc.a(_muldi3.o)
                0x0000000002045f34                __muldi3
 .text          0x0000000002046040      0x12c c:/altera/15.0/nios2eds/bin/gnu/h-x86_64-mingw32/bin/../lib/gcc/nios2-elf/4.9.1/mno-hw-mul\libgcc.a(lib2-divmod.o)
                0x00000000020460ac                __divsi3
                0x0000000002046100                __modsi3
                0x000000000204615c                __udivsi3
                0x0000000002046164                __umodsi3
 .text          0x000000000204616c       0x28 c:/altera/15.0/nios2eds/bin/gnu/h-x86_64-mingw32/bin/../lib/gcc/nios2-elf/4.9.1/mno-hw-mul\libgcc.a(lib2-mul.o)
                0x000000000204616c                __mulsi3
 .text          0x0000000002046194      0x450 c:/altera/15.0/nios2eds/bin/gnu/h-x86_64-mingw32/bin/../lib/gcc/nios2-elf/4.9.1/mno-hw-mul\libgcc.a(divsf3.o)
                0x0000000002046194                __divsf3
 .text          0x00000000020465e4      0x450 c:/altera/15.0/nios2eds/bin/gnu/h-x86_64-mingw32/bin/../lib/gcc/nios2-elf/4.9.1/mno-hw-mul\libgcc.a(mulsf3.o)
                0x00000000020465e4                __mulsf3
 .text          0x0000000002046a34      0x110 c:/altera/15.0/nios2eds/bin/gnu/h-x86_64-mingw32/bin/../lib/gcc/nios2-elf/4.9.1/mno-hw-mul\libgcc.a(floatunsisf.o)
                0x0000000002046a34                __floatunsisf
 .text          0x0000000002046b44      0x980 c:/altera/15.0/nios2eds/bin/gnu/h-x86_64-mingw32/bin/../lib/gcc/nios2-elf/4.9.1/mno-hw-mul\libgcc.a(divdf3.o)
                0x0000000002046b44                __divdf3
 .text          0x00000000020474c4      0x110 c:/altera/15.0/nios2eds/bin/gnu/h-x86_64-mingw32/bin/../lib/gcc/nios2-elf/4.9.1/mno-hw-mul\libgcc.a(extendsfdf2.o)
                0x00000000020474c4                __extendsfdf2
 .text          0x00000000020475d4      0x198 c:/altera/15.0/nios2eds/bin/gnu/h-x86_64-mingw32/bin/../lib/gcc/nios2-elf/4.9.1/mno-hw-mul\libgcc.a(truncdfsf2.o)
                0x00000000020475d4                __truncdfsf2
 .text          0x000000000204776c       0x64 c:/altera/15.0/nios2eds/bin/gnu/h-x86_64-mingw32/bin/../lib/gcc/nios2-elf/4.9.1/mno-hw-mul\libgcc.a(_clzsi2.o)
                0x000000000204776c                __clzsi2
 .text          0x00000000020477d0        0x0 c:/altera/15.0/nios2eds/bin/gnu/h-x86_64-mingw32/bin/../lib/gcc/nios2-elf/4.9.1/mno-hw-mul\libgcc.a(_clz.o)
 .text          0x00000000020477d0       0x38 c:/altera/15.0/nios2eds/bin/gnu/h-x86_64-mingw32/bin/../lib/gcc/nios2-elf/4.9.1/../../../../../H-x86_64-mingw32/nios2-elf/lib/mno-hw-mul\libc.a(lib_a-exit.o)
                0x00000000020477d0                exit
 .text          0x0000000002047808      0x114 c:/altera/15.0/nios2eds/bin/gnu/h-x86_64-mingw32/bin/../lib/gcc/nios2-elf/4.9.1/../../../../../H-x86_64-mingw32/nios2-elf/lib/mno-hw-mul\libc.a(lib_a-fclose.o)
                0x0000000002047808                _fclose_r
                0x0000000002047908                fclose
 .text          0x000000000204791c      0x258 c:/altera/15.0/nios2eds/bin/gnu/h-x86_64-mingw32/bin/../lib/gcc/nios2-elf/4.9.1/../../../../../H-x86_64-mingw32/nios2-elf/lib/mno-hw-mul\libc.a(lib_a-fflush.o)
                0x000000000204791c                _fflush_r
                0x0000000002047b44                fflush
 .text          0x0000000002047b74      0x3b4 c:/altera/15.0/nios2eds/bin/gnu/h-x86_64-mingw32/bin/../lib/gcc/nios2-elf/4.9.1/../../../../../H-x86_64-mingw32/nios2-elf/lib/mno-hw-mul\libc.a(lib_a-findfp.o)
                0x0000000002047b84                _cleanup_r
                0x0000000002047d30                __sfmoreglue
                0x0000000002047da8                __sfp
                0x0000000002047ec0                _cleanup
                0x0000000002047ed8                __sinit
                0x0000000002047ee8                __sfp_lock_acquire
                0x0000000002047eec                __sfp_lock_release
                0x0000000002047ef0                __sinit_lock_acquire
                0x0000000002047ef4                __sinit_lock_release
                0x0000000002047ef8                __fp_lock_all
                0x0000000002047f10                __fp_unlock_all
 .text          0x0000000002047f28      0x10c c:/altera/15.0/nios2eds/bin/gnu/h-x86_64-mingw32/bin/../lib/gcc/nios2-elf/4.9.1/../../../../../H-x86_64-mingw32/nios2-elf/lib/mno-hw-mul\libc.a(lib_a-fopen.o)
                0x0000000002047f28                _fopen_r
                0x0000000002048018                fopen
 .text          0x0000000002048034      0x414 c:/altera/15.0/nios2eds/bin/gnu/h-x86_64-mingw32/bin/../lib/gcc/nios2-elf/4.9.1/../../../../../H-x86_64-mingw32/nios2-elf/lib/mno-hw-mul\libc.a(lib_a-freer.o)
                0x0000000002048034                _malloc_trim_r
                0x0000000002048158                _free_r
 .text          0x0000000002048448      0x478 c:/altera/15.0/nios2eds/bin/gnu/h-x86_64-mingw32/bin/../lib/gcc/nios2-elf/4.9.1/../../../../../H-x86_64-mingw32/nios2-elf/lib/mno-hw-mul\libc.a(lib_a-fseek.o)
                0x0000000002048448                _fseek_r
                0x000000000204889c                fseek
 .text          0x00000000020488c0       0x58 c:/altera/15.0/nios2eds/bin/gnu/h-x86_64-mingw32/bin/../lib/gcc/nios2-elf/4.9.1/../../../../../H-x86_64-mingw32/nios2-elf/lib/mno-hw-mul\libc.a(lib_a-fstatr.o)
                0x00000000020488c0                _fstat_r
 .text          0x0000000002048918      0x170 c:/altera/15.0/nios2eds/bin/gnu/h-x86_64-mingw32/bin/../lib/gcc/nios2-elf/4.9.1/../../../../../H-x86_64-mingw32/nios2-elf/lib/mno-hw-mul\libc.a(lib_a-fwalk.o)
                0x0000000002048918                _fwalk
                0x00000000020489d0                _fwalk_reent
 .text          0x0000000002048a88      0x11c c:/altera/15.0/nios2eds/bin/gnu/h-x86_64-mingw32/bin/../lib/gcc/nios2-elf/4.9.1/../../../../../H-x86_64-mingw32/nios2-elf/lib/mno-hw-mul\libc.a(lib_a-fwrite.o)
                0x0000000002048a88                _fwrite_r
                0x0000000002048b64                fwrite
 .text          0x0000000002048ba4        0x0 c:/altera/15.0/nios2eds/bin/gnu/h-x86_64-mingw32/bin/../lib/gcc/nios2-elf/4.9.1/../../../../../H-x86_64-mingw32/nios2-elf/lib/mno-hw-mul\libc.a(lib_a-impure.o)
 .text          0x0000000002048ba4        0x0 c:/altera/15.0/nios2eds/bin/gnu/h-x86_64-mingw32/bin/../lib/gcc/nios2-elf/4.9.1/../../../../../H-x86_64-mingw32/nios2-elf/lib/mno-hw-mul\libc.a(lib_a-int_errno.o)
 .text          0x0000000002048ba4      0x1b8 c:/altera/15.0/nios2eds/bin/gnu/h-x86_64-mingw32/bin/../lib/gcc/nios2-elf/4.9.1/../../../../../H-x86_64-mingw32/nios2-elf/lib/mno-hw-mul\libc.a(lib_a-makebuf.o)
                0x0000000002048ba4                __smakebuf_r
 .text          0x0000000002048d5c       0x28 c:/altera/15.0/nios2eds/bin/gnu/h-x86_64-mingw32/bin/../lib/gcc/nios2-elf/4.9.1/../../../../../H-x86_64-mingw32/nios2-elf/lib/mno-hw-mul\libc.a(lib_a-malloc.o)
                0x0000000002048d5c                malloc
                0x0000000002048d70                free
 .text          0x0000000002048d84      0x7a8 c:/altera/15.0/nios2eds/bin/gnu/h-x86_64-mingw32/bin/../lib/gcc/nios2-elf/4.9.1/../../../../../H-x86_64-mingw32/nios2-elf/lib/mno-hw-mul\libc.a(lib_a-mallocr.o)
                0x0000000002048d84                _malloc_r
 .text          0x000000000204952c      0x138 c:/altera/15.0/nios2eds/bin/gnu/h-x86_64-mingw32/bin/../lib/gcc/nios2-elf/4.9.1/../../../../../H-x86_64-mingw32/nios2-elf/lib/mno-hw-mul\libc.a(lib_a-memcpy.o)
                0x000000000204952c                memcpy
 .text          0x0000000002049664      0x124 c:/altera/15.0/nios2eds/bin/gnu/h-x86_64-mingw32/bin/../lib/gcc/nios2-elf/4.9.1/../../../../../H-x86_64-mingw32/nios2-elf/lib/mno-hw-mul\libc.a(lib_a-memset.o)
                0x0000000002049664                memset
 .text          0x0000000002049788       0x5c c:/altera/15.0/nios2eds/bin/gnu/h-x86_64-mingw32/bin/../lib/gcc/nios2-elf/4.9.1/../../../../../H-x86_64-mingw32/nios2-elf/lib/mno-hw-mul\libc.a(lib_a-openr.o)
                0x0000000002049788                _open_r
 .text          0x00000000020497e4       0x68 c:/altera/15.0/nios2eds/bin/gnu/h-x86_64-mingw32/bin/../lib/gcc/nios2-elf/4.9.1/../../../../../H-x86_64-mingw32/nios2-elf/lib/mno-hw-mul\libc.a(lib_a-printf.o)
                0x00000000020497e4                _printf_r
                0x0000000002049810                printf
 .text          0x000000000204984c       0x20 c:/altera/15.0/nios2eds/bin/gnu/h-x86_64-mingw32/bin/../lib/gcc/nios2-elf/4.9.1/../../../../../H-x86_64-mingw32/nios2-elf/lib/mno-hw-mul\libc.a(lib_a-putchar.o)
                0x000000000204984c                _putchar_r
                0x0000000002049854                putchar
 .text          0x000000000204986c       0xcc c:/altera/15.0/nios2eds/bin/gnu/h-x86_64-mingw32/bin/../lib/gcc/nios2-elf/4.9.1/../../../../../H-x86_64-mingw32/nios2-elf/lib/mno-hw-mul\libc.a(lib_a-puts.o)
                0x000000000204986c                _puts_r
                0x0000000002049924                puts
 .text          0x0000000002049938      0x1c4 c:/altera/15.0/nios2eds/bin/gnu/h-x86_64-mingw32/bin/../lib/gcc/nios2-elf/4.9.1/../../../../../H-x86_64-mingw32/nios2-elf/lib/mno-hw-mul\libc.a(lib_a-refill.o)
                0x0000000002049954                __srefill_r
 .text          0x0000000002049afc       0x54 c:/altera/15.0/nios2eds/bin/gnu/h-x86_64-mingw32/bin/../lib/gcc/nios2-elf/4.9.1/../../../../../H-x86_64-mingw32/nios2-elf/lib/mno-hw-mul\libc.a(lib_a-sbrkr.o)
                0x0000000002049afc                _sbrk_r
 .text          0x0000000002049b50       0xc4 c:/altera/15.0/nios2eds/bin/gnu/h-x86_64-mingw32/bin/../lib/gcc/nios2-elf/4.9.1/../../../../../H-x86_64-mingw32/nios2-elf/lib/mno-hw-mul\libc.a(lib_a-sprintf.o)
                0x0000000002049b50                _sprintf_r
                0x0000000002049ba8                sprintf
 .text          0x0000000002049c14      0x13c c:/altera/15.0/nios2eds/bin/gnu/h-x86_64-mingw32/bin/../lib/gcc/nios2-elf/4.9.1/../../../../../H-x86_64-mingw32/nios2-elf/lib/mno-hw-mul\libc.a(lib_a-stdio.o)
                0x0000000002049c14                __sread
                0x0000000002049c68                __seofread
                0x0000000002049c70                __swrite
                0x0000000002049cec                __sseek
                0x0000000002049d48                __sclose
 .text          0x0000000002049d50       0x70 c:/altera/15.0/nios2eds/bin/gnu/h-x86_64-mingw32/bin/../lib/gcc/nios2-elf/4.9.1/../../../../../H-x86_64-mingw32/nios2-elf/lib/mno-hw-mul\libc.a(lib_a-strcasecmp.o)
                0x0000000002049d50                strcasecmp
 .text          0x0000000002049dc0       0x90 c:/altera/15.0/nios2eds/bin/gnu/h-x86_64-mingw32/bin/../lib/gcc/nios2-elf/4.9.1/../../../../../H-x86_64-mingw32/nios2-elf/lib/mno-hw-mul\libc.a(lib_a-strcpy.o)
                0x0000000002049dc0                strcpy
 .text          0x0000000002049e50       0x98 c:/altera/15.0/nios2eds/bin/gnu/h-x86_64-mingw32/bin/../lib/gcc/nios2-elf/4.9.1/../../../../../H-x86_64-mingw32/nios2-elf/lib/mno-hw-mul\libc.a(lib_a-strlen.o)
                0x0000000002049e50                strlen
 .text          0x0000000002049ee8     0x2070 c:/altera/15.0/nios2eds/bin/gnu/h-x86_64-mingw32/bin/../lib/gcc/nios2-elf/4.9.1/../../../../../H-x86_64-mingw32/nios2-elf/lib/mno-hw-mul\libc.a(lib_a-svfprintf.o)
                0x0000000002049ee8                ___svfprintf_internal_r
 .text          0x000000000204bf58     0x2120 c:/altera/15.0/nios2eds/bin/gnu/h-x86_64-mingw32/bin/../lib/gcc/nios2-elf/4.9.1/../../../../../H-x86_64-mingw32/nios2-elf/lib/mno-hw-mul\libc.a(lib_a-vfprintf.o)
                0x000000000204bf58                ___vfprintf_internal_r
                0x000000000204e054                __vfprintf_internal
 .text          0x000000000204e078      0x130 c:/altera/15.0/nios2eds/bin/gnu/h-x86_64-mingw32/bin/../lib/gcc/nios2-elf/4.9.1/../../../../../H-x86_64-mingw32/nios2-elf/lib/mno-hw-mul\libc.a(lib_a-vsnprintf.o)
                0x000000000204e078                _vsnprintf_r
                0x000000000204e168                vsnprintf
 .text          0x000000000204e1a8       0x5c c:/altera/15.0/nios2eds/bin/gnu/h-x86_64-mingw32/bin/../lib/gcc/nios2-elf/4.9.1/../../../../../H-x86_64-mingw32/nios2-elf/lib/mno-hw-mul\libc.a(lib_a-writer.o)
                0x000000000204e1a8                _write_r
 .text          0x000000000204e204      0x130 c:/altera/15.0/nios2eds/bin/gnu/h-x86_64-mingw32/bin/../lib/gcc/nios2-elf/4.9.1/../../../../../H-x86_64-mingw32/nios2-elf/lib/mno-hw-mul\libc.a(lib_a-wsetup.o)
                0x000000000204e204                __swsetup_r
 .text          0x000000000204e334       0x54 c:/altera/15.0/nios2eds/bin/gnu/h-x86_64-mingw32/bin/../lib/gcc/nios2-elf/4.9.1/../../../../../H-x86_64-mingw32/nios2-elf/lib/mno-hw-mul\libc.a(closer.o)
                0x000000000204e334                _close_r
 .text          0x000000000204e388      0x194 c:/altera/15.0/nios2eds/bin/gnu/h-x86_64-mingw32/bin/../lib/gcc/nios2-elf/4.9.1/../../../../../H-x86_64-mingw32/nios2-elf/lib/mno-hw-mul\libc.a(lib_a-__call_atexit.o)
                0x000000000204e388                __call_exitprocs
 .text          0x000000000204e51c        0x0 c:/altera/15.0/nios2eds/bin/gnu/h-x86_64-mingw32/bin/../lib/gcc/nios2-elf/4.9.1/../../../../../H-x86_64-mingw32/nios2-elf/lib/mno-hw-mul\libc.a(lib_a-ctype_.o)
 .text          0x000000000204e51c     0x1950 c:/altera/15.0/nios2eds/bin/gnu/h-x86_64-mingw32/bin/../lib/gcc/nios2-elf/4.9.1/../../../../../H-x86_64-mingw32/nios2-elf/lib/mno-hw-mul\libc.a(lib_a-dtoa.o)
                0x000000000204e744                _dtoa_r
 .text          0x000000000204fe6c       0x98 c:/altera/15.0/nios2eds/bin/gnu/h-x86_64-mingw32/bin/../lib/gcc/nios2-elf/4.9.1/../../../../../H-x86_64-mingw32/nios2-elf/lib/mno-hw-mul\libc.a(lib_a-flags.o)
                0x000000000204fe6c                __sflags
 .text          0x000000000204ff04      0x4a4 c:/altera/15.0/nios2eds/bin/gnu/h-x86_64-mingw32/bin/../lib/gcc/nios2-elf/4.9.1/../../../../../H-x86_64-mingw32/nios2-elf/lib/mno-hw-mul\libc.a(lib_a-fvwrite.o)
                0x000000000204ff04                __sfvwrite_r
 .text          0x00000000020503a8       0x54 c:/altera/15.0/nios2eds/bin/gnu/h-x86_64-mingw32/bin/../lib/gcc/nios2-elf/4.9.1/../../../../../H-x86_64-mingw32/nios2-elf/lib/mno-hw-mul\libc.a(lib_a-isattyr.o)
                0x00000000020503a8                _isatty_r
 .text          0x00000000020503fc       0xe0 c:/altera/15.0/nios2eds/bin/gnu/h-x86_64-mingw32/bin/../lib/gcc/nios2-elf/4.9.1/../../../../../H-x86_64-mingw32/nios2-elf/lib/mno-hw-mul\libc.a(lib_a-locale.o)
                0x00000000020503fc                _setlocale_r
                0x0000000002050478                __locale_charset
                0x0000000002050484                __locale_mb_cur_max
                0x0000000002050494                __locale_msgcharset
                0x00000000020504a0                __locale_cjk_lang
                0x00000000020504a8                _localeconv_r
                0x00000000020504b4                setlocale
                0x00000000020504d0                localeconv
 .text          0x00000000020504dc       0x5c c:/altera/15.0/nios2eds/bin/gnu/h-x86_64-mingw32/bin/../lib/gcc/nios2-elf/4.9.1/../../../../../H-x86_64-mingw32/nios2-elf/lib/mno-hw-mul\libc.a(lib_a-lseekr.o)
                0x00000000020504dc                _lseek_r
 .text          0x0000000002050538       0xe8 c:/altera/15.0/nios2eds/bin/gnu/h-x86_64-mingw32/bin/../lib/gcc/nios2-elf/4.9.1/../../../../../H-x86_64-mingw32/nios2-elf/lib/mno-hw-mul\libc.a(lib_a-memchr.o)
                0x0000000002050538                memchr
 .text          0x0000000002050620      0x15c c:/altera/15.0/nios2eds/bin/gnu/h-x86_64-mingw32/bin/../lib/gcc/nios2-elf/4.9.1/../../../../../H-x86_64-mingw32/nios2-elf/lib/mno-hw-mul\libc.a(lib_a-memmove.o)
                0x0000000002050620                memmove
 .text          0x000000000205077c     0x1048 c:/altera/15.0/nios2eds/bin/gnu/h-x86_64-mingw32/bin/../lib/gcc/nios2-elf/4.9.1/../../../../../H-x86_64-mingw32/nios2-elf/lib/mno-hw-mul\libc.a(lib_a-mprec.o)
                0x000000000205077c                _Balloc
                0x0000000002050824                _Bfree
                0x000000000205084c                __multadd
                0x0000000002050988                __s2b
                0x0000000002050a8c                __hi0bits
                0x0000000002050af4                __lo0bits
                0x0000000002050ba4                __i2b
                0x0000000002050be0                __multiply
                0x0000000002050e70                __pow5mult
                0x0000000002050fb0                __lshift
                0x00000000020510f8                __mcmp
                0x0000000002051158                __mdiff
                0x00000000020512f0                __ulp
                0x0000000002051350                __b2d
                0x000000000205146c                __d2b
                0x00000000020515a8                __ratio
                0x000000000205164c                _mprec_log10
                0x00000000020516c0                __copybits
                0x0000000002051738                __any_on
 .text          0x00000000020517c4      0x168 c:/altera/15.0/nios2eds/bin/gnu/h-x86_64-mingw32/bin/../lib/gcc/nios2-elf/4.9.1/../../../../../H-x86_64-mingw32/nios2-elf/lib/mno-hw-mul\libc.a(lib_a-putc.o)
                0x00000000020517c4                _putc_r
                0x0000000002051864                putc
 .text          0x000000000205192c       0x5c c:/altera/15.0/nios2eds/bin/gnu/h-x86_64-mingw32/bin/../lib/gcc/nios2-elf/4.9.1/../../../../../H-x86_64-mingw32/nios2-elf/lib/mno-hw-mul\libc.a(lib_a-readr.o)
                0x000000000205192c                _read_r
 .text          0x0000000002051988      0x5a0 c:/altera/15.0/nios2eds/bin/gnu/h-x86_64-mingw32/bin/../lib/gcc/nios2-elf/4.9.1/../../../../../H-x86_64-mingw32/nios2-elf/lib/mno-hw-mul\libc.a(lib_a-reallocr.o)
                0x0000000002051988                _realloc_r
 .text          0x0000000002051f28       0x74 c:/altera/15.0/nios2eds/bin/gnu/h-x86_64-mingw32/bin/../lib/gcc/nios2-elf/4.9.1/../../../../../H-x86_64-mingw32/nios2-elf/lib/mno-hw-mul\libc.a(lib_a-s_fpclassify.o)
                0x0000000002051f28                __fpclassifyd
 .text          0x0000000002051f9c       0xa4 c:/altera/15.0/nios2eds/bin/gnu/h-x86_64-mingw32/bin/../lib/gcc/nios2-elf/4.9.1/../../../../../H-x86_64-mingw32/nios2-elf/lib/mno-hw-mul\libc.a(lib_a-strcmp.o)
                0x0000000002051f9c                strcmp
 .text          0x0000000002052040     0x1398 c:/altera/15.0/nios2eds/bin/gnu/h-x86_64-mingw32/bin/../lib/gcc/nios2-elf/4.9.1/../../../../../H-x86_64-mingw32/nios2-elf/lib/mno-hw-mul\libc.a(lib_a-svfiprintf.o)
                0x0000000002052040                __ssprint_r
                0x0000000002052208                ___svfiprintf_internal_r
 .text          0x00000000020533d8     0x155c c:/altera/15.0/nios2eds/bin/gnu/h-x86_64-mingw32/bin/../lib/gcc/nios2-elf/4.9.1/../../../../../H-x86_64-mingw32/nios2-elf/lib/mno-hw-mul\libc.a(lib_a-vfiprintf.o)
                0x00000000020534d4                __sprint_r
                0x00000000020534ec                ___vfiprintf_internal_r
                0x0000000002054910                __vfiprintf_internal
 .text          0x0000000002054934      0x170 c:/altera/15.0/nios2eds/bin/gnu/h-x86_64-mingw32/bin/../lib/gcc/nios2-elf/4.9.1/../../../../../H-x86_64-mingw32/nios2-elf/lib/mno-hw-mul\libc.a(lib_a-wbuf.o)
                0x0000000002054934                __swbuf_r
                0x0000000002054a88                __swbuf
 .text          0x0000000002054aa4       0xd8 c:/altera/15.0/nios2eds/bin/gnu/h-x86_64-mingw32/bin/../lib/gcc/nios2-elf/4.9.1/../../../../../H-x86_64-mingw32/nios2-elf/lib/mno-hw-mul\libc.a(lib_a-callocr.o)
                0x0000000002054aa4                _calloc_r
 .text          0x0000000002054b7c      0x1dc c:/altera/15.0/nios2eds/bin/gnu/h-x86_64-mingw32/bin/../lib/gcc/nios2-elf/4.9.1/../../../../../H-x86_64-mingw32/nios2-elf/lib/mno-hw-mul\libc.a(lib_a-fputwc.o)
                0x0000000002054b7c                _fputwc_r
                0x0000000002054d00                fputwc
 .text          0x0000000002054d58      0x174 c:/altera/15.0/nios2eds/bin/gnu/h-x86_64-mingw32/bin/../lib/gcc/nios2-elf/4.9.1/../../../../../H-x86_64-mingw32/nios2-elf/lib/mno-hw-mul\libc.a(lib_a-wcrtomb.o)
                0x0000000002054d58                _wcrtomb_r
                0x0000000002054df4                wcrtomb
 .text          0x0000000002054ecc       0x8c c:/altera/15.0/nios2eds/bin/gnu/h-x86_64-mingw32/bin/../lib/gcc/nios2-elf/4.9.1/../../../../../H-x86_64-mingw32/nios2-elf/lib/mno-hw-mul\libc.a(lib_a-wctomb_r.o)
                0x0000000002054ecc                __ascii_wctomb
                0x0000000002054efc                _wctomb_r
 .text          0x0000000002054f58      0x640 c:/altera/15.0/nios2eds/bin/gnu/h-x86_64-mingw32/bin/../lib/gcc/nios2-elf/4.9.1/mno-hw-mul\libgcc.a(_udivdi3.o)
                0x0000000002054f58                __udivdi3
 .text          0x0000000002055598      0x61c c:/altera/15.0/nios2eds/bin/gnu/h-x86_64-mingw32/bin/../lib/gcc/nios2-elf/4.9.1/mno-hw-mul\libgcc.a(_umoddi3.o)
                0x0000000002055598                __umoddi3
 .text          0x0000000002055bb4      0x89c c:/altera/15.0/nios2eds/bin/gnu/h-x86_64-mingw32/bin/../lib/gcc/nios2-elf/4.9.1/mno-hw-mul\libgcc.a(adddf3.o)
                0x0000000002055bb4                __adddf3
 .text          0x0000000002056450       0x84 c:/altera/15.0/nios2eds/bin/gnu/h-x86_64-mingw32/bin/../lib/gcc/nios2-elf/4.9.1/mno-hw-mul\libgcc.a(eqdf2.o)
                0x0000000002056450                __nedf2
                0x0000000002056450                __eqdf2
 .text          0x00000000020564d4       0xe0 c:/altera/15.0/nios2eds/bin/gnu/h-x86_64-mingw32/bin/../lib/gcc/nios2-elf/4.9.1/mno-hw-mul\libgcc.a(gedf2.o)
                0x00000000020564d4                __gedf2
                0x00000000020564d4                __gtdf2
 .text          0x00000000020565b4       0xe0 c:/altera/15.0/nios2eds/bin/gnu/h-x86_64-mingw32/bin/../lib/gcc/nios2-elf/4.9.1/mno-hw-mul\libgcc.a(ledf2.o)
                0x00000000020565b4                __ledf2
                0x00000000020565b4                __ltdf2
 .text          0x0000000002056694      0x86c c:/altera/15.0/nios2eds/bin/gnu/h-x86_64-mingw32/bin/../lib/gcc/nios2-elf/4.9.1/mno-hw-mul\libgcc.a(muldf3.o)
                0x0000000002056694                __muldf3
 .text          0x0000000002056f00      0x8d0 c:/altera/15.0/nios2eds/bin/gnu/h-x86_64-mingw32/bin/../lib/gcc/nios2-elf/4.9.1/mno-hw-mul\libgcc.a(subdf3.o)
                0x0000000002056f00                __subdf3
 .text          0x00000000020577d0       0x88 c:/altera/15.0/nios2eds/bin/gnu/h-x86_64-mingw32/bin/../lib/gcc/nios2-elf/4.9.1/mno-hw-mul\libgcc.a(fixdfsi.o)
                0x00000000020577d0                __fixdfsi
 .text          0x0000000002057858       0xd0 c:/altera/15.0/nios2eds/bin/gnu/h-x86_64-mingw32/bin/../lib/gcc/nios2-elf/4.9.1/mno-hw-mul\libgcc.a(floatsidf.o)
                0x0000000002057858                __floatsidf
 .text          0x0000000002057928       0xa4 c:/altera/15.0/nios2eds/bin/gnu/h-x86_64-mingw32/bin/../lib/gcc/nios2-elf/4.9.1/mno-hw-mul\libgcc.a(floatunsidf.o)
                0x0000000002057928                __floatunsidf
 .text          0x00000000020579cc      0x128 ../DE2_115_SD_CARD_bsp/\libhal_bsp.a(alt_close.o)
                0x0000000002057a1c                close
 .text          0x0000000002057af4       0x2c ../DE2_115_SD_CARD_bsp/\libhal_bsp.a(alt_dev.o)
 .text          0x0000000002057b20        0x0 ../DE2_115_SD_CARD_bsp/\libhal_bsp.a(alt_errno.o)
 .text          0x0000000002057b20       0x34 ../DE2_115_SD_CARD_bsp/\libhal_bsp.a(alt_exit.o)
                0x0000000002057b20                _exit
 .text          0x0000000002057b54      0x108 ../DE2_115_SD_CARD_bsp/\libhal_bsp.a(alt_fstat.o)
                0x0000000002057ba4                fstat
 .text          0x0000000002057c5c       0xfc ../DE2_115_SD_CARD_bsp/\libhal_bsp.a(alt_isatty.o)
                0x0000000002057cac                isatty
 .text          0x0000000002057d58       0xe4 ../DE2_115_SD_CARD_bsp/\libhal_bsp.a(alt_load.o)
                0x0000000002057dbc                alt_load
 .text          0x0000000002057e3c      0x12c ../DE2_115_SD_CARD_bsp/\libhal_bsp.a(alt_lseek.o)
                0x0000000002057e8c                lseek
 .text          0x0000000002057f68       0x78 ../DE2_115_SD_CARD_bsp/\libhal_bsp.a(alt_main.o)
                0x0000000002057f68                alt_main
 .text          0x0000000002057fe0       0x40 ../DE2_115_SD_CARD_bsp/\libhal_bsp.a(alt_malloc_lock.o)
                0x0000000002057fe0                __malloc_lock
                0x0000000002058000                __malloc_unlock
 .text          0x0000000002058020      0x2a4 ../DE2_115_SD_CARD_bsp/\libhal_bsp.a(alt_open.o)
                0x0000000002058164                open
 .text          0x00000000020582c4      0x154 ../DE2_115_SD_CARD_bsp/\libhal_bsp.a(alt_read.o)
                0x0000000002058314                read
 .text          0x0000000002058418       0x80 ../DE2_115_SD_CARD_bsp/\libhal_bsp.a(alt_release_fd.o)
                0x0000000002058418                alt_release_fd
 .text          0x0000000002058498       0xb0 ../DE2_115_SD_CARD_bsp/\libhal_bsp.a(alt_sbrk.o)
                0x0000000002058498                sbrk
 .text          0x0000000002058548      0x19c ../DE2_115_SD_CARD_bsp/\libhal_bsp.a(alt_tick.o)
                0x0000000002058548                alt_alarm_stop
                0x00000000020585e0                alt_tick
 .text          0x00000000020586e4       0x30 ../DE2_115_SD_CARD_bsp/\libhal_bsp.a(alt_usleep.o)
                0x00000000020586e4                usleep
 .text          0x0000000002058714      0x150 ../DE2_115_SD_CARD_bsp/\libhal_bsp.a(alt_write.o)
                0x0000000002058764                write
 .text          0x0000000002058864      0x108 ../DE2_115_SD_CARD_bsp/\libhal_bsp.a(alt_sys_init.o)
                0x000000000205889c                alt_irq_init
                0x00000000020588d0                alt_sys_init
 .text          0x000000000205896c      0x88c ../DE2_115_SD_CARD_bsp/\libhal_bsp.a(altera_avalon_cfi_flash.o)
                0x00000000020589a4                alt_flash_cfi_init
                0x0000000002058a34                alt_flash_cfi_write
                0x0000000002058cdc                alt_flash_cfi_get_info
                0x0000000002058d68                alt_flash_cfi_read
                0x0000000002058dcc                alt_write_value_to_flash
                0x0000000002058f24                alt_flash_program_block
 .text          0x00000000020591f8     0x1468 ../DE2_115_SD_CARD_bsp/\libhal_bsp.a(altera_avalon_cfi_flash_table.o)
                0x00000000020591f8                alt_read_query_entry_8bit
                0x0000000002059234                alt_read_query_entry_16bit
                0x0000000002059274                alt_read_query_entry_32bit
                0x00000000020592b4                alt_write_flash_command_8bit_device_8bit_mode
                0x00000000020592f8                alt_write_flash_command_16bit_device_8bit_mode
                0x0000000002059370                alt_write_flash_command_32bit_device_8bit_mode
                0x00000000020593c0                alt_write_flash_command_16bit_device_16bit_mode
                0x000000000205940c                alt_write_flash_command_32bit_device_16bit_mode
                0x000000000205945c                alt_write_flash_command_32bit_device_32bit_mode
                0x00000000020594ac                alt_write_native_8bit
                0x00000000020594e4                alt_write_native_16bit
                0x000000000205951c                alt_write_native_32bit
                0x0000000002059550                alt_set_flash_width_func
                0x000000000205970c                alt_set_flash_algorithm_func
                0x0000000002059828                alt_read_cfi_table
                0x0000000002059e04                alt_read_cfi_width
                0x000000000205a588                alt_check_primary_table
 .text          0x000000000205a660      0x164 ../DE2_115_SD_CARD_bsp/\libhal_bsp.a(altera_avalon_jtag_uart_fd.o)
                0x000000000205a660                altera_avalon_jtag_uart_read_fd
                0x000000000205a6c0                altera_avalon_jtag_uart_write_fd
                0x000000000205a720                altera_avalon_jtag_uart_close_fd
                0x000000000205a770                altera_avalon_jtag_uart_ioctl_fd
 .text          0x000000000205a7c4      0x3d8 ../DE2_115_SD_CARD_bsp/\libhal_bsp.a(altera_avalon_jtag_uart_init.o)
                0x000000000205a7c4                altera_avalon_jtag_uart_init
                0x000000000205ab34                altera_avalon_jtag_uart_close
 .text          0x000000000205ab9c       0xec ../DE2_115_SD_CARD_bsp/\libhal_bsp.a(altera_avalon_jtag_uart_ioctl.o)
                0x000000000205ab9c                altera_avalon_jtag_uart_ioctl
 .text          0x000000000205ac88      0x20c ../DE2_115_SD_CARD_bsp/\libhal_bsp.a(altera_avalon_jtag_uart_read.o)
                0x000000000205ac88                altera_avalon_jtag_uart_read
 .text          0x000000000205ae94      0x218 ../DE2_115_SD_CARD_bsp/\libhal_bsp.a(altera_avalon_jtag_uart_write.o)
                0x000000000205ae94                altera_avalon_jtag_uart_write
 .text          0x000000000205b0ac      0xf40 ../DE2_115_SD_CARD_bsp/\libhal_bsp.a(altera_avalon_lcd_16207.o)
                0x000000000205b8d8                altera_avalon_lcd_16207_write
                0x000000000205beb4                altera_avalon_lcd_16207_init
 .text          0x000000000205bfec       0x60 ../DE2_115_SD_CARD_bsp/\libhal_bsp.a(altera_avalon_lcd_16207_fd.o)
                0x000000000205bfec                altera_avalon_lcd_16207_write_fd
 .text          0x000000000205c04c       0xfc ../DE2_115_SD_CARD_bsp/\libhal_bsp.a(altera_avalon_timer_sc.o)
                0x000000000205c0c0                alt_avalon_timer_sc_init
 .text          0x000000000205c148      0x110 ../DE2_115_SD_CARD_bsp/\libhal_bsp.a(altera_avalon_uart_fd.o)
                0x000000000205c148                altera_avalon_uart_read_fd
                0x000000000205c1a8                altera_avalon_uart_write_fd
                0x000000000205c208                altera_avalon_uart_close_fd
 .text          0x000000000205c258      0x3b8 ../DE2_115_SD_CARD_bsp/\libhal_bsp.a(altera_avalon_uart_init.o)
                0x000000000205c258                altera_avalon_uart_init
                0x000000000205c5bc                altera_avalon_uart_close
 .text          0x000000000205c610      0x22c ../DE2_115_SD_CARD_bsp/\libhal_bsp.a(altera_avalon_uart_read.o)
                0x000000000205c660                altera_avalon_uart_read
 .text          0x000000000205c83c      0x1fc ../DE2_115_SD_CARD_bsp/\libhal_bsp.a(altera_avalon_uart_write.o)
                0x000000000205c88c                altera_avalon_uart_write
 .text          0x000000000205ca38      0x140 ../DE2_115_SD_CARD_bsp/\libhal_bsp.a(alt_alarm_start.o)
                0x000000000205ca38                alt_alarm_start
 .text          0x000000000205cb78      0x158 ../DE2_115_SD_CARD_bsp/\libhal_bsp.a(alt_busy_sleep.o)
                0x000000000205cb78                alt_busy_sleep
 .text          0x000000000205ccd0       0x24 ../DE2_115_SD_CARD_bsp/\libhal_bsp.a(alt_dcache_flush.o)
                0x000000000205ccd0                alt_dcache_flush
 .text          0x000000000205ccf4       0x1c ../DE2_115_SD_CARD_bsp/\libhal_bsp.a(alt_dcache_flush_all.o)
                0x000000000205ccf4                alt_dcache_flush_all
 .text          0x000000000205cd10       0xf4 ../DE2_115_SD_CARD_bsp/\libhal_bsp.a(alt_dev_llist_insert.o)
                0x000000000205cd60                alt_dev_llist_insert
 .text          0x000000000205ce04       0x5c ../DE2_115_SD_CARD_bsp/\libhal_bsp.a(alt_do_ctors.o)
                0x000000000205ce04                _do_ctors
 .text          0x000000000205ce60       0x5c ../DE2_115_SD_CARD_bsp/\libhal_bsp.a(alt_do_dtors.o)
                0x000000000205ce60                _do_dtors
 .text          0x000000000205cebc       0x90 ../DE2_115_SD_CARD_bsp/\libhal_bsp.a(alt_find_dev.o)
                0x000000000205cebc                alt_find_dev
 .text          0x000000000205cf4c      0x114 ../DE2_115_SD_CARD_bsp/\libhal_bsp.a(alt_find_file.o)
                0x000000000205cf4c                alt_find_file
 .text          0x000000000205d060       0xb8 ../DE2_115_SD_CARD_bsp/\libhal_bsp.a(alt_flash_dev.o)
                0x000000000205d060                alt_flash_open_dev
                0x000000000205d0c8                alt_flash_close_dev
 .text          0x000000000205d118       0xd4 ../DE2_115_SD_CARD_bsp/\libhal_bsp.a(alt_get_fd.o)
                0x000000000205d118                alt_get_fd
 .text          0x000000000205d1ec       0x1c ../DE2_115_SD_CARD_bsp/\libhal_bsp.a(alt_icache_flush_all.o)
                0x000000000205d1ec                alt_icache_flush_all
 .text          0x000000000205d208      0x1e0 ../DE2_115_SD_CARD_bsp/\libhal_bsp.a(alt_iic.o)
                0x000000000205d208                alt_ic_isr_register
                0x000000000205d258                alt_ic_irq_enable
                0x000000000205d2f8                alt_ic_irq_disable
                0x000000000205d39c                alt_ic_irq_enabled
 .text          0x000000000205d3e8       0xf0 ../DE2_115_SD_CARD_bsp/\libhal_bsp.a(alt_iic_isr_register.o)
                0x000000000205d3e8                alt_iic_isr_register
 .text          0x000000000205d4d8      0x158 ../DE2_115_SD_CARD_bsp/\libhal_bsp.a(alt_io_redirect.o)
                0x000000000205d5b8                alt_io_redirect
 .text          0x000000000205d630        0x0 ../DE2_115_SD_CARD_bsp/\libhal_bsp.a(alt_irq_entry.o)
 .text          0x000000000205d630        0x0 ../DE2_115_SD_CARD_bsp/\libhal_bsp.a(alt_irq_handler.o)
 .text          0x000000000205d630        0x0 ../DE2_115_SD_CARD_bsp/\libhal_bsp.a(alt_irq_vars.o)
 .text          0x000000000205d630       0x20 ../DE2_115_SD_CARD_bsp/\libhal_bsp.a(altera_nios2_qsys_irq.o)
                0x000000000205d630                altera_nios2_qsys_irq_init
 .text          0x000000000205d650      0x468 ../DE2_115_SD_CARD_bsp/\libhal_bsp.a(altera_avalon_cfi_flash_amd.o)
                0x000000000205d650                alt_program_amd
                0x000000000205d6b8                alt_erase_block_amd
 .text          0x000000000205dab8      0x45c ../DE2_115_SD_CARD_bsp/\libhal_bsp.a(altera_avalon_cfi_flash_intel.o)
                0x000000000205dab8                alt_program_intel
                0x000000000205db38                alt_erase_block_intel
 .text          0x000000000205df14        0x0 ../DE2_115_SD_CARD_bsp/\libhal_bsp.a(alt_exception_entry.o)
 .text          0x000000000205df14       0x14 c:/altera/15.0/nios2eds/bin/gnu/h-x86_64-mingw32/bin/../lib/gcc/nios2-elf/4.9.1/../../../../../H-x86_64-mingw32/nios2-elf/lib/mno-hw-mul\libc.a(lib_a-atexit.o)
                0x000000000205df14                atexit
 .text          0x000000000205df28       0x7c c:/altera/15.0/nios2eds/bin/gnu/h-x86_64-mingw32/bin/../lib/gcc/nios2-elf/4.9.1/../../../../../H-x86_64-mingw32/nios2-elf/lib/mno-hw-mul\libc.a(lib_a-memcmp.o)
                0x000000000205df28                memcmp
 .text          0x000000000205dfa4      0x114 c:/altera/15.0/nios2eds/bin/gnu/h-x86_64-mingw32/bin/../lib/gcc/nios2-elf/4.9.1/../../../../../H-x86_64-mingw32/nios2-elf/lib/mno-hw-mul\libc.a(lib_a-__atexit.o)
                0x000000000205dfa4                __register_exitproc
 *(.gnu.warning.*)
 *(.fini)
                0x000000000205e0b8                PROVIDE (__etext, ABSOLUTE (.))
                0x000000000205e0b8                PROVIDE (_etext, ABSOLUTE (.))
                0x000000000205e0b8                PROVIDE (etext, ABSOLUTE (.))
 *(.eh_frame_hdr)
                0x000000000205e0b8                . = ALIGN (0x4)
                0x000000000205e0b8                PROVIDE (__preinit_array_start, ABSOLUTE (.))
 *(.preinit_array)
                0x000000000205e0b8                PROVIDE (__preinit_array_end, ABSOLUTE (.))
                0x000000000205e0b8                PROVIDE (__init_array_start, ABSOLUTE (.))
 *(.init_array)
                0x000000000205e0b8                PROVIDE (__init_array_end, ABSOLUTE (.))
                0x000000000205e0b8                PROVIDE (__fini_array_start, ABSOLUTE (.))
 *(.fini_array)
                0x000000000205e0b8                PROVIDE (__fini_array_end, ABSOLUTE (.))
 *(.eh_frame)
 *(.gcc_except_table .gcc_except_table.*)
 *(.dynamic)
                0x000000000205e0b8                PROVIDE (__CTOR_LIST__, ABSOLUTE (.))
 *(.ctors)
 *(SORT(.ctors.*))
                0x000000000205e0b8                PROVIDE (__CTOR_END__, ABSOLUTE (.))
                0x000000000205e0b8                PROVIDE (__DTOR_LIST__, ABSOLUTE (.))
 *(.dtors)
 *(SORT(.dtors.*))
                0x000000000205e0b8                PROVIDE (__DTOR_END__, ABSOLUTE (.))
 *(.jcr)
                0x000000000205e0b8                . = ALIGN (0x4)

.rodata         0x000000000205e0b8      0xe24
                0x000000000205e0b8                PROVIDE (__ram_rodata_start, ABSOLUTE (.))
                0x000000000205e0b8                . = ALIGN (0x4)
 *(.rodata .rodata.* .gnu.linkonce.r.*)
 .rodata        0x000000000205e0b8      0x4e8 obj/default/main.o
                0x000000000205e0bf                memoryTypes
 .rodata        0x000000000205e5a0       0x20 obj/default/terasic_fat/FatInternal.o
 .rodata        0x000000000205e5c0       0x10 obj/default/terasic_lib/debug.o
 .rodata        0x000000000205e5d0      0x200 obj/default/terasic_sdcard/crc16.o
 .rodata        0x000000000205e7d0      0x100 obj/default/terasic_sdcard/crc7.o
 .rodata        0x000000000205e8d0       0x2c obj/default/terasic_sdcard/sd_lib.o
 .rodata        0x000000000205e8fc      0x100 c:/altera/15.0/nios2eds/bin/gnu/h-x86_64-mingw32/bin/../lib/gcc/nios2-elf/4.9.1/mno-hw-mul\libgcc.a(_clz.o)
                0x000000000205e8fc                __clz_tab
 .rodata.str1.4
                0x000000000205e9fc        0x2 c:/altera/15.0/nios2eds/bin/gnu/h-x86_64-mingw32/bin/../lib/gcc/nios2-elf/4.9.1/../../../../../H-x86_64-mingw32/nios2-elf/lib/mno-hw-mul\libc.a(lib_a-impure.o)
                                          0x4 (size before relaxing)
 *fill*         0x000000000205e9fe        0x2 
 .rodata.str1.4
                0x000000000205ea00        0x2 c:/altera/15.0/nios2eds/bin/gnu/h-x86_64-mingw32/bin/../lib/gcc/nios2-elf/4.9.1/../../../../../H-x86_64-mingw32/nios2-elf/lib/mno-hw-mul\libc.a(lib_a-puts.o)
                                          0x4 (size before relaxing)
 *fill*         0x000000000205ea02        0x2 
 .rodata.str1.4
                0x000000000205ea04       0x42 c:/altera/15.0/nios2eds/bin/gnu/h-x86_64-mingw32/bin/../lib/gcc/nios2-elf/4.9.1/../../../../../H-x86_64-mingw32/nios2-elf/lib/mno-hw-mul\libc.a(lib_a-svfprintf.o)
                                         0x44 (size before relaxing)
 .rodata        0x000000000205ea46       0x20 c:/altera/15.0/nios2eds/bin/gnu/h-x86_64-mingw32/bin/../lib/gcc/nios2-elf/4.9.1/../../../../../H-x86_64-mingw32/nios2-elf/lib/mno-hw-mul\libc.a(lib_a-svfprintf.o)
 .rodata.str1.4
                0x0000000000000000       0x44 c:/altera/15.0/nios2eds/bin/gnu/h-x86_64-mingw32/bin/../lib/gcc/nios2-elf/4.9.1/../../../../../H-x86_64-mingw32/nios2-elf/lib/mno-hw-mul\libc.a(lib_a-vfprintf.o)
 .rodata        0x000000000205ea66       0x20 c:/altera/15.0/nios2eds/bin/gnu/h-x86_64-mingw32/bin/../lib/gcc/nios2-elf/4.9.1/../../../../../H-x86_64-mingw32/nios2-elf/lib/mno-hw-mul\libc.a(lib_a-vfprintf.o)
 .rodata        0x000000000205ea86      0x281 c:/altera/15.0/nios2eds/bin/gnu/h-x86_64-mingw32/bin/../lib/gcc/nios2-elf/4.9.1/../../../../../H-x86_64-mingw32/nios2-elf/lib/mno-hw-mul\libc.a(lib_a-ctype_.o)
                0x000000000205ea86                _ctype_
 *fill*         0x000000000205ed07        0x1 
 .rodata.str1.4
                0x000000000205ed08       0x10 c:/altera/15.0/nios2eds/bin/gnu/h-x86_64-mingw32/bin/../lib/gcc/nios2-elf/4.9.1/../../../../../H-x86_64-mingw32/nios2-elf/lib/mno-hw-mul\libc.a(lib_a-dtoa.o)
                                         0x14 (size before relaxing)
 .rodata.str1.4
                0x000000000205ed18        0xc c:/altera/15.0/nios2eds/bin/gnu/h-x86_64-mingw32/bin/../lib/gcc/nios2-elf/4.9.1/../../../../../H-x86_64-mingw32/nios2-elf/lib/mno-hw-mul\libc.a(lib_a-locale.o)
                                         0x14 (size before relaxing)
 .rodata        0x000000000205ed24      0x124 c:/altera/15.0/nios2eds/bin/gnu/h-x86_64-mingw32/bin/../lib/gcc/nios2-elf/4.9.1/../../../../../H-x86_64-mingw32/nios2-elf/lib/mno-hw-mul\libc.a(lib_a-mprec.o)
                0x000000000205ed30                __mprec_tinytens
                0x000000000205ed58                __mprec_bigtens
                0x000000000205ed80                __mprec_tens
 .rodata.str1.4
                0x0000000000000000       0x30 c:/altera/15.0/nios2eds/bin/gnu/h-x86_64-mingw32/bin/../lib/gcc/nios2-elf/4.9.1/../../../../../H-x86_64-mingw32/nios2-elf/lib/mno-hw-mul\libc.a(lib_a-svfiprintf.o)
 .rodata        0x000000000205ee48       0x20 c:/altera/15.0/nios2eds/bin/gnu/h-x86_64-mingw32/bin/../lib/gcc/nios2-elf/4.9.1/../../../../../H-x86_64-mingw32/nios2-elf/lib/mno-hw-mul\libc.a(lib_a-svfiprintf.o)
 .rodata.str1.4
                0x0000000000000000       0x30 c:/altera/15.0/nios2eds/bin/gnu/h-x86_64-mingw32/bin/../lib/gcc/nios2-elf/4.9.1/../../../../../H-x86_64-mingw32/nios2-elf/lib/mno-hw-mul\libc.a(lib_a-vfiprintf.o)
 .rodata        0x000000000205ee68       0x20 c:/altera/15.0/nios2eds/bin/gnu/h-x86_64-mingw32/bin/../lib/gcc/nios2-elf/4.9.1/../../../../../H-x86_64-mingw32/nios2-elf/lib/mno-hw-mul\libc.a(lib_a-vfiprintf.o)
 .rodata        0x000000000205ee88        0xc ../DE2_115_SD_CARD_bsp/\libhal_bsp.a(alt_dev.o)
 .rodata        0x000000000205ee94       0x10 ../DE2_115_SD_CARD_bsp/\libhal_bsp.a(alt_main.o)
 .rodata        0x000000000205eea4       0x38 ../DE2_115_SD_CARD_bsp/\libhal_bsp.a(alt_sys_init.o)
 *(.rodata1)
                0x000000000205eedc                . = ALIGN (0x4)
                0x000000000205eedc                PROVIDE (__ram_rodata_end, ABSOLUTE (.))
                0x000000000205e0b8                PROVIDE (__flash_rodata_start, LOADADDR (.rodata))

.rwdata         0x000000000205eedc     0x1dc4 load address 0x0000000002060ca0
                0x000000000205eedc                PROVIDE (__ram_rwdata_start, ABSOLUTE (.))
                0x000000000205eedc                . = ALIGN (0x4)
 *(.got.plt)
 *(.got)
 *(.data1)
 *(.data .data.* .gnu.linkonce.d.*)
 .data          0x000000000205eedc        0x0 ../DE2_115_SD_CARD_bsp//obj/HAL/src/crt0.o
 .data          0x000000000205eedc        0x0 obj/default/main.o
 .data          0x000000000205eedc        0x0 obj/default/terasic_fat/FatFileSystem.o
 .data          0x000000000205eedc        0x0 obj/default/terasic_fat/FatInternal.o
 .data          0x000000000205eedc        0x0 obj/default/terasic_lib/debug.o
 .data          0x000000000205eedc        0x0 obj/default/terasic_sdcard/crc16.o
 .data          0x000000000205eedc        0x0 obj/default/terasic_sdcard/crc7.o
 .data          0x000000000205eedc        0x0 obj/default/terasic_sdcard/sd_hal.o
 .data          0x000000000205eedc        0x0 obj/default/terasic_sdcard/sd_lib.o
 .data          0x000000000205eedc        0x0 obj/default/terasic_sdcard/sd_protocol.o
 .data          0x000000000205eedc        0x0 c:/altera/15.0/nios2eds/bin/gnu/h-x86_64-mingw32/bin/../lib/gcc/nios2-elf/4.9.1/mno-hw-mul\libgcc.a(_muldi3.o)
 .data          0x000000000205eedc        0x0 c:/altera/15.0/nios2eds/bin/gnu/h-x86_64-mingw32/bin/../lib/gcc/nios2-elf/4.9.1/mno-hw-mul\libgcc.a(lib2-divmod.o)
 .data          0x000000000205eedc        0x0 c:/altera/15.0/nios2eds/bin/gnu/h-x86_64-mingw32/bin/../lib/gcc/nios2-elf/4.9.1/mno-hw-mul\libgcc.a(lib2-mul.o)
 .data          0x000000000205eedc        0x0 c:/altera/15.0/nios2eds/bin/gnu/h-x86_64-mingw32/bin/../lib/gcc/nios2-elf/4.9.1/mno-hw-mul\libgcc.a(divsf3.o)
 .data          0x000000000205eedc        0x0 c:/altera/15.0/nios2eds/bin/gnu/h-x86_64-mingw32/bin/../lib/gcc/nios2-elf/4.9.1/mno-hw-mul\libgcc.a(mulsf3.o)
 .data          0x000000000205eedc        0x0 c:/altera/15.0/nios2eds/bin/gnu/h-x86_64-mingw32/bin/../lib/gcc/nios2-elf/4.9.1/mno-hw-mul\libgcc.a(floatunsisf.o)
 .data          0x000000000205eedc        0x0 c:/altera/15.0/nios2eds/bin/gnu/h-x86_64-mingw32/bin/../lib/gcc/nios2-elf/4.9.1/mno-hw-mul\libgcc.a(divdf3.o)
 .data          0x000000000205eedc        0x0 c:/altera/15.0/nios2eds/bin/gnu/h-x86_64-mingw32/bin/../lib/gcc/nios2-elf/4.9.1/mno-hw-mul\libgcc.a(extendsfdf2.o)
 .data          0x000000000205eedc        0x0 c:/altera/15.0/nios2eds/bin/gnu/h-x86_64-mingw32/bin/../lib/gcc/nios2-elf/4.9.1/mno-hw-mul\libgcc.a(truncdfsf2.o)
 .data          0x000000000205eedc        0x0 c:/altera/15.0/nios2eds/bin/gnu/h-x86_64-mingw32/bin/../lib/gcc/nios2-elf/4.9.1/mno-hw-mul\libgcc.a(_clzsi2.o)
 .data          0x000000000205eedc        0x0 c:/altera/15.0/nios2eds/bin/gnu/h-x86_64-mingw32/bin/../lib/gcc/nios2-elf/4.9.1/mno-hw-mul\libgcc.a(_clz.o)
 .data          0x000000000205eedc        0x0 c:/altera/15.0/nios2eds/bin/gnu/h-x86_64-mingw32/bin/../lib/gcc/nios2-elf/4.9.1/../../../../../H-x86_64-mingw32/nios2-elf/lib/mno-hw-mul\libc.a(lib_a-exit.o)
 .data          0x000000000205eedc        0x0 c:/altera/15.0/nios2eds/bin/gnu/h-x86_64-mingw32/bin/../lib/gcc/nios2-elf/4.9.1/../../../../../H-x86_64-mingw32/nios2-elf/lib/mno-hw-mul\libc.a(lib_a-fclose.o)
 .data          0x000000000205eedc        0x0 c:/altera/15.0/nios2eds/bin/gnu/h-x86_64-mingw32/bin/../lib/gcc/nios2-elf/4.9.1/../../../../../H-x86_64-mingw32/nios2-elf/lib/mno-hw-mul\libc.a(lib_a-fflush.o)
 .data          0x000000000205eedc        0x0 c:/altera/15.0/nios2eds/bin/gnu/h-x86_64-mingw32/bin/../lib/gcc/nios2-elf/4.9.1/../../../../../H-x86_64-mingw32/nios2-elf/lib/mno-hw-mul\libc.a(lib_a-findfp.o)
 .data          0x000000000205eedc        0x0 c:/altera/15.0/nios2eds/bin/gnu/h-x86_64-mingw32/bin/../lib/gcc/nios2-elf/4.9.1/../../../../../H-x86_64-mingw32/nios2-elf/lib/mno-hw-mul\libc.a(lib_a-fopen.o)
 .data          0x000000000205eedc        0x0 c:/altera/15.0/nios2eds/bin/gnu/h-x86_64-mingw32/bin/../lib/gcc/nios2-elf/4.9.1/../../../../../H-x86_64-mingw32/nios2-elf/lib/mno-hw-mul\libc.a(lib_a-freer.o)
 .data          0x000000000205eedc        0x0 c:/altera/15.0/nios2eds/bin/gnu/h-x86_64-mingw32/bin/../lib/gcc/nios2-elf/4.9.1/../../../../../H-x86_64-mingw32/nios2-elf/lib/mno-hw-mul\libc.a(lib_a-fseek.o)
 .data          0x000000000205eedc        0x0 c:/altera/15.0/nios2eds/bin/gnu/h-x86_64-mingw32/bin/../lib/gcc/nios2-elf/4.9.1/../../../../../H-x86_64-mingw32/nios2-elf/lib/mno-hw-mul\libc.a(lib_a-fstatr.o)
 .data          0x000000000205eedc        0x0 c:/altera/15.0/nios2eds/bin/gnu/h-x86_64-mingw32/bin/../lib/gcc/nios2-elf/4.9.1/../../../../../H-x86_64-mingw32/nios2-elf/lib/mno-hw-mul\libc.a(lib_a-fwalk.o)
 .data          0x000000000205eedc        0x0 c:/altera/15.0/nios2eds/bin/gnu/h-x86_64-mingw32/bin/../lib/gcc/nios2-elf/4.9.1/../../../../../H-x86_64-mingw32/nios2-elf/lib/mno-hw-mul\libc.a(lib_a-fwrite.o)
 .data          0x000000000205eedc      0x424 c:/altera/15.0/nios2eds/bin/gnu/h-x86_64-mingw32/bin/../lib/gcc/nios2-elf/4.9.1/../../../../../H-x86_64-mingw32/nios2-elf/lib/mno-hw-mul\libc.a(lib_a-impure.o)
 .data          0x000000000205f300        0x0 c:/altera/15.0/nios2eds/bin/gnu/h-x86_64-mingw32/bin/../lib/gcc/nios2-elf/4.9.1/../../../../../H-x86_64-mingw32/nios2-elf/lib/mno-hw-mul\libc.a(lib_a-int_errno.o)
 .data          0x000000000205f300        0x0 c:/altera/15.0/nios2eds/bin/gnu/h-x86_64-mingw32/bin/../lib/gcc/nios2-elf/4.9.1/../../../../../H-x86_64-mingw32/nios2-elf/lib/mno-hw-mul\libc.a(lib_a-makebuf.o)
 .data          0x000000000205f300        0x0 c:/altera/15.0/nios2eds/bin/gnu/h-x86_64-mingw32/bin/../lib/gcc/nios2-elf/4.9.1/../../../../../H-x86_64-mingw32/nios2-elf/lib/mno-hw-mul\libc.a(lib_a-malloc.o)
 .data          0x000000000205f300      0x408 c:/altera/15.0/nios2eds/bin/gnu/h-x86_64-mingw32/bin/../lib/gcc/nios2-elf/4.9.1/../../../../../H-x86_64-mingw32/nios2-elf/lib/mno-hw-mul\libc.a(lib_a-mallocr.o)
                0x000000000205f300                __malloc_av_
 .data          0x000000000205f708        0x0 c:/altera/15.0/nios2eds/bin/gnu/h-x86_64-mingw32/bin/../lib/gcc/nios2-elf/4.9.1/../../../../../H-x86_64-mingw32/nios2-elf/lib/mno-hw-mul\libc.a(lib_a-memcpy.o)
 .data          0x000000000205f708        0x0 c:/altera/15.0/nios2eds/bin/gnu/h-x86_64-mingw32/bin/../lib/gcc/nios2-elf/4.9.1/../../../../../H-x86_64-mingw32/nios2-elf/lib/mno-hw-mul\libc.a(lib_a-memset.o)
 .data          0x000000000205f708        0x0 c:/altera/15.0/nios2eds/bin/gnu/h-x86_64-mingw32/bin/../lib/gcc/nios2-elf/4.9.1/../../../../../H-x86_64-mingw32/nios2-elf/lib/mno-hw-mul\libc.a(lib_a-openr.o)
 .data          0x000000000205f708        0x0 c:/altera/15.0/nios2eds/bin/gnu/h-x86_64-mingw32/bin/../lib/gcc/nios2-elf/4.9.1/../../../../../H-x86_64-mingw32/nios2-elf/lib/mno-hw-mul\libc.a(lib_a-printf.o)
 .data          0x000000000205f708        0x0 c:/altera/15.0/nios2eds/bin/gnu/h-x86_64-mingw32/bin/../lib/gcc/nios2-elf/4.9.1/../../../../../H-x86_64-mingw32/nios2-elf/lib/mno-hw-mul\libc.a(lib_a-putchar.o)
 .data          0x000000000205f708        0x0 c:/altera/15.0/nios2eds/bin/gnu/h-x86_64-mingw32/bin/../lib/gcc/nios2-elf/4.9.1/../../../../../H-x86_64-mingw32/nios2-elf/lib/mno-hw-mul\libc.a(lib_a-puts.o)
 .data          0x000000000205f708        0x0 c:/altera/15.0/nios2eds/bin/gnu/h-x86_64-mingw32/bin/../lib/gcc/nios2-elf/4.9.1/../../../../../H-x86_64-mingw32/nios2-elf/lib/mno-hw-mul\libc.a(lib_a-refill.o)
 .data          0x000000000205f708        0x0 c:/altera/15.0/nios2eds/bin/gnu/h-x86_64-mingw32/bin/../lib/gcc/nios2-elf/4.9.1/../../../../../H-x86_64-mingw32/nios2-elf/lib/mno-hw-mul\libc.a(lib_a-sbrkr.o)
 .data          0x000000000205f708        0x0 c:/altera/15.0/nios2eds/bin/gnu/h-x86_64-mingw32/bin/../lib/gcc/nios2-elf/4.9.1/../../../../../H-x86_64-mingw32/nios2-elf/lib/mno-hw-mul\libc.a(lib_a-sprintf.o)
 .data          0x000000000205f708        0x0 c:/altera/15.0/nios2eds/bin/gnu/h-x86_64-mingw32/bin/../lib/gcc/nios2-elf/4.9.1/../../../../../H-x86_64-mingw32/nios2-elf/lib/mno-hw-mul\libc.a(lib_a-stdio.o)
 .data          0x000000000205f708        0x0 c:/altera/15.0/nios2eds/bin/gnu/h-x86_64-mingw32/bin/../lib/gcc/nios2-elf/4.9.1/../../../../../H-x86_64-mingw32/nios2-elf/lib/mno-hw-mul\libc.a(lib_a-strcasecmp.o)
 .data          0x000000000205f708        0x0 c:/altera/15.0/nios2eds/bin/gnu/h-x86_64-mingw32/bin/../lib/gcc/nios2-elf/4.9.1/../../../../../H-x86_64-mingw32/nios2-elf/lib/mno-hw-mul\libc.a(lib_a-strcpy.o)
 .data          0x000000000205f708        0x0 c:/altera/15.0/nios2eds/bin/gnu/h-x86_64-mingw32/bin/../lib/gcc/nios2-elf/4.9.1/../../../../../H-x86_64-mingw32/nios2-elf/lib/mno-hw-mul\libc.a(lib_a-strlen.o)
 .data          0x000000000205f708        0x0 c:/altera/15.0/nios2eds/bin/gnu/h-x86_64-mingw32/bin/../lib/gcc/nios2-elf/4.9.1/../../../../../H-x86_64-mingw32/nios2-elf/lib/mno-hw-mul\libc.a(lib_a-svfprintf.o)
 .data          0x000000000205f708        0x0 c:/altera/15.0/nios2eds/bin/gnu/h-x86_64-mingw32/bin/../lib/gcc/nios2-elf/4.9.1/../../../../../H-x86_64-mingw32/nios2-elf/lib/mno-hw-mul\libc.a(lib_a-vfprintf.o)
 .data          0x000000000205f708        0x0 c:/altera/15.0/nios2eds/bin/gnu/h-x86_64-mingw32/bin/../lib/gcc/nios2-elf/4.9.1/../../../../../H-x86_64-mingw32/nios2-elf/lib/mno-hw-mul\libc.a(lib_a-vsnprintf.o)
 .data          0x000000000205f708        0x0 c:/altera/15.0/nios2eds/bin/gnu/h-x86_64-mingw32/bin/../lib/gcc/nios2-elf/4.9.1/../../../../../H-x86_64-mingw32/nios2-elf/lib/mno-hw-mul\libc.a(lib_a-writer.o)
 .data          0x000000000205f708        0x0 c:/altera/15.0/nios2eds/bin/gnu/h-x86_64-mingw32/bin/../lib/gcc/nios2-elf/4.9.1/../../../../../H-x86_64-mingw32/nios2-elf/lib/mno-hw-mul\libc.a(lib_a-wsetup.o)
 .data          0x000000000205f708        0x0 c:/altera/15.0/nios2eds/bin/gnu/h-x86_64-mingw32/bin/../lib/gcc/nios2-elf/4.9.1/../../../../../H-x86_64-mingw32/nios2-elf/lib/mno-hw-mul\libc.a(closer.o)
 .data          0x000000000205f708        0x0 c:/altera/15.0/nios2eds/bin/gnu/h-x86_64-mingw32/bin/../lib/gcc/nios2-elf/4.9.1/../../../../../H-x86_64-mingw32/nios2-elf/lib/mno-hw-mul\libc.a(lib_a-__call_atexit.o)
 .data          0x000000000205f708        0x0 c:/altera/15.0/nios2eds/bin/gnu/h-x86_64-mingw32/bin/../lib/gcc/nios2-elf/4.9.1/../../../../../H-x86_64-mingw32/nios2-elf/lib/mno-hw-mul\libc.a(lib_a-ctype_.o)
 .data          0x000000000205f708        0x0 c:/altera/15.0/nios2eds/bin/gnu/h-x86_64-mingw32/bin/../lib/gcc/nios2-elf/4.9.1/../../../../../H-x86_64-mingw32/nios2-elf/lib/mno-hw-mul\libc.a(lib_a-dtoa.o)
 .data          0x000000000205f708        0x0 c:/altera/15.0/nios2eds/bin/gnu/h-x86_64-mingw32/bin/../lib/gcc/nios2-elf/4.9.1/../../../../../H-x86_64-mingw32/nios2-elf/lib/mno-hw-mul\libc.a(lib_a-flags.o)
 .data          0x000000000205f708        0x0 c:/altera/15.0/nios2eds/bin/gnu/h-x86_64-mingw32/bin/../lib/gcc/nios2-elf/4.9.1/../../../../../H-x86_64-mingw32/nios2-elf/lib/mno-hw-mul\libc.a(lib_a-fvwrite.o)
 .data          0x000000000205f708        0x0 c:/altera/15.0/nios2eds/bin/gnu/h-x86_64-mingw32/bin/../lib/gcc/nios2-elf/4.9.1/../../../../../H-x86_64-mingw32/nios2-elf/lib/mno-hw-mul\libc.a(lib_a-isattyr.o)
 .data          0x000000000205f708       0x78 c:/altera/15.0/nios2eds/bin/gnu/h-x86_64-mingw32/bin/../lib/gcc/nios2-elf/4.9.1/../../../../../H-x86_64-mingw32/nios2-elf/lib/mno-hw-mul\libc.a(lib_a-locale.o)
 .data          0x000000000205f780        0x0 c:/altera/15.0/nios2eds/bin/gnu/h-x86_64-mingw32/bin/../lib/gcc/nios2-elf/4.9.1/../../../../../H-x86_64-mingw32/nios2-elf/lib/mno-hw-mul\libc.a(lib_a-lseekr.o)
 .data          0x000000000205f780        0x0 c:/altera/15.0/nios2eds/bin/gnu/h-x86_64-mingw32/bin/../lib/gcc/nios2-elf/4.9.1/../../../../../H-x86_64-mingw32/nios2-elf/lib/mno-hw-mul\libc.a(lib_a-memchr.o)
 .data          0x000000000205f780        0x0 c:/altera/15.0/nios2eds/bin/gnu/h-x86_64-mingw32/bin/../lib/gcc/nios2-elf/4.9.1/../../../../../H-x86_64-mingw32/nios2-elf/lib/mno-hw-mul\libc.a(lib_a-memmove.o)
 .data          0x000000000205f780        0x0 c:/altera/15.0/nios2eds/bin/gnu/h-x86_64-mingw32/bin/../lib/gcc/nios2-elf/4.9.1/../../../../../H-x86_64-mingw32/nios2-elf/lib/mno-hw-mul\libc.a(lib_a-mprec.o)
 .data          0x000000000205f780        0x0 c:/altera/15.0/nios2eds/bin/gnu/h-x86_64-mingw32/bin/../lib/gcc/nios2-elf/4.9.1/../../../../../H-x86_64-mingw32/nios2-elf/lib/mno-hw-mul\libc.a(lib_a-putc.o)
 .data          0x000000000205f780        0x0 c:/altera/15.0/nios2eds/bin/gnu/h-x86_64-mingw32/bin/../lib/gcc/nios2-elf/4.9.1/../../../../../H-x86_64-mingw32/nios2-elf/lib/mno-hw-mul\libc.a(lib_a-readr.o)
 .data          0x000000000205f780        0x0 c:/altera/15.0/nios2eds/bin/gnu/h-x86_64-mingw32/bin/../lib/gcc/nios2-elf/4.9.1/../../../../../H-x86_64-mingw32/nios2-elf/lib/mno-hw-mul\libc.a(lib_a-reallocr.o)
 .data          0x000000000205f780        0x0 c:/altera/15.0/nios2eds/bin/gnu/h-x86_64-mingw32/bin/../lib/gcc/nios2-elf/4.9.1/../../../../../H-x86_64-mingw32/nios2-elf/lib/mno-hw-mul\libc.a(lib_a-s_fpclassify.o)
 .data          0x000000000205f780        0x0 c:/altera/15.0/nios2eds/bin/gnu/h-x86_64-mingw32/bin/../lib/gcc/nios2-elf/4.9.1/../../../../../H-x86_64-mingw32/nios2-elf/lib/mno-hw-mul\libc.a(lib_a-strcmp.o)
 .data          0x000000000205f780        0x0 c:/altera/15.0/nios2eds/bin/gnu/h-x86_64-mingw32/bin/../lib/gcc/nios2-elf/4.9.1/../../../../../H-x86_64-mingw32/nios2-elf/lib/mno-hw-mul\libc.a(lib_a-svfiprintf.o)
 .data          0x000000000205f780        0x0 c:/altera/15.0/nios2eds/bin/gnu/h-x86_64-mingw32/bin/../lib/gcc/nios2-elf/4.9.1/../../../../../H-x86_64-mingw32/nios2-elf/lib/mno-hw-mul\libc.a(lib_a-vfiprintf.o)
 .data          0x000000000205f780        0x0 c:/altera/15.0/nios2eds/bin/gnu/h-x86_64-mingw32/bin/../lib/gcc/nios2-elf/4.9.1/../../../../../H-x86_64-mingw32/nios2-elf/lib/mno-hw-mul\libc.a(lib_a-wbuf.o)
 .data          0x000000000205f780        0x0 c:/altera/15.0/nios2eds/bin/gnu/h-x86_64-mingw32/bin/../lib/gcc/nios2-elf/4.9.1/../../../../../H-x86_64-mingw32/nios2-elf/lib/mno-hw-mul\libc.a(lib_a-callocr.o)
 .data          0x000000000205f780        0x0 c:/altera/15.0/nios2eds/bin/gnu/h-x86_64-mingw32/bin/../lib/gcc/nios2-elf/4.9.1/../../../../../H-x86_64-mingw32/nios2-elf/lib/mno-hw-mul\libc.a(lib_a-fputwc.o)
 .data          0x000000000205f780        0x0 c:/altera/15.0/nios2eds/bin/gnu/h-x86_64-mingw32/bin/../lib/gcc/nios2-elf/4.9.1/../../../../../H-x86_64-mingw32/nios2-elf/lib/mno-hw-mul\libc.a(lib_a-wcrtomb.o)
 .data          0x000000000205f780        0x0 c:/altera/15.0/nios2eds/bin/gnu/h-x86_64-mingw32/bin/../lib/gcc/nios2-elf/4.9.1/../../../../../H-x86_64-mingw32/nios2-elf/lib/mno-hw-mul\libc.a(lib_a-wctomb_r.o)
 .data          0x000000000205f780        0x0 c:/altera/15.0/nios2eds/bin/gnu/h-x86_64-mingw32/bin/../lib/gcc/nios2-elf/4.9.1/mno-hw-mul\libgcc.a(_udivdi3.o)
 .data          0x000000000205f780        0x0 c:/altera/15.0/nios2eds/bin/gnu/h-x86_64-mingw32/bin/../lib/gcc/nios2-elf/4.9.1/mno-hw-mul\libgcc.a(_umoddi3.o)
 .data          0x000000000205f780        0x0 c:/altera/15.0/nios2eds/bin/gnu/h-x86_64-mingw32/bin/../lib/gcc/nios2-elf/4.9.1/mno-hw-mul\libgcc.a(adddf3.o)
 .data          0x000000000205f780        0x0 c:/altera/15.0/nios2eds/bin/gnu/h-x86_64-mingw32/bin/../lib/gcc/nios2-elf/4.9.1/mno-hw-mul\libgcc.a(eqdf2.o)
 .data          0x000000000205f780        0x0 c:/altera/15.0/nios2eds/bin/gnu/h-x86_64-mingw32/bin/../lib/gcc/nios2-elf/4.9.1/mno-hw-mul\libgcc.a(gedf2.o)
 .data          0x000000000205f780        0x0 c:/altera/15.0/nios2eds/bin/gnu/h-x86_64-mingw32/bin/../lib/gcc/nios2-elf/4.9.1/mno-hw-mul\libgcc.a(ledf2.o)
 .data          0x000000000205f780        0x0 c:/altera/15.0/nios2eds/bin/gnu/h-x86_64-mingw32/bin/../lib/gcc/nios2-elf/4.9.1/mno-hw-mul\libgcc.a(muldf3.o)
 .data          0x000000000205f780        0x0 c:/altera/15.0/nios2eds/bin/gnu/h-x86_64-mingw32/bin/../lib/gcc/nios2-elf/4.9.1/mno-hw-mul\libgcc.a(subdf3.o)
 .data          0x000000000205f780        0x0 c:/altera/15.0/nios2eds/bin/gnu/h-x86_64-mingw32/bin/../lib/gcc/nios2-elf/4.9.1/mno-hw-mul\libgcc.a(fixdfsi.o)
 .data          0x000000000205f780        0x0 c:/altera/15.0/nios2eds/bin/gnu/h-x86_64-mingw32/bin/../lib/gcc/nios2-elf/4.9.1/mno-hw-mul\libgcc.a(floatsidf.o)
 .data          0x000000000205f780        0x0 c:/altera/15.0/nios2eds/bin/gnu/h-x86_64-mingw32/bin/../lib/gcc/nios2-elf/4.9.1/mno-hw-mul\libgcc.a(floatunsidf.o)
 .data          0x000000000205f780        0x0 ../DE2_115_SD_CARD_bsp/\libhal_bsp.a(alt_close.o)
 .data          0x000000000205f780      0x1a8 ../DE2_115_SD_CARD_bsp/\libhal_bsp.a(alt_dev.o)
                0x000000000205f780                alt_dev_null
                0x000000000205f7a8                alt_fd_list
 .data          0x000000000205f928        0x0 ../DE2_115_SD_CARD_bsp/\libhal_bsp.a(alt_errno.o)
 .data          0x000000000205f928        0x0 ../DE2_115_SD_CARD_bsp/\libhal_bsp.a(alt_exit.o)
 .data          0x000000000205f928        0x0 ../DE2_115_SD_CARD_bsp/\libhal_bsp.a(alt_fstat.o)
 .data          0x000000000205f928        0x0 ../DE2_115_SD_CARD_bsp/\libhal_bsp.a(alt_isatty.o)
 .data          0x000000000205f928        0x0 ../DE2_115_SD_CARD_bsp/\libhal_bsp.a(alt_load.o)
 .data          0x000000000205f928        0x0 ../DE2_115_SD_CARD_bsp/\libhal_bsp.a(alt_lseek.o)
 .data          0x000000000205f928        0x0 ../DE2_115_SD_CARD_bsp/\libhal_bsp.a(alt_main.o)
 .data          0x000000000205f928        0x0 ../DE2_115_SD_CARD_bsp/\libhal_bsp.a(alt_malloc_lock.o)
 .data          0x000000000205f928        0x0 ../DE2_115_SD_CARD_bsp/\libhal_bsp.a(alt_open.o)
 .data          0x000000000205f928        0x0 ../DE2_115_SD_CARD_bsp/\libhal_bsp.a(alt_read.o)
 .data          0x000000000205f928        0x0 ../DE2_115_SD_CARD_bsp/\libhal_bsp.a(alt_release_fd.o)
 .data          0x000000000205f928        0x0 ../DE2_115_SD_CARD_bsp/\libhal_bsp.a(alt_sbrk.o)
 .data          0x000000000205f928        0x0 ../DE2_115_SD_CARD_bsp/\libhal_bsp.a(alt_tick.o)
 .data          0x000000000205f928        0x0 ../DE2_115_SD_CARD_bsp/\libhal_bsp.a(alt_usleep.o)
 .data          0x000000000205f928        0x0 ../DE2_115_SD_CARD_bsp/\libhal_bsp.a(alt_write.o)
 .data          0x000000000205f928     0x1320 ../DE2_115_SD_CARD_bsp/\libhal_bsp.a(alt_sys_init.o)
 .data          0x0000000002060c48        0x0 ../DE2_115_SD_CARD_bsp/\libhal_bsp.a(altera_avalon_cfi_flash.o)
 .data          0x0000000002060c48        0x0 ../DE2_115_SD_CARD_bsp/\libhal_bsp.a(altera_avalon_cfi_flash_table.o)
 .data          0x0000000002060c48        0x0 ../DE2_115_SD_CARD_bsp/\libhal_bsp.a(altera_avalon_jtag_uart_fd.o)
 .data          0x0000000002060c48        0x0 ../DE2_115_SD_CARD_bsp/\libhal_bsp.a(altera_avalon_jtag_uart_init.o)
 .data          0x0000000002060c48        0x0 ../DE2_115_SD_CARD_bsp/\libhal_bsp.a(altera_avalon_jtag_uart_ioctl.o)
 .data          0x0000000002060c48        0x0 ../DE2_115_SD_CARD_bsp/\libhal_bsp.a(altera_avalon_jtag_uart_read.o)
 .data          0x0000000002060c48        0x0 ../DE2_115_SD_CARD_bsp/\libhal_bsp.a(altera_avalon_jtag_uart_write.o)
 .data          0x0000000002060c48        0x0 ../DE2_115_SD_CARD_bsp/\libhal_bsp.a(altera_avalon_lcd_16207.o)
 .data          0x0000000002060c48        0x0 ../DE2_115_SD_CARD_bsp/\libhal_bsp.a(altera_avalon_lcd_16207_fd.o)
 .data          0x0000000002060c48        0x0 ../DE2_115_SD_CARD_bsp/\libhal_bsp.a(altera_avalon_timer_sc.o)
 .data          0x0000000002060c48        0x0 ../DE2_115_SD_CARD_bsp/\libhal_bsp.a(altera_avalon_uart_fd.o)
 .data          0x0000000002060c48        0x0 ../DE2_115_SD_CARD_bsp/\libhal_bsp.a(altera_avalon_uart_init.o)
 .data          0x0000000002060c48        0x0 ../DE2_115_SD_CARD_bsp/\libhal_bsp.a(altera_avalon_uart_read.o)
 .data          0x0000000002060c48        0x0 ../DE2_115_SD_CARD_bsp/\libhal_bsp.a(altera_avalon_uart_write.o)
 .data          0x0000000002060c48        0x0 ../DE2_115_SD_CARD_bsp/\libhal_bsp.a(alt_alarm_start.o)
 .data          0x0000000002060c48        0x0 ../DE2_115_SD_CARD_bsp/\libhal_bsp.a(alt_busy_sleep.o)
 .data          0x0000000002060c48        0x0 ../DE2_115_SD_CARD_bsp/\libhal_bsp.a(alt_dcache_flush.o)
 .data          0x0000000002060c48        0x0 ../DE2_115_SD_CARD_bsp/\libhal_bsp.a(alt_dcache_flush_all.o)
 .data          0x0000000002060c48        0x0 ../DE2_115_SD_CARD_bsp/\libhal_bsp.a(alt_dev_llist_insert.o)
 .data          0x0000000002060c48        0x0 ../DE2_115_SD_CARD_bsp/\libhal_bsp.a(alt_do_ctors.o)
 .data          0x0000000002060c48        0x0 ../DE2_115_SD_CARD_bsp/\libhal_bsp.a(alt_do_dtors.o)
 .data          0x0000000002060c48        0x0 ../DE2_115_SD_CARD_bsp/\libhal_bsp.a(alt_find_dev.o)
 .data          0x0000000002060c48        0x0 ../DE2_115_SD_CARD_bsp/\libhal_bsp.a(alt_find_file.o)
 .data          0x0000000002060c48        0x0 ../DE2_115_SD_CARD_bsp/\libhal_bsp.a(alt_flash_dev.o)
 .data          0x0000000002060c48        0x0 ../DE2_115_SD_CARD_bsp/\libhal_bsp.a(alt_get_fd.o)
 .data          0x0000000002060c48        0x0 ../DE2_115_SD_CARD_bsp/\libhal_bsp.a(alt_icache_flush_all.o)
 .data          0x0000000002060c48        0x0 ../DE2_115_SD_CARD_bsp/\libhal_bsp.a(alt_iic.o)
 .data          0x0000000002060c48        0x0 ../DE2_115_SD_CARD_bsp/\libhal_bsp.a(alt_iic_isr_register.o)
 .data          0x0000000002060c48        0x0 ../DE2_115_SD_CARD_bsp/\libhal_bsp.a(alt_io_redirect.o)
 .data          0x0000000002060c48        0x0 ../DE2_115_SD_CARD_bsp/\libhal_bsp.a(alt_irq_entry.o)
 .data          0x0000000002060c48        0x0 ../DE2_115_SD_CARD_bsp/\libhal_bsp.a(alt_irq_handler.o)
 .data          0x0000000002060c48        0x0 ../DE2_115_SD_CARD_bsp/\libhal_bsp.a(alt_irq_vars.o)
 .data          0x0000000002060c48        0x0 ../DE2_115_SD_CARD_bsp/\libhal_bsp.a(altera_nios2_qsys_irq.o)
 .data          0x0000000002060c48        0x0 ../DE2_115_SD_CARD_bsp/\libhal_bsp.a(altera_avalon_cfi_flash_amd.o)
 .data          0x0000000002060c48        0x0 ../DE2_115_SD_CARD_bsp/\libhal_bsp.a(altera_avalon_cfi_flash_intel.o)
 .data          0x0000000002060c48        0x0 ../DE2_115_SD_CARD_bsp/\libhal_bsp.a(alt_exception_entry.o)
 .data          0x0000000002060c48        0x0 c:/altera/15.0/nios2eds/bin/gnu/h-x86_64-mingw32/bin/../lib/gcc/nios2-elf/4.9.1/../../../../../H-x86_64-mingw32/nios2-elf/lib/mno-hw-mul\libc.a(lib_a-atexit.o)
 .data          0x0000000002060c48        0x0 c:/altera/15.0/nios2eds/bin/gnu/h-x86_64-mingw32/bin/../lib/gcc/nios2-elf/4.9.1/../../../../../H-x86_64-mingw32/nios2-elf/lib/mno-hw-mul\libc.a(lib_a-memcmp.o)
 .data          0x0000000002060c48        0x0 c:/altera/15.0/nios2eds/bin/gnu/h-x86_64-mingw32/bin/../lib/gcc/nios2-elf/4.9.1/../../../../../H-x86_64-mingw32/nios2-elf/lib/mno-hw-mul\libc.a(lib_a-__atexit.o)
                0x0000000002068c48                _gp = ABSOLUTE ((. + 0x8000))
                0x0000000002068c48                PROVIDE (gp, _gp)
 *(.rwdata .rwdata.*)
 *(.sdata .sdata.* .gnu.linkonce.s.*)
 .sdata         0x0000000002060c48        0x8 obj/default/main.o
 .sdata         0x0000000002060c50        0x8 c:/altera/15.0/nios2eds/bin/gnu/h-x86_64-mingw32/bin/../lib/gcc/nios2-elf/4.9.1/../../../../../H-x86_64-mingw32/nios2-elf/lib/mno-hw-mul\libc.a(lib_a-impure.o)
                0x0000000002060c50                _global_impure_ptr
                0x0000000002060c54                _impure_ptr
 .sdata         0x0000000002060c58        0x8 c:/altera/15.0/nios2eds/bin/gnu/h-x86_64-mingw32/bin/../lib/gcc/nios2-elf/4.9.1/../../../../../H-x86_64-mingw32/nios2-elf/lib/mno-hw-mul\libc.a(lib_a-mallocr.o)
                0x0000000002060c58                __malloc_sbrk_base
                0x0000000002060c5c                __malloc_trim_threshold
 .sdata         0x0000000002060c60        0x4 c:/altera/15.0/nios2eds/bin/gnu/h-x86_64-mingw32/bin/../lib/gcc/nios2-elf/4.9.1/../../../../../H-x86_64-mingw32/nios2-elf/lib/mno-hw-mul\libc.a(lib_a-ctype_.o)
                0x0000000002060c60                __ctype_ptr__
 .sdata         0x0000000002060c64        0x4 c:/altera/15.0/nios2eds/bin/gnu/h-x86_64-mingw32/bin/../lib/gcc/nios2-elf/4.9.1/../../../../../H-x86_64-mingw32/nios2-elf/lib/mno-hw-mul\libc.a(lib_a-locale.o)
                0x0000000002060c64                __mb_cur_max
 .sdata         0x0000000002060c68        0x4 c:/altera/15.0/nios2eds/bin/gnu/h-x86_64-mingw32/bin/../lib/gcc/nios2-elf/4.9.1/../../../../../H-x86_64-mingw32/nios2-elf/lib/mno-hw-mul\libc.a(lib_a-wctomb_r.o)
                0x0000000002060c68                __wctomb
 .sdata         0x0000000002060c6c       0x14 ../DE2_115_SD_CARD_bsp/\libhal_bsp.a(alt_dev.o)
                0x0000000002060c6c                alt_fs_list
                0x0000000002060c74                alt_dev_list
                0x0000000002060c7c                alt_max_fd
 .sdata         0x0000000002060c80        0x4 ../DE2_115_SD_CARD_bsp/\libhal_bsp.a(alt_errno.o)
                0x0000000002060c80                alt_errno
 .sdata         0x0000000002060c84        0x4 ../DE2_115_SD_CARD_bsp/\libhal_bsp.a(alt_sbrk.o)
 .sdata         0x0000000002060c88        0x8 ../DE2_115_SD_CARD_bsp/\libhal_bsp.a(alt_tick.o)
                0x0000000002060c88                alt_alarm_list
 .sdata         0x0000000002060c90        0x4 ../DE2_115_SD_CARD_bsp/\libhal_bsp.a(altera_avalon_lcd_16207.o)
 .sdata         0x0000000002060c94        0x8 ../DE2_115_SD_CARD_bsp/\libhal_bsp.a(alt_flash_dev.o)
                0x0000000002060c94                alt_flash_dev_list
 .sdata         0x0000000002060c9c        0x4 ../DE2_115_SD_CARD_bsp/\libhal_bsp.a(alt_irq_vars.o)
                0x0000000002060c9c                alt_priority_mask
 *(.sdata2 .sdata2.* .gnu.linkonce.s2.*)
                0x0000000002060ca0                . = ALIGN (0x4)
                0x0000000002060ca0                _edata = ABSOLUTE (.)
                0x0000000002060ca0                PROVIDE (edata, ABSOLUTE (.))
                0x0000000002060ca0                PROVIDE (__ram_rwdata_end, ABSOLUTE (.))
                0x0000000002060ca0                PROVIDE (__flash_rwdata_start, LOADADDR (.rwdata))

.bss            0x0000000002062a64      0x198
                0x0000000002062a64                __bss_start = ABSOLUTE (.)
                0x0000000002062a64                PROVIDE (__sbss_start, ABSOLUTE (.))
                0x0000000002062a64                PROVIDE (___sbss_start, ABSOLUTE (.))
 *(.dynsbss)
 *(.sbss .sbss.* .gnu.linkonce.sb.*)
 .sbss          0x0000000002062a64        0x4 obj/default/main.o
 .sbss          0x0000000002062a68        0x4 c:/altera/15.0/nios2eds/bin/gnu/h-x86_64-mingw32/bin/../lib/gcc/nios2-elf/4.9.1/../../../../../H-x86_64-mingw32/nios2-elf/lib/mno-hw-mul\libc.a(lib_a-int_errno.o)
                0x0000000002062a68                errno
 .sbss          0x0000000002062a6c        0xc c:/altera/15.0/nios2eds/bin/gnu/h-x86_64-mingw32/bin/../lib/gcc/nios2-elf/4.9.1/../../../../../H-x86_64-mingw32/nios2-elf/lib/mno-hw-mul\libc.a(lib_a-mallocr.o)
                0x0000000002062a6c                __malloc_max_total_mem
                0x0000000002062a70                __malloc_max_sbrked_mem
                0x0000000002062a74                __malloc_top_pad
 .sbss          0x0000000002062a78        0xc c:/altera/15.0/nios2eds/bin/gnu/h-x86_64-mingw32/bin/../lib/gcc/nios2-elf/4.9.1/../../../../../H-x86_64-mingw32/nios2-elf/lib/mno-hw-mul\libc.a(lib_a-locale.o)
                0x0000000002062a78                _PathLocale
                0x0000000002062a7c                __mlocale_changed
                0x0000000002062a80                __nlocale_changed
 .sbss          0x0000000002062a84        0xc ../DE2_115_SD_CARD_bsp/\libhal_bsp.a(alt_main.o)
                0x0000000002062a84                alt_argc
                0x0000000002062a88                alt_argv
                0x0000000002062a8c                alt_envp
 .sbss          0x0000000002062a90        0x8 ../DE2_115_SD_CARD_bsp/\libhal_bsp.a(alt_tick.o)
                0x0000000002062a90                _alt_tick_rate
                0x0000000002062a94                _alt_nticks
 .sbss          0x0000000002062a98        0x4 ../DE2_115_SD_CARD_bsp/\libhal_bsp.a(alt_irq_vars.o)
                0x0000000002062a98                alt_irq_active
 *(.sbss2 .sbss2.* .gnu.linkonce.sb2.*)
 *(.scommon)
                0x0000000002062a9c                PROVIDE (__sbss_end, ABSOLUTE (.))
                0x0000000002062a9c                PROVIDE (___sbss_end, ABSOLUTE (.))
 *(.dynbss)
 *(.bss .bss.* .gnu.linkonce.b.*)
 .bss           0x0000000002062a9c        0x0 ../DE2_115_SD_CARD_bsp//obj/HAL/src/crt0.o
 .bss           0x0000000002062a9c        0x0 obj/default/main.o
 .bss           0x0000000002062a9c        0x0 obj/default/terasic_fat/FatFileSystem.o
 .bss           0x0000000002062a9c        0x0 obj/default/terasic_fat/FatInternal.o
 .bss           0x0000000002062a9c        0x0 obj/default/terasic_lib/debug.o
 .bss           0x0000000002062a9c        0x0 obj/default/terasic_sdcard/crc16.o
 .bss           0x0000000002062a9c        0x0 obj/default/terasic_sdcard/crc7.o
 .bss           0x0000000002062a9c        0x0 obj/default/terasic_sdcard/sd_hal.o
 .bss           0x0000000002062a9c       0x38 obj/default/terasic_sdcard/sd_lib.o
 .bss           0x0000000002062ad4        0x0 obj/default/terasic_sdcard/sd_protocol.o
 .bss           0x0000000002062ad4        0x0 c:/altera/15.0/nios2eds/bin/gnu/h-x86_64-mingw32/bin/../lib/gcc/nios2-elf/4.9.1/mno-hw-mul\libgcc.a(_muldi3.o)
 .bss           0x0000000002062ad4        0x0 c:/altera/15.0/nios2eds/bin/gnu/h-x86_64-mingw32/bin/../lib/gcc/nios2-elf/4.9.1/mno-hw-mul\libgcc.a(lib2-divmod.o)
 .bss           0x0000000002062ad4        0x0 c:/altera/15.0/nios2eds/bin/gnu/h-x86_64-mingw32/bin/../lib/gcc/nios2-elf/4.9.1/mno-hw-mul\libgcc.a(lib2-mul.o)
 .bss           0x0000000002062ad4        0x0 c:/altera/15.0/nios2eds/bin/gnu/h-x86_64-mingw32/bin/../lib/gcc/nios2-elf/4.9.1/mno-hw-mul\libgcc.a(divsf3.o)
 .bss           0x0000000002062ad4        0x0 c:/altera/15.0/nios2eds/bin/gnu/h-x86_64-mingw32/bin/../lib/gcc/nios2-elf/4.9.1/mno-hw-mul\libgcc.a(mulsf3.o)
 .bss           0x0000000002062ad4        0x0 c:/altera/15.0/nios2eds/bin/gnu/h-x86_64-mingw32/bin/../lib/gcc/nios2-elf/4.9.1/mno-hw-mul\libgcc.a(floatunsisf.o)
 .bss           0x0000000002062ad4        0x0 c:/altera/15.0/nios2eds/bin/gnu/h-x86_64-mingw32/bin/../lib/gcc/nios2-elf/4.9.1/mno-hw-mul\libgcc.a(divdf3.o)
 .bss           0x0000000002062ad4        0x0 c:/altera/15.0/nios2eds/bin/gnu/h-x86_64-mingw32/bin/../lib/gcc/nios2-elf/4.9.1/mno-hw-mul\libgcc.a(extendsfdf2.o)
 .bss           0x0000000002062ad4        0x0 c:/altera/15.0/nios2eds/bin/gnu/h-x86_64-mingw32/bin/../lib/gcc/nios2-elf/4.9.1/mno-hw-mul\libgcc.a(truncdfsf2.o)
 .bss           0x0000000002062ad4        0x0 c:/altera/15.0/nios2eds/bin/gnu/h-x86_64-mingw32/bin/../lib/gcc/nios2-elf/4.9.1/mno-hw-mul\libgcc.a(_clzsi2.o)
 .bss           0x0000000002062ad4        0x0 c:/altera/15.0/nios2eds/bin/gnu/h-x86_64-mingw32/bin/../lib/gcc/nios2-elf/4.9.1/mno-hw-mul\libgcc.a(_clz.o)
 .bss           0x0000000002062ad4        0x0 c:/altera/15.0/nios2eds/bin/gnu/h-x86_64-mingw32/bin/../lib/gcc/nios2-elf/4.9.1/../../../../../H-x86_64-mingw32/nios2-elf/lib/mno-hw-mul\libc.a(lib_a-exit.o)
 .bss           0x0000000002062ad4        0x0 c:/altera/15.0/nios2eds/bin/gnu/h-x86_64-mingw32/bin/../lib/gcc/nios2-elf/4.9.1/../../../../../H-x86_64-mingw32/nios2-elf/lib/mno-hw-mul\libc.a(lib_a-fclose.o)
 .bss           0x0000000002062ad4        0x0 c:/altera/15.0/nios2eds/bin/gnu/h-x86_64-mingw32/bin/../lib/gcc/nios2-elf/4.9.1/../../../../../H-x86_64-mingw32/nios2-elf/lib/mno-hw-mul\libc.a(lib_a-fflush.o)
 .bss           0x0000000002062ad4        0x0 c:/altera/15.0/nios2eds/bin/gnu/h-x86_64-mingw32/bin/../lib/gcc/nios2-elf/4.9.1/../../../../../H-x86_64-mingw32/nios2-elf/lib/mno-hw-mul\libc.a(lib_a-findfp.o)
 .bss           0x0000000002062ad4        0x0 c:/altera/15.0/nios2eds/bin/gnu/h-x86_64-mingw32/bin/../lib/gcc/nios2-elf/4.9.1/../../../../../H-x86_64-mingw32/nios2-elf/lib/mno-hw-mul\libc.a(lib_a-fopen.o)
 .bss           0x0000000002062ad4        0x0 c:/altera/15.0/nios2eds/bin/gnu/h-x86_64-mingw32/bin/../lib/gcc/nios2-elf/4.9.1/../../../../../H-x86_64-mingw32/nios2-elf/lib/mno-hw-mul\libc.a(lib_a-freer.o)
 .bss           0x0000000002062ad4        0x0 c:/altera/15.0/nios2eds/bin/gnu/h-x86_64-mingw32/bin/../lib/gcc/nios2-elf/4.9.1/../../../../../H-x86_64-mingw32/nios2-elf/lib/mno-hw-mul\libc.a(lib_a-fseek.o)
 .bss           0x0000000002062ad4        0x0 c:/altera/15.0/nios2eds/bin/gnu/h-x86_64-mingw32/bin/../lib/gcc/nios2-elf/4.9.1/../../../../../H-x86_64-mingw32/nios2-elf/lib/mno-hw-mul\libc.a(lib_a-fstatr.o)
 .bss           0x0000000002062ad4        0x0 c:/altera/15.0/nios2eds/bin/gnu/h-x86_64-mingw32/bin/../lib/gcc/nios2-elf/4.9.1/../../../../../H-x86_64-mingw32/nios2-elf/lib/mno-hw-mul\libc.a(lib_a-fwalk.o)
 .bss           0x0000000002062ad4        0x0 c:/altera/15.0/nios2eds/bin/gnu/h-x86_64-mingw32/bin/../lib/gcc/nios2-elf/4.9.1/../../../../../H-x86_64-mingw32/nios2-elf/lib/mno-hw-mul\libc.a(lib_a-fwrite.o)
 .bss           0x0000000002062ad4        0x0 c:/altera/15.0/nios2eds/bin/gnu/h-x86_64-mingw32/bin/../lib/gcc/nios2-elf/4.9.1/../../../../../H-x86_64-mingw32/nios2-elf/lib/mno-hw-mul\libc.a(lib_a-impure.o)
 .bss           0x0000000002062ad4        0x0 c:/altera/15.0/nios2eds/bin/gnu/h-x86_64-mingw32/bin/../lib/gcc/nios2-elf/4.9.1/../../../../../H-x86_64-mingw32/nios2-elf/lib/mno-hw-mul\libc.a(lib_a-int_errno.o)
 .bss           0x0000000002062ad4        0x0 c:/altera/15.0/nios2eds/bin/gnu/h-x86_64-mingw32/bin/../lib/gcc/nios2-elf/4.9.1/../../../../../H-x86_64-mingw32/nios2-elf/lib/mno-hw-mul\libc.a(lib_a-makebuf.o)
 .bss           0x0000000002062ad4        0x0 c:/altera/15.0/nios2eds/bin/gnu/h-x86_64-mingw32/bin/../lib/gcc/nios2-elf/4.9.1/../../../../../H-x86_64-mingw32/nios2-elf/lib/mno-hw-mul\libc.a(lib_a-malloc.o)
 .bss           0x0000000002062ad4       0x28 c:/altera/15.0/nios2eds/bin/gnu/h-x86_64-mingw32/bin/../lib/gcc/nios2-elf/4.9.1/../../../../../H-x86_64-mingw32/nios2-elf/lib/mno-hw-mul\libc.a(lib_a-mallocr.o)
                0x0000000002062ad4                __malloc_current_mallinfo
 .bss           0x0000000002062afc        0x0 c:/altera/15.0/nios2eds/bin/gnu/h-x86_64-mingw32/bin/../lib/gcc/nios2-elf/4.9.1/../../../../../H-x86_64-mingw32/nios2-elf/lib/mno-hw-mul\libc.a(lib_a-memcpy.o)
 .bss           0x0000000002062afc        0x0 c:/altera/15.0/nios2eds/bin/gnu/h-x86_64-mingw32/bin/../lib/gcc/nios2-elf/4.9.1/../../../../../H-x86_64-mingw32/nios2-elf/lib/mno-hw-mul\libc.a(lib_a-memset.o)
 .bss           0x0000000002062afc        0x0 c:/altera/15.0/nios2eds/bin/gnu/h-x86_64-mingw32/bin/../lib/gcc/nios2-elf/4.9.1/../../../../../H-x86_64-mingw32/nios2-elf/lib/mno-hw-mul\libc.a(lib_a-openr.o)
 .bss           0x0000000002062afc        0x0 c:/altera/15.0/nios2eds/bin/gnu/h-x86_64-mingw32/bin/../lib/gcc/nios2-elf/4.9.1/../../../../../H-x86_64-mingw32/nios2-elf/lib/mno-hw-mul\libc.a(lib_a-printf.o)
 .bss           0x0000000002062afc        0x0 c:/altera/15.0/nios2eds/bin/gnu/h-x86_64-mingw32/bin/../lib/gcc/nios2-elf/4.9.1/../../../../../H-x86_64-mingw32/nios2-elf/lib/mno-hw-mul\libc.a(lib_a-putchar.o)
 .bss           0x0000000002062afc        0x0 c:/altera/15.0/nios2eds/bin/gnu/h-x86_64-mingw32/bin/../lib/gcc/nios2-elf/4.9.1/../../../../../H-x86_64-mingw32/nios2-elf/lib/mno-hw-mul\libc.a(lib_a-puts.o)
 .bss           0x0000000002062afc        0x0 c:/altera/15.0/nios2eds/bin/gnu/h-x86_64-mingw32/bin/../lib/gcc/nios2-elf/4.9.1/../../../../../H-x86_64-mingw32/nios2-elf/lib/mno-hw-mul\libc.a(lib_a-refill.o)
 .bss           0x0000000002062afc        0x0 c:/altera/15.0/nios2eds/bin/gnu/h-x86_64-mingw32/bin/../lib/gcc/nios2-elf/4.9.1/../../../../../H-x86_64-mingw32/nios2-elf/lib/mno-hw-mul\libc.a(lib_a-sbrkr.o)
 .bss           0x0000000002062afc        0x0 c:/altera/15.0/nios2eds/bin/gnu/h-x86_64-mingw32/bin/../lib/gcc/nios2-elf/4.9.1/../../../../../H-x86_64-mingw32/nios2-elf/lib/mno-hw-mul\libc.a(lib_a-sprintf.o)
 .bss           0x0000000002062afc        0x0 c:/altera/15.0/nios2eds/bin/gnu/h-x86_64-mingw32/bin/../lib/gcc/nios2-elf/4.9.1/../../../../../H-x86_64-mingw32/nios2-elf/lib/mno-hw-mul\libc.a(lib_a-stdio.o)
 .bss           0x0000000002062afc        0x0 c:/altera/15.0/nios2eds/bin/gnu/h-x86_64-mingw32/bin/../lib/gcc/nios2-elf/4.9.1/../../../../../H-x86_64-mingw32/nios2-elf/lib/mno-hw-mul\libc.a(lib_a-strcasecmp.o)
 .bss           0x0000000002062afc        0x0 c:/altera/15.0/nios2eds/bin/gnu/h-x86_64-mingw32/bin/../lib/gcc/nios2-elf/4.9.1/../../../../../H-x86_64-mingw32/nios2-elf/lib/mno-hw-mul\libc.a(lib_a-strcpy.o)
 .bss           0x0000000002062afc        0x0 c:/altera/15.0/nios2eds/bin/gnu/h-x86_64-mingw32/bin/../lib/gcc/nios2-elf/4.9.1/../../../../../H-x86_64-mingw32/nios2-elf/lib/mno-hw-mul\libc.a(lib_a-strlen.o)
 .bss           0x0000000002062afc        0x0 c:/altera/15.0/nios2eds/bin/gnu/h-x86_64-mingw32/bin/../lib/gcc/nios2-elf/4.9.1/../../../../../H-x86_64-mingw32/nios2-elf/lib/mno-hw-mul\libc.a(lib_a-svfprintf.o)
 .bss           0x0000000002062afc        0x0 c:/altera/15.0/nios2eds/bin/gnu/h-x86_64-mingw32/bin/../lib/gcc/nios2-elf/4.9.1/../../../../../H-x86_64-mingw32/nios2-elf/lib/mno-hw-mul\libc.a(lib_a-vfprintf.o)
 .bss           0x0000000002062afc        0x0 c:/altera/15.0/nios2eds/bin/gnu/h-x86_64-mingw32/bin/../lib/gcc/nios2-elf/4.9.1/../../../../../H-x86_64-mingw32/nios2-elf/lib/mno-hw-mul\libc.a(lib_a-vsnprintf.o)
 .bss           0x0000000002062afc        0x0 c:/altera/15.0/nios2eds/bin/gnu/h-x86_64-mingw32/bin/../lib/gcc/nios2-elf/4.9.1/../../../../../H-x86_64-mingw32/nios2-elf/lib/mno-hw-mul\libc.a(lib_a-writer.o)
 .bss           0x0000000002062afc        0x0 c:/altera/15.0/nios2eds/bin/gnu/h-x86_64-mingw32/bin/../lib/gcc/nios2-elf/4.9.1/../../../../../H-x86_64-mingw32/nios2-elf/lib/mno-hw-mul\libc.a(lib_a-wsetup.o)
 .bss           0x0000000002062afc        0x0 c:/altera/15.0/nios2eds/bin/gnu/h-x86_64-mingw32/bin/../lib/gcc/nios2-elf/4.9.1/../../../../../H-x86_64-mingw32/nios2-elf/lib/mno-hw-mul\libc.a(closer.o)
 .bss           0x0000000002062afc        0x0 c:/altera/15.0/nios2eds/bin/gnu/h-x86_64-mingw32/bin/../lib/gcc/nios2-elf/4.9.1/../../../../../H-x86_64-mingw32/nios2-elf/lib/mno-hw-mul\libc.a(lib_a-__call_atexit.o)
 .bss           0x0000000002062afc        0x0 c:/altera/15.0/nios2eds/bin/gnu/h-x86_64-mingw32/bin/../lib/gcc/nios2-elf/4.9.1/../../../../../H-x86_64-mingw32/nios2-elf/lib/mno-hw-mul\libc.a(lib_a-ctype_.o)
 .bss           0x0000000002062afc        0x0 c:/altera/15.0/nios2eds/bin/gnu/h-x86_64-mingw32/bin/../lib/gcc/nios2-elf/4.9.1/../../../../../H-x86_64-mingw32/nios2-elf/lib/mno-hw-mul\libc.a(lib_a-dtoa.o)
 .bss           0x0000000002062afc        0x0 c:/altera/15.0/nios2eds/bin/gnu/h-x86_64-mingw32/bin/../lib/gcc/nios2-elf/4.9.1/../../../../../H-x86_64-mingw32/nios2-elf/lib/mno-hw-mul\libc.a(lib_a-flags.o)
 .bss           0x0000000002062afc        0x0 c:/altera/15.0/nios2eds/bin/gnu/h-x86_64-mingw32/bin/../lib/gcc/nios2-elf/4.9.1/../../../../../H-x86_64-mingw32/nios2-elf/lib/mno-hw-mul\libc.a(lib_a-fvwrite.o)
 .bss           0x0000000002062afc        0x0 c:/altera/15.0/nios2eds/bin/gnu/h-x86_64-mingw32/bin/../lib/gcc/nios2-elf/4.9.1/../../../../../H-x86_64-mingw32/nios2-elf/lib/mno-hw-mul\libc.a(lib_a-isattyr.o)