Archive member included to satisfy reference by file (symbol)

/home/alex/intelFPGA_lite/18.1/nios2eds/bin/gnu/H-x86_64-pc-linux-gnu/bin/../lib/gcc/nios2-elf/5.3.0/mno-hw-mul/libgcc.a(_muldi3.o)
                              obj/default/main.o (__muldi3)
/home/alex/intelFPGA_lite/18.1/nios2eds/bin/gnu/H-x86_64-pc-linux-gnu/bin/../lib/gcc/nios2-elf/5.3.0/mno-hw-mul/libgcc.a(lib2-divmod.o)
                              obj/default/main.o (__udivsi3)
/home/alex/intelFPGA_lite/18.1/nios2eds/bin/gnu/H-x86_64-pc-linux-gnu/bin/../lib/gcc/nios2-elf/5.3.0/mno-hw-mul/libgcc.a(lib2-mul.o)
                              obj/default/main.o (__mulsi3)
/home/alex/intelFPGA_lite/18.1/nios2eds/bin/gnu/H-x86_64-pc-linux-gnu/bin/../lib/gcc/nios2-elf/5.3.0/mno-hw-mul/libgcc.a(divsf3.o)
                              obj/default/terasic_fat/FatFileSystem.o (__divsf3)
/home/alex/intelFPGA_lite/18.1/nios2eds/bin/gnu/H-x86_64-pc-linux-gnu/bin/../lib/gcc/nios2-elf/5.3.0/mno-hw-mul/libgcc.a(mulsf3.o)
                              obj/default/terasic_fat/FatFileSystem.o (__mulsf3)
/home/alex/intelFPGA_lite/18.1/nios2eds/bin/gnu/H-x86_64-pc-linux-gnu/bin/../lib/gcc/nios2-elf/5.3.0/mno-hw-mul/libgcc.a(floatunsisf.o)
                              obj/default/terasic_fat/FatFileSystem.o (__floatunsisf)
/home/alex/intelFPGA_lite/18.1/nios2eds/bin/gnu/H-x86_64-pc-linux-gnu/bin/../lib/gcc/nios2-elf/5.3.0/mno-hw-mul/libgcc.a(divdf3.o)
                              obj/default/terasic_fat/FatFileSystem.o (__divdf3)
/home/alex/intelFPGA_lite/18.1/nios2eds/bin/gnu/H-x86_64-pc-linux-gnu/bin/../lib/gcc/nios2-elf/5.3.0/mno-hw-mul/libgcc.a(extendsfdf2.o)
                              obj/default/terasic_fat/FatFileSystem.o (__extendsfdf2)
/home/alex/intelFPGA_lite/18.1/nios2eds/bin/gnu/H-x86_64-pc-linux-gnu/bin/../lib/gcc/nios2-elf/5.3.0/mno-hw-mul/libgcc.a(truncdfsf2.o)
                              obj/default/terasic_fat/FatFileSystem.o (__truncdfsf2)
/home/alex/intelFPGA_lite/18.1/nios2eds/bin/gnu/H-x86_64-pc-linux-gnu/bin/../lib/gcc/nios2-elf/5.3.0/mno-hw-mul/libgcc.a(_clzsi2.o)
                              /home/alex/intelFPGA_lite/18.1/nios2eds/bin/gnu/H-x86_64-pc-linux-gnu/bin/../lib/gcc/nios2-elf/5.3.0/mno-hw-mul/libgcc.a(divsf3.o) (__clzsi2)
/home/alex/intelFPGA_lite/18.1/nios2eds/bin/gnu/H-x86_64-pc-linux-gnu/bin/../lib/gcc/nios2-elf/5.3.0/mno-hw-mul/libgcc.a(_clz.o)
                              /home/alex/intelFPGA_lite/18.1/nios2eds/bin/gnu/H-x86_64-pc-linux-gnu/bin/../lib/gcc/nios2-elf/5.3.0/mno-hw-mul/libgcc.a(_clzsi2.o) (__clz_tab)
/home/alex/intelFPGA_lite/18.1/nios2eds/bin/gnu/H-x86_64-pc-linux-gnu/bin/../lib/gcc/nios2-elf/5.3.0/../../../../../H-x86_64-pc-linux-gnu/nios2-elf/lib/mno-hw-mul/libc.a(lib_a-exit.o)
                              obj/default/main.o (exit)
/home/alex/intelFPGA_lite/18.1/nios2eds/bin/gnu/H-x86_64-pc-linux-gnu/bin/../lib/gcc/nios2-elf/5.3.0/../../../../../H-x86_64-pc-linux-gnu/nios2-elf/lib/mno-hw-mul/libc.a(lib_a-fclose.o)
                              obj/default/main.o (fclose)
/home/alex/intelFPGA_lite/18.1/nios2eds/bin/gnu/H-x86_64-pc-linux-gnu/bin/../lib/gcc/nios2-elf/5.3.0/../../../../../H-x86_64-pc-linux-gnu/nios2-elf/lib/mno-hw-mul/libc.a(lib_a-fflush.o)
                              /home/alex/intelFPGA_lite/18.1/nios2eds/bin/gnu/H-x86_64-pc-linux-gnu/bin/../lib/gcc/nios2-elf/5.3.0/../../../../../H-x86_64-pc-linux-gnu/nios2-elf/lib/mno-hw-mul/libc.a(lib_a-fclose.o) (__sflush_r)
/home/alex/intelFPGA_lite/18.1/nios2eds/bin/gnu/H-x86_64-pc-linux-gnu/bin/../lib/gcc/nios2-elf/5.3.0/../../../../../H-x86_64-pc-linux-gnu/nios2-elf/lib/mno-hw-mul/libc.a(lib_a-findfp.o)
                              /home/alex/intelFPGA_lite/18.1/nios2eds/bin/gnu/H-x86_64-pc-linux-gnu/bin/../lib/gcc/nios2-elf/5.3.0/../../../../../H-x86_64-pc-linux-gnu/nios2-elf/lib/mno-hw-mul/libc.a(lib_a-fclose.o) (__sinit)
/home/alex/intelFPGA_lite/18.1/nios2eds/bin/gnu/H-x86_64-pc-linux-gnu/bin/../lib/gcc/nios2-elf/5.3.0/../../../../../H-x86_64-pc-linux-gnu/nios2-elf/lib/mno-hw-mul/libc.a(lib_a-fopen.o)
                              obj/default/main.o (fopen)
/home/alex/intelFPGA_lite/18.1/nios2eds/bin/gnu/H-x86_64-pc-linux-gnu/bin/../lib/gcc/nios2-elf/5.3.0/../../../../../H-x86_64-pc-linux-gnu/nios2-elf/lib/mno-hw-mul/libc.a(lib_a-freer.o)
                              /home/alex/intelFPGA_lite/18.1/nios2eds/bin/gnu/H-x86_64-pc-linux-gnu/bin/../lib/gcc/nios2-elf/5.3.0/../../../../../H-x86_64-pc-linux-gnu/nios2-elf/lib/mno-hw-mul/libc.a(lib_a-fclose.o) (_free_r)
/home/alex/intelFPGA_lite/18.1/nios2eds/bin/gnu/H-x86_64-pc-linux-gnu/bin/../lib/gcc/nios2-elf/5.3.0/../../../../../H-x86_64-pc-linux-gnu/nios2-elf/lib/mno-hw-mul/libc.a(lib_a-fseek.o)
                              /home/alex/intelFPGA_lite/18.1/nios2eds/bin/gnu/H-x86_64-pc-linux-gnu/bin/../lib/gcc/nios2-elf/5.3.0/../../../../../H-x86_64-pc-linux-gnu/nios2-elf/lib/mno-hw-mul/libc.a(lib_a-fopen.o) (_fseek_r)
[...]
Memory Configuration

Name             Origin             Length             Attributes
cfi_flash        0x0000000001800000 0x0000000000800000
reset            0x0000000002040000 0x0000000000000020
onchip_memory2   0x0000000002040020 0x000000000003ffe0
sdram_controller 0x0000000010000000 0x0000000008000000
*default*        0x0000000000000000 0xffffffffffffffff

Linker script and memory map

LOAD ../DE2_115_SD_CARD_bsp//obj/HAL/src/crt0.o
LOAD obj/default/main.o
LOAD obj/default/terasic_fat/FatFileSystem.o
LOAD obj/default/terasic_fat/FatInternal.o
LOAD obj/default/terasic_lib/debug.o
LOAD obj/default/terasic_sdcard/crc16.o
LOAD obj/default/terasic_sdcard/crc7.o
LOAD obj/default/terasic_sdcard/sd_hal.o
LOAD obj/default/terasic_sdcard/sd_lib.o
LOAD obj/default/terasic_sdcard/sd_protocol.o
LOAD /home/alex/intelFPGA_lite/18.1/nios2eds/bin/gnu/H-x86_64-pc-linux-gnu/bin/../lib/gcc/nios2-elf/5.3.0/../../../../../H-x86_64-pc-linux-gnu/nios2-elf/lib/mno-hw-mul/libstdc++.a
LOAD /home/alex/intelFPGA_lite/18.1/nios2eds/bin/gnu/H-x86_64-pc-linux-gnu/bin/../lib/gcc/nios2-elf/5.3.0/../../../../../H-x86_64-pc-linux-gnu/nios2-elf/lib/mno-hw-mul/libm.a
LOAD /home/alex/intelFPGA_lite/18.1/nios2eds/bin/gnu/H-x86_64-pc-linux-gnu/bin/../lib/gcc/nios2-elf/5.3.0/mno-hw-mul/libgcc.a
START GROUP
LOAD /home/alex/intelFPGA_lite/18.1/nios2eds/bin/gnu/H-x86_64-pc-linux-gnu/bin/../lib/gcc/nios2-elf/5.3.0/../../../../../H-x86_64-pc-linux-gnu/nios2-elf/lib/mno-hw-mul/libc.a
LOAD /home/alex/intelFPGA_lite/18.1/nios2eds/bin/gnu/H-x86_64-pc-linux-gnu/bin/../lib/gcc/nios2-elf/5.3.0/mno-hw-mul/libgcc.a
LOAD ../DE2_115_SD_CARD_bsp//libhal_bsp.a
LOAD /home/alex/intelFPGA_lite/18.1/nios2eds/bin/gnu/H-x86_64-pc-linux-gnu/bin/../lib/gcc/nios2-elf/5.3.0/../../../../../H-x86_64-pc-linux-gnu/nios2-elf/lib/mno-hw-mul/libm.a
END GROUP
LOAD /home/alex/intelFPGA_lite/18.1/nios2eds/bin/gnu/H-x86_64-pc-linux-gnu/bin/../lib/gcc/nios2-elf/5.3.0/mno-hw-mul/libgcc.a
                0x0000000001800000                __alt_mem_cfi_flash = 0x1800000
                0x0000000002040000                __alt_mem_onchip_memory2 = 0x2040000
                0x0000000010000000                __alt_mem_sdram_controller = 0x10000000

.entry          0x0000000002040000       0x20
 *(.entry)
 .entry         0x0000000002040000       0x20 ../DE2_115_SD_CARD_bsp//obj/HAL/src/crt0.o
                0x0000000002040000                __reset

.exceptions     0x0000000002040020      0x210 load address 0x0000000010000000
                0x0000000002040020                PROVIDE (__ram_exceptions_start, ABSOLUTE (.))
                0x0000000002040020                . = ALIGN (0x20)
 *(.irq)
 *(.exceptions.entry.label)
 .exceptions.entry.label
                0x0000000002040020        0x0 ../DE2_115_SD_CARD_bsp//libhal_bsp.a(alt_irq_entry.o)
                0x0000000002040020                alt_irq_entry
 .exceptions.entry.label
                0x0000000002040020        0x0 ../DE2_115_SD_CARD_bsp//libhal_bsp.a(alt_exception_entry.o)
                0x0000000002040020                alt_exception
 *(.exceptions.entry.user)
 *(.exceptions.entry.ecc_fatal)
 *(.exceptions.entry)
 .exceptions.entry
                0x0000000002040020       0x54 ../DE2_115_SD_CARD_bsp//libhal_bsp.a(alt_exception_entry.o)
 *(.exceptions.irqtest.user)
 *(.exceptions.irqtest)
 .exceptions.irqtest
                0x0000000002040074       0x10 ../DE2_115_SD_CARD_bsp//libhal_bsp.a(alt_irq_entry.o)
 *(.exceptions.irqhandler.user)
 *(.exceptions.irqhandler)
 .exceptions.irqhandler
                0x0000000002040084        0x4 ../DE2_115_SD_CARD_bsp//libhal_bsp.a(alt_irq_entry.o)
 *(.exceptions.irqreturn.user)
 *(.exceptions.irqreturn)
 .exceptions.irqreturn
                0x0000000002040088        0x4 ../DE2_115_SD_CARD_bsp//libhal_bsp.a(alt_irq_entry.o)
 *(.exceptions.notirq.label)
 .exceptions.notirq.label
                0x000000000204008c        0x0 ../DE2_115_SD_CARD_bsp//libhal_bsp.a(alt_irq_entry.o)
 *(.exceptions.notirq.user)
 *(.exceptions.notirq)
 .exceptions.notirq
                0x000000000204008c        0x8 ../DE2_115_SD_CARD_bsp//libhal_bsp.a(alt_exception_entry.o)
 *(.exceptions.soft.user)
 *(.exceptions.soft)
 *(.exceptions.unknown.user)
 *(.exceptions.unknown)
 .exceptions.unknown
                0x0000000002040094       0x14 ../DE2_115_SD_CARD_bsp//libhal_bsp.a(alt_exception_entry.o)
 *(.exceptions.exit.label)
 .exceptions.exit.label
                0x00000000020400a8        0x0 ../DE2_115_SD_CARD_bsp//libhal_bsp.a(alt_irq_entry.o)
 .exceptions.exit.label
                0x00000000020400a8        0x0 ../DE2_115_SD_CARD_bsp//libhal_bsp.a(alt_exception_entry.o)
 *(.exceptions.exit.user)
 *(.exceptions.exit)
 .exceptions.exit
                0x00000000020400a8       0x54 ../DE2_115_SD_CARD_bsp//libhal_bsp.a(alt_exception_entry.o)
 *(.exceptions)
 .exceptions    0x00000000020400fc       0xd4 ../DE2_115_SD_CARD_bsp//libhal_bsp.a(alt_irq_handler.o)
                0x00000000020400fc                alt_irq_handler
 .exceptions    0x00000000020401d0       0x60 ../DE2_115_SD_CARD_bsp//libhal_bsp.a(alt_instruction_exception_entry.o)
                0x00000000020401d0                alt_instruction_exception_entry
                0x0000000002040230                PROVIDE (__ram_exceptions_end, ABSOLUTE (.))
                0x0000000010000000                PROVIDE (__flash_exceptions_start, LOADADDR (.exceptions))

.text           0x0000000010000210    0x1e370
                [!provide]                        PROVIDE (stext, ABSOLUTE (.))
 *(.interp)
 *(.hash)
 *(.dynsym)
 *(.dynstr)
 *(.gnu.version)
 *(.gnu.version_d)
 *(.gnu.version_r)
 *(.rel.init)
 *(.rela.init)
 *(.rel.text .rel.text.* .rel.gnu.linkonce.t.*)
 *(.rela.text .rela.text.* .rela.gnu.linkonce.t.*)
 *(.rel.fini)
 *(.rela.fini)
 *(.rel.rodata .rel.rodata.* .rel.gnu.linkonce.r.*)
 *(.rela.rodata .rela.rodata.* .rela.gnu.linkonce.r.*)
 *(.rel.data .rel.data.* .rel.gnu.linkonce.d.*)
 *(.rela.data .rela.data.* .rela.gnu.linkonce.d.*)
 *(.rel.tdata .rel.tdata.* .rel.gnu.linkonce.td.*)
 *(.rela.tdata .rela.tdata.* .rela.gnu.linkonce.td.*)
 *(.rel.tbss .rel.tbss.* .rel.gnu.linkonce.tb.*)
 *(.rela.tbss .rela.tbss.* .rela.gnu.linkonce.tb.*)
 *(.rel.ctors)
 *(.rela.ctors)
 *(.rel.dtors)
 *(.rela.dtors)
 *(.rel.got)
 *(.rela.got)
 *(.rel.sdata .rel.sdata.* .rel.gnu.linkonce.s.*)
 *(.rela.sdata .rela.sdata.* .rela.gnu.linkonce.s.*)
 *(.rel.sbss .rel.sbss.* .rel.gnu.linkonce.sb.*)
 *(.rela.sbss .rela.sbss.* .rela.gnu.linkonce.sb.*)
 *(.rel.sdata2 .rel.sdata2.* .rel.gnu.linkonce.s2.*)
 *(.rela.sdata2 .rela.sdata2.* .rela.gnu.linkonce.s2.*)
 *(.rel.sbss2 .rel.sbss2.* .rel.gnu.linkonce.sb2.*)
 *(.rela.sbss2 .rela.sbss2.* .rela.gnu.linkonce.sb2.*)
 *(.rel.bss .rel.bss.* .rel.gnu.linkonce.b.*)
 *(.rela.bss .rela.bss.* .rela.gnu.linkonce.b.*)
 *(.rel.plt)
 *(.rela.plt)
 *(.rel.dyn)
 *(.init)
 *(.plt)
 *(.text .stub .text.* .gnu.linkonce.t.*)
 .text          0x0000000010000210       0x3c ../DE2_115_SD_CARD_bsp//obj/HAL/src/crt0.o
                0x0000000010000210                _start
 .text          0x000000001000024c      0xc60 obj/default/main.o
                0x000000001000024c                LCD_Open
                0x000000001000029c                LCD_TextOut
                0x00000000100002fc                LCD_Clear
                0x000000001000037c                LCD_Close
                0x00000000100003bc                substring
                0x000000001000047c                selectionList
                0x0000000010000698                Fat_Test
                0x0000000010000d04                main
 .text          0x0000000010000eac     0x120c obj/default/terasic_fat/FatFileSystem.o
                0x0000000010000eac                Fat_Mount
                0x0000000010000ef0                Fat_Unmount
                0x0000000010000f40                Fat_Type
                0x0000000010000fac                Fat_FileBrowseBegin
                0x0000000010001018                Fat_FileBrowseNext
                0x0000000010001444                Fat_FileCount
                0x00000000100014b0                fatSameLongFilename
                0x0000000010001548                fatComposeShortFilename
                0x00000000100016fc                Fat_FileExist
                0x00000000100017ac                Fat_FileOpen
                0x00000000100018d8                Fat_FileSize
                0x000000001000191c                Fat_FileRead
                0x0000000010001da0                Fat_FileSeek
                0x0000000010001ea0                Fat_FileClose
                0x0000000010001ee8                Fat_SpeedTest
 .text          0x00000000100020b8     0x1198 obj/default/terasic_fat/FatInternal.o
                0x00000000100020b8                fat16ClusterType
                0x0000000010002168                fat32ClusterType
                0x0000000010002234                fatNextCluster
                0x00000000100023b4                fatFindUnusedCluster
                0x000000001000253c                fatDelClusterList
                0x0000000010002734                fatDumpDate
                0x0000000010002794                fatDumpTime
                0x00000000100027f4                fatIsLastDir
                0x0000000010002838                fatIsValidDir
                0x00000000100028e4                fatIsUnusedDir
                0x000000001000292c                fatDump
                0x0000000010002ad8                fatArray2Value
                0x0000000010002b60                fatReadSecter
                0x0000000010002bf0                fatFindDirectory
                0x0000000010002c9c                fatFindUnusedDirectory
                0x0000000010002dac                fatMount
                0x00000000100030e4                SD_ReadBlock512
                0x0000000010003120                SD_WriteBlock512
                0x000000001000315c                fatMountSdcard
 .text          0x0000000010003250      0x1b8 obj/default/terasic_lib/debug.o
                0x0000000010003250                debug_output
                0x0000000010003284                myprintf
                0x00000000100032f0                myprintf_hexarray
                0x0000000010003378                myprintf_dwordarray
 .text          0x0000000010003408       0xa4 obj/default/terasic_sdcard/crc16.o
                0x0000000010003408                crc16
 .text          0x00000000100034ac       0xc0 obj/default/terasic_sdcard/crc7.o
                0x00000000100034ac                crc7_byte
                0x00000000100034fc                crc7
 .text          0x000000001000356c      0x9f0 obj/default/terasic_sdcard/sd_hal.o
                0x000000001000356c                SDHAL_IsSupport4Bits
                0x0000000010003598                SDHAL_Init
                0x00000000100035f4                SDHAL_SendCmd
                0x00000000100036d8                SDHAL_GetResponse
                0x00000000100038c4                SDHAL_ReadData
                0x0000000010003d58                SDHAL_WriteData
                0x0000000010003f00                SDHAL_DummyClock
 .text          0x0000000010003f5c      0x41c obj/default/terasic_sdcard/sd_lib.o
                0x0000000010003f5c                SDLIB_Init
                0x0000000010004278                SDLIB_ReadBlock512
                0x00000000100042f8                SDLIB_WriteBlock512
 .text          0x0000000010004378     0x16bc obj/default/terasic_sdcard/sd_protocol.o
                0x0000000010004378                SD_Init
                0x00000000100043a4                SD_IsSupport4Bits
                0x00000000100043cc                SD_CMD0
                0x0000000010004458                SD_CMD8
                0x00000000100045e4                SD_CMD55
                0x0000000010004764                SD_ACMD41
                0x0000000010004900                SD_CMD2
                0x0000000010004a98                SD_CMD3
                0x0000000010004c34                SD_CMD9
                0x0000000010004dfc                SD_CMD10
                0x0000000010004fc4                SD_CMD7
                0x0000000010005144                SD_CMD16
                0x00000000100052e4                SD_ACMD6
                0x0000000010005470                SD_ACMD42
                0x00000000100055f0                SD_CMD17
                0x0000000010005798                SD_CMD24
                0x0000000010005940                SD_ReadData
                0x0000000010005980                SD_WriteData
                0x00000000100059c0                ArrayToU32
 .text          0x0000000010005a34      0x10c /home/alex/intelFPGA_lite/18.1/nios2eds/bin/gnu/H-x86_64-pc-linux-gnu/bin/../lib/gcc/nios2-elf/5.3.0/mno-hw-mul/libgcc.a(_muldi3.o)
                0x0000000010005a34                __muldi3
 .text          0x0000000010005b40      0x1b4 /home/alex/intelFPGA_lite/18.1/nios2eds/bin/gnu/H-x86_64-pc-linux-gnu/bin/../lib/gcc/nios2-elf/5.3.0/mno-hw-mul/libgcc.a(lib2-divmod.o)
                0x0000000010005b40                __divsi3
                0x0000000010005bc4                __modsi3
                0x0000000010005c38                __udivsi3
                0x0000000010005c9c                __umodsi3
 .text          0x0000000010005cf4       0x28 /home/alex/intelFPGA_lite/18.1/nios2eds/bin/gnu/H-x86_64-pc-linux-gnu/bin/../lib/gcc/nios2-elf/5.3.0/mno-hw-mul/libgcc.a(lib2-mul.o)
                0x0000000010005cf4                __mulsi3
 .text          0x0000000010005d1c      0x440 /home/alex/intelFPGA_lite/18.1/nios2eds/bin/gnu/H-x86_64-pc-linux-gnu/bin/../lib/gcc/nios2-elf/5.3.0/mno-hw-mul/libgcc.a(divsf3.o)
                0x0000000010005d1c                __divsf3
 .text          0x000000001000615c      0x430 /home/alex/intelFPGA_lite/18.1/nios2eds/bin/gnu/H-x86_64-pc-linux-gnu/bin/../lib/gcc/nios2-elf/5.3.0/mno-hw-mul/libgcc.a(mulsf3.o)
                0x000000001000615c                __mulsf3
 .text          0x000000001000658c       0xf0 /home/alex/intelFPGA_lite/18.1/nios2eds/bin/gnu/H-x86_64-pc-linux-gnu/bin/../lib/gcc/nios2-elf/5.3.0/mno-hw-mul/libgcc.a(floatunsisf.o)
                0x000000001000658c                __floatunsisf
 .text          0x000000001000667c      0x9d0 /home/alex/intelFPGA_lite/18.1/nios2eds/bin/gnu/H-x86_64-pc-linux-gnu/bin/../lib/gcc/nios2-elf/5.3.0/mno-hw-mul/libgcc.a(divdf3.o)
                0x000000001000667c                __divdf3
 .text          0x000000001000704c      0x110 /home/alex/intelFPGA_lite/18.1/nios2eds/bin/gnu/H-x86_64-pc-linux-gnu/bin/../lib/gcc/nios2-elf/5.3.0/mno-hw-mul/libgcc.a(extendsfdf2.o)
                0x000000001000704c                __extendsfdf2
 .text          0x000000001000715c      0x1a8 /home/alex/intelFPGA_lite/18.1/nios2eds/bin/gnu/H-x86_64-pc-linux-gnu/bin/../lib/gcc/nios2-elf/5.3.0/mno-hw-mul/libgcc.a(truncdfsf2.o)
                0x000000001000715c                __truncdfsf2
 .text          0x0000000010007304       0x64 /home/alex/intelFPGA_lite/18.1/nios2eds/bin/gnu/H-x86_64-pc-linux-gnu/bin/../lib/gcc/nios2-elf/5.3.0/mno-hw-mul/libgcc.a(_clzsi2.o)
                0x0000000010007304                __clzsi2
 .text          0x0000000010007368        0x0 /home/alex/intelFPGA_lite/18.1/nios2eds/bin/gnu/H-x86_64-pc-linux-gnu/bin/../lib/gcc/nios2-elf/5.3.0/mno-hw-mul/libgcc.a(_clz.o)
 .text          0x0000000010007368        0x0 /home/alex/intelFPGA_lite/18.1/nios2eds/bin/gnu/H-x86_64-pc-linux-gnu/bin/../lib/gcc/nios2-elf/5.3.0/../../../../../H-x86_64-pc-linux-gnu/nios2-elf/lib/mno-hw-mul/libc.a(lib_a-exit.o)
 .text.exit     0x0000000010007368       0x38 /home/alex/intelFPGA_lite/18.1/nios2eds/bin/gnu/H-x86_64-pc-linux-gnu/bin/../lib/gcc/nios2-elf/5.3.0/../../../../../H-x86_64-pc-linux-gnu/nios2-elf/lib/mno-hw-mul/libc.a(lib_a-exit.o)
                0x0000000010007368                exit
 .text          0x00000000100073a0        0x0 /home/alex/intelFPGA_lite/18.1/nios2eds/bin/gnu/H-x86_64-pc-linux-gnu/bin/../lib/gcc/nios2-elf/5.3.0/../../../../../H-x86_64-pc-linux-gnu/nios2-elf/lib/mno-hw-mul/libc.a(lib_a-fclose.o)
 .text._fclose_r
                0x00000000100073a0       0xf0 /home/alex/intelFPGA_lite/18.1/nios2eds/bin/gnu/H-x86_64-pc-linux-gnu/bin/../lib/gcc/nios2-elf/5.3.0/../../../../../H-x86_64-pc-linux-gnu/nios2-elf/lib/mno-hw-mul/libc.a(lib_a-fclose.o)
                0x00000000100073a0                _fclose_r
 .text.fclose   0x0000000010007490       0x14 /home/alex/intelFPGA_lite/18.1/nios2eds/bin/gnu/H-x86_64-pc-linux-gnu/bin/../lib/gcc/nios2-elf/5.3.0/../../../../../H-x86_64-pc-linux-gnu/nios2-elf/lib/mno-hw-mul/libc.a(lib_a-fclose.o)
                0x0000000010007490                fclose
 .text          0x00000000100074a4        0x0 /home/alex/intelFPGA_lite/18.1/nios2eds/bin/gnu/H-x86_64-pc-linux-gnu/bin/../lib/gcc/nios2-elf/5.3.0/../../../../../H-x86_64-pc-linux-gnu/nios2-elf/lib/mno-hw-mul/libc.a(lib_a-fflush.o)
 .text.__sflush_r
                0x00000000100074a4      0x21c /home/alex/intelFPGA_lite/18.1/nios2eds/bin/gnu/H-x86_64-pc-linux-gnu/bin/../lib/gcc/nios2-elf/5.3.0/../../../../../H-x86_64-pc-linux-gnu/nios2-elf/lib/mno-hw-mul/libc.a(lib_a-fflush.o)
                0x00000000100074a4                __sflush_r
 .text._fflush_r
                0x00000000100076c0       0x5c /home/alex/intelFPGA_lite/18.1/nios2eds/bin/gnu/H-x86_64-pc-linux-gnu/bin/../lib/gcc/nios2-elf/5.3.0/../../../../../H-x86_64-pc-linux-gnu/nios2-elf/lib/mno-hw-mul/libc.a(lib_a-fflush.o)
                0x00000000100076c0                _fflush_r
 .text.fflush   0x000000001000771c       0x30 /home/alex/intelFPGA_lite/18.1/nios2eds/bin/gnu/H-x86_64-pc-linux-gnu/bin/../lib/gcc/nios2-elf/5.3.0/../../../../../H-x86_64-pc-linux-gnu/nios2-elf/lib/mno-hw-mul/libc.a(lib_a-fflush.o)
                0x000000001000771c                fflush
 .text          0x000000001000774c        0x0 /home/alex/intelFPGA_lite/18.1/nios2eds/bin/gnu/H-x86_64-pc-linux-gnu/bin/../lib/gcc/nios2-elf/5.3.0/../../../../../H-x86_64-pc-linux-gnu/nios2-elf/lib/mno-hw-mul/libc.a(lib_a-findfp.o)
 .text.__fp_unlock
                0x000000001000774c        0x8 /home/alex/intelFPGA_lite/18.1/nios2eds/bin/gnu/H-x86_64-pc-linux-gnu/bin/../lib/gcc/nios2-elf/5.3.0/../../../../../H-x86_64-pc-linux-gnu/nios2-elf/lib/mno-hw-mul/libc.a(lib_a-findfp.o)
 .text._cleanup_r
                0x0000000010007754        0xc /home/alex/intelFPGA_lite/18.1/nios2eds/bin/gnu/H-x86_64-pc-linux-gnu/bin/../lib/gcc/nios2-elf/5.3.0/../../../../../H-x86_64-pc-linux-gnu/nios2-elf/lib/mno-hw-mul/libc.a(lib_a-findfp.o)
                0x0000000010007754                _cleanup_r
 .text.__sinit.part.1
                0x0000000010007760      0x19c /home/alex/intelFPGA_lite/18.1/nios2eds/bin/gnu/H-x86_64-pc-linux-gnu/bin/../lib/gcc/nios2-elf/5.3.0/../../../../../H-x86_64-pc-linux-gnu/nios2-elf/lib/mno-hw-mul/libc.a(lib_a-findfp.o)
 .text.__fp_lock
                0x00000000100078fc        0x8 /home/alex/intelFPGA_lite/18.1/nios2eds/bin/gnu/H-x86_64-pc-linux-gnu/bin/../lib/gcc/nios2-elf/5.3.0/../../../../../H-x86_64-pc-linux-gnu/nios2-elf/lib/mno-hw-mul/libc.a(lib_a-findfp.o)
 .text.__sfmoreglue
                0x0000000010007904       0x78 /home/alex/intelFPGA_lite/18.1/nios2eds/bin/gnu/H-x86_64-pc-linux-gnu/bin/../lib/gcc/nios2-elf/5.3.0/../../../../../H-x86_64-pc-linux-gnu/nios2-elf/lib/mno-hw-mul/libc.a(lib_a-findfp.o)
                0x0000000010007904                __sfmoreglue
 .text.__sfp    0x000000001000797c      0x118 /home/alex/intelFPGA_lite/18.1/nios2eds/bin/gnu/H-x86_64-pc-linux-gnu/bin/../lib/gcc/nios2-elf/5.3.0/../../../../../H-x86_64-pc-linux-gnu/nios2-elf/lib/mno-hw-mul/libc.a(lib_a-findfp.o)
                0x000000001000797c                __sfp
 .text._cleanup
                0x0000000010007a94       0x18 /home/alex/intelFPGA_lite/18.1/nios2eds/bin/gnu/H-x86_64-pc-linux-gnu/bin/../lib/gcc/nios2-elf/5.3.0/../../../../../H-x86_64-pc-linux-gnu/nios2-elf/lib/mno-hw-mul/libc.a(lib_a-findfp.o)
                0x0000000010007a94                _cleanup
 .text.__sinit  0x0000000010007aac       0x10 /home/alex/intelFPGA_lite/18.1/nios2eds/bin/gnu/H-x86_64-pc-linux-gnu/bin/../lib/gcc/nios2-elf/5.3.0/../../../../../H-x86_64-pc-linux-gnu/nios2-elf/lib/mno-hw-mul/libc.a(lib_a-findfp.o)
                0x0000000010007aac                __sinit
 .text.__sfp_lock_acquire
                0x0000000010007abc        0x4 /home/alex/intelFPGA_lite/18.1/nios2eds/bin/gnu/H-x86_64-pc-linux-gnu/bin/../lib/gcc/nios2-elf/5.3.0/../../../../../H-x86_64-pc-linux-gnu/nios2-elf/lib/mno-hw-mul/libc.a(lib_a-findfp.o)
                0x0000000010007abc                __sfp_lock_acquire
 .text.__sfp_lock_release
                0x0000000010007ac0        0x4 /home/alex/intelFPGA_lite/18.1/nios2eds/bin/gnu/H-x86_64-pc-linux-gnu/bin/../lib/gcc/nios2-elf/5.3.0/../../../../../H-x86_64-pc-linux-gnu/nios2-elf/lib/mno-hw-mul/libc.a(lib_a-findfp.o)
                0x0000000010007ac0                __sfp_lock_release
 .text.__sinit_lock_acquire
                0x0000000010007ac4        0x4 /home/alex/intelFPGA_lite/18.1/nios2eds/bin/gnu/H-x86_64-pc-linux-gnu/bin/../lib/gcc/nios2-elf/5.3.0/../../../../../H-x86_64-pc-linux-gnu/nios2-elf/lib/mno-hw-mul/libc.a(lib_a-findfp.o)
                0x0000000010007ac4                __sinit_lock_acquire
 .text.__sinit_lock_release
                0x0000000010007ac8        0x4 /home/alex/intelFPGA_lite/18.1/nios2eds/bin/gnu/H-x86_64-pc-linux-gnu/bin/../lib/gcc/nios2-elf/5.3.0/../../../../../H-x86_64-pc-linux-gnu/nios2-elf/lib/mno-hw-mul/libc.a(lib_a-findfp.o)
                0x0000000010007ac8                __sinit_lock_release
 .text.__fp_lock_all
                0x0000000010007acc       0x18 /home/alex/intelFPGA_lite/18.1/nios2eds/bin/gnu/H-x86_64-pc-linux-gnu/bin/../lib/gcc/nios2-elf/5.3.0/../../../../../H-x86_64-pc-linux-gnu/nios2-elf/lib/mno-hw-mul/libc.a(lib_a-findfp.o)
                0x0000000010007acc                __fp_lock_all
 .text.__fp_unlock_all
                0x0000000010007ae4       0x18 /home/alex/intelFPGA_lite/18.1/nios2eds/bin/gnu/H-x86_64-pc-linux-gnu/bin/../lib/gcc/nios2-elf/5.3.0/../../../../../H-x86_64-pc-linux-gnu/nios2-elf/lib/mno-hw-mul/libc.a(lib_a-findfp.o)
                0x0000000010007ae4                __fp_unlock_all
 .text          0x0000000010007afc        0x0 /home/alex/intelFPGA_lite/18.1/nios2eds/bin/gnu/H-x86_64-pc-linux-gnu/bin/../lib/gcc/nios2-elf/5.3.0/../../../../../H-x86_64-pc-linux-gnu/nios2-elf/lib/mno-hw-mul/libc.a(lib_a-fopen.o)
 .text._fopen_r
                0x0000000010007afc       0xf4 /home/alex/intelFPGA_lite/18.1/nios2eds/bin/gnu/H-x86_64-pc-linux-gnu/bin/../lib/gcc/nios2-elf/5.3.0/../../../../../H-x86_64-pc-linux-gnu/nios2-elf/lib/mno-hw-mul/libc.a(lib_a-fopen.o)
                0x0000000010007afc                _fopen_r
 .text.fopen    0x0000000010007bf0       0x18 /home/alex/intelFPGA_lite/18.1/nios2eds/bin/gnu/H-x86_64-pc-linux-gnu/bin/../lib/gcc/nios2-elf/5.3.0/../../../../../H-x86_64-pc-linux-gnu/nios2-elf/lib/mno-hw-mul/libc.a(lib_a-fopen.o)
                0x0000000010007bf0                fopen
 .text          0x0000000010007c08        0x0 /home/alex/intelFPGA_lite/18.1/nios2eds/bin/gnu/H-x86_64-pc-linux-gnu/bin/../lib/gcc/nios2-elf/5.3.0/../../../../../H-x86_64-pc-linux-gnu/nios2-elf/lib/mno-hw-mul/libc.a(lib_a-freer.o)
 .text._malloc_trim_r
                0x0000000010007c08      0x124 /home/alex/intelFPGA_lite/18.1/nios2eds/bin/gnu/H-x86_64-pc-linux-gnu/bin/../lib/gcc/nios2-elf/5.3.0/../../../../../H-x86_64-pc-linux-gnu/nios2-elf/lib/mno-hw-mul/libc.a(lib_a-freer.o)
                0x0000000010007c08                _malloc_trim_r
 .text._free_r  0x0000000010007d2c      0x310 /home/alex/intelFPGA_lite/18.1/nios2eds/bin/gnu/H-x86_64-pc-linux-gnu/bin/../lib/gcc/nios2-elf/5.3.0/../../../../../H-x86_64-pc-linux-gnu/nios2-elf/lib/mno-hw-mul/libc.a(lib_a-freer.o)
                0x0000000010007d2c                _free_r
 .text          0x000000001000803c        0x0 /home/alex/intelFPGA_lite/18.1/nios2eds/bin/gnu/H-x86_64-pc-linux-gnu/bin/../lib/gcc/nios2-elf/5.3.0/../../../../../H-x86_64-pc-linux-gnu/nios2-elf/lib/mno-hw-mul/libc.a(lib_a-fseek.o)
 .text._fseek_r
                0x000000001000803c        0x4 /home/alex/intelFPGA_lite/18.1/nios2eds/bin/gnu/H-x86_64-pc-linux-gnu/bin/../lib/gcc/nios2-elf/5.3.0/../../../../../H-x86_64-pc-linux-gnu/nios2-elf/lib/mno-hw-mul/libc.a(lib_a-fseek.o)
                0x000000001000803c                _fseek_r
 .text.fseek    0x0000000010008040       0x1c /home/alex/intelFPGA_lite/18.1/nios2eds/bin/gnu/H-x86_64-pc-linux-gnu/bin/../lib/gcc/nios2-elf/5.3.0/../../../../../H-x86_64-pc-linux-gnu/nios2-elf/lib/mno-hw-mul/libc.a(lib_a-fseek.o)
                0x0000000010008040                fseek
 .text          0x000000001000805c        0x0 /home/alex/intelFPGA_lite/18.1/nios2eds/bin/gnu/H-x86_64-pc-linux-gnu/bin/../lib/gcc/nios2-elf/5.3.0/../../../../../H-x86_64-pc-linux-gnu/nios2-elf/lib/mno-hw-mul/libc.a(lib_a-fseeko.o)
 .text._fseeko_r
                0x000000001000805c      0x444 /home/alex/intelFPGA_lite/18.1/nios2eds/bin/gnu/H-x86_64-pc-linux-gnu/bin/../lib/gcc/nios2-elf/5.3.0/../../../../../H-x86_64-pc-linux-gnu/nios2-elf/lib/mno-hw-mul/libc.a(lib_a-fseeko.o)
                0x000000001000805c                _fseeko_r
 .text.fseeko   0x00000000100084a0       0x1c /home/alex/intelFPGA_lite/18.1/nios2eds/bin/gnu/H-x86_64-pc-linux-gnu/bin/../lib/gcc/nios2-elf/5.3.0/../../../../../H-x86_64-pc-linux-gnu/nios2-elf/lib/mno-hw-mul/libc.a(lib_a-fseeko.o)
                0x00000000100084a0                fseeko
 .text          0x00000000100084bc        0x0 /home/alex/intelFPGA_lite/18.1/nios2eds/bin/gnu/H-x86_64-pc-linux-gnu/bin/../lib/gcc/nios2-elf/5.3.0/../../../../../H-x86_64-pc-linux-gnu/nios2-elf/lib/mno-hw-mul/libc.a(lib_a-fstatr.o)
 .text._fstat_r
                0x00000000100084bc       0x5c /home/alex/intelFPGA_lite/18.1/nios2eds/bin/gnu/H-x86_64-pc-linux-gnu/bin/../lib/gcc/nios2-elf/5.3.0/../../../../../H-x86_64-pc-linux-gnu/nios2-elf/lib/mno-hw-mul/libc.a(lib_a-fstatr.o)
                0x00000000100084bc                _fstat_r
 .text          0x0000000010008518        0x0 /home/alex/intelFPGA_lite/18.1/nios2eds/bin/gnu/H-x86_64-pc-linux-gnu/bin/../lib/gcc/nios2-elf/5.3.0/../../../../../H-x86_64-pc-linux-gnu/nios2-elf/lib/mno-hw-mul/libc.a(lib_a-fwalk.o)
 .text._fwalk   0x0000000010008518       0xc4 /home/alex/intelFPGA_lite/18.1/nios2eds/bin/gnu/H-x86_64-pc-linux-gnu/bin/../lib/gcc/nios2-elf/5.3.0/../../../../../H-x86_64-pc-linux-gnu/nios2-elf/lib/mno-hw-mul/libc.a(lib_a-fwalk.o)
                0x0000000010008518                _fwalk
 .text._fwalk_reent
                0x00000000100085dc       0xc4 /home/alex/intelFPGA_lite/18.1/nios2eds/bin/gnu/H-x86_64-pc-linux-gnu/bin/../lib/gcc/nios2-elf/5.3.0/../../../../../H-x86_64-pc-linux-gnu/nios2-elf/lib/mno-hw-mul/libc.a(lib_a-fwalk.o)
                0x00000000100085dc                _fwalk_reent
 .text          0x00000000100086a0        0x0 /home/alex/intelFPGA_lite/18.1/nios2eds/bin/gnu/H-x86_64-pc-linux-gnu/bin/../lib/gcc/nios2-elf/5.3.0/../../../../../H-x86_64-pc-linux-gnu/nios2-elf/lib/mno-hw-mul/libc.a(lib_a-fwrite.o)
 .text._fwrite_r
                0x00000000100086a0       0xdc /home/alex/intelFPGA_lite/18.1/nios2eds/bin/gnu/H-x86_64-pc-linux-gnu/bin/../lib/gcc/nios2-elf/5.3.0/../../../../../H-x86_64-pc-linux-gnu/nios2-elf/lib/mno-hw-mul/libc.a(lib_a-fwrite.o)
                0x00000000100086a0                _fwrite_r
 .text.fwrite   0x000000001000877c       0x34 /home/alex/intelFPGA_lite/18.1/nios2eds/bin/gnu/H-x86_64-pc-linux-gnu/bin/../lib/gcc/nios2-elf/5.3.0/../../../../../H-x86_64-pc-linux-gnu/nios2-elf/lib/mno-hw-mul/libc.a(lib_a-fwrite.o)
                0x000000001000877c                fwrite
 .text          0x00000000100087b0        0x0 /home/alex/intelFPGA_lite/18.1/nios2eds/bin/gnu/H-x86_64-pc-linux-gnu/bin/../lib/gcc/nios2-elf/5.3.0/../../../../../H-x86_64-pc-linux-gnu/nios2-elf/lib/mno-hw-mul/libc.a(lib_a-impure.o)
 .text          0x00000000100087b0        0x0 /home/alex/intelFPGA_lite/18.1/nios2eds/bin/gnu/H-x86_64-pc-linux-gnu/bin/../lib/gcc/nios2-elf/5.3.0/../../../../../H-x86_64-pc-linux-gnu/nios2-elf/lib/mno-hw-mul/libc.a(lib_a-int_errno.o)
 .text          0x00000000100087b0        0x0 /home/alex/intelFPGA_lite/18.1/nios2eds/bin/gnu/H-x86_64-pc-linux-gnu/bin/../lib/gcc/nios2-elf/5.3.0/../../../../../H-x86_64-pc-linux-gnu/nios2-elf/lib/mno-hw-mul/libc.a(lib_a-makebuf.o)
 .text.__smakebuf_r
                0x00000000100087b0      0x1bc /home/alex/intelFPGA_lite/18.1/nios2eds/bin/gnu/H-x86_64-pc-linux-gnu/bin/../lib/gcc/nios2-elf/5.3.0/../../../../../H-x86_64-pc-linux-gnu/nios2-elf/lib/mno-hw-mul/libc.a(lib_a-makebuf.o)
                0x00000000100087b0                __smakebuf_r
 .text          0x000000001000896c        0x0 /home/alex/intelFPGA_lite/18.1/nios2eds/bin/gnu/H-x86_64-pc-linux-gnu/bin/../lib/gcc/nios2-elf/5.3.0/../../../../../H-x86_64-pc-linux-gnu/nios2-elf/lib/mno-hw-mul/libc.a(lib_a-malloc.o)
 .text.malloc   0x000000001000896c       0x14 /home/alex/intelFPGA_lite/18.1/nios2eds/bin/gnu/H-x86_64-pc-linux-gnu/bin/../lib/gcc/nios2-elf/5.3.0/../../../../../H-x86_64-pc-linux-gnu/nios2-elf/lib/mno-hw-mul/libc.a(lib_a-malloc.o)
                0x000000001000896c                malloc
 .text.free     0x0000000010008980       0x14 /home/alex/intelFPGA_lite/18.1/nios2eds/bin/gnu/H-x86_64-pc-linux-gnu/bin/../lib/gcc/nios2-elf/5.3.0/../../../../../H-x86_64-pc-linux-gnu/nios2-elf/lib/mno-hw-mul/libc.a(lib_a-malloc.o)
                0x0000000010008980                free
 .text          0x0000000010008994        0x0 /home/alex/intelFPGA_lite/18.1/nios2eds/bin/gnu/H-x86_64-pc-linux-gnu/bin/../lib/gcc/nios2-elf/5.3.0/../../../../../H-x86_64-pc-linux-gnu/nios2-elf/lib/mno-hw-mul/libc.a(lib_a-mallocr.o)
 .text._malloc_r
                0x0000000010008994      0x80c /home/alex/intelFPGA_lite/18.1/nios2eds/bin/gnu/H-x86_64-pc-linux-gnu/bin/../lib/gcc/nios2-elf/5.3.0/../../../../../H-x86_64-pc-linux-gnu/nios2-elf/lib/mno-hw-mul/libc.a(lib_a-mallocr.o)
                0x0000000010008994                _malloc_r
 .text          0x00000000100091a0        0x0 /home/alex/intelFPGA_lite/18.1/nios2eds/bin/gnu/H-x86_64-pc-linux-gnu/bin/../lib/gcc/nios2-elf/5.3.0/../../../../../H-x86_64-pc-linux-gnu/nios2-elf/lib/mno-hw-mul/libc.a(lib_a-memcpy.o)
 .text.memcpy   0x00000000100091a0      0x148 /home/alex/intelFPGA_lite/18.1/nios2eds/bin/gnu/H-x86_64-pc-linux-gnu/bin/../lib/gcc/nios2-elf/5.3.0/../../../../../H-x86_64-pc-linux-gnu/nios2-elf/lib/mno-hw-mul/libc.a(lib_a-memcpy.o)
                0x00000000100091a0                memcpy
 .text          0x00000000100092e8        0x0 /home/alex/intelFPGA_lite/18.1/nios2eds/bin/gnu/H-x86_64-pc-linux-gnu/bin/../lib/gcc/nios2-elf/5.3.0/../../../../../H-x86_64-pc-linux-gnu/nios2-elf/lib/mno-hw-mul/libc.a(lib_a-memset.o)
 .text.memset   0x00000000100092e8      0x128 /home/alex/intelFPGA_lite/18.1/nios2eds/bin/gnu/H-x86_64-pc-linux-gnu/bin/../lib/gcc/nios2-elf/5.3.0/../../../../../H-x86_64-pc-linux-gnu/nios2-elf/lib/mno-hw-mul/libc.a(lib_a-memset.o)
                0x00000000100092e8                memset
 .text          0x0000000010009410        0x0 /home/alex/intelFPGA_lite/18.1/nios2eds/bin/gnu/H-x86_64-pc-linux-gnu/bin/../lib/gcc/nios2-elf/5.3.0/../../../../../H-x86_64-pc-linux-gnu/nios2-elf/lib/mno-hw-mul/libc.a(lib_a-openr.o)
 .text._open_r  0x0000000010009410       0x60 /home/alex/intelFPGA_lite/18.1/nios2eds/bin/gnu/H-x86_64-pc-linux-gnu/bin/../lib/gcc/nios2-elf/5.3.0/../../../../../H-x86_64-pc-linux-gnu/nios2-elf/lib/mno-hw-mul/libc.a(lib_a-openr.o)
                0x0000000010009410                _open_r
 .text          0x0000000010009470        0x0 /home/alex/intelFPGA_lite/18.1/nios2eds/bin/gnu/H-x86_64-pc-linux-gnu/bin/../lib/gcc/nios2-elf/5.3.0/../../../../../H-x86_64-pc-linux-gnu/nios2-elf/lib/mno-hw-mul/libc.a(lib_a-printf.o)
 .text._printf_r
                0x0000000010009470       0x30 /home/alex/intelFPGA_lite/18.1/nios2eds/bin/gnu/H-x86_64-pc-linux-gnu/bin/../lib/gcc/nios2-elf/5.3.0/../../../../../H-x86_64-pc-linux-gnu/nios2-elf/lib/mno-hw-mul/libc.a(lib_a-printf.o)
                0x0000000010009470                _printf_r
 .text.printf   0x00000000100094a0       0x3c /home/alex/intelFPGA_lite/18.1/nios2eds/bin/gnu/H-x86_64-pc-linux-gnu/bin/../lib/gcc/nios2-elf/5.3.0/../../../../../H-x86_64-pc-linux-gnu/nios2-elf/lib/mno-hw-mul/libc.a(lib_a-printf.o)
                0x00000000100094a0                printf
 .text          0x00000000100094dc        0x0 /home/alex/intelFPGA_lite/18.1/nios2eds/bin/gnu/H-x86_64-pc-linux-gnu/bin/../lib/gcc/nios2-elf/5.3.0/../../../../../H-x86_64-pc-linux-gnu/nios2-elf/lib/mno-hw-mul/libc.a(lib_a-putchar.o)
 .text._putchar_r
                0x00000000100094dc        0x8 /home/alex/intelFPGA_lite/18.1/nios2eds/bin/gnu/H-x86_64-pc-linux-gnu/bin/../lib/gcc/nios2-elf/5.3.0/../../../../../H-x86_64-pc-linux-gnu/nios2-elf/lib/mno-hw-mul/libc.a(lib_a-putchar.o)
                0x00000000100094dc                _putchar_r
 .text.putchar  0x00000000100094e4       0x18 /home/alex/intelFPGA_lite/18.1/nios2eds/bin/gnu/H-x86_64-pc-linux-gnu/bin/../lib/gcc/nios2-elf/5.3.0/../../../../../H-x86_64-pc-linux-gnu/nios2-elf/lib/mno-hw-mul/libc.a(lib_a-putchar.o)
                0x00000000100094e4                putchar
 .text          0x00000000100094fc        0x0 /home/alex/intelFPGA_lite/18.1/nios2eds/bin/gnu/H-x86_64-pc-linux-gnu/bin/../lib/gcc/nios2-elf/5.3.0/../../../../../H-x86_64-pc-linux-gnu/nios2-elf/lib/mno-hw-mul/libc.a(lib_a-puts.o)
 .text._puts_r  0x00000000100094fc       0xc0 /home/alex/intelFPGA_lite/18.1/nios2eds/bin/gnu/H-x86_64-pc-linux-gnu/bin/../lib/gcc/nios2-elf/5.3.0/../../../../../H-x86_64-pc-linux-gnu/nios2-elf/lib/mno-hw-mul/libc.a(lib_a-puts.o)
                0x00000000100094fc                _puts_r
 .text.puts     0x00000000100095bc       0x14 /home/alex/intelFPGA_lite/18.1/nios2eds/bin/gnu/H-x86_64-pc-linux-gnu/bin/../lib/gcc/nios2-elf/5.3.0/../../../../../H-x86_64-pc-linux-gnu/nios2-elf/lib/mno-hw-mul/libc.a(lib_a-puts.o)
                0x00000000100095bc                puts
 .text          0x00000000100095d0        0x0 /home/alex/intelFPGA_lite/18.1/nios2eds/bin/gnu/H-x86_64-pc-linux-gnu/bin/../lib/gcc/nios2-elf/5.3.0/../../../../../H-x86_64-pc-linux-gnu/nios2-elf/lib/mno-hw-mul/libc.a(lib_a-refill.o)
 .text.lflush   0x00000000100095d0       0x1c /home/alex/intelFPGA_lite/18.1/nios2eds/bin/gnu/H-x86_64-pc-linux-gnu/bin/../lib/gcc/nios2-elf/5.3.0/../../../../../H-x86_64-pc-linux-gnu/nios2-elf/lib/mno-hw-mul/libc.a(lib_a-refill.o)
 .text.__srefill_r
                0x00000000100095ec      0x1d4 /home/alex/intelFPGA_lite/18.1/nios2eds/bin/gnu/H-x86_64-pc-linux-gnu/bin/../lib/gcc/nios2-elf/5.3.0/../../../../../H-x86_64-pc-linux-gnu/nios2-elf/lib/mno-hw-mul/libc.a(lib_a-refill.o)
                0x00000000100095ec                __srefill_r
 .text          0x00000000100097c0        0x0 /home/alex/intelFPGA_lite/18.1/nios2eds/bin/gnu/H-x86_64-pc-linux-gnu/bin/../lib/gcc/nios2-elf/5.3.0/../../../../../H-x86_64-pc-linux-gnu/nios2-elf/lib/mno-hw-mul/libc.a(lib_a-sbrkr.o)
 .text._sbrk_r  0x00000000100097c0       0x54 /home/alex/intelFPGA_lite/18.1/nios2eds/bin/gnu/H-x86_64-pc-linux-gnu/bin/../lib/gcc/nios2-elf/5.3.0/../../../../../H-x86_64-pc-linux-gnu/nios2-elf/lib/mno-hw-mul/libc.a(lib_a-sbrkr.o)
                0x00000000100097c0                _sbrk_r
 .text          0x0000000010009814        0x0 /home/alex/intelFPGA_lite/18.1/nios2eds/bin/gnu/H-x86_64-pc-linux-gnu/bin/../lib/gcc/nios2-elf/5.3.0/../../../../../H-x86_64-pc-linux-gnu/nios2-elf/lib/mno-hw-mul/libc.a(lib_a-sprintf.o)
 .text._sprintf_r
                0x0000000010009814       0x58 /home/alex/intelFPGA_lite/18.1/nios2eds/bin/gnu/H-x86_64-pc-linux-gnu/bin/../lib/gcc/nios2-elf/5.3.0/../../../../../H-x86_64-pc-linux-gnu/nios2-elf/lib/mno-hw-mul/libc.a(lib_a-sprintf.o)
                0x0000000010009814                _sprintf_r
 .text.sprintf  0x000000001000986c       0x6c /home/alex/intelFPGA_lite/18.1/nios2eds/bin/gnu/H-x86_64-pc-linux-gnu/bin/../lib/gcc/nios2-elf/5.3.0/../../../../../H-x86_64-pc-linux-gnu/nios2-elf/lib/mno-hw-mul/libc.a(lib_a-sprintf.o)
                0x000000001000986c                sprintf
 .text          0x00000000100098d8        0x0 /home/alex/intelFPGA_lite/18.1/nios2eds/bin/gnu/H-x86_64-pc-linux-gnu/bin/../lib/gcc/nios2-elf/5.3.0/../../../../../H-x86_64-pc-linux-gnu/nios2-elf/lib/mno-hw-mul/libc.a(lib_a-stdio.o)
 .text.__sread  0x00000000100098d8       0x54 /home/alex/intelFPGA_lite/18.1/nios2eds/bin/gnu/H-x86_64-pc-linux-gnu/bin/../lib/gcc/nios2-elf/5.3.0/../../../../../H-x86_64-pc-linux-gnu/nios2-elf/lib/mno-hw-mul/libc.a(lib_a-stdio.o)
                0x00000000100098d8                __sread
 .text.__seofread
                0x000000001000992c        0x8 /home/alex/intelFPGA_lite/18.1/nios2eds/bin/gnu/H-x86_64-pc-linux-gnu/bin/../lib/gcc/nios2-elf/5.3.0/../../../../../H-x86_64-pc-linux-gnu/nios2-elf/lib/mno-hw-mul/libc.a(lib_a-stdio.o)
                0x000000001000992c                __seofread
 .text.__swrite
                0x0000000010009934       0x7c /home/alex/intelFPGA_lite/18.1/nios2eds/bin/gnu/H-x86_64-pc-linux-gnu/bin/../lib/gcc/nios2-elf/5.3.0/../../../../../H-x86_64-pc-linux-gnu/nios2-elf/lib/mno-hw-mul/libc.a(lib_a-stdio.o)
                0x0000000010009934                __swrite
 .text.__sseek  0x00000000100099b0       0x5c /home/alex/intelFPGA_lite/18.1/nios2eds/bin/gnu/H-x86_64-pc-linux-gnu/bin/../lib/gcc/nios2-elf/5.3.0/../../../../../H-x86_64-pc-linux-gnu/nios2-elf/lib/mno-hw-mul/libc.a(lib_a-stdio.o)
                0x00000000100099b0                __sseek
 .text.__sclose
                0x0000000010009a0c        0x8 /home/alex/intelFPGA_lite/18.1/nios2eds/bin/gnu/H-x86_64-pc-linux-gnu/bin/../lib/gcc/nios2-elf/5.3.0/../../../../../H-x86_64-pc-linux-gnu/nios2-elf/lib/mno-hw-mul/libc.a(lib_a-stdio.o)
                0x0000000010009a0c                __sclose
 .text          0x0000000010009a14        0x0 /home/alex/intelFPGA_lite/18.1/nios2eds/bin/gnu/H-x86_64-pc-linux-gnu/bin/../lib/gcc/nios2-elf/5.3.0/../../../../../H-x86_64-pc-linux-gnu/nios2-elf/lib/mno-hw-mul/libc.a(lib_a-strcasecmp.o)
 .text.strcasecmp
                0x0000000010009a14       0x6c /home/alex/intelFPGA_lite/18.1/nios2eds/bin/gnu/H-x86_64-pc-linux-gnu/bin/../lib/gcc/nios2-elf/5.3.0/../../../../../H-x86_64-pc-linux-gnu/nios2-elf/lib/mno-hw-mul/libc.a(lib_a-strcasecmp.o)
                0x0000000010009a14                strcasecmp
 .text          0x0000000010009a80        0x0 /home/alex/intelFPGA_lite/18.1/nios2eds/bin/gnu/H-x86_64-pc-linux-gnu/bin/../lib/gcc/nios2-elf/5.3.0/../../../../../H-x86_64-pc-linux-gnu/nios2-elf/lib/mno-hw-mul/libc.a(lib_a-strcpy.o)
 .text.strcpy   0x0000000010009a80       0x90 /home/alex/intelFPGA_lite/18.1/nios2eds/bin/gnu/H-x86_64-pc-linux-gnu/bin/../lib/gcc/nios2-elf/5.3.0/../../../../../H-x86_64-pc-linux-gnu/nios2-elf/lib/mno-hw-mul/libc.a(lib_a-strcpy.o)
                0x0000000010009a80                strcpy
 .text          0x0000000010009b10        0x0 /home/alex/intelFPGA_lite/18.1/nios2eds/bin/gnu/H-x86_64-pc-linux-gnu/bin/../lib/gcc/nios2-elf/5.3.0/../../../../../H-x86_64-pc-linux-gnu/nios2-elf/lib/mno-hw-mul/libc.a(lib_a-strlen.o)
 .text.strlen   0x0000000010009b10       0x98 /home/alex/intelFPGA_lite/18.1/nios2eds/bin/gnu/H-x86_64-pc-linux-gnu/bin/../lib/gcc/nios2-elf/5.3.0/../../../../../H-x86_64-pc-linux-gnu/nios2-elf/lib/mno-hw-mul/libc.a(lib_a-strlen.o)
                0x0000000010009b10                strlen
 .text          0x0000000010009ba8        0x0 /home/alex/intelFPGA_lite/18.1/nios2eds/bin/gnu/H-x86_64-pc-linux-gnu/bin/../lib/gcc/nios2-elf/5.3.0/../../../../../H-x86_64-pc-linux-gnu/nios2-elf/lib/mno-hw-mul/libc.a(lib_a-svfprintf.o)
 .text.___svfprintf_internal_r
                0x0000000010009ba8     0x22bc /home/alex/intelFPGA_lite/18.1/nios2eds/bin/gnu/H-x86_64-pc-linux-gnu/bin/../lib/gcc/nios2-elf/5.3.0/../../../../../H-x86_64-pc-linux-gnu/nios2-elf/lib/mno-hw-mul/libc.a(lib_a-svfprintf.o)
                0x0000000010009ba8                ___svfprintf_internal_r
 .text          0x000000001000be64        0x0 /home/alex/intelFPGA_lite/18.1/nios2eds/bin/gnu/H-x86_64-pc-linux-gnu/bin/../lib/gcc/nios2-elf/5.3.0/../../../../../H-x86_64-pc-linux-gnu/nios2-elf/lib/mno-hw-mul/libc.a(lib_a-vfprintf.o)
 .text.___vfprintf_internal_r
                0x000000001000be64     0x22dc /home/alex/intelFPGA_lite/18.1/nios2eds/bin/gnu/H-x86_64-pc-linux-gnu/bin/../lib/gcc/nios2-elf/5.3.0/../../../../../H-x86_64-pc-linux-gnu/nios2-elf/lib/mno-hw-mul/libc.a(lib_a-vfprintf.o)
                0x000000001000be64                ___vfprintf_internal_r
 .text.__vfprintf_internal
                0x000000001000e140       0x1c /home/alex/intelFPGA_lite/18.1/nios2eds/bin/gnu/H-x86_64-pc-linux-gnu/bin/../lib/gcc/nios2-elf/5.3.0/../../../../../H-x86_64-pc-linux-gnu/nios2-elf/lib/mno-hw-mul/libc.a(lib_a-vfprintf.o)
                0x000000001000e140                __vfprintf_internal
 .text.__sbprintf
                0x000000001000e15c       0xbc /home/alex/intelFPGA_lite/18.1/nios2eds/bin/gnu/H-x86_64-pc-linux-gnu/bin/../lib/gcc/nios2-elf/5.3.0/../../../../../H-x86_64-pc-linux-gnu/nios2-elf/lib/mno-hw-mul/libc.a(lib_a-vfprintf.o)
 .text          0x000000001000e218        0x0 /home/alex/intelFPGA_lite/18.1/nios2eds/bin/gnu/H-x86_64-pc-linux-gnu/bin/../lib/gcc/nios2-elf/5.3.0/../../../../../H-x86_64-pc-linux-gnu/nios2-elf/lib/mno-hw-mul/libc.a(lib_a-vsnprintf.o)
 .text._vsnprintf_r
                0x000000001000e218       0xf0 /home/alex/intelFPGA_lite/18.1/nios2eds/bin/gnu/H-x86_64-pc-linux-gnu/bin/../lib/gcc/nios2-elf/5.3.0/../../../../../H-x86_64-pc-linux-gnu/nios2-elf/lib/mno-hw-mul/libc.a(lib_a-vsnprintf.o)
                0x000000001000e218                _vsnprintf_r
 .text.vsnprintf
                0x000000001000e308       0x34 /home/alex/intelFPGA_lite/18.1/nios2eds/bin/gnu/H-x86_64-pc-linux-gnu/bin/../lib/gcc/nios2-elf/5.3.0/../../../../../H-x86_64-pc-linux-gnu/nios2-elf/lib/mno-hw-mul/libc.a(lib_a-vsnprintf.o)
                0x000000001000e308                vsnprintf
 .text          0x000000001000e33c        0x0 /home/alex/intelFPGA_lite/18.1/nios2eds/bin/gnu/H-x86_64-pc-linux-gnu/bin/../lib/gcc/nios2-elf/5.3.0/../../../../../H-x86_64-pc-linux-gnu/nios2-elf/lib/mno-hw-mul/libc.a(lib_a-writer.o)
 .text._write_r
                0x000000001000e33c       0x60 /home/alex/intelFPGA_lite/18.1/nios2eds/bin/gnu/H-x86_64-pc-linux-gnu/bin/../lib/gcc/nios2-elf/5.3.0/../../../../../H-x86_64-pc-linux-gnu/nios2-elf/lib/mno-hw-mul/libc.a(lib_a-writer.o)
                0x000000001000e33c                _write_r
 .text          0x000000001000e39c        0x0 /home/alex/intelFPGA_lite/18.1/nios2eds/bin/gnu/H-x86_64-pc-linux-gnu/bin/../lib/gcc/nios2-elf/5.3.0/../../../../../H-x86_64-pc-linux-gnu/nios2-elf/lib/mno-hw-mul/libc.a(lib_a-wsetup.o)
 .text.__swsetup_r
                0x000000001000e39c      0x154 /home/alex/intelFPGA_lite/18.1/nios2eds/bin/gnu/H-x86_64-pc-linux-gnu/bin/../lib/gcc/nios2-elf/5.3.0/../../../../../H-x86_64-pc-linux-gnu/nios2-elf/lib/mno-hw-mul/libc.a(lib_a-wsetup.o)
                0x000000001000e39c                __swsetup_r
 .text          0x000000001000e4f0        0x0 /home/alex/intelFPGA_lite/18.1/nios2eds/bin/gnu/H-x86_64-pc-linux-gnu/bin/../lib/gcc/nios2-elf/5.3.0/../../../../../H-x86_64-pc-linux-gnu/nios2-elf/lib/mno-hw-mul/libc.a(closer.o)
 .text._close_r
                0x000000001000e4f0       0x54 /home/alex/intelFPGA_lite/18.1/nios2eds/bin/gnu/H-x86_64-pc-linux-gnu/bin/../lib/gcc/nios2-elf/5.3.0/../../../../../H-x86_64-pc-linux-gnu/nios2-elf/lib/mno-hw-mul/libc.a(closer.o)
                0x000000001000e4f0                _close_r
 .text          0x000000001000e544        0x0 /home/alex/intelFPGA_lite/18.1/nios2eds/bin/gnu/H-x86_64-pc-linux-gnu/bin/../lib/gcc/nios2-elf/5.3.0/../../../../../H-x86_64-pc-linux-gnu/nios2-elf/lib/mno-hw-mul/libc.a(lib_a-__call_atexit.o)
 .text.__call_exitprocs
                0x000000001000e544      0x180 /home/alex/intelFPGA_lite/18.1/nios2eds/bin/gnu/H-x86_64-pc-linux-gnu/bin/../lib/gcc/nios2-elf/5.3.0/../../../../../H-x86_64-pc-linux-gnu/nios2-elf/lib/mno-hw-mul/libc.a(lib_a-__call_atexit.o)
                0x000000001000e544                __call_exitprocs
 .text          0x000000001000e6c4        0x0 /home/alex/intelFPGA_lite/18.1/nios2eds/bin/gnu/H-x86_64-pc-linux-gnu/bin/../lib/gcc/nios2-elf/5.3.0/../../../../../H-x86_64-pc-linux-gnu/nios2-elf/lib/mno-hw-mul/libc.a(lib_a-ctype_.o)
 .text          0x000000001000e6c4        0x0 /home/alex/intelFPGA_lite/18.1/nios2eds/bin/gnu/H-x86_64-pc-linux-gnu/bin/../lib/gcc/nios2-elf/5.3.0/../../../../../H-x86_64-pc-linux-gnu/nios2-elf/lib/mno-hw-mul/libc.a(lib_a-dtoa.o)
 .text.quorem   0x000000001000e6c4      0x228 /home/alex/intelFPGA_lite/18.1/nios2eds/bin/gnu/H-x86_64-pc-linux-gnu/bin/../lib/gcc/nios2-elf/5.3.0/../../../../../H-x86_64-pc-linux-gnu/nios2-elf/lib/mno-hw-mul/libc.a(lib_a-dtoa.o)
 .text._dtoa_r  0x000000001000e8ec     0x1688 /home/alex/intelFPGA_lite/18.1/nios2eds/bin/gnu/H-x86_64-pc-linux-gnu/bin/../lib/gcc/nios2-elf/5.3.0/../../../../../H-x86_64-pc-linux-gnu/nios2-elf/lib/mno-hw-mul/libc.a(lib_a-dtoa.o)
                0x000000001000e8ec                _dtoa_r
 .text          0x000000001000ff74        0x0 /home/alex/intelFPGA_lite/18.1/nios2eds/bin/gnu/H-x86_64-pc-linux-gnu/bin/../lib/gcc/nios2-elf/5.3.0/../../../../../H-x86_64-pc-linux-gnu/nios2-elf/lib/mno-hw-mul/libc.a(lib_a-flags.o)
 .text.__sflags
                0x000000001000ff74       0xac /home/alex/intelFPGA_lite/18.1/nios2eds/bin/gnu/H-x86_64-pc-linux-gnu/bin/../lib/gcc/nios2-elf/5.3.0/../../../../../H-x86_64-pc-linux-gnu/nios2-elf/lib/mno-hw-mul/libc.a(lib_a-flags.o)
                0x000000001000ff74                __sflags
 .text          0x0000000010010020        0x0 /home/alex/intelFPGA_lite/18.1/nios2eds/bin/gnu/H-x86_64-pc-linux-gnu/bin/../lib/gcc/nios2-elf/5.3.0/../../../../../H-x86_64-pc-linux-gnu/nios2-elf/lib/mno-hw-mul/libc.a(lib_a-fvwrite.o)
 .text.__sfvwrite_r
                0x0000000010010020      0x4c8 /home/alex/intelFPGA_lite/18.1/nios2eds/bin/gnu/H-x86_64-pc-linux-gnu/bin/../lib/gcc/nios2-elf/5.3.0/../../../../../H-x86_64-pc-linux-gnu/nios2-elf/lib/mno-hw-mul/libc.a(lib_a-fvwrite.o)
                0x0000000010010020                __sfvwrite_r
 .text          0x00000000100104e8        0x0 /home/alex/intelFPGA_lite/18.1/nios2eds/bin/gnu/H-x86_64-pc-linux-gnu/bin/../lib/gcc/nios2-elf/5.3.0/../../../../../H-x86_64-pc-linux-gnu/nios2-elf/lib/mno-hw-mul/libc.a(lib_a-isattyr.o)
 .text._isatty_r
                0x00000000100104e8       0x54 /home/alex/intelFPGA_lite/18.1/nios2eds/bin/gnu/H-x86_64-pc-linux-gnu/bin/../lib/gcc/nios2-elf/5.3.0/../../../../../H-x86_64-pc-linux-gnu/nios2-elf/lib/mno-hw-mul/libc.a(lib_a-isattyr.o)
                0x00000000100104e8                _isatty_r
 .text          0x000000001001053c        0x0 /home/alex/intelFPGA_lite/18.1/nios2eds/bin/gnu/H-x86_64-pc-linux-gnu/bin/../lib/gcc/nios2-elf/5.3.0/../../../../../H-x86_64-pc-linux-gnu/nios2-elf/lib/mno-hw-mul/libc.a(lib_a-locale.o)
 .text._setlocale_r
                0x000000001001053c       0x7c /home/alex/intelFPGA_lite/18.1/nios2eds/bin/gnu/H-x86_64-pc-linux-gnu/bin/../lib/gcc/nios2-elf/5.3.0/../../../../../H-x86_64-pc-linux-gnu/nios2-elf/lib/mno-hw-mul/libc.a(lib_a-locale.o)
                0x000000001001053c                _setlocale_r
 .text.__locale_charset
                0x00000000100105b8        0xc /home/alex/intelFPGA_lite/18.1/nios2eds/bin/gnu/H-x86_64-pc-linux-gnu/bin/../lib/gcc/nios2-elf/5.3.0/../../../../../H-x86_64-pc-linux-gnu/nios2-elf/lib/mno-hw-mul/libc.a(lib_a-locale.o)
                0x00000000100105b8                __locale_charset
 .text.__locale_mb_cur_max
                0x00000000100105c4       0x10 /home/alex/intelFPGA_lite/18.1/nios2eds/bin/gnu/H-x86_64-pc-linux-gnu/bin/../lib/gcc/nios2-elf/5.3.0/../../../../../H-x86_64-pc-linux-gnu/nios2-elf/lib/mno-hw-mul/libc.a(lib_a-locale.o)
                0x00000000100105c4                __locale_mb_cur_max
 .text.__locale_msgcharset
                0x00000000100105d4        0xc /home/alex/intelFPGA_lite/18.1/nios2eds/bin/gnu/H-x86_64-pc-linux-gnu/bin/../lib/gcc/nios2-elf/5.3.0/../../../../../H-x86_64-pc-linux-gnu/nios2-elf/lib/mno-hw-mul/libc.a(lib_a-locale.o)
                0x00000000100105d4                __locale_msgcharset
 .text.__locale_cjk_lang
                0x00000000100105e0        0x8 /home/alex/intelFPGA_lite/18.1/nios2eds/bin/gnu/H-x86_64-pc-linux-gnu/bin/../lib/gcc/nios2-elf/5.3.0/../../../../../H-x86_64-pc-linux-gnu/nios2-elf/lib/mno-hw-mul/libc.a(lib_a-locale.o)
                0x00000000100105e0                __locale_cjk_lang
 .text._localeconv_r
                0x00000000100105e8        0xc /home/alex/intelFPGA_lite/18.1/nios2eds/bin/gnu/H-x86_64-pc-linux-gnu/bin/../lib/gcc/nios2-elf/5.3.0/../../../../../H-x86_64-pc-linux-gnu/nios2-elf/lib/mno-hw-mul/libc.a(lib_a-locale.o)
                0x00000000100105e8                _localeconv_r
 .text.setlocale
                0x00000000100105f4       0x18 /home/alex/intelFPGA_lite/18.1/nios2eds/bin/gnu/H-x86_64-pc-linux-gnu/bin/../lib/gcc/nios2-elf/5.3.0/../../../../../H-x86_64-pc-linux-gnu/nios2-elf/lib/mno-hw-mul/libc.a(lib_a-locale.o)
                0x00000000100105f4                setlocale
 .text.localeconv
                0x000000001001060c        0xc /home/alex/intelFPGA_lite/18.1/nios2eds/bin/gnu/H-x86_64-pc-linux-gnu/bin/../lib/gcc/nios2-elf/5.3.0/../../../../../H-x86_64-pc-linux-gnu/nios2-elf/lib/mno-hw-mul/libc.a(lib_a-locale.o)
                0x000000001001060c                localeconv
 .text          0x0000000010010618        0x0 /home/alex/intelFPGA_lite/18.1/nios2eds/bin/gnu/H-x86_64-pc-linux-gnu/bin/../lib/gcc/nios2-elf/5.3.0/../../../../../H-x86_64-pc-linux-gnu/nios2-elf/lib/mno-hw-mul/libc.a(lib_a-lseekr.o)
 .text._lseek_r
                0x0000000010010618       0x60 /home/alex/intelFPGA_lite/18.1/nios2eds/bin/gnu/H-x86_64-pc-linux-gnu/bin/../lib/gcc/nios2-elf/5.3.0/../../../../../H-x86_64-pc-linux-gnu/nios2-elf/lib/mno-hw-mul/libc.a(lib_a-lseekr.o)
                0x0000000010010618                _lseek_r
 .text          0x0000000010010678        0x0 /home/alex/intelFPGA_lite/18.1/nios2eds/bin/gnu/H-x86_64-pc-linux-gnu/bin/../lib/gcc/nios2-elf/5.3.0/../../../../../H-x86_64-pc-linux-gnu/nios2-elf/lib/mno-hw-mul/libc.a(lib_a-memchr.o)
 .text.memchr   0x0000000010010678       0xe4 /home/alex/intelFPGA_lite/18.1/nios2eds/bin/gnu/H-x86_64-pc-linux-gnu/bin/../lib/gcc/nios2-elf/5.3.0/../../../../../H-x86_64-pc-linux-gnu/nios2-elf/lib/mno-hw-mul/libc.a(lib_a-memchr.o)
                0x0000000010010678                memchr
 .text          0x000000001001075c        0x0 /home/alex/intelFPGA_lite/18.1/nios2eds/bin/gnu/H-x86_64-pc-linux-gnu/bin/../lib/gcc/nios2-elf/5.3.0/../../../../../H-x86_64-pc-linux-gnu/nios2-elf/lib/mno-hw-mul/libc.a(lib_a-memmove.o)
 .text.memmove  0x000000001001075c      0x15c /home/alex/intelFPGA_lite/18.1/nios2eds/bin/gnu/H-x86_64-pc-linux-gnu/bin/../lib/gcc/nios2-elf/5.3.0/../../../../../H-x86_64-pc-linux-gnu/nios2-elf/lib/mno-hw-mul/libc.a(lib_a-memmove.o)
                0x000000001001075c                memmove
 .text          0x00000000100108b8        0x0 /home/alex/intelFPGA_lite/18.1/nios2eds/bin/gnu/H-x86_64-pc-linux-gnu/bin/../lib/gcc/nios2-elf/5.3.0/../../../../../H-x86_64-pc-linux-gnu/nios2-elf/lib/mno-hw-mul/libc.a(lib_a-mprec.o)
 .text._Balloc  0x00000000100108b8       0xa8 /home/alex/intelFPGA_lite/18.1/nios2eds/bin/gnu/H-x86_64-pc-linux-gnu/bin/../lib/gcc/nios2-elf/5.3.0/../../../../../H-x86_64-pc-linux-gnu/nios2-elf/lib/mno-hw-mul/libc.a(lib_a-mprec.o)
                0x00000000100108b8                _Balloc
 .text._Bfree   0x0000000010010960       0x28 /home/alex/intelFPGA_lite/18.1/nios2eds/bin/gnu/H-x86_64-pc-linux-gnu/bin/../lib/gcc/nios2-elf/5.3.0/../../../../../H-x86_64-pc-linux-gnu/nios2-elf/lib/mno-hw-mul/libc.a(lib_a-mprec.o)
                0x0000000010010960                _Bfree
 .text.__multadd
                0x0000000010010988      0x148 /home/alex/intelFPGA_lite/18.1/nios2eds/bin/gnu/H-x86_64-pc-linux-gnu/bin/../lib/gcc/nios2-elf/5.3.0/../../../../../H-x86_64-pc-linux-gnu/nios2-elf/lib/mno-hw-mul/libc.a(lib_a-mprec.o)
                0x0000000010010988                __multadd
 .text.__s2b    0x0000000010010ad0      0x104 /home/alex/intelFPGA_lite/18.1/nios2eds/bin/gnu/H-x86_64-pc-linux-gnu/bin/../lib/gcc/nios2-elf/5.3.0/../../../../../H-x86_64-pc-linux-gnu/nios2-elf/lib/mno-hw-mul/libc.a(lib_a-mprec.o)
                0x0000000010010ad0                __s2b
 .text.__hi0bits
                0x0000000010010bd4       0x68 /home/alex/intelFPGA_lite/18.1/nios2eds/bin/gnu/H-x86_64-pc-linux-gnu/bin/../lib/gcc/nios2-elf/5.3.0/../../../../../H-x86_64-pc-linux-gnu/nios2-elf/lib/mno-hw-mul/libc.a(lib_a-mprec.o)
                0x0000000010010bd4                __hi0bits
 .text.__lo0bits
                0x0000000010010c3c       0xb0 /home/alex/intelFPGA_lite/18.1/nios2eds/bin/gnu/H-x86_64-pc-linux-gnu/bin/../lib/gcc/nios2-elf/5.3.0/../../../../../H-x86_64-pc-linux-gnu/nios2-elf/lib/mno-hw-mul/libc.a(lib_a-mprec.o)
                0x0000000010010c3c                __lo0bits
 .text.__i2b    0x0000000010010cec       0x3c /home/alex/intelFPGA_lite/18.1/nios2eds/bin/gnu/H-x86_64-pc-linux-gnu/bin/../lib/gcc/nios2-elf/5.3.0/../../../../../H-x86_64-pc-linux-gnu/nios2-elf/lib/mno-hw-mul/libc.a(lib_a-mprec.o)
                0x0000000010010cec                __i2b
 .text.__multiply
                0x0000000010010d28      0x28c /home/alex/intelFPGA_lite/18.1/nios2eds/bin/gnu/H-x86_64-pc-linux-gnu/bin/../lib/gcc/nios2-elf/5.3.0/../../../../../H-x86_64-pc-linux-gnu/nios2-elf/lib/mno-hw-mul/libc.a(lib_a-mprec.o)
                0x0000000010010d28                __multiply
 .text.__pow5mult
                0x0000000010010fb4      0x140 /home/alex/intelFPGA_lite/18.1/nios2eds/bin/gnu/H-x86_64-pc-linux-gnu/bin/../lib/gcc/nios2-elf/5.3.0/../../../../../H-x86_64-pc-linux-gnu/nios2-elf/lib/mno-hw-mul/libc.a(lib_a-mprec.o)
                0x0000000010010fb4                __pow5mult
 .text.__lshift
                0x00000000100110f4      0x148 /home/alex/intelFPGA_lite/18.1/nios2eds/bin/gnu/H-x86_64-pc-linux-gnu/bin/../lib/gcc/nios2-elf/5.3.0/../../../../../H-x86_64-pc-linux-gnu/nios2-elf/lib/mno-hw-mul/libc.a(lib_a-mprec.o)
                0x00000000100110f4                __lshift
 .text.__mcmp   0x000000001001123c       0x60 /home/alex/intelFPGA_lite/18.1/nios2eds/bin/gnu/H-x86_64-pc-linux-gnu/bin/../lib/gcc/nios2-elf/5.3.0/../../../../../H-x86_64-pc-linux-gnu/nios2-elf/lib/mno-hw-mul/libc.a(lib_a-mprec.o)
                0x000000001001123c                __mcmp
 .text.__mdiff  0x000000001001129c      0x1fc /home/alex/intelFPGA_lite/18.1/nios2eds/bin/gnu/H-x86_64-pc-linux-gnu/bin/../lib/gcc/nios2-elf/5.3.0/../../../../../H-x86_64-pc-linux-gnu/nios2-elf/lib/mno-hw-mul/libc.a(lib_a-mprec.o)
                0x000000001001129c                __mdiff
 .text.__ulp    0x0000000010011498       0x64 /home/alex/intelFPGA_lite/18.1/nios2eds/bin/gnu/H-x86_64-pc-linux-gnu/bin/../lib/gcc/nios2-elf/5.3.0/../../../../../H-x86_64-pc-linux-gnu/nios2-elf/lib/mno-hw-mul/libc.a(lib_a-mprec.o)
                0x0000000010011498                __ulp
 .text.__b2d    0x00000000100114fc      0x10c /home/alex/intelFPGA_lite/18.1/nios2eds/bin/gnu/H-x86_64-pc-linux-gnu/bin/../lib/gcc/nios2-elf/5.3.0/../../../../../H-x86_64-pc-linux-gnu/nios2-elf/lib/mno-hw-mul/libc.a(lib_a-mprec.o)
                0x00000000100114fc                __b2d
 .text.__d2b    0x0000000010011608      0x14c /home/alex/intelFPGA_lite/18.1/nios2eds/bin/gnu/H-x86_64-pc-linux-gnu/bin/../lib/gcc/nios2-elf/5.3.0/../../../../../H-x86_64-pc-linux-gnu/nios2-elf/lib/mno-hw-mul/libc.a(lib_a-mprec.o)
                0x0000000010011608                __d2b
 .text.__ratio  0x0000000010011754       0xa4 /home/alex/intelFPGA_lite/18.1/nios2eds/bin/gnu/H-x86_64-pc-linux-gnu/bin/../lib/gcc/nios2-elf/5.3.0/../../../../../H-x86_64-pc-linux-gnu/nios2-elf/lib/mno-hw-mul/libc.a(lib_a-mprec.o)
                0x0000000010011754                __ratio
 .text._mprec_log10
                0x00000000100117f8       0x74 /home/alex/intelFPGA_lite/18.1/nios2eds/bin/gnu/H-x86_64-pc-linux-gnu/bin/../lib/gcc/nios2-elf/5.3.0/../../../../../H-x86_64-pc-linux-gnu/nios2-elf/lib/mno-hw-mul/libc.a(lib_a-mprec.o)
                0x00000000100117f8                _mprec_log10
 .text.__copybits
                0x000000001001186c       0x78 /home/alex/intelFPGA_lite/18.1/nios2eds/bin/gnu/H-x86_64-pc-linux-gnu/bin/../lib/gcc/nios2-elf/5.3.0/../../../../../H-x86_64-pc-linux-gnu/nios2-elf/lib/mno-hw-mul/libc.a(lib_a-mprec.o)
                0x000000001001186c                __copybits
 .text.__any_on
                0x00000000100118e4       0x8c /home/alex/intelFPGA_lite/18.1/nios2eds/bin/gnu/H-x86_64-pc-linux-gnu/bin/../lib/gcc/nios2-elf/5.3.0/../../../../../H-x86_64-pc-linux-gnu/nios2-elf/lib/mno-hw-mul/libc.a(lib_a-mprec.o)
                0x00000000100118e4                __any_on
 .text          0x0000000010011970        0x0 /home/alex/intelFPGA_lite/18.1/nios2eds/bin/gnu/H-x86_64-pc-linux-gnu/bin/../lib/gcc/nios2-elf/5.3.0/../../../../../H-x86_64-pc-linux-gnu/nios2-elf/lib/mno-hw-mul/libc.a(lib_a-putc.o)
 .text._putc_r  0x0000000010011970       0xa0 /home/alex/intelFPGA_lite/18.1/nios2eds/bin/gnu/H-x86_64-pc-linux-gnu/bin/../lib/gcc/nios2-elf/5.3.0/../../../../../H-x86_64-pc-linux-gnu/nios2-elf/lib/mno-hw-mul/libc.a(lib_a-putc.o)
                0x0000000010011970                _putc_r
 .text.putc     0x0000000010011a10       0xc8 /home/alex/intelFPGA_lite/18.1/nios2eds/bin/gnu/H-x86_64-pc-linux-gnu/bin/../lib/gcc/nios2-elf/5.3.0/../../../../../H-x86_64-pc-linux-gnu/nios2-elf/lib/mno-hw-mul/libc.a(lib_a-putc.o)
                0x0000000010011a10                putc
 .text          0x0000000010011ad8        0x0 /home/alex/intelFPGA_lite/18.1/nios2eds/bin/gnu/H-x86_64-pc-linux-gnu/bin/../lib/gcc/nios2-elf/5.3.0/../../../../../H-x86_64-pc-linux-gnu/nios2-elf/lib/mno-hw-mul/libc.a(lib_a-readr.o)
 .text._read_r  0x0000000010011ad8       0x60 /home/alex/intelFPGA_lite/18.1/nios2eds/bin/gnu/H-x86_64-pc-linux-gnu/bin/../lib/gcc/nios2-elf/5.3.0/../../../../../H-x86_64-pc-linux-gnu/nios2-elf/lib/mno-hw-mul/libc.a(lib_a-readr.o)
                0x0000000010011ad8                _read_r
 .text          0x0000000010011b38        0x0 /home/alex/intelFPGA_lite/18.1/nios2eds/bin/gnu/H-x86_64-pc-linux-gnu/bin/../lib/gcc/nios2-elf/5.3.0/../../../../../H-x86_64-pc-linux-gnu/nios2-elf/lib/mno-hw-mul/libc.a(lib_a-reallocr.o)
 .text._realloc_r
                0x0000000010011b38      0x564 /home/alex/intelFPGA_lite/18.1/nios2eds/bin/gnu/H-x86_64-pc-linux-gnu/bin/../lib/gcc/nios2-elf/5.3.0/../../../../../H-x86_64-pc-linux-gnu/nios2-elf/lib/mno-hw-mul/libc.a(lib_a-reallocr.o)
                0x0000000010011b38                _realloc_r
 .text          0x000000001001209c        0x0 /home/alex/intelFPGA_lite/18.1/nios2eds/bin/gnu/H-x86_64-pc-linux-gnu/bin/../lib/gcc/nios2-elf/5.3.0/../../../../../H-x86_64-pc-linux-gnu/nios2-elf/lib/mno-hw-mul/libc.a(lib_a-s_fpclassify.o)
 .text.__fpclassifyd
                0x000000001001209c       0x74 /home/alex/intelFPGA_lite/18.1/nios2eds/bin/gnu/H-x86_64-pc-linux-gnu/bin/../lib/gcc/nios2-elf/5.3.0/../../../../../H-x86_64-pc-linux-gnu/nios2-elf/lib/mno-hw-mul/libc.a(lib_a-s_fpclassify.o)
                0x000000001001209c                __fpclassifyd
 .text          0x0000000010012110        0x0 /home/alex/intelFPGA_lite/18.1/nios2eds/bin/gnu/H-x86_64-pc-linux-gnu/bin/../lib/gcc/nios2-elf/5.3.0/../../../../../H-x86_64-pc-linux-gnu/nios2-elf/lib/mno-hw-mul/libc.a(lib_a-strcmp.o)
 .text.strcmp   0x0000000010012110       0xdc /home/alex/intelFPGA_lite/18.1/nios2eds/bin/gnu/H-x86_64-pc-linux-gnu/bin/../lib/gcc/nios2-elf/5.3.0/../../../../../H-x86_64-pc-linux-gnu/nios2-elf/lib/mno-hw-mul/libc.a(lib_a-strcmp.o)
                0x0000000010012110                strcmp
 .text          0x00000000100121ec        0x0 /home/alex/intelFPGA_lite/18.1/nios2eds/bin/gnu/H-x86_64-pc-linux-gnu/bin/../lib/gcc/nios2-elf/5.3.0/../../../../../H-x86_64-pc-linux-gnu/nios2-elf/lib/mno-hw-mul/libc.a(lib_a-svfiprintf.o)
 .text.__ssprint_r
                0x00000000100121ec      0x1d0 /home/alex/intelFPGA_lite/18.1/nios2eds/bin/gnu/H-x86_64-pc-linux-gnu/bin/../lib/gcc/nios2-elf/5.3.0/../../../../../H-x86_64-pc-linux-gnu/nios2-elf/lib/mno-hw-mul/libc.a(lib_a-svfiprintf.o)
                0x00000000100121ec                __ssprint_r
 .text.___svfiprintf_internal_r
                0x00000000100123bc     0x13a0 /home/alex/intelFPGA_lite/18.1/nios2eds/bin/gnu/H-x86_64-pc-linux-gnu/bin/../lib/gcc/nios2-elf/5.3.0/../../../../../H-x86_64-pc-linux-gnu/nios2-elf/lib/mno-hw-mul/libc.a(lib_a-svfiprintf.o)
                0x00000000100123bc                ___svfiprintf_internal_r
 .text          0x000000001001375c        0x0 /home/alex/intelFPGA_lite/18.1/nios2eds/bin/gnu/H-x86_64-pc-linux-gnu/bin/../lib/gcc/nios2-elf/5.3.0/../../../../../H-x86_64-pc-linux-gnu/nios2-elf/lib/mno-hw-mul/libc.a(lib_a-vfiprintf.o)
 .text.__sprint_r.part.0
                0x000000001001375c       0xfc /home/alex/intelFPGA_lite/18.1/nios2eds/bin/gnu/H-x86_64-pc-linux-gnu/bin/../lib/gcc/nios2-elf/5.3.0/../../../../../H-x86_64-pc-linux-gnu/nios2-elf/lib/mno-hw-mul/libc.a(lib_a-vfiprintf.o)
 .text.__sprint_r
                0x0000000010013858       0x18 /home/alex/intelFPGA_lite/18.1/nios2eds/bin/gnu/H-x86_64-pc-linux-gnu/bin/../lib/gcc/nios2-elf/5.3.0/../../../../../H-x86_64-pc-linux-gnu/nios2-elf/lib/mno-hw-mul/libc.a(lib_a-vfiprintf.o)
                0x0000000010013858                __sprint_r
 .text.___vfiprintf_internal_r
                0x0000000010013870     0x150c /home/alex/intelFPGA_lite/18.1/nios2eds/bin/gnu/H-x86_64-pc-linux-gnu/bin/../lib/gcc/nios2-elf/5.3.0/../../../../../H-x86_64-pc-linux-gnu/nios2-elf/lib/mno-hw-mul/libc.a(lib_a-vfiprintf.o)
                0x0000000010013870                ___vfiprintf_internal_r
 .text.__vfiprintf_internal
                0x0000000010014d7c       0x1c /home/alex/intelFPGA_lite/18.1/nios2eds/bin/gnu/H-x86_64-pc-linux-gnu/bin/../lib/gcc/nios2-elf/5.3.0/../../../../../H-x86_64-pc-linux-gnu/nios2-elf/lib/mno-hw-mul/libc.a(lib_a-vfiprintf.o)
                0x0000000010014d7c                __vfiprintf_internal
 .text.__sbprintf
                0x0000000010014d98       0xbc /home/alex/intelFPGA_lite/18.1/nios2eds/bin/gnu/H-x86_64-pc-linux-gnu/bin/../lib/gcc/nios2-elf/5.3.0/../../../../../H-x86_64-pc-linux-gnu/nios2-elf/lib/mno-hw-mul/libc.a(lib_a-vfiprintf.o)
 .text          0x0000000010014e54        0x0 /home/alex/intelFPGA_lite/18.1/nios2eds/bin/gnu/H-x86_64-pc-linux-gnu/bin/../lib/gcc/nios2-elf/5.3.0/../../../../../H-x86_64-pc-linux-gnu/nios2-elf/lib/mno-hw-mul/libc.a(lib_a-wbuf.o)
 .text.__swbuf_r
                0x0000000010014e54      0x140 /home/alex/intelFPGA_lite/18.1/nios2eds/bin/gnu/H-x86_64-pc-linux-gnu/bin/../lib/gcc/nios2-elf/5.3.0/../../../../../H-x86_64-pc-linux-gnu/nios2-elf/lib/mno-hw-mul/libc.a(lib_a-wbuf.o)
                0x0000000010014e54                __swbuf_r
 .text.__swbuf  0x0000000010014f94       0x18 /home/alex/intelFPGA_lite/18.1/nios2eds/bin/gnu/H-x86_64-pc-linux-gnu/bin/../lib/gcc/nios2-elf/5.3.0/../../../../../H-x86_64-pc-linux-gnu/nios2-elf/lib/mno-hw-mul/libc.a(lib_a-wbuf.o)
                0x0000000010014f94                __swbuf
 .text          0x0000000010014fac        0x0 /home/alex/intelFPGA_lite/18.1/nios2eds/bin/gnu/H-x86_64-pc-linux-gnu/bin/../lib/gcc/nios2-elf/5.3.0/../../../../../H-x86_64-pc-linux-gnu/nios2-elf/lib/mno-hw-mul/libc.a(lib_a-callocr.o)
 .text._calloc_r
                0x0000000010014fac       0xdc /home/alex/intelFPGA_lite/18.1/nios2eds/bin/gnu/H-x86_64-pc-linux-gnu/bin/../lib/gcc/nios2-elf/5.3.0/../../../../../H-x86_64-pc-linux-gnu/nios2-elf/lib/mno-hw-mul/libc.a(lib_a-callocr.o)
                0x0000000010014fac                _calloc_r
 .text          0x0000000010015088        0x0 /home/alex/intelFPGA_lite/18.1/nios2eds/bin/gnu/H-x86_64-pc-linux-gnu/bin/../lib/gcc/nios2-elf/5.3.0/../../../../../H-x86_64-pc-linux-gnu/nios2-elf/lib/mno-hw-mul/libc.a(lib_a-fputwc.o)
 .text.__fputwc
                0x0000000010015088      0x164 /home/alex/intelFPGA_lite/18.1/nios2eds/bin/gnu/H-x86_64-pc-linux-gnu/bin/../lib/gcc/nios2-elf/5.3.0/../../../../../H-x86_64-pc-linux-gnu/nios2-elf/lib/mno-hw-mul/libc.a(lib_a-fputwc.o)
                0x0000000010015088                __fputwc
 .text._fputwc_r
                0x00000000100151ec       0x24 /home/alex/intelFPGA_lite/18.1/nios2eds/bin/gnu/H-x86_64-pc-linux-gnu/bin/../lib/gcc/nios2-elf/5.3.0/../../../../../H-x86_64-pc-linux-gnu/nios2-elf/lib/mno-hw-mul/libc.a(lib_a-fputwc.o)
                0x00000000100151ec                _fputwc_r
 .text.fputwc   0x0000000010015210       0x80 /home/alex/intelFPGA_lite/18.1/nios2eds/bin/gnu/H-x86_64-pc-linux-gnu/bin/../lib/gcc/nios2-elf/5.3.0/../../../../../H-x86_64-pc-linux-gnu/nios2-elf/lib/mno-hw-mul/libc.a(lib_a-fputwc.o)
                0x0000000010015210                fputwc
 .text          0x0000000010015290        0x0 /home/alex/intelFPGA_lite/18.1/nios2eds/bin/gnu/H-x86_64-pc-linux-gnu/bin/../lib/gcc/nios2-elf/5.3.0/../../../../../H-x86_64-pc-linux-gnu/nios2-elf/lib/mno-hw-mul/libc.a(lib_a-wcrtomb.o)
 .text._wcrtomb_r
                0x0000000010015290       0x9c /home/alex/intelFPGA_lite/18.1/nios2eds/bin/gnu/H-x86_64-pc-linux-gnu/bin/../lib/gcc/nios2-elf/5.3.0/../../../../../H-x86_64-pc-linux-gnu/nios2-elf/lib/mno-hw-mul/libc.a(lib_a-wcrtomb.o)
                0x0000000010015290                _wcrtomb_r
 .text.wcrtomb  0x000000001001532c       0xc0 /home/alex/intelFPGA_lite/18.1/nios2eds/bin/gnu/H-x86_64-pc-linux-gnu/bin/../lib/gcc/nios2-elf/5.3.0/../../../../../H-x86_64-pc-linux-gnu/nios2-elf/lib/mno-hw-mul/libc.a(lib_a-wcrtomb.o)
                0x000000001001532c                wcrtomb
 .text          0x00000000100153ec        0x0 /home/alex/intelFPGA_lite/18.1/nios2eds/bin/gnu/H-x86_64-pc-linux-gnu/bin/../lib/gcc/nios2-elf/5.3.0/../../../../../H-x86_64-pc-linux-gnu/nios2-elf/lib/mno-hw-mul/libc.a(lib_a-wctomb_r.o)
 .text.__ascii_wctomb
                0x00000000100153ec       0x30 /home/alex/intelFPGA_lite/18.1/nios2eds/bin/gnu/H-x86_64-pc-linux-gnu/bin/../lib/gcc/nios2-elf/5.3.0/../../../../../H-x86_64-pc-linux-gnu/nios2-elf/lib/mno-hw-mul/libc.a(lib_a-wctomb_r.o)
                0x00000000100153ec                __ascii_wctomb
 .text._wctomb_r
                0x000000001001541c       0x5c /home/alex/intelFPGA_lite/18.1/nios2eds/bin/gnu/H-x86_64-pc-linux-gnu/bin/../lib/gcc/nios2-elf/5.3.0/../../../../../H-x86_64-pc-linux-gnu/nios2-elf/lib/mno-hw-mul/libc.a(lib_a-wctomb_r.o)
                0x000000001001541c                _wctomb_r
 .text          0x0000000010015478      0x5fc /home/alex/intelFPGA_lite/18.1/nios2eds/bin/gnu/H-x86_64-pc-linux-gnu/bin/../lib/gcc/nios2-elf/5.3.0/mno-hw-mul/libgcc.a(_udivdi3.o)
                0x0000000010015478                __udivdi3
 .text          0x0000000010015a74      0x5c4 /home/alex/intelFPGA_lite/18.1/nios2eds/bin/gnu/H-x86_64-pc-linux-gnu/bin/../lib/gcc/nios2-elf/5.3.0/mno-hw-mul/libgcc.a(_umoddi3.o)
                0x0000000010015a74                __umoddi3
 .text          0x0000000010016038      0x8ac /home/alex/intelFPGA_lite/18.1/nios2eds/bin/gnu/H-x86_64-pc-linux-gnu/bin/../lib/gcc/nios2-elf/5.3.0/mno-hw-mul/libgcc.a(adddf3.o)
                0x0000000010016038                __adddf3
 .text          0x00000000100168e4       0x88 /home/alex/intelFPGA_lite/18.1/nios2eds/bin/gnu/H-x86_64-pc-linux-gnu/bin/../lib/gcc/nios2-elf/5.3.0/mno-hw-mul/libgcc.a(eqdf2.o)
                0x00000000100168e4                __eqdf2
                0x00000000100168e4                __nedf2
 .text          0x000000001001696c       0xdc /home/alex/intelFPGA_lite/18.1/nios2eds/bin/gnu/H-x86_64-pc-linux-gnu/bin/../lib/gcc/nios2-elf/5.3.0/mno-hw-mul/libgcc.a(gedf2.o)
                0x000000001001696c                __gtdf2
                0x000000001001696c                __gedf2
 .text          0x0000000010016a48       0xf4 /home/alex/intelFPGA_lite/18.1/nios2eds/bin/gnu/H-x86_64-pc-linux-gnu/bin/../lib/gcc/nios2-elf/5.3.0/mno-hw-mul/libgcc.a(ledf2.o)
                0x0000000010016a48                __ltdf2
                0x0000000010016a48                __ledf2
 .text          0x0000000010016b3c      0x86c /home/alex/intelFPGA_lite/18.1/nios2eds/bin/gnu/H-x86_64-pc-linux-gnu/bin/../lib/gcc/nios2-elf/5.3.0/mno-hw-mul/libgcc.a(muldf3.o)
                0x0000000010016b3c                __muldf3
 .text          0x00000000100173a8      0x8fc /home/alex/intelFPGA_lite/18.1/nios2eds/bin/gnu/H-x86_64-pc-linux-gnu/bin/../lib/gcc/nios2-elf/5.3.0/mno-hw-mul/libgcc.a(subdf3.o)
                0x00000000100173a8                __subdf3
 .text          0x0000000010017ca4       0x80 /home/alex/intelFPGA_lite/18.1/nios2eds/bin/gnu/H-x86_64-pc-linux-gnu/bin/../lib/gcc/nios2-elf/5.3.0/mno-hw-mul/libgcc.a(fixdfsi.o)
                0x0000000010017ca4                __fixdfsi
 .text          0x0000000010017d24       0xdc /home/alex/intelFPGA_lite/18.1/nios2eds/bin/gnu/H-x86_64-pc-linux-gnu/bin/../lib/gcc/nios2-elf/5.3.0/mno-hw-mul/libgcc.a(floatsidf.o)
                0x0000000010017d24                __floatsidf
 .text          0x0000000010017e00       0xa8 /home/alex/intelFPGA_lite/18.1/nios2eds/bin/gnu/H-x86_64-pc-linux-gnu/bin/../lib/gcc/nios2-elf/5.3.0/mno-hw-mul/libgcc.a(floatunsidf.o)
                0x0000000010017e00                __floatunsidf
 .text          0x0000000010017ea8      0x114 ../DE2_115_SD_CARD_bsp//libhal_bsp.a(alt_close.o)
                0x0000000010017ee4                close
 .text          0x0000000010017fbc       0x2c ../DE2_115_SD_CARD_bsp//libhal_bsp.a(alt_dev.o)
 .text          0x0000000010017fe8        0x0 ../DE2_115_SD_CARD_bsp//libhal_bsp.a(alt_errno.o)
 .text          0x0000000010017fe8       0x34 ../DE2_115_SD_CARD_bsp//libhal_bsp.a(alt_exit.o)
                0x0000000010017fe8                _exit
 .text          0x000000001001801c       0xf4 ../DE2_115_SD_CARD_bsp//libhal_bsp.a(alt_fstat.o)
                0x0000000010018058                fstat
 .text          0x0000000010018110       0xe8 ../DE2_115_SD_CARD_bsp//libhal_bsp.a(alt_isatty.o)
                0x000000001001814c                isatty
 .text          0x00000000100181f8       0xec ../DE2_115_SD_CARD_bsp//libhal_bsp.a(alt_load.o)
                0x0000000010018260                alt_load
 .text          0x00000000100182e4      0x118 ../DE2_115_SD_CARD_bsp//libhal_bsp.a(alt_lseek.o)
                0x0000000010018320                lseek
 .text          0x00000000100183fc       0x7c ../DE2_115_SD_CARD_bsp//libhal_bsp.a(alt_main.o)
                0x00000000100183fc                alt_main
 .text          0x0000000010018478       0x48 ../DE2_115_SD_CARD_bsp//libhal_bsp.a(alt_malloc_lock.o)
                0x0000000010018478                __malloc_lock
                0x000000001001849c                __malloc_unlock
 .text          0x00000000100184c0      0x284 ../DE2_115_SD_CARD_bsp//libhal_bsp.a(alt_open.o)
                0x00000000100185e8                open
 .text          0x0000000010018744      0x140 ../DE2_115_SD_CARD_bsp//libhal_bsp.a(alt_read.o)
                0x0000000010018780                read
 .text          0x0000000010018884       0x84 ../DE2_115_SD_CARD_bsp//libhal_bsp.a(alt_release_fd.o)
                0x0000000010018884                alt_release_fd
 .text          0x0000000010018908       0xb0 ../DE2_115_SD_CARD_bsp//libhal_bsp.a(alt_sbrk.o)
                0x0000000010018908                sbrk
 .text          0x00000000100189b8      0x1a4 ../DE2_115_SD_CARD_bsp//libhal_bsp.a(alt_tick.o)
                0x00000000100189b8                alt_alarm_stop
                0x0000000010018a54                alt_tick
 .text          0x0000000010018b5c       0x30 ../DE2_115_SD_CARD_bsp//libhal_bsp.a(alt_usleep.o)
                0x0000000010018b5c                usleep
 .text          0x0000000010018b8c      0x13c ../DE2_115_SD_CARD_bsp//libhal_bsp.a(alt_write.o)
                0x0000000010018bc8                write
 .text          0x0000000010018cc8      0x10c ../DE2_115_SD_CARD_bsp//libhal_bsp.a(alt_sys_init.o)
                0x0000000010018cfc                alt_irq_init
                0x0000000010018d34                alt_sys_init
 .text          0x0000000010018dd4      0x898 ../DE2_115_SD_CARD_bsp//libhal_bsp.a(altera_avalon_cfi_flash.o)
                0x0000000010018e08                alt_flash_cfi_init
                0x0000000010018e98                alt_flash_cfi_write
                0x0000000010019140                alt_flash_cfi_get_info
                0x00000000100191cc                alt_flash_cfi_read
                0x0000000010019230                alt_write_value_to_flash
                0x000000001001938c                alt_flash_program_block
 .text          0x000000001001966c     0x145c ../DE2_115_SD_CARD_bsp//libhal_bsp.a(altera_avalon_cfi_flash_table.o)
                0x000000001001966c                alt_read_query_entry_8bit
                0x00000000100196a8                alt_read_query_entry_16bit
                0x00000000100196e8                alt_read_query_entry_32bit
                0x0000000010019728                alt_write_flash_command_8bit_device_8bit_mode
                0x000000001001976c                alt_write_flash_command_16bit_device_8bit_mode
                0x00000000100197e4                alt_write_flash_command_32bit_device_8bit_mode
                0x0000000010019834                alt_write_flash_command_16bit_device_16bit_mode
                0x0000000010019880                alt_write_flash_command_32bit_device_16bit_mode
                0x00000000100198d0                alt_write_flash_command_32bit_device_32bit_mode
                0x0000000010019920                alt_write_native_8bit
                0x0000000010019958                alt_write_native_16bit
                0x0000000010019990                alt_write_native_32bit
                0x00000000100199c4                alt_set_flash_width_func
                0x0000000010019b88                alt_set_flash_algorithm_func
                0x0000000010019ca4                alt_read_cfi_table
                0x000000001001a280                alt_read_cfi_width
                0x000000001001a9f0                alt_check_primary_table
 .text          0x000000001001aac8      0x164 ../DE2_115_SD_CARD_bsp//libhal_bsp.a(altera_avalon_jtag_uart_fd.o)
                0x000000001001aac8                altera_avalon_jtag_uart_read_fd
                0x000000001001ab28                altera_avalon_jtag_uart_write_fd
                0x000000001001ab88                altera_avalon_jtag_uart_close_fd
                0x000000001001abd8                altera_avalon_jtag_uart_ioctl_fd
 .text          0x000000001001ac2c      0x3d4 ../DE2_115_SD_CARD_bsp//libhal_bsp.a(altera_avalon_jtag_uart_init.o)
                0x000000001001ac2c                altera_avalon_jtag_uart_init
                0x000000001001af98                altera_avalon_jtag_uart_close
 .text          0x000000001001b000       0xf0 ../DE2_115_SD_CARD_bsp//libhal_bsp.a(altera_avalon_jtag_uart_ioctl.o)
                0x000000001001b000                altera_avalon_jtag_uart_ioctl
 .text          0x000000001001b0f0      0x21c ../DE2_115_SD_CARD_bsp//libhal_bsp.a(altera_avalon_jtag_uart_read.o)
                0x000000001001b0f0                altera_avalon_jtag_uart_read
 .text          0x000000001001b30c      0x224 ../DE2_115_SD_CARD_bsp//libhal_bsp.a(altera_avalon_jtag_uart_write.o)
                0x000000001001b30c                altera_avalon_jtag_uart_write
 .text          0x000000001001b530      0xf4c ../DE2_115_SD_CARD_bsp//libhal_bsp.a(altera_avalon_lcd_16207.o)
                0x000000001001bd7c                altera_avalon_lcd_16207_write
                0x000000001001c348                altera_avalon_lcd_16207_init
 .text          0x000000001001c47c       0x60 ../DE2_115_SD_CARD_bsp//libhal_bsp.a(altera_avalon_lcd_16207_fd.o)
                0x000000001001c47c                altera_avalon_lcd_16207_write_fd
 .text          0x000000001001c4dc       0xf4 ../DE2_115_SD_CARD_bsp//libhal_bsp.a(altera_avalon_timer_sc.o)
                0x000000001001c554                alt_avalon_timer_sc_init
 .text          0x000000001001c5d0      0x110 ../DE2_115_SD_CARD_bsp//libhal_bsp.a(altera_avalon_uart_fd.o)
                0x000000001001c5d0                altera_avalon_uart_read_fd
                0x000000001001c630                altera_avalon_uart_write_fd
                0x000000001001c690                altera_avalon_uart_close_fd
 .text          0x000000001001c6e0      0x3c8 ../DE2_115_SD_CARD_bsp//libhal_bsp.a(altera_avalon_uart_init.o)
                0x000000001001c6e0                altera_avalon_uart_init
                0x000000001001ca54                altera_avalon_uart_close
 .text          0x000000001001caa8      0x218 ../DE2_115_SD_CARD_bsp//libhal_bsp.a(altera_avalon_uart_read.o)
                0x000000001001cae4                altera_avalon_uart_read
 .text          0x000000001001ccc0      0x1e8 ../DE2_115_SD_CARD_bsp//libhal_bsp.a(altera_avalon_uart_write.o)
                0x000000001001ccfc                altera_avalon_uart_write
 .text          0x000000001001cea8      0x12c ../DE2_115_SD_CARD_bsp//libhal_bsp.a(alt_alarm_start.o)
                0x000000001001cea8                alt_alarm_start
 .text          0x000000001001cfd4      0x158 ../DE2_115_SD_CARD_bsp//libhal_bsp.a(alt_busy_sleep.o)
                0x000000001001cfd4                alt_busy_sleep
 .text          0x000000001001d12c       0x28 ../DE2_115_SD_CARD_bsp//libhal_bsp.a(alt_dcache_flush.o)
                0x000000001001d12c                alt_dcache_flush
 .text          0x000000001001d154       0x20 ../DE2_115_SD_CARD_bsp//libhal_bsp.a(alt_dcache_flush_all.o)
                0x000000001001d154                alt_dcache_flush_all
 .text          0x000000001001d174       0xe0 ../DE2_115_SD_CARD_bsp//libhal_bsp.a(alt_dev_llist_insert.o)
                0x000000001001d1b0                alt_dev_llist_insert
 .text          0x000000001001d254       0x60 ../DE2_115_SD_CARD_bsp//libhal_bsp.a(alt_do_ctors.o)
                0x000000001001d254                _do_ctors
 .text          0x000000001001d2b4       0x60 ../DE2_115_SD_CARD_bsp//libhal_bsp.a(alt_do_dtors.o)
                0x000000001001d2b4                _do_dtors
 .text          0x000000001001d314       0x90 ../DE2_115_SD_CARD_bsp//libhal_bsp.a(alt_find_dev.o)
                0x000000001001d314                alt_find_dev
 .text          0x000000001001d3a4      0x108 ../DE2_115_SD_CARD_bsp//libhal_bsp.a(alt_find_file.o)
                0x000000001001d3a4                alt_find_file
 .text          0x000000001001d4ac       0xbc ../DE2_115_SD_CARD_bsp//libhal_bsp.a(alt_flash_dev.o)
                0x000000001001d4ac                alt_flash_open_dev
                0x000000001001d514                alt_flash_close_dev
 .text          0x000000001001d568       0xc4 ../DE2_115_SD_CARD_bsp//libhal_bsp.a(alt_get_fd.o)
                0x000000001001d568                alt_get_fd
 .text          0x000000001001d62c       0x20 ../DE2_115_SD_CARD_bsp//libhal_bsp.a(alt_icache_flush_all.o)
                0x000000001001d62c                alt_icache_flush_all
 .text          0x000000001001d64c      0x1b0 ../DE2_115_SD_CARD_bsp//libhal_bsp.a(alt_iic.o)
                0x000000001001d64c                alt_ic_isr_register
                0x000000001001d69c                alt_ic_irq_enable
                0x000000001001d724                alt_ic_irq_disable
                0x000000001001d7b0                alt_ic_irq_enabled
 .text          0x000000001001d7fc       0xf0 ../DE2_115_SD_CARD_bsp//libhal_bsp.a(alt_iic_isr_register.o)
                0x000000001001d7fc                alt_iic_isr_register
 .text          0x000000001001d8ec      0x160 ../DE2_115_SD_CARD_bsp//libhal_bsp.a(alt_io_redirect.o)
                0x000000001001d9d0                alt_io_redirect
 .text          0x000000001001da4c        0x0 ../DE2_115_SD_CARD_bsp//libhal_bsp.a(alt_irq_entry.o)
 .text          0x000000001001da4c        0x0 ../DE2_115_SD_CARD_bsp//libhal_bsp.a(alt_irq_handler.o)
 .text          0x000000001001da4c        0x0 ../DE2_115_SD_CARD_bsp//libhal_bsp.a(alt_irq_vars.o)
 .text          0x000000001001da4c       0x24 ../DE2_115_SD_CARD_bsp//libhal_bsp.a(altera_nios2_gen2_irq.o)
                0x000000001001da4c                altera_nios2_gen2_irq_init
 .text          0x000000001001da70      0x468 ../DE2_115_SD_CARD_bsp//libhal_bsp.a(altera_avalon_cfi_flash_amd.o)
                0x000000001001da70                alt_program_amd
                0x000000001001dad8                alt_erase_block_amd
 .text          0x000000001001ded8      0x464 ../DE2_115_SD_CARD_bsp//libhal_bsp.a(altera_avalon_cfi_flash_intel.o)
                0x000000001001ded8                alt_program_intel
                0x000000001001df58                alt_erase_block_intel
 .text          0x000000001001e33c        0x0 ../DE2_115_SD_CARD_bsp//libhal_bsp.a(alt_exception_entry.o)
 .text          0x000000001001e33c       0x9c ../DE2_115_SD_CARD_bsp//libhal_bsp.a(alt_instruction_exception_entry.o)
                0x000000001001e33c                alt_exception_cause_generated_bad_addr
 .text          0x000000001001e3d8        0x0 /home/alex/intelFPGA_lite/18.1/nios2eds/bin/gnu/H-x86_64-pc-linux-gnu/bin/../lib/gcc/nios2-elf/5.3.0/../../../../../H-x86_64-pc-linux-gnu/nios2-elf/lib/mno-hw-mul/libc.a(lib_a-atexit.o)
 .text.atexit   0x000000001001e3d8       0x14 /home/alex/intelFPGA_lite/18.1/nios2eds/bin/gnu/H-x86_64-pc-linux-gnu/bin/../lib/gcc/nios2-elf/5.3.0/../../../../../H-x86_64-pc-linux-gnu/nios2-elf/lib/mno-hw-mul/libc.a(lib_a-atexit.o)
                0x000000001001e3d8                atexit
 .text          0x000000001001e3ec        0x0 /home/alex/intelFPGA_lite/18.1/nios2eds/bin/gnu/H-x86_64-pc-linux-gnu/bin/../lib/gcc/nios2-elf/5.3.0/../../../../../H-x86_64-pc-linux-gnu/nios2-elf/lib/mno-hw-mul/libc.a(lib_a-memcmp.o)
 .text.memcmp   0x000000001001e3ec       0x7c /home/alex/intelFPGA_lite/18.1/nios2eds/bin/gnu/H-x86_64-pc-linux-gnu/bin/../lib/gcc/nios2-elf/5.3.0/../../../../../H-x86_64-pc-linux-gnu/nios2-elf/lib/mno-hw-mul/libc.a(lib_a-memcmp.o)
                0x000000001001e3ec                memcmp
 .text          0x000000001001e468        0x0 /home/alex/intelFPGA_lite/18.1/nios2eds/bin/gnu/H-x86_64-pc-linux-gnu/bin/../lib/gcc/nios2-elf/5.3.0/../../../../../H-x86_64-pc-linux-gnu/nios2-elf/lib/mno-hw-mul/libc.a(lib_a-__atexit.o)
 .text.__register_exitproc
                0x000000001001e468      0x118 /home/alex/intelFPGA_lite/18.1/nios2eds/bin/gnu/H-x86_64-pc-linux-gnu/bin/../lib/gcc/nios2-elf/5.3.0/../../../../../H-x86_64-pc-linux-gnu/nios2-elf/lib/mno-hw-mul/libc.a(lib_a-__atexit.o)
                0x000000001001e468                __register_exitproc
 *(.gnu.warning.*)
 *(.fini)
                [!provide]                        PROVIDE (__etext, ABSOLUTE (.))
                [!provide]                        PROVIDE (_etext, ABSOLUTE (.))
                [!provide]                        PROVIDE (etext, ABSOLUTE (.))
 *(.eh_frame_hdr)
                0x000000001001e580                . = ALIGN (0x4)
                [!provide]                        PROVIDE (__preinit_array_start, ABSOLUTE (.))
 *(.preinit_array)
                [!provide]                        PROVIDE (__preinit_array_end, ABSOLUTE (.))
                [!provide]                        PROVIDE (__init_array_start, ABSOLUTE (.))
 *(.init_array)
                [!provide]                        PROVIDE (__init_array_end, ABSOLUTE (.))
                [!provide]                        PROVIDE (__fini_array_start, ABSOLUTE (.))
 *(.fini_array)
                [!provide]                        PROVIDE (__fini_array_end, ABSOLUTE (.))
 *(.eh_frame)
 *(.gcc_except_table .gcc_except_table.*)
 *(.dynamic)
                0x000000001001e580                PROVIDE (__CTOR_LIST__, ABSOLUTE (.))
 *(.ctors)
 *(SORT(.ctors.*))
                0x000000001001e580                PROVIDE (__CTOR_END__, ABSOLUTE (.))
                0x000000001001e580                PROVIDE (__DTOR_LIST__, ABSOLUTE (.))
 *(.dtors)
 *(SORT(.dtors.*))
                0x000000001001e580                PROVIDE (__DTOR_END__, ABSOLUTE (.))
 *(.jcr)
                0x000000001001e580                . = ALIGN (0x4)

.rodata         0x000000001001e580      0xdcc
                0x000000001001e580                PROVIDE (__ram_rodata_start, ABSOLUTE (.))
                0x000000001001e580                . = ALIGN (0x4)
 *(.rodata .rodata.* .gnu.linkonce.r.*)
 .rodata        0x000000001001e580      0x4b9 obj/default/main.o
                0x000000001001e587                memoryTypes
 .rodata        0x000000001001ea39       0x20 obj/default/terasic_fat/FatInternal.o
 *fill*         0x000000001001ea59        0x3 
 .rodata        0x000000001001ea5c        0xf obj/default/terasic_lib/debug.o
 *fill*         0x000000001001ea6b        0x1 
 .rodata        0x000000001001ea6c      0x200 obj/default/terasic_sdcard/crc16.o
 .rodata        0x000000001001ec6c      0x100 obj/default/terasic_sdcard/crc7.o
 .rodata        0x000000001001ed6c      0x100 /home/alex/intelFPGA_lite/18.1/nios2eds/bin/gnu/H-x86_64-pc-linux-gnu/bin/../lib/gcc/nios2-elf/5.3.0/mno-hw-mul/libgcc.a(_clz.o)
                0x000000001001ed6c                __clz_tab
 .rodata.str1.4
                0x000000001001ee6c        0x2 /home/alex/intelFPGA_lite/18.1/nios2eds/bin/gnu/H-x86_64-pc-linux-gnu/bin/../lib/gcc/nios2-elf/5.3.0/../../../../../H-x86_64-pc-linux-gnu/nios2-elf/lib/mno-hw-mul/libc.a(lib_a-impure.o)
 *fill*         0x000000001001ee6e        0x2 
 .rodata.str1.4
                0x000000001001ee70        0x2 /home/alex/intelFPGA_lite/18.1/nios2eds/bin/gnu/H-x86_64-pc-linux-gnu/bin/../lib/gcc/nios2-elf/5.3.0/../../../../../H-x86_64-pc-linux-gnu/nios2-elf/lib/mno-hw-mul/libc.a(lib_a-puts.o)
 *fill*         0x000000001001ee72        0x2 
 .rodata.str1.4
                0x000000001001ee74       0x42 /home/alex/intelFPGA_lite/18.1/nios2eds/bin/gnu/H-x86_64-pc-linux-gnu/bin/../lib/gcc/nios2-elf/5.3.0/../../../../../H-x86_64-pc-linux-gnu/nios2-elf/lib/mno-hw-mul/libc.a(lib_a-svfprintf.o)
 .rodata.zeroes.4389
                0x000000001001eeb6       0x10 /home/alex/intelFPGA_lite/18.1/nios2eds/bin/gnu/H-x86_64-pc-linux-gnu/bin/../lib/gcc/nios2-elf/5.3.0/../../../../../H-x86_64-pc-linux-gnu/nios2-elf/lib/mno-hw-mul/libc.a(lib_a-svfprintf.o)
 .rodata.blanks.4388
                0x000000001001eec6       0x10 /home/alex/intelFPGA_lite/18.1/nios2eds/bin/gnu/H-x86_64-pc-linux-gnu/bin/../lib/gcc/nios2-elf/5.3.0/../../../../../H-x86_64-pc-linux-gnu/nios2-elf/lib/mno-hw-mul/libc.a(lib_a-svfprintf.o)
 .rodata.str1.4
                0x000000001001eed6       0x42 /home/alex/intelFPGA_lite/18.1/nios2eds/bin/gnu/H-x86_64-pc-linux-gnu/bin/../lib/gcc/nios2-elf/5.3.0/../../../../../H-x86_64-pc-linux-gnu/nios2-elf/lib/mno-hw-mul/libc.a(lib_a-vfprintf.o)
 .rodata.zeroes.4404
                0x000000001001eed6       0x10 /home/alex/intelFPGA_lite/18.1/nios2eds/bin/gnu/H-x86_64-pc-linux-gnu/bin/../lib/gcc/nios2-elf/5.3.0/../../../../../H-x86_64-pc-linux-gnu/nios2-elf/lib/mno-hw-mul/libc.a(lib_a-vfprintf.o)
 .rodata.blanks.4403
                0x000000001001eee6       0x10 /home/alex/intelFPGA_lite/18.1/nios2eds/bin/gnu/H-x86_64-pc-linux-gnu/bin/../lib/gcc/nios2-elf/5.3.0/../../../../../H-x86_64-pc-linux-gnu/nios2-elf/lib/mno-hw-mul/libc.a(lib_a-vfprintf.o)
 .rodata._ctype_
                0x000000001001eef6      0x101 /home/alex/intelFPGA_lite/18.1/nios2eds/bin/gnu/H-x86_64-pc-linux-gnu/bin/../lib/gcc/nios2-elf/5.3.0/../../../../../H-x86_64-pc-linux-gnu/nios2-elf/lib/mno-hw-mul/libc.a(lib_a-ctype_.o)
                0x000000001001eef6                _ctype_
 .rodata._ctype_b
                0x000000001001eff7      0x180 /home/alex/intelFPGA_lite/18.1/nios2eds/bin/gnu/H-x86_64-pc-linux-gnu/bin/../lib/gcc/nios2-elf/5.3.0/../../../../../H-x86_64-pc-linux-gnu/nios2-elf/lib/mno-hw-mul/libc.a(lib_a-ctype_.o)
 *fill*         0x000000001001f177        0x1 
 .rodata.str1.4
                0x000000001001f178       0x10 /home/alex/intelFPGA_lite/18.1/nios2eds/bin/gnu/H-x86_64-pc-linux-gnu/bin/../lib/gcc/nios2-elf/5.3.0/../../../../../H-x86_64-pc-linux-gnu/nios2-elf/lib/mno-hw-mul/libc.a(lib_a-dtoa.o)
                                         0x12 (size before relaxing)
 .rodata.str1.4
                0x000000001001f188        0xc /home/alex/intelFPGA_lite/18.1/nios2eds/bin/gnu/H-x86_64-pc-linux-gnu/bin/../lib/gcc/nios2-elf/5.3.0/../../../../../H-x86_64-pc-linux-gnu/nios2-elf/lib/mno-hw-mul/libc.a(lib_a-locale.o)
                                         0x12 (size before relaxing)
 .rodata.p05.2768
                0x000000001001f194        0xc /home/alex/intelFPGA_lite/18.1/nios2eds/bin/gnu/H-x86_64-pc-linux-gnu/bin/../lib/gcc/nios2-elf/5.3.0/../../../../../H-x86_64-pc-linux-gnu/nios2-elf/lib/mno-hw-mul/libc.a(lib_a-mprec.o)
 .rodata.__mprec_tinytens
                0x000000001001f1a0       0x28 /home/alex/intelFPGA_lite/18.1/nios2eds/bin/gnu/H-x86_64-pc-linux-gnu/bin/../lib/gcc/nios2-elf/5.3.0/../../../../../H-x86_64-pc-linux-gnu/nios2-elf/lib/mno-hw-mul/libc.a(lib_a-mprec.o)
                0x000000001001f1a0                __mprec_tinytens
 .rodata.__mprec_bigtens
                0x000000001001f1c8       0x28 /home/alex/intelFPGA_lite/18.1/nios2eds/bin/gnu/H-x86_64-pc-linux-gnu/bin/../lib/gcc/nios2-elf/5.3.0/../../../../../H-x86_64-pc-linux-gnu/nios2-elf/lib/mno-hw-mul/libc.a(lib_a-mprec.o)
                0x000000001001f1c8                __mprec_bigtens
 .rodata.__mprec_tens
                0x000000001001f1f0       0xc8 /home/alex/intelFPGA_lite/18.1/nios2eds/bin/gnu/H-x86_64-pc-linux-gnu/bin/../lib/gcc/nios2-elf/5.3.0/../../../../../H-x86_64-pc-linux-gnu/nios2-elf/lib/mno-hw-mul/libc.a(lib_a-mprec.o)
                0x000000001001f1f0                __mprec_tens
 .rodata.str1.4
                0x000000001001f2b8       0x2f /home/alex/intelFPGA_lite/18.1/nios2eds/bin/gnu/H-x86_64-pc-linux-gnu/bin/../lib/gcc/nios2-elf/5.3.0/../../../../../H-x86_64-pc-linux-gnu/nios2-elf/lib/mno-hw-mul/libc.a(lib_a-svfiprintf.o)
 .rodata.zeroes.4333
                0x000000001001f2b8       0x10 /home/alex/intelFPGA_lite/18.1/nios2eds/bin/gnu/H-x86_64-pc-linux-gnu/bin/../lib/gcc/nios2-elf/5.3.0/../../../../../H-x86_64-pc-linux-gnu/nios2-elf/lib/mno-hw-mul/libc.a(lib_a-svfiprintf.o)
 .rodata.blanks.4332
                0x000000001001f2c8       0x10 /home/alex/intelFPGA_lite/18.1/nios2eds/bin/gnu/H-x86_64-pc-linux-gnu/bin/../lib/gcc/nios2-elf/5.3.0/../../../../../H-x86_64-pc-linux-gnu/nios2-elf/lib/mno-hw-mul/libc.a(lib_a-svfiprintf.o)
 .rodata.str1.4
                0x000000001001f2d8       0x2f /home/alex/intelFPGA_lite/18.1/nios2eds/bin/gnu/H-x86_64-pc-linux-gnu/bin/../lib/gcc/nios2-elf/5.3.0/../../../../../H-x86_64-pc-linux-gnu/nios2-elf/lib/mno-hw-mul/libc.a(lib_a-vfiprintf.o)
 .rodata.zeroes.4349
                0x000000001001f2d8       0x10 /home/alex/intelFPGA_lite/18.1/nios2eds/bin/gnu/H-x86_64-pc-linux-gnu/bin/../lib/gcc/nios2-elf/5.3.0/../../../../../H-x86_64-pc-linux-gnu/nios2-elf/lib/mno-hw-mul/libc.a(lib_a-vfiprintf.o)
 .rodata.blanks.4348
                0x000000001001f2e8       0x10 /home/alex/intelFPGA_lite/18.1/nios2eds/bin/gnu/H-x86_64-pc-linux-gnu/bin/../lib/gcc/nios2-elf/5.3.0/../../../../../H-x86_64-pc-linux-gnu/nios2-elf/lib/mno-hw-mul/libc.a(lib_a-vfiprintf.o)
 .rodata        0x000000001001f2f8        0xa ../DE2_115_SD_CARD_bsp//libhal_bsp.a(alt_dev.o)
 *fill*         0x000000001001f302        0x2 
 .rodata        0x000000001001f304        0xf ../DE2_115_SD_CARD_bsp//libhal_bsp.a(alt_main.o)
 *fill*         0x000000001001f313        0x1 
 .rodata        0x000000001001f314       0x37 ../DE2_115_SD_CARD_bsp//libhal_bsp.a(alt_sys_init.o)
 *(.rodata1)
                0x000000001001f34c                . = ALIGN (0x4)
 *fill*         0x000000001001f34b        0x1 
                0x000000001001f34c                PROVIDE (__ram_rodata_end, ABSOLUTE (.))
                0x000000001001e580                PROVIDE (__flash_rodata_start, LOADADDR (.rodata))

.rwdata         0x000000001001f34c     0x1dc4 load address 0x0000000010021110
                0x000000001001f34c                PROVIDE (__ram_rwdata_start, ABSOLUTE (.))
                0x000000001001f34c                . = ALIGN (0x4)
 *(.got.plt)
 *(.got)
 *(.data1)
 *(.data .data.* .gnu.linkonce.d.*)
 .data          0x000000001001f34c        0x0 ../DE2_115_SD_CARD_bsp//obj/HAL/src/crt0.o
 .data          0x000000001001f34c        0x0 obj/default/main.o
 .data          0x000000001001f34c        0x0 obj/default/terasic_fat/FatFileSystem.o
 .data          0x000000001001f34c        0x0 obj/default/terasic_fat/FatInternal.o
 .data          0x000000001001f34c        0x0 obj/default/terasic_lib/debug.o
 .data          0x000000001001f34c        0x0 obj/default/terasic_sdcard/crc16.o
 .data          0x000000001001f34c        0x0 obj/default/terasic_sdcard/crc7.o
 .data          0x000000001001f34c        0x0 obj/default/terasic_sdcard/sd_hal.o
 .data          0x000000001001f34c        0x0 obj/default/terasic_sdcard/sd_lib.o
 .data          0x000000001001f34c        0x0 obj/default/terasic_sdcard/sd_protocol.o
 .data          0x000000001001f34c        0x0 /home/alex/intelFPGA_lite/18.1/nios2eds/bin/gnu/H-x86_64-pc-linux-gnu/bin/../lib/gcc/nios2-elf/5.3.0/mno-hw-mul/libgcc.a(_muldi3.o)
 .data          0x000000001001f34c        0x0 /home/alex/intelFPGA_lite/18.1/nios2eds/bin/gnu/H-x86_64-pc-linux-gnu/bin/../lib/gcc/nios2-elf/5.3.0/mno-hw-mul/libgcc.a(lib2-divmod.o)
 .data          0x000000001001f34c        0x0 /home/alex/intelFPGA_lite/18.1/nios2eds/bin/gnu/H-x86_64-pc-linux-gnu/bin/../lib/gcc/nios2-elf/5.3.0/mno-hw-mul/libgcc.a(lib2-mul.o)
 .data          0x000000001001f34c        0x0 /home/alex/intelFPGA_lite/18.1/nios2eds/bin/gnu/H-x86_64-pc-linux-gnu/bin/../lib/gcc/nios2-elf/5.3.0/mno-hw-mul/libgcc.a(divsf3.o)
 .data          0x000000001001f34c        0x0 /home/alex/intelFPGA_lite/18.1/nios2eds/bin/gnu/H-x86_64-pc-linux-gnu/bin/../lib/gcc/nios2-elf/5.3.0/mno-hw-mul/libgcc.a(mulsf3.o)