Archive member included to satisfy reference by file (symbol)

c:/altera/15.0/nios2eds/bin/gnu/h-x86_64-mingw32/bin/../lib/gcc/nios2-elf/4.9.1\libgcc.a(lib2-divmod.o)
                              obj/default/terasic_fat/FatFileSystem.o (__udivsi3)
c:/altera/15.0/nios2eds/bin/gnu/h-x86_64-mingw32/bin/../lib/gcc/nios2-elf/4.9.1\libgcc.a(divsf3.o)
                              obj/default/terasic_fat/FatFileSystem.o (__divsf3)
c:/altera/15.0/nios2eds/bin/gnu/h-x86_64-mingw32/bin/../lib/gcc/nios2-elf/4.9.1\libgcc.a(mulsf3.o)
                              obj/default/terasic_fat/FatFileSystem.o (__mulsf3)
c:/altera/15.0/nios2eds/bin/gnu/h-x86_64-mingw32/bin/../lib/gcc/nios2-elf/4.9.1\libgcc.a(floatunsisf.o)
                              obj/default/terasic_fat/FatFileSystem.o (__floatunsisf)
c:/altera/15.0/nios2eds/bin/gnu/h-x86_64-mingw32/bin/../lib/gcc/nios2-elf/4.9.1\libgcc.a(divdf3.o)
                              obj/default/terasic_fat/FatFileSystem.o (__divdf3)
c:/altera/15.0/nios2eds/bin/gnu/h-x86_64-mingw32/bin/../lib/gcc/nios2-elf/4.9.1\libgcc.a(extendsfdf2.o)
                              obj/default/terasic_fat/FatFileSystem.o (__extendsfdf2)
c:/altera/15.0/nios2eds/bin/gnu/h-x86_64-mingw32/bin/../lib/gcc/nios2-elf/4.9.1\libgcc.a(truncdfsf2.o)
                              obj/default/terasic_fat/FatFileSystem.o (__truncdfsf2)
c:/altera/15.0/nios2eds/bin/gnu/h-x86_64-mingw32/bin/../lib/gcc/nios2-elf/4.9.1\libgcc.a(_clzsi2.o)
                              c:/altera/15.0/nios2eds/bin/gnu/h-x86_64-mingw32/bin/../lib/gcc/nios2-elf/4.9.1\libgcc.a(divsf3.o) (__clzsi2)
c:/altera/15.0/nios2eds/bin/gnu/h-x86_64-mingw32/bin/../lib/gcc/nios2-elf/4.9.1\libgcc.a(_clz.o)
                              c:/altera/15.0/nios2eds/bin/gnu/h-x86_64-mingw32/bin/../lib/gcc/nios2-elf/4.9.1\libgcc.a(_clzsi2.o) (__clz_tab)
c:/altera/15.0/nios2eds/bin/gnu/h-x86_64-mingw32/bin/../lib/gcc/nios2-elf/4.9.1/../../../../../H-x86_64-mingw32/nios2-elf/lib\libc.a(lib_a-malloc.o)
                              obj/default/terasic_fat/FatFileSystem.o (malloc)
c:/altera/15.0/nios2eds/bin/gnu/h-x86_64-mingw32/bin/../lib/gcc/nios2-elf/4.9.1/../../../../../H-x86_64-mingw32/nios2-elf/lib\libc.a(lib_a-mallocr.o)
                              c:/altera/15.0/nios2eds/bin/gnu/h-x86_64-mingw32/bin/../lib/gcc/nios2-elf/4.9.1/../../../../../H-x86_64-mingw32/nios2-elf/lib\libc.a(lib_a-malloc.o) (_malloc_r)
c:/altera/15.0/nios2eds/bin/gnu/h-x86_64-mingw32/bin/../lib/gcc/nios2-elf/4.9.1/../../../../../H-x86_64-mingw32/nios2-elf/lib\libc.a(lib_a-memcpy.o)
                              obj/default/terasic_fat/FatFileSystem.o (memcpy)
c:/altera/15.0/nios2eds/bin/gnu/h-x86_64-mingw32/bin/../lib/gcc/nios2-elf/4.9.1/../../../../../H-x86_64-mingw32/nios2-elf/lib\libc.a(lib_a-memset.o)
                              obj/default/terasic_fat/FatFileSystem.o (memset)
c:/altera/15.0/nios2eds/bin/gnu/h-x86_64-mingw32/bin/../lib/gcc/nios2-elf/4.9.1/../../../../../H-x86_64-mingw32/nios2-elf/lib\libc.a(lib_a-printf.o)
                              obj/default/main.o (printf)
c:/altera/15.0/nios2eds/bin/gnu/h-x86_64-mingw32/bin/../lib/gcc/nios2-elf/4.9.1/../../../../../H-x86_64-mingw32/nios2-elf/lib\libc.a(lib_a-putchar.o)
                              obj/default/main.o (putchar)
c:/altera/15.0/nios2eds/bin/gnu/h-x86_64-mingw32/bin/../lib/gcc/nios2-elf/4.9.1/../../../../../H-x86_64-mingw32/nios2-elf/lib\libc.a(lib_a-puts.o)
                              obj/default/main.o (puts)
c:/altera/15.0/nios2eds/bin/gnu/h-x86_64-mingw32/bin/../lib/gcc/nios2-elf/4.9.1/../../../../../H-x86_64-mingw32/nios2-elf/lib\libc.a(lib_a-sbrkr.o)
                              c:/altera/15.0/nios2eds/bin/gnu/h-x86_64-mingw32/bin/../lib/gcc/nios2-elf/4.9.1/../../../../../H-x86_64-mingw32/nios2-elf/lib\libc.a(lib_a-mallocr.o) (_sbrk_r)
c:/altera/15.0/nios2eds/bin/gnu/h-x86_64-mingw32/bin/../lib/gcc/nios2-elf/4.9.1/../../../../../H-x86_64-mingw32/nios2-elf/lib\libc.a(lib_a-scanf.o)
                              obj/default/main.o (scanf)
c:/altera/15.0/nios2eds/bin/gnu/h-x86_64-mingw32/bin/../lib/gcc/nios2-elf/4.9.1/../../../../../H-x86_64-mingw32/nios2-elf/lib\libc.a(lib_a-sprintf.o)
                              obj/default/terasic_lib/debug.o (sprintf)
c:/altera/15.0/nios2eds/bin/gnu/h-x86_64-mingw32/bin/../lib/gcc/nios2-elf/4.9.1/../../../../../H-x86_64-mingw32/nios2-elf/lib\libc.a(lib_a-strcasecmp.o)
                              obj/default/terasic_fat/FatFileSystem.o (strcasecmp)
c:/altera/15.0/nios2eds/bin/gnu/h-x86_64-mingw32/bin/../lib/gcc/nios2-elf/4.9.1/../../../../../H-x86_64-mingw32/nios2-elf/lib\libc.a(lib_a-strlen.o)
                              c:/altera/15.0/nios2eds/bin/gnu/h-x86_64-mingw32/bin/../lib/gcc/nios2-elf/4.9.1/../../../../../H-x86_64-mingw32/nios2-elf/lib\libc.a(lib_a-puts.o) (strlen)
c:/altera/15.0/nios2eds/bin/gnu/h-x86_64-mingw32/bin/../lib/gcc/nios2-elf/4.9.1/../../../../../H-x86_64-mingw32/nios2-elf/lib\libc.a(lib_a-svfprintf.o)
[...]
Memory Configuration

Name             Origin             Length             Attributes
cfi_flash        0x0000000001800000 0x0000000000800000
reset            0x0000000002040000 0x0000000000000020
onchip_memory2   0x0000000002040020 0x000000000003ffe0
*default*        0x0000000000000000 0xffffffffffffffff

Linker script and memory map

LOAD ../DE2_115_SD_CARD_bsp//obj/HAL/src/crt0.o
LOAD obj/default/altera_up_avalon_character_lcd.o
LOAD obj/default/main.o
LOAD obj/default/terasic_fat/FatFileSystem.o
LOAD obj/default/terasic_fat/FatInternal.o
LOAD obj/default/terasic_lib/debug.o
LOAD obj/default/terasic_sdcard/crc16.o
LOAD obj/default/terasic_sdcard/crc7.o
LOAD obj/default/terasic_sdcard/sd_hal.o
LOAD obj/default/terasic_sdcard/sd_lib.o
LOAD obj/default/terasic_sdcard/sd_protocol.o
LOAD c:/altera/15.0/nios2eds/bin/gnu/h-x86_64-mingw32/bin/../lib/gcc/nios2-elf/4.9.1/../../../../../H-x86_64-mingw32/nios2-elf/lib\libstdc++.a
LOAD c:/altera/15.0/nios2eds/bin/gnu/h-x86_64-mingw32/bin/../lib/gcc/nios2-elf/4.9.1/../../../../../H-x86_64-mingw32/nios2-elf/lib\libm.a
LOAD c:/altera/15.0/nios2eds/bin/gnu/h-x86_64-mingw32/bin/../lib/gcc/nios2-elf/4.9.1\libgcc.a
START GROUP
LOAD c:/altera/15.0/nios2eds/bin/gnu/h-x86_64-mingw32/bin/../lib/gcc/nios2-elf/4.9.1/../../../../../H-x86_64-mingw32/nios2-elf/lib\libc.a
LOAD c:/altera/15.0/nios2eds/bin/gnu/h-x86_64-mingw32/bin/../lib/gcc/nios2-elf/4.9.1\libgcc.a
LOAD ../DE2_115_SD_CARD_bsp/\libhal_bsp.a
END GROUP
LOAD c:/altera/15.0/nios2eds/bin/gnu/h-x86_64-mingw32/bin/../lib/gcc/nios2-elf/4.9.1\libgcc.a
                0x0000000001800000                __alt_mem_cfi_flash = 0x1800000
                0x0000000002040000                __alt_mem_onchip_memory2 = 0x2040000

.entry          0x0000000002040000       0x20
 *(.entry)
 .entry         0x0000000002040000       0x20 ../DE2_115_SD_CARD_bsp//obj/HAL/src/crt0.o
                0x0000000002040000                __reset

.exceptions     0x0000000002040020      0x19c
                0x0000000002040020                PROVIDE (__ram_exceptions_start, ABSOLUTE (.))
                0x0000000002040020                . = ALIGN (0x20)
 *(.irq)
 *(.exceptions.entry.label)
 .exceptions.entry.label
                0x0000000002040020        0x0 ../DE2_115_SD_CARD_bsp/\libhal_bsp.a(alt_irq_entry.o)
                0x0000000002040020                alt_irq_entry
 .exceptions.entry.label
                0x0000000002040020        0x0 ../DE2_115_SD_CARD_bsp/\libhal_bsp.a(alt_exception_entry.o)
                0x0000000002040020                alt_exception
 *(.exceptions.entry.user)
 *(.exceptions.entry.ecc_fatal)
 *(.exceptions.entry)
 .exceptions.entry
                0x0000000002040020       0x54 ../DE2_115_SD_CARD_bsp/\libhal_bsp.a(alt_exception_entry.o)
 *(.exceptions.irqtest.user)
 *(.exceptions.irqtest)
 .exceptions.irqtest
                0x0000000002040074       0x10 ../DE2_115_SD_CARD_bsp/\libhal_bsp.a(alt_irq_entry.o)
 *(.exceptions.irqhandler.user)
 *(.exceptions.irqhandler)
 .exceptions.irqhandler
                0x0000000002040084        0x4 ../DE2_115_SD_CARD_bsp/\libhal_bsp.a(alt_irq_entry.o)
 *(.exceptions.irqreturn.user)
 *(.exceptions.irqreturn)
 .exceptions.irqreturn
                0x0000000002040088        0x4 ../DE2_115_SD_CARD_bsp/\libhal_bsp.a(alt_irq_entry.o)
 *(.exceptions.notirq.label)
 .exceptions.notirq.label
                0x000000000204008c        0x0 ../DE2_115_SD_CARD_bsp/\libhal_bsp.a(alt_irq_entry.o)
 *(.exceptions.notirq.user)
 *(.exceptions.notirq)
 .exceptions.notirq
                0x000000000204008c        0x8 ../DE2_115_SD_CARD_bsp/\libhal_bsp.a(alt_exception_entry.o)
 *(.exceptions.soft.user)
 *(.exceptions.soft)
 *(.exceptions.unknown.user)
 *(.exceptions.unknown)
 .exceptions.unknown
                0x0000000002040094        0x4 ../DE2_115_SD_CARD_bsp/\libhal_bsp.a(alt_exception_entry.o)
 *(.exceptions.exit.label)
 .exceptions.exit.label
                0x0000000002040098        0x0 ../DE2_115_SD_CARD_bsp/\libhal_bsp.a(alt_irq_entry.o)
 .exceptions.exit.label
                0x0000000002040098        0x0 ../DE2_115_SD_CARD_bsp/\libhal_bsp.a(alt_exception_entry.o)
 *(.exceptions.exit.user)
 *(.exceptions.exit)
 .exceptions.exit
                0x0000000002040098       0x54 ../DE2_115_SD_CARD_bsp/\libhal_bsp.a(alt_exception_entry.o)
 *(.exceptions)
 .exceptions    0x00000000020400ec       0xd0 ../DE2_115_SD_CARD_bsp/\libhal_bsp.a(alt_irq_handler.o)
                0x00000000020400ec                alt_irq_handler
                0x00000000020401bc                PROVIDE (__ram_exceptions_end, ABSOLUTE (.))
                0x0000000002040020                PROVIDE (__flash_exceptions_start, LOADADDR (.exceptions))

.text           0x00000000020401bc    0x2160c
                0x00000000020401bc                PROVIDE (stext, ABSOLUTE (.))
 *(.interp)
 *(.hash)
 *(.dynsym)
 *(.dynstr)
 *(.gnu.version)
 *(.gnu.version_d)
 *(.gnu.version_r)
 *(.rel.init)
 *(.rela.init)
 *(.rel.text .rel.text.* .rel.gnu.linkonce.t.*)
 *(.rela.text .rela.text.* .rela.gnu.linkonce.t.*)
 *(.rel.fini)
 *(.rela.fini)
 *(.rel.rodata .rel.rodata.* .rel.gnu.linkonce.r.*)
 *(.rela.rodata .rela.rodata.* .rela.gnu.linkonce.r.*)
 *(.rel.data .rel.data.* .rel.gnu.linkonce.d.*)
 *(.rela.data .rela.data.* .rela.gnu.linkonce.d.*)
 *(.rel.tdata .rel.tdata.* .rel.gnu.linkonce.td.*)
 *(.rela.tdata .rela.tdata.* .rela.gnu.linkonce.td.*)
 *(.rel.tbss .rel.tbss.* .rel.gnu.linkonce.tb.*)
 *(.rela.tbss .rela.tbss.* .rela.gnu.linkonce.tb.*)
 *(.rel.ctors)
 *(.rela.ctors)
 *(.rel.dtors)
 *(.rela.dtors)
 *(.rel.got)
 *(.rela.got)
 *(.rel.sdata .rel.sdata.* .rel.gnu.linkonce.s.*)
 *(.rela.sdata .rela.sdata.* .rela.gnu.linkonce.s.*)
 *(.rel.sbss .rel.sbss.* .rel.gnu.linkonce.sb.*)
 *(.rela.sbss .rela.sbss.* .rela.gnu.linkonce.sb.*)
 *(.rel.sdata2 .rel.sdata2.* .rel.gnu.linkonce.s2.*)
 *(.rela.sdata2 .rela.sdata2.* .rela.gnu.linkonce.s2.*)
 *(.rel.sbss2 .rel.sbss2.* .rel.gnu.linkonce.sb2.*)
 *(.rela.sbss2 .rela.sbss2.* .rela.gnu.linkonce.sb2.*)
 *(.rel.bss .rel.bss.* .rel.gnu.linkonce.b.*)
 *(.rela.bss .rela.bss.* .rela.gnu.linkonce.b.*)
 *(.rel.plt)
 *(.rela.plt)
 *(.rel.dyn)
 *(.init)
 *(.plt)
 *(.text .stub .text.* .gnu.linkonce.t.*)
 .text          0x00000000020401bc       0x4c ../DE2_115_SD_CARD_bsp//obj/HAL/src/crt0.o
                0x00000000020401bc                _start
 .text          0x0000000002040208      0x40c obj/default/altera_up_avalon_character_lcd.o
                0x0000000002040208                get_DDRAM_addr
                0x0000000002040280                alt_up_character_lcd_send_cmd
                0x00000000020402bc                alt_up_character_lcd_init
                0x00000000020402f0                alt_up_character_lcd_open_dev
                0x0000000002040330                alt_up_character_lcd_write
                0x00000000020403ac                alt_up_character_lcd_write_fd
                0x00000000020403f4                alt_up_character_lcd_set_cursor_pos
                0x0000000002040474                alt_up_character_lcd_shift_cursor
                0x0000000002040500                alt_up_character_lcd_shift_display
                0x000000000204058c                alt_up_character_lcd_erase_pos
 .text          0x0000000002040614      0x510 obj/default/main.o
                0x0000000002040614                Fat_Test
                0x0000000002040a04                main
 .text          0x0000000002040b24     0x1204 obj/default/terasic_fat/FatFileSystem.o
                0x0000000002040b24                Fat_Mount
                0x0000000002040b68                Fat_Unmount
                0x0000000002040bb4                Fat_Type
                0x0000000002040c20                Fat_FileBrowseBegin
                0x0000000002040c8c                Fat_FileBrowseNext
                0x00000000020410b8                Fat_FileCount
                0x0000000002041124                fatSameLongFilename
                0x00000000020411b8                fatComposeShortFilename
                0x0000000002041368                Fat_FileExist
                0x0000000002041418                Fat_FileOpen
                0x0000000002041540                Fat_FileSize
                0x0000000002041584                Fat_FileRead
                0x00000000020419f4                Fat_FileSeek
                0x0000000002041af4                Fat_FileClose
                0x0000000002041b38                Fat_SpeedTest
 .text          0x0000000002041d28     0x1110 obj/default/terasic_fat/FatInternal.o
                0x0000000002041d28                fat16ClusterType
                0x0000000002041dd8                fat32ClusterType
                0x0000000002041ea4                fatNextCluster
                0x000000000204200c                fatFindUnusedCluster
                0x0000000002042184                fatDelClusterList
                0x000000000204236c                fatDumpDate
                0x00000000020423c8                fatDumpTime
                0x0000000002042424                fatIsLastDir
                0x0000000002042468                fatIsValidDir
                0x0000000002042510                fatIsUnusedDir
                0x0000000002042558                fatDump
                0x00000000020426f0                fatArray2Value
                0x0000000002042778                fatReadSecter
                0x0000000002042808                fatFindDirectory
                0x00000000020428b4                fatFindUnusedDirectory
                0x00000000020429c4                fatMount
                0x0000000002042ccc                SD_ReadBlock512
                0x0000000002042d08                SD_WriteBlock512
                0x0000000002042d44                fatMountSdcard
 .text          0x0000000002042e38      0x1b4 obj/default/terasic_lib/debug.o
                0x0000000002042e38                debug_output
                0x0000000002042e68                myprintf
                0x0000000002042ed4                myprintf_hexarray
                0x0000000002042f5c                myprintf_dwordarray
 .text          0x0000000002042fec       0xa4 obj/default/terasic_sdcard/crc16.o
                0x0000000002042fec                crc16
 .text          0x0000000002043090       0xc0 obj/default/terasic_sdcard/crc7.o
                0x0000000002043090                crc7_byte
                0x00000000020430e0                crc7
 .text          0x0000000002043150      0x9e8 obj/default/terasic_sdcard/sd_hal.o
                0x0000000002043150                SDHAL_IsSupport4Bits
                0x000000000204317c                SDHAL_Init
                0x00000000020431d4                SDHAL_SendCmd
                0x00000000020432b4                SDHAL_GetResponse
                0x00000000020434a0                SDHAL_ReadData
                0x0000000002043938                SDHAL_WriteData
                0x0000000002043ae0                SDHAL_DummyClock
 .text          0x0000000002043b38      0x434 obj/default/terasic_sdcard/sd_lib.o
                0x0000000002043b38                SDLIB_Init
                0x0000000002043e6c                SDLIB_ReadBlock512
                0x0000000002043eec                SDLIB_WriteBlock512
 .text          0x0000000002043f6c     0x16a4 obj/default/terasic_sdcard/sd_protocol.o
                0x0000000002043f6c                SD_Init
                0x0000000002043f94                SD_IsSupport4Bits
                0x0000000002043fbc                SD_CMD0
                0x0000000002044044                SD_CMD8
                0x00000000020441d0                SD_CMD55
                0x0000000002044350                SD_ACMD41
                0x00000000020444ec                SD_CMD2
                0x0000000002044684                SD_CMD3
                0x0000000002044820                SD_CMD9
                0x00000000020449e0                SD_CMD10
                0x0000000002044ba0                SD_CMD7
                0x0000000002044d20                SD_CMD16
                0x0000000002044ec0                SD_ACMD6
                0x000000000204504c                SD_ACMD42
                0x00000000020451cc                SD_CMD17
                0x0000000002045374                SD_CMD24
                0x000000000204551c                SD_ReadData
                0x000000000204555c                SD_WriteData
                0x000000000204559c                ArrayToU32
 .text          0x0000000002045610      0x12c c:/altera/15.0/nios2eds/bin/gnu/h-x86_64-mingw32/bin/../lib/gcc/nios2-elf/4.9.1\libgcc.a(lib2-divmod.o)
                0x000000000204567c                __divsi3
                0x00000000020456d0                __modsi3
                0x000000000204572c                __udivsi3
                0x0000000002045734                __umodsi3
 .text          0x000000000204573c      0x450 c:/altera/15.0/nios2eds/bin/gnu/h-x86_64-mingw32/bin/../lib/gcc/nios2-elf/4.9.1\libgcc.a(divsf3.o)
                0x000000000204573c                __divsf3
 .text          0x0000000002045b8c      0x424 c:/altera/15.0/nios2eds/bin/gnu/h-x86_64-mingw32/bin/../lib/gcc/nios2-elf/4.9.1\libgcc.a(mulsf3.o)
                0x0000000002045b8c                __mulsf3
 .text          0x0000000002045fb0      0x110 c:/altera/15.0/nios2eds/bin/gnu/h-x86_64-mingw32/bin/../lib/gcc/nios2-elf/4.9.1\libgcc.a(floatunsisf.o)
                0x0000000002045fb0                __floatunsisf
 .text          0x00000000020460c0      0x8cc c:/altera/15.0/nios2eds/bin/gnu/h-x86_64-mingw32/bin/../lib/gcc/nios2-elf/4.9.1\libgcc.a(divdf3.o)
                0x00000000020460c0                __divdf3
 .text          0x000000000204698c      0x110 c:/altera/15.0/nios2eds/bin/gnu/h-x86_64-mingw32/bin/../lib/gcc/nios2-elf/4.9.1\libgcc.a(extendsfdf2.o)
                0x000000000204698c                __extendsfdf2
 .text          0x0000000002046a9c      0x198 c:/altera/15.0/nios2eds/bin/gnu/h-x86_64-mingw32/bin/../lib/gcc/nios2-elf/4.9.1\libgcc.a(truncdfsf2.o)
                0x0000000002046a9c                __truncdfsf2
 .text          0x0000000002046c34       0x64 c:/altera/15.0/nios2eds/bin/gnu/h-x86_64-mingw32/bin/../lib/gcc/nios2-elf/4.9.1\libgcc.a(_clzsi2.o)
                0x0000000002046c34                __clzsi2
 .text          0x0000000002046c98        0x0 c:/altera/15.0/nios2eds/bin/gnu/h-x86_64-mingw32/bin/../lib/gcc/nios2-elf/4.9.1\libgcc.a(_clz.o)
 .text          0x0000000002046c98       0x28 c:/altera/15.0/nios2eds/bin/gnu/h-x86_64-mingw32/bin/../lib/gcc/nios2-elf/4.9.1/../../../../../H-x86_64-mingw32/nios2-elf/lib\libc.a(lib_a-malloc.o)
                0x0000000002046c98                malloc
                0x0000000002046cac                free
 .text          0x0000000002046cc0      0x7a8 c:/altera/15.0/nios2eds/bin/gnu/h-x86_64-mingw32/bin/../lib/gcc/nios2-elf/4.9.1/../../../../../H-x86_64-mingw32/nios2-elf/lib\libc.a(lib_a-mallocr.o)
                0x0000000002046cc0                _malloc_r
 .text          0x0000000002047468      0x138 c:/altera/15.0/nios2eds/bin/gnu/h-x86_64-mingw32/bin/../lib/gcc/nios2-elf/4.9.1/../../../../../H-x86_64-mingw32/nios2-elf/lib\libc.a(lib_a-memcpy.o)
                0x0000000002047468                memcpy
 .text          0x00000000020475a0      0x124 c:/altera/15.0/nios2eds/bin/gnu/h-x86_64-mingw32/bin/../lib/gcc/nios2-elf/4.9.1/../../../../../H-x86_64-mingw32/nios2-elf/lib\libc.a(lib_a-memset.o)
                0x00000000020475a0                memset
 .text          0x00000000020476c4       0x68 c:/altera/15.0/nios2eds/bin/gnu/h-x86_64-mingw32/bin/../lib/gcc/nios2-elf/4.9.1/../../../../../H-x86_64-mingw32/nios2-elf/lib\libc.a(lib_a-printf.o)
                0x00000000020476c4                _printf_r
                0x00000000020476f0                printf
 .text          0x000000000204772c       0x20 c:/altera/15.0/nios2eds/bin/gnu/h-x86_64-mingw32/bin/../lib/gcc/nios2-elf/4.9.1/../../../../../H-x86_64-mingw32/nios2-elf/lib\libc.a(lib_a-putchar.o)
                0x000000000204772c                _putchar_r
                0x0000000002047734                putchar
 .text          0x000000000204774c       0xcc c:/altera/15.0/nios2eds/bin/gnu/h-x86_64-mingw32/bin/../lib/gcc/nios2-elf/4.9.1/../../../../../H-x86_64-mingw32/nios2-elf/lib\libc.a(lib_a-puts.o)
                0x000000000204774c                _puts_r
                0x0000000002047804                puts
 .text          0x0000000002047818       0x54 c:/altera/15.0/nios2eds/bin/gnu/h-x86_64-mingw32/bin/../lib/gcc/nios2-elf/4.9.1/../../../../../H-x86_64-mingw32/nios2-elf/lib\libc.a(lib_a-sbrkr.o)
                0x0000000002047818                _sbrk_r
 .text          0x000000000204786c       0x68 c:/altera/15.0/nios2eds/bin/gnu/h-x86_64-mingw32/bin/../lib/gcc/nios2-elf/4.9.1/../../../../../H-x86_64-mingw32/nios2-elf/lib\libc.a(lib_a-scanf.o)
                0x000000000204786c                scanf
                0x00000000020478a8                _scanf_r
 .text          0x00000000020478d4       0xc4 c:/altera/15.0/nios2eds/bin/gnu/h-x86_64-mingw32/bin/../lib/gcc/nios2-elf/4.9.1/../../../../../H-x86_64-mingw32/nios2-elf/lib\libc.a(lib_a-sprintf.o)
                0x00000000020478d4                _sprintf_r
                0x000000000204792c                sprintf
 .text          0x0000000002047998       0x70 c:/altera/15.0/nios2eds/bin/gnu/h-x86_64-mingw32/bin/../lib/gcc/nios2-elf/4.9.1/../../../../../H-x86_64-mingw32/nios2-elf/lib\libc.a(lib_a-strcasecmp.o)
                0x0000000002047998                strcasecmp
 .text          0x0000000002047a08       0x98 c:/altera/15.0/nios2eds/bin/gnu/h-x86_64-mingw32/bin/../lib/gcc/nios2-elf/4.9.1/../../../../../H-x86_64-mingw32/nios2-elf/lib\libc.a(lib_a-strlen.o)
                0x0000000002047a08                strlen
 .text          0x0000000002047aa0     0x1f90 c:/altera/15.0/nios2eds/bin/gnu/h-x86_64-mingw32/bin/../lib/gcc/nios2-elf/4.9.1/../../../../../H-x86_64-mingw32/nios2-elf/lib\libc.a(lib_a-svfprintf.o)
                0x0000000002047aa0                ___svfprintf_internal_r
 .text          0x0000000002049a30     0x2020 c:/altera/15.0/nios2eds/bin/gnu/h-x86_64-mingw32/bin/../lib/gcc/nios2-elf/4.9.1/../../../../../H-x86_64-mingw32/nios2-elf/lib\libc.a(lib_a-vfprintf.o)
                0x0000000002049a30                ___vfprintf_internal_r
                0x000000000204ba2c                __vfprintf_internal
 .text          0x000000000204ba50     0x1840 c:/altera/15.0/nios2eds/bin/gnu/h-x86_64-mingw32/bin/../lib/gcc/nios2-elf/4.9.1/../../../../../H-x86_64-mingw32/nios2-elf/lib\libc.a(lib_a-vfscanf.o)
                0x000000000204ba50                __svfscanf_r
                0x000000000204d1b8                vfscanf
                0x000000000204d220                __svfscanf
                0x000000000204d244                _vfscanf_r
 .text          0x000000000204d290      0x130 c:/altera/15.0/nios2eds/bin/gnu/h-x86_64-mingw32/bin/../lib/gcc/nios2-elf/4.9.1/../../../../../H-x86_64-mingw32/nios2-elf/lib\libc.a(lib_a-vsnprintf.o)
                0x000000000204d290                _vsnprintf_r
                0x000000000204d380                vsnprintf
 .text          0x000000000204d3c0      0x130 c:/altera/15.0/nios2eds/bin/gnu/h-x86_64-mingw32/bin/../lib/gcc/nios2-elf/4.9.1/../../../../../H-x86_64-mingw32/nios2-elf/lib\libc.a(lib_a-wsetup.o)
                0x000000000204d3c0                __swsetup_r
 .text          0x000000000204d4f0        0x0 c:/altera/15.0/nios2eds/bin/gnu/h-x86_64-mingw32/bin/../lib/gcc/nios2-elf/4.9.1/../../../../../H-x86_64-mingw32/nios2-elf/lib\libc.a(lib_a-ctype_.o)
 .text          0x000000000204d4f0     0x1928 c:/altera/15.0/nios2eds/bin/gnu/h-x86_64-mingw32/bin/../lib/gcc/nios2-elf/4.9.1/../../../../../H-x86_64-mingw32/nios2-elf/lib\libc.a(lib_a-dtoa.o)
                0x000000000204d6f0                _dtoa_r
 .text          0x000000000204ee18      0x258 c:/altera/15.0/nios2eds/bin/gnu/h-x86_64-mingw32/bin/../lib/gcc/nios2-elf/4.9.1/../../../../../H-x86_64-mingw32/nios2-elf/lib\libc.a(lib_a-fflush.o)
                0x000000000204ee18                _fflush_r
                0x000000000204f040                fflush
 .text          0x000000000204f070      0x3a0 c:/altera/15.0/nios2eds/bin/gnu/h-x86_64-mingw32/bin/../lib/gcc/nios2-elf/4.9.1/../../../../../H-x86_64-mingw32/nios2-elf/lib\libc.a(lib_a-findfp.o)
                0x000000000204f080                _cleanup_r
                0x000000000204f22c                __sfmoreglue
                0x000000000204f290                __sfp
                0x000000000204f3a8                _cleanup
                0x000000000204f3c0                __sinit
                0x000000000204f3d0                __sfp_lock_acquire
                0x000000000204f3d4                __sfp_lock_release
                0x000000000204f3d8                __sinit_lock_acquire
                0x000000000204f3dc                __sinit_lock_release
                0x000000000204f3e0                __fp_lock_all
                0x000000000204f3f8                __fp_unlock_all
 .text          0x000000000204f410      0x280 c:/altera/15.0/nios2eds/bin/gnu/h-x86_64-mingw32/bin/../lib/gcc/nios2-elf/4.9.1/../../../../../H-x86_64-mingw32/nios2-elf/lib\libc.a(lib_a-fread.o)
                0x000000000204f410                _fread_r
                0x000000000204f650                fread
 .text          0x000000000204f690      0x414 c:/altera/15.0/nios2eds/bin/gnu/h-x86_64-mingw32/bin/../lib/gcc/nios2-elf/4.9.1/../../../../../H-x86_64-mingw32/nios2-elf/lib\libc.a(lib_a-freer.o)
                0x000000000204f690                _malloc_trim_r
                0x000000000204f7b4                _free_r
 .text          0x000000000204faa4      0x4a4 c:/altera/15.0/nios2eds/bin/gnu/h-x86_64-mingw32/bin/../lib/gcc/nios2-elf/4.9.1/../../../../../H-x86_64-mingw32/nios2-elf/lib\libc.a(lib_a-fvwrite.o)
                0x000000000204faa4                __sfvwrite_r
 .text          0x000000000204ff48      0x170 c:/altera/15.0/nios2eds/bin/gnu/h-x86_64-mingw32/bin/../lib/gcc/nios2-elf/4.9.1/../../../../../H-x86_64-mingw32/nios2-elf/lib\libc.a(lib_a-fwalk.o)
                0x000000000204ff48                _fwalk
                0x0000000002050000                _fwalk_reent
 .text          0x00000000020500b8        0x0 c:/altera/15.0/nios2eds/bin/gnu/h-x86_64-mingw32/bin/../lib/gcc/nios2-elf/4.9.1/../../../../../H-x86_64-mingw32/nios2-elf/lib\libc.a(lib_a-impure.o)
 .text          0x00000000020500b8        0x0 c:/altera/15.0/nios2eds/bin/gnu/h-x86_64-mingw32/bin/../lib/gcc/nios2-elf/4.9.1/../../../../../H-x86_64-mingw32/nios2-elf/lib\libc.a(lib_a-int_errno.o)
 .text          0x00000000020500b8       0x30 c:/altera/15.0/nios2eds/bin/gnu/h-x86_64-mingw32/bin/../lib/gcc/nios2-elf/4.9.1/../../../../../H-x86_64-mingw32/nios2-elf/lib\libc.a(lib_a-iswspace.o)
                0x00000000020500b8                iswspace
 .text          0x00000000020500e8       0xe0 c:/altera/15.0/nios2eds/bin/gnu/h-x86_64-mingw32/bin/../lib/gcc/nios2-elf/4.9.1/../../../../../H-x86_64-mingw32/nios2-elf/lib\libc.a(lib_a-locale.o)
                0x00000000020500e8                _setlocale_r
                0x0000000002050164                __locale_charset
                0x0000000002050170                __locale_mb_cur_max
                0x0000000002050180                __locale_msgcharset
                0x000000000205018c                __locale_cjk_lang
                0x0000000002050194                _localeconv_r
                0x00000000020501a0                setlocale
                0x00000000020501bc                localeconv
 .text          0x00000000020501c8      0x1b8 c:/altera/15.0/nios2eds/bin/gnu/h-x86_64-mingw32/bin/../lib/gcc/nios2-elf/4.9.1/../../../../../H-x86_64-mingw32/nios2-elf/lib\libc.a(lib_a-makebuf.o)
                0x00000000020501c8                __smakebuf_r
 .text          0x0000000002050380      0x19c c:/altera/15.0/nios2eds/bin/gnu/h-x86_64-mingw32/bin/../lib/gcc/nios2-elf/4.9.1/../../../../../H-x86_64-mingw32/nios2-elf/lib\libc.a(lib_a-mbrtowc.o)
                0x0000000002050380                _mbrtowc_r
                0x000000000205042c                mbrtowc
 .text          0x000000000205051c       0xa0 c:/altera/15.0/nios2eds/bin/gnu/h-x86_64-mingw32/bin/../lib/gcc/nios2-elf/4.9.1/../../../../../H-x86_64-mingw32/nios2-elf/lib\libc.a(lib_a-mbtowc_r.o)
                0x000000000205051c                __ascii_mbtowc
                0x0000000002050560                _mbtowc_r
 .text          0x00000000020505bc       0xe8 c:/altera/15.0/nios2eds/bin/gnu/h-x86_64-mingw32/bin/../lib/gcc/nios2-elf/4.9.1/../../../../../H-x86_64-mingw32/nios2-elf/lib\libc.a(lib_a-memchr.o)
                0x00000000020505bc                memchr
 .text          0x00000000020506a4      0x15c c:/altera/15.0/nios2eds/bin/gnu/h-x86_64-mingw32/bin/../lib/gcc/nios2-elf/4.9.1/../../../../../H-x86_64-mingw32/nios2-elf/lib\libc.a(lib_a-memmove.o)
                0x00000000020506a4                memmove
 .text          0x0000000002050800      0xf8c c:/altera/15.0/nios2eds/bin/gnu/h-x86_64-mingw32/bin/../lib/gcc/nios2-elf/4.9.1/../../../../../H-x86_64-mingw32/nios2-elf/lib\libc.a(lib_a-mprec.o)
                0x0000000002050800                _Balloc
                0x00000000020508a8                _Bfree
                0x00000000020508d0                __multadd
                0x00000000020509e4                __s2b
                0x0000000002050ae8                __hi0bits
                0x0000000002050b50                __lo0bits
                0x0000000002050c00                __i2b
                0x0000000002050c3c                __multiply
                0x0000000002050e38                __pow5mult
                0x0000000002050f78                __lshift
                0x00000000020510c0                __mcmp
                0x0000000002051120                __mdiff
                0x00000000020512b8                __ulp
                0x0000000002051318                __b2d
                0x0000000002051434                __d2b
                0x0000000002051570                __ratio
                0x0000000002051614                _mprec_log10
                0x0000000002051688                __copybits
                0x0000000002051700                __any_on
 .text          0x000000000205178c      0x168 c:/altera/15.0/nios2eds/bin/gnu/h-x86_64-mingw32/bin/../lib/gcc/nios2-elf/4.9.1/../../../../../H-x86_64-mingw32/nios2-elf/lib\libc.a(lib_a-putc.o)
                0x000000000205178c                _putc_r
                0x000000000205182c                putc
 .text          0x00000000020518f4      0x5a0 c:/altera/15.0/nios2eds/bin/gnu/h-x86_64-mingw32/bin/../lib/gcc/nios2-elf/4.9.1/../../../../../H-x86_64-mingw32/nios2-elf/lib\libc.a(lib_a-reallocr.o)
                0x00000000020518f4                _realloc_r
 .text          0x0000000002051e94      0x1c4 c:/altera/15.0/nios2eds/bin/gnu/h-x86_64-mingw32/bin/../lib/gcc/nios2-elf/4.9.1/../../../../../H-x86_64-mingw32/nios2-elf/lib\libc.a(lib_a-refill.o)
                0x0000000002051eb0                __srefill_r
 .text          0x0000000002052058       0x74 c:/altera/15.0/nios2eds/bin/gnu/h-x86_64-mingw32/bin/../lib/gcc/nios2-elf/4.9.1/../../../../../H-x86_64-mingw32/nios2-elf/lib\libc.a(lib_a-s_fpclassify.o)
                0x0000000002052058                __fpclassifyd
 .text          0x00000000020520cc       0xc0 c:/altera/15.0/nios2eds/bin/gnu/h-x86_64-mingw32/bin/../lib/gcc/nios2-elf/4.9.1/../../../../../H-x86_64-mingw32/nios2-elf/lib\libc.a(lib_a-sccl.o)
                0x00000000020520cc                __sccl
 .text          0x000000000205218c        0x8 c:/altera/15.0/nios2eds/bin/gnu/h-x86_64-mingw32/bin/../lib/gcc/nios2-elf/4.9.1/../../../../../H-x86_64-mingw32/nios2-elf/lib\libc.a(lib_a-sf_nan.o)
                0x000000000205218c                nanf
 .text          0x0000000002052194      0x13c c:/altera/15.0/nios2eds/bin/gnu/h-x86_64-mingw32/bin/../lib/gcc/nios2-elf/4.9.1/../../../../../H-x86_64-mingw32/nios2-elf/lib\libc.a(lib_a-stdio.o)
                0x0000000002052194                __sread
                0x00000000020521e8                __seofread
                0x00000000020521f0                __swrite
                0x000000000205226c                __sseek
                0x00000000020522c8                __sclose
 .text          0x00000000020522d0       0xa4 c:/altera/15.0/nios2eds/bin/gnu/h-x86_64-mingw32/bin/../lib/gcc/nios2-elf/4.9.1/../../../../../H-x86_64-mingw32/nios2-elf/lib\libc.a(lib_a-strcmp.o)
                0x00000000020522d0                strcmp
 .text          0x0000000002052374     0x1660 c:/altera/15.0/nios2eds/bin/gnu/h-x86_64-mingw32/bin/../lib/gcc/nios2-elf/4.9.1/../../../../../H-x86_64-mingw32/nios2-elf/lib\libc.a(lib_a-strtod.o)
                0x0000000002052374                _strtod_r
                0x00000000020538b4                strtod
                0x00000000020538d0                strtof
 .text          0x00000000020539d4      0x284 c:/altera/15.0/nios2eds/bin/gnu/h-x86_64-mingw32/bin/../lib/gcc/nios2-elf/4.9.1/../../../../../H-x86_64-mingw32/nios2-elf/lib\libc.a(lib_a-strtol.o)
                0x00000000020539d4                _strtol_r
                0x0000000002053c34                strtol
 .text          0x0000000002053c58      0x314 c:/altera/15.0/nios2eds/bin/gnu/h-x86_64-mingw32/bin/../lib/gcc/nios2-elf/4.9.1/../../../../../H-x86_64-mingw32/nios2-elf/lib\libc.a(lib_a-strtoll_r.o)
                0x0000000002053c58                _strtoll_r
 .text          0x0000000002053f6c      0x2ac c:/altera/15.0/nios2eds/bin/gnu/h-x86_64-mingw32/bin/../lib/gcc/nios2-elf/4.9.1/../../../../../H-x86_64-mingw32/nios2-elf/lib\libc.a(lib_a-strtoul.o)
                0x0000000002053f6c                _strtoul_r
                0x00000000020541f4                strtoul
 .text          0x0000000002054218      0x354 c:/altera/15.0/nios2eds/bin/gnu/h-x86_64-mingw32/bin/../lib/gcc/nios2-elf/4.9.1/../../../../../H-x86_64-mingw32/nios2-elf/lib\libc.a(lib_a-strtoull_r.o)
                0x0000000002054218                _strtoull_r
 .text          0x000000000205456c     0x1230 c:/altera/15.0/nios2eds/bin/gnu/h-x86_64-mingw32/bin/../lib/gcc/nios2-elf/4.9.1/../../../../../H-x86_64-mingw32/nios2-elf/lib\libc.a(lib_a-svfiprintf.o)
                0x000000000205456c                __ssprint_r
                0x0000000002054734                ___svfiprintf_internal_r
 .text          0x000000000205579c      0x278 c:/altera/15.0/nios2eds/bin/gnu/h-x86_64-mingw32/bin/../lib/gcc/nios2-elf/4.9.1/../../../../../H-x86_64-mingw32/nios2-elf/lib\libc.a(lib_a-ungetc.o)
                0x000000000205579c                __submore
                0x0000000002055870                _ungetc_r
                0x00000000020559f8                ungetc
 .text          0x0000000002055a14     0x1494 c:/altera/15.0/nios2eds/bin/gnu/h-x86_64-mingw32/bin/../lib/gcc/nios2-elf/4.9.1/../../../../../H-x86_64-mingw32/nios2-elf/lib\libc.a(lib_a-vfiprintf.o)
                0x0000000002055b10                __sprint_r
                0x0000000002055b28                ___vfiprintf_internal_r
                0x0000000002056e84                __vfiprintf_internal
 .text          0x0000000002056ea8      0x170 c:/altera/15.0/nios2eds/bin/gnu/h-x86_64-mingw32/bin/../lib/gcc/nios2-elf/4.9.1/../../../../../H-x86_64-mingw32/nios2-elf/lib\libc.a(lib_a-wbuf.o)
                0x0000000002056ea8                __swbuf_r
                0x0000000002056ffc                __swbuf
 .text          0x0000000002057018       0x5c c:/altera/15.0/nios2eds/bin/gnu/h-x86_64-mingw32/bin/../lib/gcc/nios2-elf/4.9.1/../../../../../H-x86_64-mingw32/nios2-elf/lib\libc.a(lib_a-writer.o)
                0x0000000002057018                _write_r
 .text          0x0000000002057074       0x54 c:/altera/15.0/nios2eds/bin/gnu/h-x86_64-mingw32/bin/../lib/gcc/nios2-elf/4.9.1/../../../../../H-x86_64-mingw32/nios2-elf/lib\libc.a(closer.o)
                0x0000000002057074                _close_r
 .text          0x00000000020570c8       0xc4 c:/altera/15.0/nios2eds/bin/gnu/h-x86_64-mingw32/bin/../lib/gcc/nios2-elf/4.9.1/../../../../../H-x86_64-mingw32/nios2-elf/lib\libc.a(lib_a-callocr.o)
                0x00000000020570c8                _calloc_r
 .text          0x000000000205718c      0x114 c:/altera/15.0/nios2eds/bin/gnu/h-x86_64-mingw32/bin/../lib/gcc/nios2-elf/4.9.1/../../../../../H-x86_64-mingw32/nios2-elf/lib\libc.a(lib_a-fclose.o)
                0x000000000205718c                _fclose_r
                0x000000000205728c                fclose
 .text          0x00000000020572a0      0x1dc c:/altera/15.0/nios2eds/bin/gnu/h-x86_64-mingw32/bin/../lib/gcc/nios2-elf/4.9.1/../../../../../H-x86_64-mingw32/nios2-elf/lib\libc.a(lib_a-fputwc.o)
                0x00000000020572a0                _fputwc_r
                0x0000000002057424                fputwc
 .text          0x000000000205747c       0x58 c:/altera/15.0/nios2eds/bin/gnu/h-x86_64-mingw32/bin/../lib/gcc/nios2-elf/4.9.1/../../../../../H-x86_64-mingw32/nios2-elf/lib\libc.a(lib_a-fstatr.o)
                0x000000000205747c                _fstat_r
 .text          0x00000000020574d4      0x9a0 c:/altera/15.0/nios2eds/bin/gnu/h-x86_64-mingw32/bin/../lib/gcc/nios2-elf/4.9.1/../../../../../H-x86_64-mingw32/nios2-elf/lib\libc.a(lib_a-gdtoa-gethex.o)
                0x00000000020575d4                __hexdig_init
                0x0000000002057658                __gethex
 .text          0x0000000002057e74      0x294 c:/altera/15.0/nios2eds/bin/gnu/h-x86_64-mingw32/bin/../lib/gcc/nios2-elf/4.9.1/../../../../../H-x86_64-mingw32/nios2-elf/lib\libc.a(lib_a-gdtoa-hexnan.o)
                0x0000000002057e74                __hexnan
 .text          0x0000000002058108       0x54 c:/altera/15.0/nios2eds/bin/gnu/h-x86_64-mingw32/bin/../lib/gcc/nios2-elf/4.9.1/../../../../../H-x86_64-mingw32/nios2-elf/lib\libc.a(lib_a-isattyr.o)
                0x0000000002058108                _isatty_r
 .text          0x000000000205815c       0x5c c:/altera/15.0/nios2eds/bin/gnu/h-x86_64-mingw32/bin/../lib/gcc/nios2-elf/4.9.1/../../../../../H-x86_64-mingw32/nios2-elf/lib\libc.a(lib_a-lseekr.o)
                0x000000000205815c                _lseek_r
 .text          0x00000000020581b8       0x5c c:/altera/15.0/nios2eds/bin/gnu/h-x86_64-mingw32/bin/../lib/gcc/nios2-elf/4.9.1/../../../../../H-x86_64-mingw32/nios2-elf/lib\libc.a(lib_a-readr.o)
                0x00000000020581b8                _read_r
 .text          0x0000000002058214       0xc0 c:/altera/15.0/nios2eds/bin/gnu/h-x86_64-mingw32/bin/../lib/gcc/nios2-elf/4.9.1/../../../../../H-x86_64-mingw32/nios2-elf/lib\libc.a(lib_a-strncmp.o)
                0x0000000002058214                strncmp
 .text          0x00000000020582d4      0x174 c:/altera/15.0/nios2eds/bin/gnu/h-x86_64-mingw32/bin/../lib/gcc/nios2-elf/4.9.1/../../../../../H-x86_64-mingw32/nios2-elf/lib\libc.a(lib_a-wcrtomb.o)
                0x00000000020582d4                _wcrtomb_r
                0x0000000002058370                wcrtomb
 .text          0x0000000002058448       0x8c c:/altera/15.0/nios2eds/bin/gnu/h-x86_64-mingw32/bin/../lib/gcc/nios2-elf/4.9.1/../../../../../H-x86_64-mingw32/nios2-elf/lib\libc.a(lib_a-wctomb_r.o)
                0x0000000002058448                __ascii_wctomb
                0x0000000002058478                _wctomb_r
 .text          0x00000000020584d4       0x60 c:/altera/15.0/nios2eds/bin/gnu/h-x86_64-mingw32/bin/../lib/gcc/nios2-elf/4.9.1\libgcc.a(_muldi3.o)
                0x00000000020584d4                __muldi3
 .text          0x0000000002058534       0x74 c:/altera/15.0/nios2eds/bin/gnu/h-x86_64-mingw32/bin/../lib/gcc/nios2-elf/4.9.1\libgcc.a(_fixunsdfsi.o)
                0x0000000002058534                __fixunsdfsi
 .text          0x00000000020585a8      0x5c0 c:/altera/15.0/nios2eds/bin/gnu/h-x86_64-mingw32/bin/../lib/gcc/nios2-elf/4.9.1\libgcc.a(_udivdi3.o)
                0x00000000020585a8                __udivdi3
 .text          0x0000000002058b68      0x590 c:/altera/15.0/nios2eds/bin/gnu/h-x86_64-mingw32/bin/../lib/gcc/nios2-elf/4.9.1\libgcc.a(_umoddi3.o)
                0x0000000002058b68                __umoddi3
 .text          0x00000000020590f8       0x74 c:/altera/15.0/nios2eds/bin/gnu/h-x86_64-mingw32/bin/../lib/gcc/nios2-elf/4.9.1\libgcc.a(eqsf2.o)
                0x00000000020590f8                __eqsf2
                0x00000000020590f8                __nesf2
 .text          0x000000000205916c       0xb8 c:/altera/15.0/nios2eds/bin/gnu/h-x86_64-mingw32/bin/../lib/gcc/nios2-elf/4.9.1\libgcc.a(gesf2.o)
                0x000000000205916c                __gesf2
                0x000000000205916c                __gtsf2
 .text          0x0000000002059224       0xb8 c:/altera/15.0/nios2eds/bin/gnu/h-x86_64-mingw32/bin/../lib/gcc/nios2-elf/4.9.1\libgcc.a(lesf2.o)
                0x0000000002059224                __ltsf2
                0x0000000002059224                __lesf2
 .text          0x00000000020592dc      0x89c c:/altera/15.0/nios2eds/bin/gnu/h-x86_64-mingw32/bin/../lib/gcc/nios2-elf/4.9.1\libgcc.a(adddf3.o)
                0x00000000020592dc                __adddf3
 .text          0x0000000002059b78       0x84 c:/altera/15.0/nios2eds/bin/gnu/h-x86_64-mingw32/bin/../lib/gcc/nios2-elf/4.9.1\libgcc.a(eqdf2.o)
                0x0000000002059b78                __nedf2
                0x0000000002059b78                __eqdf2
 .text          0x0000000002059bfc       0xe0 c:/altera/15.0/nios2eds/bin/gnu/h-x86_64-mingw32/bin/../lib/gcc/nios2-elf/4.9.1\libgcc.a(gedf2.o)
                0x0000000002059bfc                __gedf2
                0x0000000002059bfc                __gtdf2
 .text          0x0000000002059cdc       0xe0 c:/altera/15.0/nios2eds/bin/gnu/h-x86_64-mingw32/bin/../lib/gcc/nios2-elf/4.9.1\libgcc.a(ledf2.o)
                0x0000000002059cdc                __ledf2
                0x0000000002059cdc                __ltdf2
 .text          0x0000000002059dbc      0x724 c:/altera/15.0/nios2eds/bin/gnu/h-x86_64-mingw32/bin/../lib/gcc/nios2-elf/4.9.1\libgcc.a(muldf3.o)
                0x0000000002059dbc                __muldf3
 .text          0x000000000205a4e0      0x8d0 c:/altera/15.0/nios2eds/bin/gnu/h-x86_64-mingw32/bin/../lib/gcc/nios2-elf/4.9.1\libgcc.a(subdf3.o)
                0x000000000205a4e0                __subdf3
 .text          0x000000000205adb0       0x88 c:/altera/15.0/nios2eds/bin/gnu/h-x86_64-mingw32/bin/../lib/gcc/nios2-elf/4.9.1\libgcc.a(fixdfsi.o)
                0x000000000205adb0                __fixdfsi
 .text          0x000000000205ae38       0xd0 c:/altera/15.0/nios2eds/bin/gnu/h-x86_64-mingw32/bin/../lib/gcc/nios2-elf/4.9.1\libgcc.a(floatsidf.o)
                0x000000000205ae38                __floatsidf
 .text          0x000000000205af08       0xa4 c:/altera/15.0/nios2eds/bin/gnu/h-x86_64-mingw32/bin/../lib/gcc/nios2-elf/4.9.1\libgcc.a(floatunsidf.o)
                0x000000000205af08                __floatunsidf
 .text          0x000000000205afac      0x120 ../DE2_115_SD_CARD_bsp/\libhal_bsp.a(alt_close.o)
                0x000000000205affc                close
 .text          0x000000000205b0cc       0x2c ../DE2_115_SD_CARD_bsp/\libhal_bsp.a(alt_dev.o)
 .text          0x000000000205b0f8        0x0 ../DE2_115_SD_CARD_bsp/\libhal_bsp.a(alt_errno.o)
 .text          0x000000000205b0f8       0x90 ../DE2_115_SD_CARD_bsp/\libhal_bsp.a(alt_find_dev.o)
                0x000000000205b0f8                alt_find_dev
 .text          0x000000000205b188      0x100 ../DE2_115_SD_CARD_bsp/\libhal_bsp.a(alt_fstat.o)
                0x000000000205b1d8                fstat
 .text          0x000000000205b288       0xf4 ../DE2_115_SD_CARD_bsp/\libhal_bsp.a(alt_isatty.o)
                0x000000000205b2d8                isatty
 .text          0x000000000205b37c       0xe4 ../DE2_115_SD_CARD_bsp/\libhal_bsp.a(alt_load.o)
                0x000000000205b3e0                alt_load
 .text          0x000000000205b460      0x124 ../DE2_115_SD_CARD_bsp/\libhal_bsp.a(alt_lseek.o)
                0x000000000205b4b0                lseek
 .text          0x000000000205b584       0x78 ../DE2_115_SD_CARD_bsp/\libhal_bsp.a(alt_main.o)
                0x000000000205b584                alt_main
 .text          0x000000000205b5fc       0x40 ../DE2_115_SD_CARD_bsp/\libhal_bsp.a(alt_malloc_lock.o)
                0x000000000205b5fc                __malloc_lock
                0x000000000205b61c                __malloc_unlock
 .text          0x000000000205b63c      0x14c ../DE2_115_SD_CARD_bsp/\libhal_bsp.a(alt_read.o)
                0x000000000205b68c                read
 .text          0x000000000205b788       0x60 ../DE2_115_SD_CARD_bsp/\libhal_bsp.a(alt_release_fd.o)
                0x000000000205b788                alt_release_fd
 .text          0x000000000205b7e8       0xb0 ../DE2_115_SD_CARD_bsp/\libhal_bsp.a(alt_sbrk.o)
                0x000000000205b7e8                sbrk
 .text          0x000000000205b898      0x19c ../DE2_115_SD_CARD_bsp/\libhal_bsp.a(alt_tick.o)
                0x000000000205b898                alt_alarm_stop
                0x000000000205b930                alt_tick
 .text          0x000000000205ba34       0x30 ../DE2_115_SD_CARD_bsp/\libhal_bsp.a(alt_usleep.o)
                0x000000000205ba34                usleep
 .text          0x000000000205ba64      0x148 ../DE2_115_SD_CARD_bsp/\libhal_bsp.a(alt_write.o)
                0x000000000205bab4                write
 .text          0x000000000205bbac      0x108 ../DE2_115_SD_CARD_bsp/\libhal_bsp.a(alt_sys_init.o)
                0x000000000205bbe4                alt_irq_init
                0x000000000205bc18                alt_sys_init
 .text          0x000000000205bcb4      0x88c ../DE2_115_SD_CARD_bsp/\libhal_bsp.a(altera_avalon_cfi_flash.o)
                0x000000000205bcec                alt_flash_cfi_init
                0x000000000205bd7c                alt_flash_cfi_write
                0x000000000205c024                alt_flash_cfi_get_info
                0x000000000205c0b0                alt_flash_cfi_read
                0x000000000205c114                alt_write_value_to_flash
                0x000000000205c26c                alt_flash_program_block
 .text          0x000000000205c540     0x1454 ../DE2_115_SD_CARD_bsp/\libhal_bsp.a(altera_avalon_cfi_flash_table.o)
                0x000000000205c540                alt_read_query_entry_8bit
                0x000000000205c57c                alt_read_query_entry_16bit
                0x000000000205c5bc                alt_read_query_entry_32bit
                0x000000000205c5fc                alt_write_flash_command_8bit_device_8bit_mode
                0x000000000205c640                alt_write_flash_command_16bit_device_8bit_mode
                0x000000000205c6b8                alt_write_flash_command_32bit_device_8bit_mode
                0x000000000205c708                alt_write_flash_command_16bit_device_16bit_mode
                0x000000000205c754                alt_write_flash_command_32bit_device_16bit_mode
                0x000000000205c7a4                alt_write_flash_command_32bit_device_32bit_mode
                0x000000000205c7f4                alt_write_native_8bit
                0x000000000205c82c                alt_write_native_16bit
                0x000000000205c864                alt_write_native_32bit
                0x000000000205c898                alt_set_flash_width_func
                0x000000000205ca54                alt_set_flash_algorithm_func
                0x000000000205cb70                alt_read_cfi_table
                0x000000000205d138                alt_read_cfi_width
                0x000000000205d8bc                alt_check_primary_table
 .text          0x000000000205d994      0x164 ../DE2_115_SD_CARD_bsp/\libhal_bsp.a(altera_avalon_jtag_uart_fd.o)
                0x000000000205d994                altera_avalon_jtag_uart_read_fd
                0x000000000205d9f4                altera_avalon_jtag_uart_write_fd
                0x000000000205da54                altera_avalon_jtag_uart_close_fd
                0x000000000205daa4                altera_avalon_jtag_uart_ioctl_fd
 .text          0x000000000205daf8      0x3d8 ../DE2_115_SD_CARD_bsp/\libhal_bsp.a(altera_avalon_jtag_uart_init.o)
                0x000000000205daf8                altera_avalon_jtag_uart_init
                0x000000000205de68                altera_avalon_jtag_uart_close
 .text          0x000000000205ded0       0xec ../DE2_115_SD_CARD_bsp/\libhal_bsp.a(altera_avalon_jtag_uart_ioctl.o)
                0x000000000205ded0                altera_avalon_jtag_uart_ioctl
 .text          0x000000000205dfbc      0x20c ../DE2_115_SD_CARD_bsp/\libhal_bsp.a(altera_avalon_jtag_uart_read.o)
                0x000000000205dfbc                altera_avalon_jtag_uart_read
 .text          0x000000000205e1c8      0x218 ../DE2_115_SD_CARD_bsp/\libhal_bsp.a(altera_avalon_jtag_uart_write.o)
                0x000000000205e1c8                altera_avalon_jtag_uart_write
 .text          0x000000000205e3e0      0xe70 ../DE2_115_SD_CARD_bsp/\libhal_bsp.a(altera_avalon_lcd_16207.o)
                0x000000000205eb84                altera_avalon_lcd_16207_write
                0x000000000205f118                altera_avalon_lcd_16207_init
 .text          0x000000000205f250       0x60 ../DE2_115_SD_CARD_bsp/\libhal_bsp.a(altera_avalon_lcd_16207_fd.o)
                0x000000000205f250                altera_avalon_lcd_16207_write_fd
 .text          0x000000000205f2b0       0xfc ../DE2_115_SD_CARD_bsp/\libhal_bsp.a(altera_avalon_timer_sc.o)
                0x000000000205f324                alt_avalon_timer_sc_init
 .text          0x000000000205f3ac      0x110 ../DE2_115_SD_CARD_bsp/\libhal_bsp.a(altera_avalon_uart_fd.o)
                0x000000000205f3ac                altera_avalon_uart_read_fd
                0x000000000205f40c                altera_avalon_uart_write_fd
                0x000000000205f46c                altera_avalon_uart_close_fd
 .text          0x000000000205f4bc      0x3b8 ../DE2_115_SD_CARD_bsp/\libhal_bsp.a(altera_avalon_uart_init.o)
                0x000000000205f4bc                altera_avalon_uart_init
                0x000000000205f820                altera_avalon_uart_close
 .text          0x000000000205f874      0x22c ../DE2_115_SD_CARD_bsp/\libhal_bsp.a(altera_avalon_uart_read.o)
                0x000000000205f8c4                altera_avalon_uart_read
 .text          0x000000000205faa0      0x1fc ../DE2_115_SD_CARD_bsp/\libhal_bsp.a(altera_avalon_uart_write.o)
                0x000000000205faf0                altera_avalon_uart_write
 .text          0x000000000205fc9c      0x140 ../DE2_115_SD_CARD_bsp/\libhal_bsp.a(alt_alarm_start.o)
                0x000000000205fc9c                alt_alarm_start
 .text          0x000000000205fddc      0x158 ../DE2_115_SD_CARD_bsp/\libhal_bsp.a(alt_busy_sleep.o)
                0x000000000205fddc                alt_busy_sleep
 .text          0x000000000205ff34       0x74 ../DE2_115_SD_CARD_bsp/\libhal_bsp.a(alt_dcache_flush.o)
                0x000000000205ff34                alt_dcache_flush
 .text          0x000000000205ffa8       0x44 ../DE2_115_SD_CARD_bsp/\libhal_bsp.a(alt_dcache_flush_all.o)
                0x000000000205ffa8                alt_dcache_flush_all
 .text          0x000000000205ffec       0xf4 ../DE2_115_SD_CARD_bsp/\libhal_bsp.a(alt_dev_llist_insert.o)
                0x000000000206003c                alt_dev_llist_insert
 .text          0x00000000020600e0       0x5c ../DE2_115_SD_CARD_bsp/\libhal_bsp.a(alt_do_ctors.o)
                0x00000000020600e0                _do_ctors
 .text          0x000000000206013c       0x5c ../DE2_115_SD_CARD_bsp/\libhal_bsp.a(alt_do_dtors.o)
                0x000000000206013c                _do_dtors
 .text          0x0000000002060198       0xb8 ../DE2_115_SD_CARD_bsp/\libhal_bsp.a(alt_flash_dev.o)
                0x0000000002060198                alt_flash_open_dev
                0x0000000002060200                alt_flash_close_dev
 .text          0x0000000002060250       0x30 ../DE2_115_SD_CARD_bsp/\libhal_bsp.a(alt_icache_flush_all.o)
                0x0000000002060250                alt_icache_flush_all
 .text          0x0000000002060280      0x1e0 ../DE2_115_SD_CARD_bsp/\libhal_bsp.a(alt_iic.o)
                0x0000000002060280                alt_ic_isr_register
                0x00000000020602d0                alt_ic_irq_enable
                0x0000000002060370                alt_ic_irq_disable
                0x0000000002060414                alt_ic_irq_enabled
 .text          0x0000000002060460       0xf0 ../DE2_115_SD_CARD_bsp/\libhal_bsp.a(alt_iic_isr_register.o)
                0x0000000002060460                alt_iic_isr_register
 .text          0x0000000002060550      0x138 ../DE2_115_SD_CARD_bsp/\libhal_bsp.a(alt_io_redirect.o)
                0x0000000002060610                alt_io_redirect
 .text          0x0000000002060688        0x0 ../DE2_115_SD_CARD_bsp/\libhal_bsp.a(alt_irq_entry.o)
 .text          0x0000000002060688        0x0 ../DE2_115_SD_CARD_bsp/\libhal_bsp.a(alt_irq_handler.o)
 .text          0x0000000002060688        0x0 ../DE2_115_SD_CARD_bsp/\libhal_bsp.a(alt_irq_vars.o)
 .text          0x0000000002060688      0x274 ../DE2_115_SD_CARD_bsp/\libhal_bsp.a(alt_open.o)
                0x00000000020607a4                open
 .text          0x00000000020608fc       0x20 ../DE2_115_SD_CARD_bsp/\libhal_bsp.a(altera_nios2_qsys_irq.o)
                0x00000000020608fc                altera_nios2_qsys_irq_init
 .text          0x000000000206091c      0x460 ../DE2_115_SD_CARD_bsp/\libhal_bsp.a(altera_avalon_cfi_flash_amd.o)
                0x000000000206091c                alt_program_amd
                0x0000000002060984                alt_erase_block_amd
 .text          0x0000000002060d7c      0x454 ../DE2_115_SD_CARD_bsp/\libhal_bsp.a(altera_avalon_cfi_flash_intel.o)
                0x0000000002060d7c                alt_program_intel
                0x0000000002060dfc                alt_erase_block_intel
 .text          0x00000000020611d0        0x0 ../DE2_115_SD_CARD_bsp/\libhal_bsp.a(alt_exception_entry.o)
 .text          0x00000000020611d0      0x114 ../DE2_115_SD_CARD_bsp/\libhal_bsp.a(alt_find_file.o)
                0x00000000020611d0                alt_find_file
 .text          0x00000000020612e4       0xb4 ../DE2_115_SD_CARD_bsp/\libhal_bsp.a(alt_get_fd.o)
                0x00000000020612e4                alt_get_fd
 .text          0x0000000002061398       0x8c ../DE2_115_SD_CARD_bsp/\libhal_bsp.a(alt_icache_flush.o)
                0x0000000002061398                alt_icache_flush
 .text          0x0000000002061424       0x14 c:/altera/15.0/nios2eds/bin/gnu/h-x86_64-mingw32/bin/../lib/gcc/nios2-elf/4.9.1/../../../../../H-x86_64-mingw32/nios2-elf/lib\libc.a(lib_a-atexit.o)
                0x0000000002061424                atexit
 .text          0x0000000002061438       0x38 c:/altera/15.0/nios2eds/bin/gnu/h-x86_64-mingw32/bin/../lib/gcc/nios2-elf/4.9.1/../../../../../H-x86_64-mingw32/nios2-elf/lib\libc.a(lib_a-exit.o)
                0x0000000002061438                exit
 .text          0x0000000002061470       0x7c c:/altera/15.0/nios2eds/bin/gnu/h-x86_64-mingw32/bin/../lib/gcc/nios2-elf/4.9.1/../../../../../H-x86_64-mingw32/nios2-elf/lib\libc.a(lib_a-memcmp.o)
                0x0000000002061470                memcmp
 .text          0x00000000020614ec      0x114 c:/altera/15.0/nios2eds/bin/gnu/h-x86_64-mingw32/bin/../lib/gcc/nios2-elf/4.9.1/../../../../../H-x86_64-mingw32/nios2-elf/lib\libc.a(lib_a-__atexit.o)
                0x00000000020614ec                __register_exitproc
 .text          0x0000000002061600      0x194 c:/altera/15.0/nios2eds/bin/gnu/h-x86_64-mingw32/bin/../lib/gcc/nios2-elf/4.9.1/../../../../../H-x86_64-mingw32/nios2-elf/lib\libc.a(lib_a-__call_atexit.o)
                0x0000000002061600                __call_exitprocs
 .text          0x0000000002061794       0x34 ../DE2_115_SD_CARD_bsp/\libhal_bsp.a(alt_exit.o)
                0x0000000002061794                _exit
 *(.gnu.warning.*)
 *(.fini)
                0x00000000020617c8                PROVIDE (__etext, ABSOLUTE (.))
                0x00000000020617c8                PROVIDE (_etext, ABSOLUTE (.))
                0x00000000020617c8                PROVIDE (etext, ABSOLUTE (.))
 *(.eh_frame_hdr)
                0x00000000020617c8                . = ALIGN (0x4)
                0x00000000020617c8                PROVIDE (__preinit_array_start, ABSOLUTE (.))
 *(.preinit_array)
                0x00000000020617c8                PROVIDE (__preinit_array_end, ABSOLUTE (.))
                0x00000000020617c8                PROVIDE (__init_array_start, ABSOLUTE (.))
 *(.init_array)
                0x00000000020617c8                PROVIDE (__init_array_end, ABSOLUTE (.))
                0x00000000020617c8                PROVIDE (__fini_array_start, ABSOLUTE (.))
 *(.fini_array)
                0x00000000020617c8                PROVIDE (__fini_array_end, ABSOLUTE (.))
 *(.eh_frame)
 *(.gcc_except_table .gcc_except_table.*)
 *(.dynamic)
                0x00000000020617c8                PROVIDE (__CTOR_LIST__, ABSOLUTE (.))
 *(.ctors)
 *(SORT(.ctors.*))
                0x00000000020617c8                PROVIDE (__CTOR_END__, ABSOLUTE (.))
                0x00000000020617c8                PROVIDE (__DTOR_LIST__, ABSOLUTE (.))
 *(.dtors)
 *(SORT(.dtors.*))
                0x00000000020617c8                PROVIDE (__DTOR_END__, ABSOLUTE (.))
 *(.jcr)
                0x00000000020617c8                . = ALIGN (0x4)

.rodata         0x00000000020617c8      0xb7c
                0x00000000020617c8                PROVIDE (__ram_rodata_start, ABSOLUTE (.))
                0x00000000020617c8                . = ALIGN (0x4)
 *(.rodata .rodata.* .gnu.linkonce.r.*)
 .rodata        0x00000000020617c8      0x1ec obj/default/main.o
 .rodata        0x00000000020619b4       0x20 obj/default/terasic_fat/FatInternal.o
 .rodata        0x00000000020619d4       0x10 obj/default/terasic_lib/debug.o
 .rodata        0x00000000020619e4      0x200 obj/default/terasic_sdcard/crc16.o
 .rodata        0x0000000002061be4      0x100 obj/default/terasic_sdcard/crc7.o
 .rodata        0x0000000002061ce4      0x100 c:/altera/15.0/nios2eds/bin/gnu/h-x86_64-mingw32/bin/../lib/gcc/nios2-elf/4.9.1\libgcc.a(_clz.o)
                0x0000000002061ce4                __clz_tab
 .rodata.str1.4
                0x0000000002061de4        0x2 c:/altera/15.0/nios2eds/bin/gnu/h-x86_64-mingw32/bin/../lib/gcc/nios2-elf/4.9.1/../../../../../H-x86_64-mingw32/nios2-elf/lib\libc.a(lib_a-puts.o)
                                          0x4 (size before relaxing)
 *fill*         0x0000000002061de6        0x2 
 .rodata.str1.4
                0x0000000002061de8       0x42 c:/altera/15.0/nios2eds/bin/gnu/h-x86_64-mingw32/bin/../lib/gcc/nios2-elf/4.9.1/../../../../../H-x86_64-mingw32/nios2-elf/lib\libc.a(lib_a-svfprintf.o)
                                         0x44 (size before relaxing)
 .rodata        0x0000000002061e2a       0x20 c:/altera/15.0/nios2eds/bin/gnu/h-x86_64-mingw32/bin/../lib/gcc/nios2-elf/4.9.1/../../../../../H-x86_64-mingw32/nios2-elf/lib\libc.a(lib_a-svfprintf.o)
 .rodata.str1.4
                0x0000000000000000       0x44 c:/altera/15.0/nios2eds/bin/gnu/h-x86_64-mingw32/bin/../lib/gcc/nios2-elf/4.9.1/../../../../../H-x86_64-mingw32/nios2-elf/lib\libc.a(lib_a-vfprintf.o)
 .rodata        0x0000000002061e4a       0x20 c:/altera/15.0/nios2eds/bin/gnu/h-x86_64-mingw32/bin/../lib/gcc/nios2-elf/4.9.1/../../../../../H-x86_64-mingw32/nios2-elf/lib\libc.a(lib_a-vfprintf.o)
 *fill*         0x0000000002061e6a        0x2 
 .rodata.str1.4
                0x0000000002061e6c        0x5 c:/altera/15.0/nios2eds/bin/gnu/h-x86_64-mingw32/bin/../lib/gcc/nios2-elf/4.9.1/../../../../../H-x86_64-mingw32/nios2-elf/lib\libc.a(lib_a-vfscanf.o)
                                          0x8 (size before relaxing)
 *fill*         0x0000000002061e71        0x1 
 .rodata        0x0000000002061e72       0x22 c:/altera/15.0/nios2eds/bin/gnu/h-x86_64-mingw32/bin/../lib/gcc/nios2-elf/4.9.1/../../../../../H-x86_64-mingw32/nios2-elf/lib\libc.a(lib_a-vfscanf.o)
 .rodata        0x0000000002061e94      0x281 c:/altera/15.0/nios2eds/bin/gnu/h-x86_64-mingw32/bin/../lib/gcc/nios2-elf/4.9.1/../../../../../H-x86_64-mingw32/nios2-elf/lib\libc.a(lib_a-ctype_.o)
                0x0000000002061e94                _ctype_
 *fill*         0x0000000002062115        0x3 
 .rodata.str1.4
                0x0000000002062118       0x10 c:/altera/15.0/nios2eds/bin/gnu/h-x86_64-mingw32/bin/../lib/gcc/nios2-elf/4.9.1/../../../../../H-x86_64-mingw32/nios2-elf/lib\libc.a(lib_a-dtoa.o)
                                         0x14 (size before relaxing)
 .rodata.str1.4
                0x0000000002062128        0x2 c:/altera/15.0/nios2eds/bin/gnu/h-x86_64-mingw32/bin/../lib/gcc/nios2-elf/4.9.1/../../../../../H-x86_64-mingw32/nios2-elf/lib\libc.a(lib_a-impure.o)
                                          0x4 (size before relaxing)
 *fill*         0x000000000206212a        0x2 
 .rodata.str1.4
                0x000000000206212c        0xa c:/altera/15.0/nios2eds/bin/gnu/h-x86_64-mingw32/bin/../lib/gcc/nios2-elf/4.9.1/../../../../../H-x86_64-mingw32/nios2-elf/lib\libc.a(lib_a-locale.o)
                                         0x14 (size before relaxing)
 .rodata.str1.4
                0x0000000000000000        0x4 c:/altera/15.0/nios2eds/bin/gnu/h-x86_64-mingw32/bin/../lib/gcc/nios2-elf/4.9.1/../../../../../H-x86_64-mingw32/nios2-elf/lib\libc.a(lib_a-mbrtowc.o)
 *fill*         0x0000000002062136        0x2 
 .rodata        0x0000000002062138      0x124 c:/altera/15.0/nios2eds/bin/gnu/h-x86_64-mingw32/bin/../lib/gcc/nios2-elf/4.9.1/../../../../../H-x86_64-mingw32/nios2-elf/lib\libc.a(lib_a-mprec.o)
                0x0000000002062144                __mprec_tinytens
                0x000000000206216c                __mprec_bigtens
                0x0000000002062194                __mprec_tens
 .rodata.str1.4
                0x000000000206225c        0xf c:/altera/15.0/nios2eds/bin/gnu/h-x86_64-mingw32/bin/../lib/gcc/nios2-elf/4.9.1/../../../../../H-x86_64-mingw32/nios2-elf/lib\libc.a(lib_a-strtod.o)
                                         0x10 (size before relaxing)
 *fill*         0x000000000206226b        0x1 
 .rodata        0x000000000206226c       0x28 c:/altera/15.0/nios2eds/bin/gnu/h-x86_64-mingw32/bin/../lib/gcc/nios2-elf/4.9.1/../../../../../H-x86_64-mingw32/nios2-elf/lib\libc.a(lib_a-strtod.o)
 .rodata.str1.4
                0x0000000000000000       0x30 c:/altera/15.0/nios2eds/bin/gnu/h-x86_64-mingw32/bin/../lib/gcc/nios2-elf/4.9.1/../../../../../H-x86_64-mingw32/nios2-elf/lib\libc.a(lib_a-svfiprintf.o)
 .rodata        0x0000000002062294       0x20 c:/altera/15.0/nios2eds/bin/gnu/h-x86_64-mingw32/bin/../lib/gcc/nios2-elf/4.9.1/../../../../../H-x86_64-mingw32/nios2-elf/lib\libc.a(lib_a-svfiprintf.o)
 .rodata.str1.4
                0x0000000000000000       0x30 c:/altera/15.0/nios2eds/bin/gnu/h-x86_64-mingw32/bin/../lib/gcc/nios2-elf/4.9.1/../../../../../H-x86_64-mingw32/nios2-elf/lib\libc.a(lib_a-vfiprintf.o)
 .rodata        0x00000000020622b4       0x20 c:/altera/15.0/nios2eds/bin/gnu/h-x86_64-mingw32/bin/../lib/gcc/nios2-elf/4.9.1/../../../../../H-x86_64-mingw32/nios2-elf/lib\libc.a(lib_a-vfiprintf.o)
 .rodata.str1.4
                0x00000000020622d4       0x1c c:/altera/15.0/nios2eds/bin/gnu/h-x86_64-mingw32/bin/../lib/gcc/nios2-elf/4.9.1/../../../../../H-x86_64-mingw32/nios2-elf/lib\libc.a(lib_a-gdtoa-gethex.o)
 .rodata        0x00000000020622f0        0xc ../DE2_115_SD_CARD_bsp/\libhal_bsp.a(alt_dev.o)
 .rodata        0x00000000020622fc       0x10 ../DE2_115_SD_CARD_bsp/\libhal_bsp.a(alt_main.o)
 .rodata        0x000000000206230c       0x38 ../DE2_115_SD_CARD_bsp/\libhal_bsp.a(alt_sys_init.o)
 *(.rodata1)
                0x0000000002062344                . = ALIGN (0x4)
                0x0000000002062344                PROVIDE (__ram_rodata_end, ABSOLUTE (.))
                0x00000000020617c8                PROVIDE (__flash_rodata_start, LOADADDR (.rodata))

.rwdata         0x0000000002062344     0x1de8 load address 0x000000000206412c
                0x0000000002062344                PROVIDE (__ram_rwdata_start, ABSOLUTE (.))
                0x0000000002062344                . = ALIGN (0x4)
 *(.got.plt)
 *(.got)
 *(.data1)
 *(.data .data.* .gnu.linkonce.d.*)
 .data          0x0000000002062344        0x0 ../DE2_115_SD_CARD_bsp//obj/HAL/src/crt0.o
 .data          0x0000000002062344        0x0 obj/default/altera_up_avalon_character_lcd.o
 .data          0x0000000002062344        0x0 obj/default/main.o
 .data          0x0000000002062344        0x0 obj/default/terasic_fat/FatFileSystem.o
 .data          0x0000000002062344        0x0 obj/default/terasic_fat/FatInternal.o
 .data          0x0000000002062344        0x0 obj/default/terasic_lib/debug.o
 .data          0x0000000002062344        0x0 obj/default/terasic_sdcard/crc16.o
 .data          0x0000000002062344        0x0 obj/default/terasic_sdcard/crc7.o
 .data          0x0000000002062344        0x0 obj/default/terasic_sdcard/sd_hal.o
 .data          0x0000000002062344        0x0 obj/default/terasic_sdcard/sd_lib.o
 .data          0x0000000002062344        0x0 obj/default/terasic_sdcard/sd_protocol.o
 .data          0x0000000002062344        0x0 c:/altera/15.0/nios2eds/bin/gnu/h-x86_64-mingw32/bin/../lib/gcc/nios2-elf/4.9.1\libgcc.a(lib2-divmod.o)
 .data          0x0000000002062344        0x0 c:/altera/15.0/nios2eds/bin/gnu/h-x86_64-mingw32/bin/../lib/gcc/nios2-elf/4.9.1\libgcc.a(divsf3.o)
 .data          0x0000000002062344        0x0 c:/altera/15.0/nios2eds/bin/gnu/h-x86_64-mingw32/bin/../lib/gcc/nios2-elf/4.9.1\libgcc.a(mulsf3.o)
 .data          0x0000000002062344        0x0 c:/altera/15.0/nios2eds/bin/gnu/h-x86_64-mingw32/bin/../lib/gcc/nios2-elf/4.9.1\libgcc.a(floatunsisf.o)
 .data          0x0000000002062344        0x0 c:/altera/15.0/nios2eds/bin/gnu/h-x86_64-mingw32/bin/../lib/gcc/nios2-elf/4.9.1\libgcc.a(divdf3.o)
 .data          0x0000000002062344        0x0 c:/altera/15.0/nios2eds/bin/gnu/h-x86_64-mingw32/bin/../lib/gcc/nios2-elf/4.9.1\libgcc.a(extendsfdf2.o)
 .data          0x0000000002062344        0x0 c:/altera/15.0/nios2eds/bin/gnu/h-x86_64-mingw32/bin/../lib/gcc/nios2-elf/4.9.1\libgcc.a(truncdfsf2.o)
 .data          0x0000000002062344        0x0 c:/altera/15.0/nios2eds/bin/gnu/h-x86_64-mingw32/bin/../lib/gcc/nios2-elf/4.9.1\libgcc.a(_clzsi2.o)
 .data          0x0000000002062344        0x0 c:/altera/15.0/nios2eds/bin/gnu/h-x86_64-mingw32/bin/../lib/gcc/nios2-elf/4.9.1\libgcc.a(_clz.o)
 .data          0x0000000002062344        0x0 c:/altera/15.0/nios2eds/bin/gnu/h-x86_64-mingw32/bin/../lib/gcc/nios2-elf/4.9.1/../../../../../H-x86_64-mingw32/nios2-elf/lib\libc.a(lib_a-malloc.o)
 .data          0x0000000002062344      0x408 c:/altera/15.0/nios2eds/bin/gnu/h-x86_64-mingw32/bin/../lib/gcc/nios2-elf/4.9.1/../../../../../H-x86_64-mingw32/nios2-elf/lib\libc.a(lib_a-mallocr.o)
                0x0000000002062344                __malloc_av_
 .data          0x000000000206274c        0x0 c:/altera/15.0/nios2eds/bin/gnu/h-x86_64-mingw32/bin/../lib/gcc/nios2-elf/4.9.1/../../../../../H-x86_64-mingw32/nios2-elf/lib\libc.a(lib_a-memcpy.o)
 .data          0x000000000206274c        0x0 c:/altera/15.0/nios2eds/bin/gnu/h-x86_64-mingw32/bin/../lib/gcc/nios2-elf/4.9.1/../../../../../H-x86_64-mingw32/nios2-elf/lib\libc.a(lib_a-memset.o)
 .data          0x000000000206274c        0x0 c:/altera/15.0/nios2eds/bin/gnu/h-x86_64-mingw32/bin/../lib/gcc/nios2-elf/4.9.1/../../../../../H-x86_64-mingw32/nios2-elf/lib\libc.a(lib_a-printf.o)
 .data          0x000000000206274c        0x0 c:/altera/15.0/nios2eds/bin/gnu/h-x86_64-mingw32/bin/../lib/gcc/nios2-elf/4.9.1/../../../../../H-x86_64-mingw32/nios2-elf/lib\libc.a(lib_a-putchar.o)
 .data          0x000000000206274c        0x0 c:/altera/15.0/nios2eds/bin/gnu/h-x86_64-mingw32/bin/../lib/gcc/nios2-elf/4.9.1/../../../../../H-x86_64-mingw32/nios2-elf/lib\libc.a(lib_a-puts.o)
 .data          0x000000000206274c        0x0 c:/altera/15.0/nios2eds/bin/gnu/h-x86_64-mingw32/bin/../lib/gcc/nios2-elf/4.9.1/../../../../../H-x86_64-mingw32/nios2-elf/lib\libc.a(lib_a-sbrkr.o)
 .data          0x000000000206274c        0x0 c:/altera/15.0/nios2eds/bin/gnu/h-x86_64-mingw32/bin/../lib/gcc/nios2-elf/4.9.1/../../../../../H-x86_64-mingw32/nios2-elf/lib\libc.a(lib_a-scanf.o)
 .data          0x000000000206274c        0x0 c:/altera/15.0/nios2eds/bin/gnu/h-x86_64-mingw32/bin/../lib/gcc/nios2-elf/4.9.1/../../../../../H-x86_64-mingw32/nios2-elf/lib\libc.a(lib_a-sprintf.o)
 .data          0x000000000206274c        0x0 c:/altera/15.0/nios2eds/bin/gnu/h-x86_64-mingw32/bin/../lib/gcc/nios2-elf/4.9.1/../../../../../H-x86_64-mingw32/nios2-elf/lib\libc.a(lib_a-strcasecmp.o)
 .data          0x000000000206274c        0x0 c:/altera/15.0/nios2eds/bin/gnu/h-x86_64-mingw32/bin/../lib/gcc/nios2-elf/4.9.1/../../../../../H-x86_64-mingw32/nios2-elf/lib\libc.a(lib_a-strlen.o)
 .data          0x000000000206274c        0x0 c:/altera/15.0/nios2eds/bin/gnu/h-x86_64-mingw32/bin/../lib/gcc/nios2-elf/4.9.1/../../../../../H-x86_64-mingw32/nios2-elf/lib\libc.a(lib_a-svfprintf.o)
 .data          0x000000000206274c        0x0 c:/altera/15.0/nios2eds/bin/gnu/h-x86_64-mingw32/bin/../lib/gcc/nios2-elf/4.9.1/../../../../../H-x86_64-mingw32/nios2-elf/lib\libc.a(lib_a-vfprintf.o)
 .data          0x000000000206274c        0x0 c:/altera/15.0/nios2eds/bin/gnu/h-x86_64-mingw32/bin/../lib/gcc/nios2-elf/4.9.1/../../../../../H-x86_64-mingw32/nios2-elf/lib\libc.a(lib_a-vfscanf.o)
 .data          0x000000000206274c        0x0 c:/altera/15.0/nios2eds/bin/gnu/h-x86_64-mingw32/bin/../lib/gcc/nios2-elf/4.9.1/../../../../../H-x86_64-mingw32/nios2-elf/lib\libc.a(lib_a-vsnprintf.o)
 .data          0x000000000206274c        0x0 c:/altera/15.0/nios2eds/bin/gnu/h-x86_64-mingw32/bin/../lib/gcc/nios2-elf/4.9.1/../../../../../H-x86_64-mingw32/nios2-elf/lib\libc.a(lib_a-wsetup.o)
 .data          0x000000000206274c        0x0 c:/altera/15.0/nios2eds/bin/gnu/h-x86_64-mingw32/bin/../lib/gcc/nios2-elf/4.9.1/../../../../../H-x86_64-mingw32/nios2-elf/lib\libc.a(lib_a-ctype_.o)
 .data          0x000000000206274c        0x0 c:/altera/15.0/nios2eds/bin/gnu/h-x86_64-mingw32/bin/../lib/gcc/nios2-elf/4.9.1/../../../../../H-x86_64-mingw32/nios2-elf/lib\libc.a(lib_a-dtoa.o)
 .data          0x000000000206274c        0x0 c:/altera/15.0/nios2eds/bin/gnu/h-x86_64-mingw32/bin/../lib/gcc/nios2-elf/4.9.1/../../../../../H-x86_64-mingw32/nios2-elf/lib\libc.a(lib_a-fflush.o)
 .data          0x000000000206274c        0x0 c:/altera/15.0/nios2eds/bin/gnu/h-x86_64-mingw32/bin/../lib/gcc/nios2-elf/4.9.1/../../../../../H-x86_64-mingw32/nios2-elf/lib\libc.a(lib_a-findfp.o)
 .data          0x000000000206274c        0x0 c:/altera/15.0/nios2eds/bin/gnu/h-x86_64-mingw32/bin/../lib/gcc/nios2-elf/4.9.1/../../../../../H-x86_64-mingw32/nios2-elf/lib\libc.a(lib_a-fread.o)
 .data          0x000000000206274c        0x0 c:/altera/15.0/nios2eds/bin/gnu/h-x86_64-mingw32/bin/../lib/gcc/nios2-elf/4.9.1/../../../../../H-x86_64-mingw32/nios2-elf/lib\libc.a(lib_a-freer.o)
 .data          0x000000000206274c        0x0 c:/altera/15.0/nios2eds/bin/gnu/h-x86_64-mingw32/bin/../lib/gcc/nios2-elf/4.9.1/../../../../../H-x86_64-mingw32/nios2-elf/lib\libc.a(lib_a-fvwrite.o)
 .data          0x000000000206274c        0x0 c:/altera/15.0/nios2eds/bin/gnu/h-x86_64-mingw32/bin/../lib/gcc/nios2-elf/4.9.1/../../../../../H-x86_64-mingw32/nios2-elf/lib\libc.a(lib_a-fwalk.o)
 .data          0x000000000206274c      0x424 c:/altera/15.0/nios2eds/bin/gnu/h-x86_64-mingw32/bin/../lib/gcc/nios2-elf/4.9.1/../../../../../H-x86_64-mingw32/nios2-elf/lib\libc.a(lib_a-impure.o)
 .data          0x0000000002062b70        0x0 c:/altera/15.0/nios2eds/bin/gnu/h-x86_64-mingw32/bin/../lib/gcc/nios2-elf/4.9.1/../../../../../H-x86_64-mingw32/nios2-elf/lib\libc.a(lib_a-int_errno.o)
 .data          0x0000000002062b70        0x0 c:/altera/15.0/nios2eds/bin/gnu/h-x86_64-mingw32/bin/../lib/gcc/nios2-elf/4.9.1/../../../../../H-x86_64-mingw32/nios2-elf/lib\libc.a(lib_a-iswspace.o)
 .data          0x0000000002062b70       0x78 c:/altera/15.0/nios2eds/bin/gnu/h-x86_64-mingw32/bin/../lib/gcc/nios2-elf/4.9.1/../../../../../H-x86_64-mingw32/nios2-elf/lib\libc.a(lib_a-locale.o)
 .data          0x0000000002062be8        0x0 c:/altera/15.0/nios2eds/bin/gnu/h-x86_64-mingw32/bin/../lib/gcc/nios2-elf/4.9.1/../../../../../H-x86_64-mingw32/nios2-elf/lib\libc.a(lib_a-makebuf.o)
 .data          0x0000000002062be8        0x0 c:/altera/15.0/nios2eds/bin/gnu/h-x86_64-mingw32/bin/../lib/gcc/nios2-elf/4.9.1/../../../../../H-x86_64-mingw32/nios2-elf/lib\libc.a(lib_a-mbrtowc.o)
 .data          0x0000000002062be8        0x0 c:/altera/15.0/nios2eds/bin/gnu/h-x86_64-mingw32/bin/../lib/gcc/nios2-elf/4.9.1/../../../../../H-x86_64-mingw32/nios2-elf/lib\libc.a(lib_a-mbtowc_r.o)
 .data          0x0000000002062be8        0x0 c:/altera/15.0/nios2eds/bin/gnu/h-x86_64-mingw32/bin/../lib/gcc/nios2-elf/4.9.1/../../../../../H-x86_64-mingw32/nios2-elf/lib\libc.a(lib_a-memchr.o)
 .data          0x0000000002062be8        0x0 c:/altera/15.0/nios2eds/bin/gnu/h-x86_64-mingw32/bin/../lib/gcc/nios2-elf/4.9.1/../../../../../H-x86_64-mingw32/nios2-elf/lib\libc.a(lib_a-memmove.o)
 .data          0x0000000002062be8        0x0 c:/altera/15.0/nios2eds/bin/gnu/h-x86_64-mingw32/bin/../lib/gcc/nios2-elf/4.9.1/../../../../../H-x86_64-mingw32/nios2-elf/lib\libc.a(lib_a-mprec.o)
 .data          0x0000000002062be8        0x0 c:/altera/15.0/nios2eds/bin/gnu/h-x86_64-mingw32/bin/../lib/gcc/nios2-elf/4.9.1/../../../../../H-x86_64-mingw32/nios2-elf/lib\libc.a(lib_a-putc.o)
 .data          0x0000000002062be8        0x0 c:/altera/15.0/nios2eds/bin/gnu/h-x86_64-mingw32/bin/../lib/gcc/nios2-elf/4.9.1/../../../../../H-x86_64-mingw32/nios2-elf/lib\libc.a(lib_a-reallocr.o)
 .data          0x0000000002062be8        0x0 c:/altera/15.0/nios2eds/bin/gnu/h-x86_64-mingw32/bin/../lib/gcc/nios2-elf/4.9.1/../../../../../H-x86_64-mingw32/nios2-elf/lib\libc.a(lib_a-refill.o)
 .data          0x0000000002062be8        0x0 c:/altera/15.0/nios2eds/bin/gnu/h-x86_64-mingw32/bin/../lib/gcc/nios2-elf/4.9.1/../../../../../H-x86_64-mingw32/nios2-elf/lib\libc.a(lib_a-s_fpclassify.o)
 .data          0x0000000002062be8        0x0 c:/altera/15.0/nios2eds/bin/gnu/h-x86_64-mingw32/bin/../lib/gcc/nios2-elf/4.9.1/../../../../../H-x86_64-mingw32/nios2-elf/lib\libc.a(lib_a-sccl.o)
 .data          0x0000000002062be8        0x0 c:/altera/15.0/nios2eds/bin/gnu/h-x86_64-mingw32/bin/../lib/gcc/nios2-elf/4.9.1/../../../../../H-x86_64-mingw32/nios2-elf/lib\libc.a(lib_a-sf_nan.o)
 .data          0x0000000002062be8        0x0 c:/altera/15.0/nios2eds/bin/gnu/h-x86_64-mingw32/bin/../lib/gcc/nios2-elf/4.9.1/../../../../../H-x86_64-mingw32/nios2-elf/lib\libc.a(lib_a-stdio.o)
 .data          0x0000000002062be8        0x0 c:/altera/15.0/nios2eds/bin/gnu/h-x86_64-mingw32/bin/../lib/gcc/nios2-elf/4.9.1/../../../../../H-x86_64-mingw32/nios2-elf/lib\libc.a(lib_a-strcmp.o)
 .data          0x0000000002062be8       0x28 c:/altera/15.0/nios2eds/bin/gnu/h-x86_64-mingw32/bin/../lib/gcc/nios2-elf/4.9.1/../../../../../H-x86_64-mingw32/nios2-elf/lib\libc.a(lib_a-strtod.o)
 .data          0x0000000002062c10        0x0 c:/altera/15.0/nios2eds/bin/gnu/h-x86_64-mingw32/bin/../lib/gcc/nios2-elf/4.9.1/../../../../../H-x86_64-mingw32/nios2-elf/lib\libc.a(lib_a-strtol.o)
 .data          0x0000000002062c10        0x0 c:/altera/15.0/nios2eds/bin/gnu/h-x86_64-mingw32/bin/../lib/gcc/nios2-elf/4.9.1/../../../../../H-x86_64-mingw32/nios2-elf/lib\libc.a(lib_a-strtoll_r.o)
 .data          0x0000000002062c10        0x0 c:/altera/15.0/nios2eds/bin/gnu/h-x86_64-mingw32/bin/../lib/gcc/nios2-elf/4.9.1/../../../../../H-x86_64-mingw32/nios2-elf/lib\libc.a(lib_a-strtoul.o)
 .data          0x0000000002062c10        0x0 c:/altera/15.0/nios2eds/bin/gnu/h-x86_64-mingw32/bin/../lib/gcc/nios2-elf/4.9.1/../../../../../H-x86_64-mingw32/nios2-elf/lib\libc.a(lib_a-strtoull_r.o)
 .data          0x0000000002062c10        0x0 c:/altera/15.0/nios2eds/bin/gnu/h-x86_64-mingw32/bin/../lib/gcc/nios2-elf/4.9.1/../../../../../H-x86_64-mingw32/nios2-elf/lib\libc.a(lib_a-svfiprintf.o)
 .data          0x0000000002062c10        0x0 c:/altera/15.0/nios2eds/bin/gnu/h-x86_64-mingw32/bin/../lib/gcc/nios2-elf/4.9.1/../../../../../H-x86_64-mingw32/nios2-elf/lib\libc.a(lib_a-ungetc.o)
 .data          0x0000000002062c10        0x0 c:/altera/15.0/nios2eds/bin/gnu/h-x86_64-mingw32/bin/../lib/gcc/nios2-elf/4.9.1/../../../../../H-x86_64-mingw32/nios2-elf/lib\libc.a(lib_a-vfiprintf.o)
 .data          0x0000000002062c10        0x0 c:/altera/15.0/nios2eds/bin/gnu/h-x86_64-mingw32/bin/../lib/gcc/nios2-elf/4.9.1/../../../../../H-x86_64-mingw32/nios2-elf/lib\libc.a(lib_a-wbuf.o)
 .data          0x0000000002062c10        0x0 c:/altera/15.0/nios2eds/bin/gnu/h-x86_64-mingw32/bin/../lib/gcc/nios2-elf/4.9.1/../../../../../H-x86_64-mingw32/nios2-elf/lib\libc.a(lib_a-writer.o)
 .data          0x0000000002062c10        0x0 c:/altera/15.0/nios2eds/bin/gnu/h-x86_64-mingw32/bin/../lib/gcc/nios2-elf/4.9.1/../../../../../H-x86_64-mingw32/nios2-elf/lib\libc.a(closer.o)
 .data          0x0000000002062c10        0x0 c:/altera/15.0/nios2eds/bin/gnu/h-x86_64-mingw32/bin/../lib/gcc/nios2-elf/4.9.1/../../../../../H-x86_64-mingw32/nios2-elf/lib\libc.a(lib_a-callocr.o)
 .data          0x0000000002062c10        0x0 c:/altera/15.0/nios2eds/bin/gnu/h-x86_64-mingw32/bin/../lib/gcc/nios2-elf/4.9.1/../../../../../H-x86_64-mingw32/nios2-elf/lib\libc.a(lib_a-fclose.o)
 .data          0x0000000002062c10        0x0 c:/altera/15.0/nios2eds/bin/gnu/h-x86_64-mingw32/bin/../lib/gcc/nios2-elf/4.9.1/../../../../../H-x86_64-mingw32/nios2-elf/lib\libc.a(lib_a-fputwc.o)
 .data          0x0000000002062c10        0x0 c:/altera/15.0/nios2eds/bin/gnu/h-x86_64-mingw32/bin/../lib/gcc/nios2-elf/4.9.1/../../../../../H-x86_64-mingw32/nios2-elf/lib\libc.a(lib_a-fstatr.o)
 .data          0x0000000002062c10        0x0 c:/altera/15.0/nios2eds/bin/gnu/h-x86_64-mingw32/bin/../lib/gcc/nios2-elf/4.9.1/../../../../../H-x86_64-mingw32/nios2-elf/lib\libc.a(lib_a-gdtoa-gethex.o)
 .data          0x0000000002062c10        0x0 c:/altera/15.0/nios2eds/bin/gnu/h-x86_64-mingw32/bin/../lib/gcc/nios2-elf/4.9.1/../../../../../H-x86_64-mingw32/nios2-elf/lib\libc.a(lib_a-gdtoa-hexnan.o)
 .data          0x0000000002062c10        0x0 c:/altera/15.0/nios2eds/bin/gnu/h-x86_64-mingw32/bin/../lib/gcc/nios2-elf/4.9.1/../../../../../H-x86_64-mingw32/nios2-elf/lib\libc.a(lib_a-isattyr.o)
 .data          0x0000000002062c10        0x0 c:/altera/15.0/nios2eds/bin/gnu/h-x86_64-mingw32/bin/../lib/gcc/nios2-elf/4.9.1/../../../../../H-x86_64-mingw32/nios2-elf/lib\libc.a(lib_a-lseekr.o)
 .data          0x0000000002062c10        0x0 c:/altera/15.0/nios2eds/bin/gnu/h-x86_64-mingw32/bin/../lib/gcc/nios2-elf/4.9.1/../../../../../H-x86_64-mingw32/nios2-elf/lib\libc.a(lib_a-readr.o)
 .data          0x0000000002062c10        0x0 c:/altera/15.0/nios2eds/bin/gnu/h-x86_64-mingw32/bin/../lib/gcc/nios2-elf/4.9.1/../../../../../H-x86_64-mingw32/nios2-elf/lib\libc.a(lib_a-strncmp.o)
 .data          0x0000000002062c10        0x0 c:/altera/15.0/nios2eds/bin/gnu/h-x86_64-mingw32/bin/../lib/gcc/nios2-elf/4.9.1/../../../../../H-x86_64-mingw32/nios2-elf/lib\libc.a(lib_a-wcrtomb.o)
 .data          0x0000000002062c10        0x0 c:/altera/15.0/nios2eds/bin/gnu/h-x86_64-mingw32/bin/../lib/gcc/nios2-elf/4.9.1/../../../../../H-x86_64-mingw32/nios2-elf/lib\libc.a(lib_a-wctomb_r.o)
 .data          0x0000000002062c10        0x0 c:/altera/15.0/nios2eds/bin/gnu/h-x86_64-mingw32/bin/../lib/gcc/nios2-elf/4.9.1\libgcc.a(_muldi3.o)
 .data          0x0000000002062c10        0x0 c:/altera/15.0/nios2eds/bin/gnu/h-x86_64-mingw32/bin/../lib/gcc/nios2-elf/4.9.1\libgcc.a(_fixunsdfsi.o)
 .data          0x0000000002062c10        0x0 c:/altera/15.0/nios2eds/bin/gnu/h-x86_64-mingw32/bin/../lib/gcc/nios2-elf/4.9.1\libgcc.a(_udivdi3.o)
 .data          0x0000000002062c10        0x0 c:/altera/15.0/nios2eds/bin/gnu/h-x86_64-mingw32/bin/../lib/gcc/nios2-elf/4.9.1\libgcc.a(_umoddi3.o)
 .data          0x0000000002062c10        0x0 c:/altera/15.0/nios2eds/bin/gnu/h-x86_64-mingw32/bin/../lib/gcc/nios2-elf/4.9.1\libgcc.a(eqsf2.o)
 .data          0x0000000002062c10        0x0 c:/altera/15.0/nios2eds/bin/gnu/h-x86_64-mingw32/bin/../lib/gcc/nios2-elf/4.9.1\libgcc.a(gesf2.o)
 .data          0x0000000002062c10        0x0 c:/altera/15.0/nios2eds/bin/gnu/h-x86_64-mingw32/bin/../lib/gcc/nios2-elf/4.9.1\libgcc.a(lesf2.o)
 .data          0x0000000002062c10        0x0 c:/altera/15.0/nios2eds/bin/gnu/h-x86_64-mingw32/bin/../lib/gcc/nios2-elf/4.9.1\libgcc.a(adddf3.o)
 .data          0x0000000002062c10        0x0 c:/altera/15.0/nios2eds/bin/gnu/h-x86_64-mingw32/bin/../lib/gcc/nios2-elf/4.9.1\libgcc.a(eqdf2.o)
 .data          0x0000000002062c10        0x0 c:/altera/15.0/nios2eds/bin/gnu/h-x86_64-mingw32/bin/../lib/gcc/nios2-elf/4.9.1\libgcc.a(gedf2.o)
 .data          0x0000000002062c10        0x0 c:/altera/15.0/nios2eds/bin/gnu/h-x86_64-mingw32/bin/../lib/gcc/nios2-elf/4.9.1\libgcc.a(ledf2.o)
 .data          0x0000000002062c10        0x0 c:/altera/15.0/nios2eds/bin/gnu/h-x86_64-mingw32/bin/../lib/gcc/nios2-elf/4.9.1\libgcc.a(muldf3.o)
 .data          0x0000000002062c10        0x0 c:/altera/15.0/nios2eds/bin/gnu/h-x86_64-mingw32/bin/../lib/gcc/nios2-elf/4.9.1\libgcc.a(subdf3.o)
 .data          0x0000000002062c10        0x0 c:/altera/15.0/nios2eds/bin/gnu/h-x86_64-mingw32/bin/../lib/gcc/nios2-elf/4.9.1\libgcc.a(fixdfsi.o)
 .data          0x0000000002062c10        0x0 c:/altera/15.0/nios2eds/bin/gnu/h-x86_64-mingw32/bin/../lib/gcc/nios2-elf/4.9.1\libgcc.a(floatsidf.o)
 .data          0x0000000002062c10        0x0 c:/altera/15.0/nios2eds/bin/gnu/h-x86_64-mingw32/bin/../lib/gcc/nios2-elf/4.9.1\libgcc.a(floatunsidf.o)
 .data          0x0000000002062c10        0x0 ../DE2_115_SD_CARD_bsp/\libhal_bsp.a(alt_close.o)
 .data          0x0000000002062c10      0x1a8 ../DE2_115_SD_CARD_bsp/\libhal_bsp.a(alt_dev.o)
                0x0000000002062c10                alt_dev_null
                0x0000000002062c38                alt_fd_list
 .data          0x0000000002062db8        0x0 ../DE2_115_SD_CARD_bsp/\libhal_bsp.a(alt_errno.o)
 .data          0x0000000002062db8        0x0 ../DE2_115_SD_CARD_bsp/\libhal_bsp.a(alt_find_dev.o)
 .data          0x0000000002062db8        0x0 ../DE2_115_SD_CARD_bsp/\libhal_bsp.a(alt_fstat.o)
 .data          0x0000000002062db8        0x0 ../DE2_115_SD_CARD_bsp/\libhal_bsp.a(alt_isatty.o)
 .data          0x0000000002062db8        0x0 ../DE2_115_SD_CARD_bsp/\libhal_bsp.a(alt_load.o)
 .data          0x0000000002062db8        0x0 ../DE2_115_SD_CARD_bsp/\libhal_bsp.a(alt_lseek.o)
 .data          0x0000000002062db8        0x0 ../DE2_115_SD_CARD_bsp/\libhal_bsp.a(alt_main.o)
 .data          0x0000000002062db8        0x0 ../DE2_115_SD_CARD_bsp/\libhal_bsp.a(alt_malloc_lock.o)
 .data          0x0000000002062db8        0x0 ../DE2_115_SD_CARD_bsp/\libhal_bsp.a(alt_read.o)
 .data          0x0000000002062db8        0x0 ../DE2_115_SD_CARD_bsp/\libhal_bsp.a(alt_release_fd.o)
 .data          0x0000000002062db8        0x0 ../DE2_115_SD_CARD_bsp/\libhal_bsp.a(alt_sbrk.o)
 .data          0x0000000002062db8        0x0 ../DE2_115_SD_CARD_bsp/\libhal_bsp.a(alt_tick.o)
 .data          0x0000000002062db8        0x0 ../DE2_115_SD_CARD_bsp/\libhal_bsp.a(alt_usleep.o)
 .data          0x0000000002062db8        0x0 ../DE2_115_SD_CARD_bsp/\libhal_bsp.a(alt_write.o)
 .data          0x0000000002062db8     0x1320 ../DE2_115_SD_CARD_bsp/\libhal_bsp.a(alt_sys_init.o)
 .data          0x00000000020640d8        0x0 ../DE2_115_SD_CARD_bsp/\libhal_bsp.a(altera_avalon_cfi_flash.o)
 .data          0x00000000020640d8        0x0 ../DE2_115_SD_CARD_bsp/\libhal_bsp.a(altera_avalon_cfi_flash_table.o)
 .data          0x00000000020640d8        0x0 ../DE2_115_SD_CARD_bsp/\libhal_bsp.a(altera_avalon_jtag_uart_fd.o)
 .data          0x00000000020640d8        0x0 ../DE2_115_SD_CARD_bsp/\libhal_bsp.a(altera_avalon_jtag_uart_init.o)
 .data          0x00000000020640d8        0x0 ../DE2_115_SD_CARD_bsp/\libhal_bsp.a(altera_avalon_jtag_uart_ioctl.o)
 .data          0x00000000020640d8        0x0 ../DE2_115_SD_CARD_bsp/\libhal_bsp.a(altera_avalon_jtag_uart_read.o)
 .data          0x00000000020640d8        0x0 ../DE2_115_SD_CARD_bsp/\libhal_bsp.a(altera_avalon_jtag_uart_write.o)
 .data          0x00000000020640d8        0x0 ../DE2_115_SD_CARD_bsp/\libhal_bsp.a(altera_avalon_lcd_16207.o)
 .data          0x00000000020640d8        0x0 ../DE2_115_SD_CARD_bsp/\libhal_bsp.a(altera_avalon_lcd_16207_fd.o)
 .data          0x00000000020640d8        0x0 ../DE2_115_SD_CARD_bsp/\libhal_bsp.a(altera_avalon_timer_sc.o)
 .data          0x00000000020640d8        0x0 ../DE2_115_SD_CARD_bsp/\libhal_bsp.a(altera_avalon_uart_fd.o)
 .data          0x00000000020640d8        0x0 ../DE2_115_SD_CARD_bsp/\libhal_bsp.a(altera_avalon_uart_init.o)
 .data          0x00000000020640d8        0x0 ../DE2_115_SD_CARD_bsp/\libhal_bsp.a(altera_avalon_uart_read.o)
 .data          0x00000000020640d8        0x0 ../DE2_115_SD_CARD_bsp/\libhal_bsp.a(altera_avalon_uart_write.o)
 .data          0x00000000020640d8        0x0 ../DE2_115_SD_CARD_bsp/\libhal_bsp.a(alt_alarm_start.o)
 .data          0x00000000020640d8        0x0 ../DE2_115_SD_CARD_bsp/\libhal_bsp.a(alt_busy_sleep.o)
 .data          0x00000000020640d8        0x0 ../DE2_115_SD_CARD_bsp/\libhal_bsp.a(alt_dcache_flush.o)
 .data          0x00000000020640d8        0x0 ../DE2_115_SD_CARD_bsp/\libhal_bsp.a(alt_dcache_flush_all.o)
 .data          0x00000000020640d8        0x0 ../DE2_115_SD_CARD_bsp/\libhal_bsp.a(alt_dev_llist_insert.o)
 .data          0x00000000020640d8        0x0 ../DE2_115_SD_CARD_bsp/\libhal_bsp.a(alt_do_ctors.o)
 .data          0x00000000020640d8        0x0 ../DE2_115_SD_CARD_bsp/\libhal_bsp.a(alt_do_dtors.o)
 .data          0x00000000020640d8        0x0 ../DE2_115_SD_CARD_bsp/\libhal_bsp.a(alt_flash_dev.o)
 .data          0x00000000020640d8        0x0 ../DE2_115_SD_CARD_bsp/\libhal_bsp.a(alt_icache_flush_all.o)
 .data          0x00000000020640d8        0x0 ../DE2_115_SD_CARD_bsp/\libhal_bsp.a(alt_iic.o)
 .data          0x00000000020640d8        0x0 ../DE2_115_SD_CARD_bsp/\libhal_bsp.a(alt_iic_isr_register.o)
 .data          0x00000000020640d8        0x0 ../DE2_115_SD_CARD_bsp/\libhal_bsp.a(alt_io_redirect.o)
 .data          0x00000000020640d8        0x0 ../DE2_115_SD_CARD_bsp/\libhal_bsp.a(alt_irq_entry.o)
 .data          0x00000000020640d8        0x0 ../DE2_115_SD_CARD_bsp/\libhal_bsp.a(alt_irq_handler.o)
 .data          0x00000000020640d8        0x0 ../DE2_115_SD_CARD_bsp/\libhal_bsp.a(alt_irq_vars.o)
 .data          0x00000000020640d8        0x0 ../DE2_115_SD_CARD_bsp/\libhal_bsp.a(alt_open.o)
 .data          0x00000000020640d8        0x0 ../DE2_115_SD_CARD_bsp/\libhal_bsp.a(altera_nios2_qsys_irq.o)
 .data          0x00000000020640d8        0x0 ../DE2_115_SD_CARD_bsp/\libhal_bsp.a(altera_avalon_cfi_flash_amd.o)
 .data          0x00000000020640d8        0x0 ../DE2_115_SD_CARD_bsp/\libhal_bsp.a(altera_avalon_cfi_flash_intel.o)
 .data          0x00000000020640d8        0x0 ../DE2_115_SD_CARD_bsp/\libhal_bsp.a(alt_exception_entry.o)
 .data          0x00000000020640d8        0x0 ../DE2_115_SD_CARD_bsp/\libhal_bsp.a(alt_find_file.o)
 .data          0x00000000020640d8        0x0 ../DE2_115_SD_CARD_bsp/\libhal_bsp.a(alt_get_fd.o)
 .data          0x00000000020640d8        0x0 ../DE2_115_SD_CARD_bsp/\libhal_bsp.a(alt_icache_flush.o)
 .data          0x00000000020640d8        0x0 c:/altera/15.0/nios2eds/bin/gnu/h-x86_64-mingw32/bin/../lib/gcc/nios2-elf/4.9.1/../../../../../H-x86_64-mingw32/nios2-elf/lib\libc.a(lib_a-atexit.o)
 .data          0x00000000020640d8        0x0 c:/altera/15.0/nios2eds/bin/gnu/h-x86_64-mingw32/bin/../lib/gcc/nios2-elf/4.9.1/../../../../../H-x86_64-mingw32/nios2-elf/lib\libc.a(lib_a-exit.o)
 .data          0x00000000020640d8        0x0 c:/altera/15.0/nios2eds/bin/gnu/h-x86_64-mingw32/bin/../lib/gcc/nios2-elf/4.9.1/../../../../../H-x86_64-mingw32/nios2-elf/lib\libc.a(lib_a-memcmp.o)
 .data          0x00000000020640d8        0x0 c:/altera/15.0/nios2eds/bin/gnu/h-x86_64-mingw32/bin/../lib/gcc/nios2-elf/4.9.1/../../../../../H-x86_64-mingw32/nios2-elf/lib\libc.a(lib_a-__atexit.o)
 .data          0x00000000020640d8        0x0 c:/altera/15.0/nios2eds/bin/gnu/h-x86_64-mingw32/bin/../lib/gcc/nios2-elf/4.9.1/../../../../../H-x86_64-mingw32/nios2-elf/lib\libc.a(lib_a-__call_atexit.o)
 .data          0x00000000020640d8        0x0 ../DE2_115_SD_CARD_bsp/\libhal_bsp.a(alt_exit.o)
                0x000000000206c0d8                _gp = ABSOLUTE ((. + 0x8000))
                0x000000000206c0d8                PROVIDE (gp, _gp)
 *(.rwdata .rwdata.*)
 *(.sdata .sdata.* .gnu.linkonce.s.*)
 .sdata         0x00000000020640d8        0x8 c:/altera/15.0/nios2eds/bin/gnu/h-x86_64-mingw32/bin/../lib/gcc/nios2-elf/4.9.1/../../../../../H-x86_64-mingw32/nios2-elf/lib\libc.a(lib_a-mallocr.o)
                0x00000000020640d8                __malloc_sbrk_base
                0x00000000020640dc                __malloc_trim_threshold
 .sdata         0x00000000020640e0        0x4 c:/altera/15.0/nios2eds/bin/gnu/h-x86_64-mingw32/bin/../lib/gcc/nios2-elf/4.9.1/../../../../../H-x86_64-mingw32/nios2-elf/lib\libc.a(lib_a-ctype_.o)
                0x00000000020640e0                __ctype_ptr__
 .sdata         0x00000000020640e4        0x8 c:/altera/15.0/nios2eds/bin/gnu/h-x86_64-mingw32/bin/../lib/gcc/nios2-elf/4.9.1/../../../../../H-x86_64-mingw32/nios2-elf/lib\libc.a(lib_a-impure.o)
                0x00000000020640e4                _global_impure_ptr
                0x00000000020640e8                _impure_ptr
 .sdata         0x00000000020640ec        0x4 c:/altera/15.0/nios2eds/bin/gnu/h-x86_64-mingw32/bin/../lib/gcc/nios2-elf/4.9.1/../../../../../H-x86_64-mingw32/nios2-elf/lib\libc.a(lib_a-locale.o)
                0x00000000020640ec                __mb_cur_max
 .sdata         0x00000000020640f0        0x4 c:/altera/15.0/nios2eds/bin/gnu/h-x86_64-mingw32/bin/../lib/gcc/nios2-elf/4.9.1/../../../../../H-x86_64-mingw32/nios2-elf/lib\libc.a(lib_a-mbtowc_r.o)
                0x00000000020640f0                __mbtowc
 .sdata         0x00000000020640f4        0x4 c:/altera/15.0/nios2eds/bin/gnu/h-x86_64-mingw32/bin/../lib/gcc/nios2-elf/4.9.1/../../../../../H-x86_64-mingw32/nios2-elf/lib\libc.a(lib_a-wctomb_r.o)
                0x00000000020640f4                __wctomb
 .sdata         0x00000000020640f8       0x14 ../DE2_115_SD_CARD_bsp/\libhal_bsp.a(alt_dev.o)
                0x00000000020640f8                alt_fs_list
                0x0000000002064100                alt_dev_list
                0x0000000002064108                alt_max_fd
 .sdata         0x000000000206410c        0x4 ../DE2_115_SD_CARD_bsp/\libhal_bsp.a(alt_errno.o)
                0x000000000206410c                alt_errno
 .sdata         0x0000000002064110        0x4 ../DE2_115_SD_CARD_bsp/\libhal_bsp.a(alt_sbrk.o)
 .sdata         0x0000000002064114        0x8 ../DE2_115_SD_CARD_bsp/\libhal_bsp.a(alt_tick.o)
                0x0000000002064114                alt_alarm_list
 .sdata         0x000000000206411c        0x4 ../DE2_115_SD_CARD_bsp/\libhal_bsp.a(altera_avalon_lcd_16207.o)
 .sdata         0x0000000002064120        0x8 ../DE2_115_SD_CARD_bsp/\libhal_bsp.a(alt_flash_dev.o)
                0x0000000002064120                alt_flash_dev_list
 .sdata         0x0000000002064128        0x4 ../DE2_115_SD_CARD_bsp/\libhal_bsp.a(alt_irq_vars.o)
                0x0000000002064128                alt_priority_mask
 *(.sdata2 .sdata2.* .gnu.linkonce.s2.*)
                0x000000000206412c                . = ALIGN (0x4)
                0x000000000206412c                _edata = ABSOLUTE (.)
                0x000000000206412c                PROVIDE (edata, ABSOLUTE (.))
                0x000000000206412c                PROVIDE (__ram_rwdata_end, ABSOLUTE (.))
                0x000000000206412c                PROVIDE (__flash_rwdata_start, LOADADDR (.rwdata))

.bss            0x0000000002065f14      0x294
                0x0000000002065f14                __bss_start = ABSOLUTE (.)
                0x0000000002065f14                PROVIDE (__sbss_start, ABSOLUTE (.))
                0x0000000002065f14                PROVIDE (___sbss_start, ABSOLUTE (.))
 *(.dynsbss)
 *(.sbss .sbss.* .gnu.linkonce.sb.*)
 .sbss          0x0000000002065f14        0xc c:/altera/15.0/nios2eds/bin/gnu/h-x86_64-mingw32/bin/../lib/gcc/nios2-elf/4.9.1/../../../../../H-x86_64-mingw32/nios2-elf/lib\libc.a(lib_a-mallocr.o)
                0x0000000002065f14                __malloc_max_total_mem
                0x0000000002065f18                __malloc_max_sbrked_mem
                0x0000000002065f1c                __malloc_top_pad
 .sbss          0x0000000002065f20        0x4 c:/altera/15.0/nios2eds/bin/gnu/h-x86_64-mingw32/bin/../lib/gcc/nios2-elf/4.9.1/../../../../../H-x86_64-mingw32/nios2-elf/lib\libc.a(lib_a-int_errno.o)
                0x0000000002065f20                errno
 .sbss          0x0000000002065f24        0xc c:/altera/15.0/nios2eds/bin/gnu/h-x86_64-mingw32/bin/../lib/gcc/nios2-elf/4.9.1/../../../../../H-x86_64-mingw32/nios2-elf/lib\libc.a(lib_a-locale.o)
                0x0000000002065f24                _PathLocale
                0x0000000002065f28                __mlocale_changed
                0x0000000002065f2c                __nlocale_changed
 .sbss          0x0000000002065f30        0xc ../DE2_115_SD_CARD_bsp/\libhal_bsp.a(alt_main.o)
                0x0000000002065f30                alt_argc
                0x0000000002065f34                alt_argv
                0x0000000002065f38                alt_envp
 .sbss          0x0000000002065f3c        0x8 ../DE2_115_SD_CARD_bsp/\libhal_bsp.a(alt_tick.o)
                0x0000000002065f3c                _alt_tick_rate
                0x0000000002065f40                _alt_nticks
 .sbss          0x0000000002065f44        0x4 ../DE2_115_SD_CARD_bsp/\libhal_bsp.a(alt_irq_vars.o)
                0x0000000002065f44                alt_irq_active
 *(.sbss2 .sbss2.* .gnu.linkonce.sb2.*)
 *(.scommon)
                0x0000000002065f48                PROVIDE (__sbss_end, ABSOLUTE (.))
                0x0000000002065f48                PROVIDE (___sbss_end, ABSOLUTE (.))
 *(.dynbss)
 *(.bss .bss.* .gnu.linkonce.b.*)
 .bss           0x0000000002065f48        0x0 ../DE2_115_SD_CARD_bsp//obj/HAL/src/crt0.o
 .bss           0x0000000002065f48        0x0 obj/default/altera_up_avalon_character_lcd.o
 .bss           0x0000000002065f48        0x0 obj/default/main.o
 .bss           0x0000000002065f48        0x0 obj/default/terasic_fat/FatFileSystem.o
 .bss           0x0000000002065f48        0x0 obj/default/terasic_fat/FatInternal.o
 .bss           0x0000000002065f48        0x0 obj/default/terasic_lib/debug.o
 .bss           0x0000000002065f48        0x0 obj/default/terasic_sdcard/crc16.o
 .bss           0x0000000002065f48        0x0 obj/default/terasic_sdcard/crc7.o
 .bss           0x0000000002065f48        0x0 obj/default/terasic_sdcard/sd_hal.o
 .bss           0x0000000002065f48       0x38 obj/default/terasic_sdcard/sd_lib.o
 .bss           0x0000000002065f80        0x0 obj/default/terasic_sdcard/sd_protocol.o
 .bss           0x0000000002065f80        0x0 c:/altera/15.0/nios2eds/bin/gnu/h-x86_64-mingw32/bin/../lib/gcc/nios2-elf/4.9.1\libgcc.a(lib2-divmod.o)
 .bss           0x0000000002065f80        0x0 c:/altera/15.0/nios2eds/bin/gnu/h-x86_64-mingw32/bin/../lib/gcc/nios2-elf/4.9.1\libgcc.a(divsf3.o)
 .bss           0x0000000002065f80        0x0 c:/altera/15.0/nios2eds/bin/gnu/h-x86_64-mingw32/bin/../lib/gcc/nios2-elf/4.9.1\libgcc.a(mulsf3.o)
 .bss           0x0000000002065f80        0x0 c:/altera/15.0/nios2eds/bin/gnu/h-x86_64-mingw32/bin/../lib/gcc/nios2-elf/4.9.1\libgcc.a(floatunsisf.o)
 .bss           0x0000000002065f80        0x0 c:/altera/15.0/nios2eds/bin/gnu/h-x86_64-mingw32/bin/../lib/gcc/nios2-elf/4.9.1\libgcc.a(divdf3.o)
 .bss           0x0000000002065f80        0x0 c:/altera/15.0/nios2eds/bin/gnu/h-x86_64-mingw32/bin/../lib/gcc/nios2-elf/4.9.1\libgcc.a(extendsfdf2.o)
 .bss           0x0000000002065f80        0x0 c:/altera/15.0/nios2eds/bin/gnu/h-x86_64-mingw32/bin/../lib/gcc/nios2-elf/4.9.1\libgcc.a(truncdfsf2.o)
 .bss           0x0000000002065f80        0x0 c:/altera/15.0/nios2eds/bin/gnu/h-x86_64-mingw32/bin/../lib/gcc/nios2-elf/4.9.1\libgcc.a(_clzsi2.o)
 .bss           0x0000000002065f80        0x0 c:/altera/15.0/nios2eds/bin/gnu/h-x86_64-mingw32/bin/../lib/gcc/nios2-elf/4.9.1\libgcc.a(_clz.o)
 .bss           0x0000000002065f80        0x0 c:/altera/15.0/nios2eds/bin/gnu/h-x86_64-mingw32/bin/../lib/gcc/nios2-elf/4.9.1/../../../../../H-x86_64-mingw32/nios2-elf/lib\libc.a(lib_a-malloc.o)
 .bss           0x0000000002065f80       0x28 c:/altera/15.0/nios2eds/bin/gnu/h-x86_64-mingw32/bin/../lib/gcc/nios2-elf/4.9.1/../../../../../H-x86_64-mingw32/nios2-elf/lib\libc.a(lib_a-mallocr.o)
                0x0000000002065f80                __malloc_current_mallinfo
 .bss           0x0000000002065fa8        0x0 c:/altera/15.0/nios2eds/bin/gnu/h-x86_64-mingw32/bin/../lib/gcc/nios2-elf/4.9.1/../../../../../H-x86_64-mingw32/nios2-elf/lib\libc.a(lib_a-memcpy.o)
 .bss           0x0000000002065fa8        0x0 c:/altera/15.0/nios2eds/bin/gnu/h-x86_64-mingw32/bin/../lib/gcc/nios2-elf/4.9.1/../../../../../H-x86_64-mingw32/nios2-elf/lib\libc.a(lib_a-memset.o)
 .bss           0x0000000002065fa8        0x0 c:/altera/15.0/nios2eds/bin/gnu/h-x86_64-mingw32/bin/../lib/gcc/nios2-elf/4.9.1/../../../../../H-x86_64-mingw32/nios2-elf/lib\libc.a(lib_a-printf.o)
 .bss           0x0000000002065fa8        0x0 c:/altera/15.0/nios2eds/bin/gnu/h-x86_64-mingw32/bin/../lib/gcc/nios2-elf/4.9.1/../../../../../H-x86_64-mingw32/nios2-elf/lib\libc.a(lib_a-putchar.o)
 .bss           0x0000000002065fa8        0x0 c:/altera/15.0/nios2eds/bin/gnu/h-x86_64-mingw32/bin/../lib/gcc/nios2-elf/4.9.1/../../../../../H-x86_64-mingw32/nios2-elf/lib\libc.a(lib_a-puts.o)
 .bss           0x0000000002065fa8        0x0 c:/altera/15.0/nios2eds/bin/gnu/h-x86_64-mingw32/bin/../lib/gcc/nios2-elf/4.9.1/../../../../../H-x86_64-mingw32/nios2-elf/lib\libc.a(lib_a-sbrkr.o)