Archive member included to satisfy reference by file (symbol)

c:/altera/14.1/nios2eds/bin/gnu/h-x86_64-mingw32/bin/../lib/gcc/nios2-elf/4.8.3\libgcc.a(lib2-divmod.o)
                              obj/default/terasic_fat/FatFileSystem.o (__udivsi3)
c:/altera/14.1/nios2eds/bin/gnu/h-x86_64-mingw32/bin/../lib/gcc/nios2-elf/4.8.3\libgcc.a(divsf3.o)
                              obj/default/terasic_fat/FatFileSystem.o (__divsf3)
c:/altera/14.1/nios2eds/bin/gnu/h-x86_64-mingw32/bin/../lib/gcc/nios2-elf/4.8.3\libgcc.a(mulsf3.o)
                              obj/default/terasic_fat/FatFileSystem.o (__mulsf3)
c:/altera/14.1/nios2eds/bin/gnu/h-x86_64-mingw32/bin/../lib/gcc/nios2-elf/4.8.3\libgcc.a(floatunsisf.o)
                              obj/default/terasic_fat/FatFileSystem.o (__floatunsisf)
c:/altera/14.1/nios2eds/bin/gnu/h-x86_64-mingw32/bin/../lib/gcc/nios2-elf/4.8.3\libgcc.a(divdf3.o)
                              obj/default/terasic_fat/FatFileSystem.o (__divdf3)
c:/altera/14.1/nios2eds/bin/gnu/h-x86_64-mingw32/bin/../lib/gcc/nios2-elf/4.8.3\libgcc.a(extendsfdf2.o)
                              obj/default/terasic_fat/FatFileSystem.o (__extendsfdf2)
c:/altera/14.1/nios2eds/bin/gnu/h-x86_64-mingw32/bin/../lib/gcc/nios2-elf/4.8.3\libgcc.a(truncdfsf2.o)
                              obj/default/terasic_fat/FatFileSystem.o (__truncdfsf2)
c:/altera/14.1/nios2eds/bin/gnu/h-x86_64-mingw32/bin/../lib/gcc/nios2-elf/4.8.3\libgcc.a(_clzsi2.o)
                              c:/altera/14.1/nios2eds/bin/gnu/h-x86_64-mingw32/bin/../lib/gcc/nios2-elf/4.8.3\libgcc.a(divsf3.o) (__clzsi2)
c:/altera/14.1/nios2eds/bin/gnu/h-x86_64-mingw32/bin/../lib/gcc/nios2-elf/4.8.3\libgcc.a(_clz.o)
                              c:/altera/14.1/nios2eds/bin/gnu/h-x86_64-mingw32/bin/../lib/gcc/nios2-elf/4.8.3\libgcc.a(_clzsi2.o) (__clz_tab)
c:/altera/14.1/nios2eds/bin/gnu/h-x86_64-mingw32/bin/../lib/gcc/nios2-elf/4.8.3/../../../../../H-x86_64-mingw32/nios2-elf/lib\libc.a(lib_a-malloc.o)
                              obj/default/terasic_fat/FatFileSystem.o (malloc)
c:/altera/14.1/nios2eds/bin/gnu/h-x86_64-mingw32/bin/../lib/gcc/nios2-elf/4.8.3/../../../../../H-x86_64-mingw32/nios2-elf/lib\libc.a(lib_a-mallocr.o)
                              c:/altera/14.1/nios2eds/bin/gnu/h-x86_64-mingw32/bin/../lib/gcc/nios2-elf/4.8.3/../../../../../H-x86_64-mingw32/nios2-elf/lib\libc.a(lib_a-malloc.o) (_malloc_r)
c:/altera/14.1/nios2eds/bin/gnu/h-x86_64-mingw32/bin/../lib/gcc/nios2-elf/4.8.3/../../../../../H-x86_64-mingw32/nios2-elf/lib\libc.a(lib_a-memcpy.o)
                              obj/default/terasic_fat/FatFileSystem.o (memcpy)
c:/altera/14.1/nios2eds/bin/gnu/h-x86_64-mingw32/bin/../lib/gcc/nios2-elf/4.8.3/../../../../../H-x86_64-mingw32/nios2-elf/lib\libc.a(lib_a-memset.o)
                              obj/default/terasic_fat/FatFileSystem.o (memset)
c:/altera/14.1/nios2eds/bin/gnu/h-x86_64-mingw32/bin/../lib/gcc/nios2-elf/4.8.3/../../../../../H-x86_64-mingw32/nios2-elf/lib\libc.a(lib_a-printf.o)
                              obj/default/main.o (printf)
c:/altera/14.1/nios2eds/bin/gnu/h-x86_64-mingw32/bin/../lib/gcc/nios2-elf/4.8.3/../../../../../H-x86_64-mingw32/nios2-elf/lib\libc.a(lib_a-putchar.o)
                              obj/default/main.o (putchar)
c:/altera/14.1/nios2eds/bin/gnu/h-x86_64-mingw32/bin/../lib/gcc/nios2-elf/4.8.3/../../../../../H-x86_64-mingw32/nios2-elf/lib\libc.a(lib_a-puts.o)
                              obj/default/main.o (puts)
c:/altera/14.1/nios2eds/bin/gnu/h-x86_64-mingw32/bin/../lib/gcc/nios2-elf/4.8.3/../../../../../H-x86_64-mingw32/nios2-elf/lib\libc.a(lib_a-sbrkr.o)
                              c:/altera/14.1/nios2eds/bin/gnu/h-x86_64-mingw32/bin/../lib/gcc/nios2-elf/4.8.3/../../../../../H-x86_64-mingw32/nios2-elf/lib\libc.a(lib_a-mallocr.o) (_sbrk_r)
c:/altera/14.1/nios2eds/bin/gnu/h-x86_64-mingw32/bin/../lib/gcc/nios2-elf/4.8.3/../../../../../H-x86_64-mingw32/nios2-elf/lib\libc.a(lib_a-scanf.o)
                              obj/default/main.o (scanf)
c:/altera/14.1/nios2eds/bin/gnu/h-x86_64-mingw32/bin/../lib/gcc/nios2-elf/4.8.3/../../../../../H-x86_64-mingw32/nios2-elf/lib\libc.a(lib_a-sprintf.o)
                              obj/default/terasic_lib/debug.o (sprintf)
c:/altera/14.1/nios2eds/bin/gnu/h-x86_64-mingw32/bin/../lib/gcc/nios2-elf/4.8.3/../../../../../H-x86_64-mingw32/nios2-elf/lib\libc.a(lib_a-strcasecmp.o)
                              obj/default/terasic_fat/FatFileSystem.o (strcasecmp)
c:/altera/14.1/nios2eds/bin/gnu/h-x86_64-mingw32/bin/../lib/gcc/nios2-elf/4.8.3/../../../../../H-x86_64-mingw32/nios2-elf/lib\libc.a(lib_a-strlen.o)
                              c:/altera/14.1/nios2eds/bin/gnu/h-x86_64-mingw32/bin/../lib/gcc/nios2-elf/4.8.3/../../../../../H-x86_64-mingw32/nios2-elf/lib\libc.a(lib_a-puts.o) (strlen)
c:/altera/14.1/nios2eds/bin/gnu/h-x86_64-mingw32/bin/../lib/gcc/nios2-elf/4.8.3/../../../../../H-x86_64-mingw32/nios2-elf/lib\libc.a(lib_a-svfprintf.o)
[...]
Memory Configuration

Name             Origin             Length             Attributes
cfi_flash        0x0000000001800000 0x0000000000800000
reset            0x0000000002040000 0x0000000000000020
onchip_memory2   0x0000000002040020 0x000000000003ffe0
*default*        0x0000000000000000 0xffffffffffffffff

Linker script and memory map

LOAD ../DE2_115_SD_CARD_bsp//obj/HAL/src/crt0.o
LOAD obj/default/altera_up_avalon_character_lcd.o
LOAD obj/default/main.o
LOAD obj/default/terasic_fat/FatFileSystem.o
LOAD obj/default/terasic_fat/FatInternal.o
LOAD obj/default/terasic_lib/debug.o
LOAD obj/default/terasic_sdcard/crc16.o
LOAD obj/default/terasic_sdcard/crc7.o
LOAD obj/default/terasic_sdcard/sd_hal.o
LOAD obj/default/terasic_sdcard/sd_lib.o
LOAD obj/default/terasic_sdcard/sd_protocol.o
LOAD c:/altera/14.1/nios2eds/bin/gnu/h-x86_64-mingw32/bin/../lib/gcc/nios2-elf/4.8.3/../../../../../H-x86_64-mingw32/nios2-elf/lib\libstdc++.a
LOAD c:/altera/14.1/nios2eds/bin/gnu/h-x86_64-mingw32/bin/../lib/gcc/nios2-elf/4.8.3/../../../../../H-x86_64-mingw32/nios2-elf/lib\libm.a
LOAD c:/altera/14.1/nios2eds/bin/gnu/h-x86_64-mingw32/bin/../lib/gcc/nios2-elf/4.8.3\libgcc.a
START GROUP
LOAD c:/altera/14.1/nios2eds/bin/gnu/h-x86_64-mingw32/bin/../lib/gcc/nios2-elf/4.8.3/../../../../../H-x86_64-mingw32/nios2-elf/lib\libc.a
LOAD c:/altera/14.1/nios2eds/bin/gnu/h-x86_64-mingw32/bin/../lib/gcc/nios2-elf/4.8.3\libgcc.a
LOAD ../DE2_115_SD_CARD_bsp/\libhal_bsp.a
END GROUP
LOAD c:/altera/14.1/nios2eds/bin/gnu/h-x86_64-mingw32/bin/../lib/gcc/nios2-elf/4.8.3\libgcc.a
                0x0000000001800000                __alt_mem_cfi_flash = 0x1800000
                0x0000000002040000                __alt_mem_onchip_memory2 = 0x2040000

.entry          0x0000000002040000       0x20
 *(.entry)
 .entry         0x0000000002040000       0x20 ../DE2_115_SD_CARD_bsp//obj/HAL/src/crt0.o
                0x0000000002040000                __reset

.exceptions     0x0000000002040020      0x19c
                0x0000000002040020                PROVIDE (__ram_exceptions_start, ABSOLUTE (.))
                0x0000000002040020                . = ALIGN (0x20)
 *(.irq)
 *(.exceptions.entry.label)
 .exceptions.entry.label
                0x0000000002040020        0x0 ../DE2_115_SD_CARD_bsp/\libhal_bsp.a(alt_irq_entry.o)
                0x0000000002040020                alt_irq_entry
 .exceptions.entry.label
                0x0000000002040020        0x0 ../DE2_115_SD_CARD_bsp/\libhal_bsp.a(alt_exception_entry.o)
                0x0000000002040020                alt_exception
 *(.exceptions.entry.user)
 *(.exceptions.entry.ecc_fatal)
 *(.exceptions.entry)
 .exceptions.entry
                0x0000000002040020       0x54 ../DE2_115_SD_CARD_bsp/\libhal_bsp.a(alt_exception_entry.o)
 *(.exceptions.irqtest.user)
 *(.exceptions.irqtest)
 .exceptions.irqtest
                0x0000000002040074       0x10 ../DE2_115_SD_CARD_bsp/\libhal_bsp.a(alt_irq_entry.o)
 *(.exceptions.irqhandler.user)
 *(.exceptions.irqhandler)
 .exceptions.irqhandler
                0x0000000002040084        0x4 ../DE2_115_SD_CARD_bsp/\libhal_bsp.a(alt_irq_entry.o)
 *(.exceptions.irqreturn.user)
 *(.exceptions.irqreturn)
 .exceptions.irqreturn
                0x0000000002040088        0x4 ../DE2_115_SD_CARD_bsp/\libhal_bsp.a(alt_irq_entry.o)
 *(.exceptions.notirq.label)
 .exceptions.notirq.label
                0x000000000204008c        0x0 ../DE2_115_SD_CARD_bsp/\libhal_bsp.a(alt_irq_entry.o)
 *(.exceptions.notirq.user)
 *(.exceptions.notirq)
 .exceptions.notirq
                0x000000000204008c        0x8 ../DE2_115_SD_CARD_bsp/\libhal_bsp.a(alt_exception_entry.o)
 *(.exceptions.soft.user)
 *(.exceptions.soft)
 *(.exceptions.unknown.user)
 *(.exceptions.unknown)
 .exceptions.unknown
                0x0000000002040094        0x4 ../DE2_115_SD_CARD_bsp/\libhal_bsp.a(alt_exception_entry.o)
 *(.exceptions.exit.label)
 .exceptions.exit.label
                0x0000000002040098        0x0 ../DE2_115_SD_CARD_bsp/\libhal_bsp.a(alt_irq_entry.o)
 .exceptions.exit.label
                0x0000000002040098        0x0 ../DE2_115_SD_CARD_bsp/\libhal_bsp.a(alt_exception_entry.o)
 *(.exceptions.exit.user)
 *(.exceptions.exit)
 .exceptions.exit
                0x0000000002040098       0x54 ../DE2_115_SD_CARD_bsp/\libhal_bsp.a(alt_exception_entry.o)
 *(.exceptions)
 .exceptions    0x00000000020400ec       0xd0 ../DE2_115_SD_CARD_bsp/\libhal_bsp.a(alt_irq_handler.o)
                0x00000000020400ec                alt_irq_handler
                0x00000000020401bc                PROVIDE (__ram_exceptions_end, ABSOLUTE (.))
                0x0000000002040020                PROVIDE (__flash_exceptions_start, LOADADDR (.exceptions))

.text           0x00000000020401bc    0x21384
                0x00000000020401bc                PROVIDE (stext, ABSOLUTE (.))
 *(.interp)
 *(.hash)
 *(.dynsym)
 *(.dynstr)
 *(.gnu.version)
 *(.gnu.version_d)
 *(.gnu.version_r)
 *(.rel.init)
 *(.rela.init)
 *(.rel.text .rel.text.* .rel.gnu.linkonce.t.*)
 *(.rela.text .rela.text.* .rela.gnu.linkonce.t.*)
 *(.rel.fini)
 *(.rela.fini)
 *(.rel.rodata .rel.rodata.* .rel.gnu.linkonce.r.*)
 *(.rela.rodata .rela.rodata.* .rela.gnu.linkonce.r.*)
 *(.rel.data .rel.data.* .rel.gnu.linkonce.d.*)
 *(.rela.data .rela.data.* .rela.gnu.linkonce.d.*)
 *(.rel.tdata .rel.tdata.* .rel.gnu.linkonce.td.*)
 *(.rela.tdata .rela.tdata.* .rela.gnu.linkonce.td.*)
 *(.rel.tbss .rel.tbss.* .rel.gnu.linkonce.tb.*)
 *(.rela.tbss .rela.tbss.* .rela.gnu.linkonce.tb.*)
 *(.rel.ctors)
 *(.rela.ctors)
 *(.rel.dtors)
 *(.rela.dtors)
 *(.rel.got)
 *(.rela.got)
 *(.rel.sdata .rel.sdata.* .rel.gnu.linkonce.s.*)
 *(.rela.sdata .rela.sdata.* .rela.gnu.linkonce.s.*)
 *(.rel.sbss .rel.sbss.* .rel.gnu.linkonce.sb.*)
 *(.rela.sbss .rela.sbss.* .rela.gnu.linkonce.sb.*)
 *(.rel.sdata2 .rel.sdata2.* .rel.gnu.linkonce.s2.*)
 *(.rela.sdata2 .rela.sdata2.* .rela.gnu.linkonce.s2.*)
 *(.rel.sbss2 .rel.sbss2.* .rel.gnu.linkonce.sb2.*)
 *(.rela.sbss2 .rela.sbss2.* .rela.gnu.linkonce.sb2.*)
 *(.rel.bss .rel.bss.* .rel.gnu.linkonce.b.*)
 *(.rela.bss .rela.bss.* .rela.gnu.linkonce.b.*)
 *(.rel.plt)
 *(.rela.plt)
 *(.rel.dyn)
 *(.init)
 *(.plt)
 *(.text .stub .text.* .gnu.linkonce.t.*)
 .text          0x00000000020401bc       0x4c ../DE2_115_SD_CARD_bsp//obj/HAL/src/crt0.o
                0x00000000020401bc                _start
 .text          0x0000000002040208      0x3f8 obj/default/altera_up_avalon_character_lcd.o
                0x0000000002040208                get_DDRAM_addr
                0x0000000002040280                alt_up_character_lcd_send_cmd
                0x00000000020402b8                alt_up_character_lcd_init
                0x00000000020402e8                alt_up_character_lcd_open_dev
                0x0000000002040328                alt_up_character_lcd_write
                0x00000000020403a0                alt_up_character_lcd_write_fd
                0x00000000020403e8                alt_up_character_lcd_set_cursor_pos
                0x0000000002040464                alt_up_character_lcd_shift_cursor
                0x00000000020404f0                alt_up_character_lcd_shift_display
                0x000000000204057c                alt_up_character_lcd_erase_pos
 .text          0x0000000002040600      0x530 obj/default/main.o
                0x0000000002040600                Fat_Test
                0x0000000002040a04                main
 .text          0x0000000002040b30     0x1200 obj/default/terasic_fat/FatFileSystem.o
                0x0000000002040b30                Fat_Mount
                0x0000000002040b74                Fat_Unmount
                0x0000000002040bc0                Fat_Type
                0x0000000002040c2c                Fat_FileBrowseBegin
                0x0000000002040c98                Fat_FileBrowseNext
                0x00000000020410c4                Fat_FileCount
                0x0000000002041130                fatSameLongFilename
                0x00000000020411c4                fatComposeShortFilename
                0x0000000002041364                Fat_FileExist
                0x0000000002041414                Fat_FileOpen
                0x000000000204153c                Fat_FileSize
                0x0000000002041580                Fat_FileRead
                0x00000000020419f0                Fat_FileSeek
                0x0000000002041af0                Fat_FileClose
                0x0000000002041b34                Fat_SpeedTest
 .text          0x0000000002041d30     0x1110 obj/default/terasic_fat/FatInternal.o
                0x0000000002041d30                fat16ClusterType
                0x0000000002041de0                fat32ClusterType
                0x0000000002041eac                fatNextCluster
                0x0000000002042014                fatFindUnusedCluster
                0x000000000204218c                fatDelClusterList
                0x0000000002042374                fatDumpDate
                0x00000000020423d0                fatDumpTime
                0x000000000204242c                fatIsLastDir
                0x0000000002042470                fatIsValidDir
                0x0000000002042518                fatIsUnusedDir
                0x0000000002042560                fatDump
                0x00000000020426f8                fatArray2Value
                0x0000000002042780                fatReadSecter
                0x0000000002042810                fatFindDirectory
                0x00000000020428bc                fatFindUnusedDirectory
                0x00000000020429cc                fatMount
                0x0000000002042cd4                SD_ReadBlock512
                0x0000000002042d10                SD_WriteBlock512
                0x0000000002042d4c                fatMountSdcard
 .text          0x0000000002042e40      0x1b0 obj/default/terasic_lib/debug.o
                0x0000000002042e40                debug_output
                0x0000000002042e70                myprintf
                0x0000000002042edc                myprintf_hexarray
                0x0000000002042f64                myprintf_dwordarray
 .text          0x0000000002042ff0       0xa4 obj/default/terasic_sdcard/crc16.o
                0x0000000002042ff0                crc16
 .text          0x0000000002043094       0xc4 obj/default/terasic_sdcard/crc7.o
                0x0000000002043094                crc7_byte
                0x00000000020430e4                crc7
 .text          0x0000000002043158      0x9c8 obj/default/terasic_sdcard/sd_hal.o
                0x0000000002043158                SDHAL_IsSupport4Bits
                0x0000000002043184                SDHAL_Init
                0x00000000020431dc                SDHAL_SendCmd
                0x00000000020432bc                SDHAL_GetResponse
                0x00000000020434a0                SDHAL_ReadData
                0x0000000002043920                SDHAL_WriteData
                0x0000000002043ac8                SDHAL_DummyClock
 .text          0x0000000002043b20      0x438 obj/default/terasic_sdcard/sd_lib.o
                0x0000000002043b20                SDLIB_Init
                0x0000000002043e58                SDLIB_ReadBlock512
                0x0000000002043ed8                SDLIB_WriteBlock512
 .text          0x0000000002043f58     0x16a4 obj/default/terasic_sdcard/sd_protocol.o
                0x0000000002043f58                SD_Init
                0x0000000002043f80                SD_IsSupport4Bits
                0x0000000002043fa8                SD_CMD0
                0x0000000002044030                SD_CMD8
                0x00000000020441bc                SD_CMD55
                0x000000000204433c                SD_ACMD41
                0x00000000020444d8                SD_CMD2
                0x0000000002044670                SD_CMD3
                0x000000000204480c                SD_CMD9
                0x00000000020449cc                SD_CMD10
                0x0000000002044b8c                SD_CMD7
                0x0000000002044d0c                SD_CMD16
                0x0000000002044eac                SD_ACMD6
                0x0000000002045038                SD_ACMD42
                0x00000000020451b8                SD_CMD17
                0x0000000002045360                SD_CMD24
                0x0000000002045508                SD_ReadData
                0x0000000002045548                SD_WriteData
                0x0000000002045588                ArrayToU32
 .text          0x00000000020455fc      0x114 c:/altera/14.1/nios2eds/bin/gnu/h-x86_64-mingw32/bin/../lib/gcc/nios2-elf/4.8.3\libgcc.a(lib2-divmod.o)
                0x000000000204566c                __divsi3
                0x00000000020456b4                __modsi3
                0x0000000002045700                __udivsi3
                0x0000000002045708                __umodsi3
 .text          0x0000000002045710      0x40c c:/altera/14.1/nios2eds/bin/gnu/h-x86_64-mingw32/bin/../lib/gcc/nios2-elf/4.8.3\libgcc.a(divsf3.o)
                0x0000000002045710                __divsf3
 .text          0x0000000002045b1c      0x42c c:/altera/14.1/nios2eds/bin/gnu/h-x86_64-mingw32/bin/../lib/gcc/nios2-elf/4.8.3\libgcc.a(mulsf3.o)
                0x0000000002045b1c                __mulsf3
 .text          0x0000000002045f48      0x130 c:/altera/14.1/nios2eds/bin/gnu/h-x86_64-mingw32/bin/../lib/gcc/nios2-elf/4.8.3\libgcc.a(floatunsisf.o)
                0x0000000002045f48                __floatunsisf
 .text          0x0000000002046078      0x8d4 c:/altera/14.1/nios2eds/bin/gnu/h-x86_64-mingw32/bin/../lib/gcc/nios2-elf/4.8.3\libgcc.a(divdf3.o)
                0x0000000002046078                __divdf3
 .text          0x000000000204694c       0xfc c:/altera/14.1/nios2eds/bin/gnu/h-x86_64-mingw32/bin/../lib/gcc/nios2-elf/4.8.3\libgcc.a(extendsfdf2.o)
                0x000000000204694c                __extendsfdf2
 .text          0x0000000002046a48      0x1bc c:/altera/14.1/nios2eds/bin/gnu/h-x86_64-mingw32/bin/../lib/gcc/nios2-elf/4.8.3\libgcc.a(truncdfsf2.o)
                0x0000000002046a48                __truncdfsf2
 .text          0x0000000002046c04       0xac c:/altera/14.1/nios2eds/bin/gnu/h-x86_64-mingw32/bin/../lib/gcc/nios2-elf/4.8.3\libgcc.a(_clzsi2.o)
                0x0000000002046c04                __clzsi2
 .text          0x0000000002046cb0        0x0 c:/altera/14.1/nios2eds/bin/gnu/h-x86_64-mingw32/bin/../lib/gcc/nios2-elf/4.8.3\libgcc.a(_clz.o)
 .text          0x0000000002046cb0       0x28 c:/altera/14.1/nios2eds/bin/gnu/h-x86_64-mingw32/bin/../lib/gcc/nios2-elf/4.8.3/../../../../../H-x86_64-mingw32/nios2-elf/lib\libc.a(lib_a-malloc.o)
                0x0000000002046cb0                malloc
                0x0000000002046cc4                free
 .text          0x0000000002046cd8      0x7c4 c:/altera/14.1/nios2eds/bin/gnu/h-x86_64-mingw32/bin/../lib/gcc/nios2-elf/4.8.3/../../../../../H-x86_64-mingw32/nios2-elf/lib\libc.a(lib_a-mallocr.o)
                0x0000000002046cd8                _malloc_r
 .text          0x000000000204749c      0x10c c:/altera/14.1/nios2eds/bin/gnu/h-x86_64-mingw32/bin/../lib/gcc/nios2-elf/4.8.3/../../../../../H-x86_64-mingw32/nios2-elf/lib\libc.a(lib_a-memcpy.o)
                0x000000000204749c                memcpy
 .text          0x00000000020475a8      0x114 c:/altera/14.1/nios2eds/bin/gnu/h-x86_64-mingw32/bin/../lib/gcc/nios2-elf/4.8.3/../../../../../H-x86_64-mingw32/nios2-elf/lib\libc.a(lib_a-memset.o)
                0x00000000020475a8                memset
 .text          0x00000000020476bc       0x68 c:/altera/14.1/nios2eds/bin/gnu/h-x86_64-mingw32/bin/../lib/gcc/nios2-elf/4.8.3/../../../../../H-x86_64-mingw32/nios2-elf/lib\libc.a(lib_a-printf.o)
                0x00000000020476bc                _printf_r
                0x00000000020476e8                printf
 .text          0x0000000002047724       0x24 c:/altera/14.1/nios2eds/bin/gnu/h-x86_64-mingw32/bin/../lib/gcc/nios2-elf/4.8.3/../../../../../H-x86_64-mingw32/nios2-elf/lib\libc.a(lib_a-putchar.o)
                0x0000000002047724                _putchar_r
                0x000000000204772c                putchar
 .text          0x0000000002047748       0xcc c:/altera/14.1/nios2eds/bin/gnu/h-x86_64-mingw32/bin/../lib/gcc/nios2-elf/4.8.3/../../../../../H-x86_64-mingw32/nios2-elf/lib\libc.a(lib_a-puts.o)
                0x0000000002047748                _puts_r
                0x0000000002047800                puts
 .text          0x0000000002047814       0x64 c:/altera/14.1/nios2eds/bin/gnu/h-x86_64-mingw32/bin/../lib/gcc/nios2-elf/4.8.3/../../../../../H-x86_64-mingw32/nios2-elf/lib\libc.a(lib_a-sbrkr.o)
                0x0000000002047814                _sbrk_r
 .text          0x0000000002047878       0x6c c:/altera/14.1/nios2eds/bin/gnu/h-x86_64-mingw32/bin/../lib/gcc/nios2-elf/4.8.3/../../../../../H-x86_64-mingw32/nios2-elf/lib\libc.a(lib_a-scanf.o)
                0x0000000002047878                scanf
                0x00000000020478b8                _scanf_r
 .text          0x00000000020478e4       0xc4 c:/altera/14.1/nios2eds/bin/gnu/h-x86_64-mingw32/bin/../lib/gcc/nios2-elf/4.8.3/../../../../../H-x86_64-mingw32/nios2-elf/lib\libc.a(lib_a-sprintf.o)
                0x00000000020478e4                _sprintf_r
                0x000000000204793c                sprintf
 .text          0x00000000020479a8       0x84 c:/altera/14.1/nios2eds/bin/gnu/h-x86_64-mingw32/bin/../lib/gcc/nios2-elf/4.8.3/../../../../../H-x86_64-mingw32/nios2-elf/lib\libc.a(lib_a-strcasecmp.o)
                0x00000000020479a8                strcasecmp
 .text          0x0000000002047a2c       0x8c c:/altera/14.1/nios2eds/bin/gnu/h-x86_64-mingw32/bin/../lib/gcc/nios2-elf/4.8.3/../../../../../H-x86_64-mingw32/nios2-elf/lib\libc.a(lib_a-strlen.o)
                0x0000000002047a2c                strlen
 .text          0x0000000002047ab8     0x1ef0 c:/altera/14.1/nios2eds/bin/gnu/h-x86_64-mingw32/bin/../lib/gcc/nios2-elf/4.8.3/../../../../../H-x86_64-mingw32/nios2-elf/lib\libc.a(lib_a-svfprintf.o)
                0x0000000002047ab8                ___svfprintf_internal_r
 .text          0x00000000020499a8     0x2000 c:/altera/14.1/nios2eds/bin/gnu/h-x86_64-mingw32/bin/../lib/gcc/nios2-elf/4.8.3/../../../../../H-x86_64-mingw32/nios2-elf/lib\libc.a(lib_a-vfprintf.o)
                0x00000000020499a8                ___vfprintf_internal_r
                0x000000000204b984                __vfprintf_internal
 .text          0x000000000204b9a8     0x18c0 c:/altera/14.1/nios2eds/bin/gnu/h-x86_64-mingw32/bin/../lib/gcc/nios2-elf/4.8.3/../../../../../H-x86_64-mingw32/nios2-elf/lib\libc.a(lib_a-vfscanf.o)
                0x000000000204b9a8                __svfscanf_r
                0x000000000204d168                vfscanf
                0x000000000204d1f8                __svfscanf
                0x000000000204d21c                _vfscanf_r
 .text          0x000000000204d268       0xec c:/altera/14.1/nios2eds/bin/gnu/h-x86_64-mingw32/bin/../lib/gcc/nios2-elf/4.8.3/../../../../../H-x86_64-mingw32/nios2-elf/lib\libc.a(lib_a-vsnprintf.o)
                0x000000000204d268                _vsnprintf_r
                0x000000000204d314                vsnprintf
 .text          0x000000000204d354      0x138 c:/altera/14.1/nios2eds/bin/gnu/h-x86_64-mingw32/bin/../lib/gcc/nios2-elf/4.8.3/../../../../../H-x86_64-mingw32/nios2-elf/lib\libc.a(lib_a-wsetup.o)
                0x000000000204d354                __swsetup_r
 .text          0x000000000204d48c        0x0 c:/altera/14.1/nios2eds/bin/gnu/h-x86_64-mingw32/bin/../lib/gcc/nios2-elf/4.8.3/../../../../../H-x86_64-mingw32/nios2-elf/lib\libc.a(lib_a-ctype_.o)
 .text          0x000000000204d48c     0x1840 c:/altera/14.1/nios2eds/bin/gnu/h-x86_64-mingw32/bin/../lib/gcc/nios2-elf/4.8.3/../../../../../H-x86_64-mingw32/nios2-elf/lib\libc.a(lib_a-dtoa.o)
                0x000000000204d690                _dtoa_r
 .text          0x000000000204eccc      0x274 c:/altera/14.1/nios2eds/bin/gnu/h-x86_64-mingw32/bin/../lib/gcc/nios2-elf/4.8.3/../../../../../H-x86_64-mingw32/nios2-elf/lib\libc.a(lib_a-fflush.o)
                0x000000000204eccc                _fflush_r
                0x000000000204ef10                fflush
 .text          0x000000000204ef40      0x390 c:/altera/14.1/nios2eds/bin/gnu/h-x86_64-mingw32/bin/../lib/gcc/nios2-elf/4.8.3/../../../../../H-x86_64-mingw32/nios2-elf/lib\libc.a(lib_a-findfp.o)
                0x000000000204ef50                _cleanup_r
                0x000000000204ef5c                __sfmoreglue
                0x000000000204efc0                _cleanup
                0x000000000204efd8                __sinit
                0x000000000204f174                __sfp
                0x000000000204f290                __sfp_lock_acquire
                0x000000000204f294                __sfp_lock_release
                0x000000000204f298                __sinit_lock_acquire
                0x000000000204f29c                __sinit_lock_release
                0x000000000204f2a0                __fp_lock_all
                0x000000000204f2b8                __fp_unlock_all
 .text          0x000000000204f2d0      0x280 c:/altera/14.1/nios2eds/bin/gnu/h-x86_64-mingw32/bin/../lib/gcc/nios2-elf/4.8.3/../../../../../H-x86_64-mingw32/nios2-elf/lib\libc.a(lib_a-fread.o)
                0x000000000204f2d0                _fread_r
                0x000000000204f510                fread
 .text          0x000000000204f550      0x40c c:/altera/14.1/nios2eds/bin/gnu/h-x86_64-mingw32/bin/../lib/gcc/nios2-elf/4.8.3/../../../../../H-x86_64-mingw32/nios2-elf/lib\libc.a(lib_a-freer.o)
                0x000000000204f550                _malloc_trim_r
                0x000000000204f68c                _free_r
 .text          0x000000000204f95c      0x4ac c:/altera/14.1/nios2eds/bin/gnu/h-x86_64-mingw32/bin/../lib/gcc/nios2-elf/4.8.3/../../../../../H-x86_64-mingw32/nios2-elf/lib\libc.a(lib_a-fvwrite.o)
                0x000000000204f95c                __sfvwrite_r
 .text          0x000000000204fe08      0x160 c:/altera/14.1/nios2eds/bin/gnu/h-x86_64-mingw32/bin/../lib/gcc/nios2-elf/4.8.3/../../../../../H-x86_64-mingw32/nios2-elf/lib\libc.a(lib_a-fwalk.o)
                0x000000000204fe08                _fwalk
                0x000000000204feb0                _fwalk_reent
 .text          0x000000000204ff68        0x0 c:/altera/14.1/nios2eds/bin/gnu/h-x86_64-mingw32/bin/../lib/gcc/nios2-elf/4.8.3/../../../../../H-x86_64-mingw32/nios2-elf/lib\libc.a(lib_a-impure.o)
 .text          0x000000000204ff68        0x0 c:/altera/14.1/nios2eds/bin/gnu/h-x86_64-mingw32/bin/../lib/gcc/nios2-elf/4.8.3/../../../../../H-x86_64-mingw32/nios2-elf/lib\libc.a(lib_a-int_errno.o)
 .text          0x000000000204ff68       0x30 c:/altera/14.1/nios2eds/bin/gnu/h-x86_64-mingw32/bin/../lib/gcc/nios2-elf/4.8.3/../../../../../H-x86_64-mingw32/nios2-elf/lib\libc.a(lib_a-iswspace.o)
                0x000000000204ff68                iswspace
 .text          0x000000000204ff98       0xd4 c:/altera/14.1/nios2eds/bin/gnu/h-x86_64-mingw32/bin/../lib/gcc/nios2-elf/4.8.3/../../../../../H-x86_64-mingw32/nios2-elf/lib\libc.a(lib_a-locale.o)
                0x000000000204ff98                _setlocale_r
                0x0000000002050008                __locale_charset
                0x0000000002050014                __locale_mb_cur_max
                0x0000000002050024                __locale_msgcharset
                0x0000000002050030                __locale_cjk_lang
                0x0000000002050038                _localeconv_r
                0x0000000002050044                setlocale
                0x0000000002050060                localeconv
 .text          0x000000000205006c      0x1b4 c:/altera/14.1/nios2eds/bin/gnu/h-x86_64-mingw32/bin/../lib/gcc/nios2-elf/4.8.3/../../../../../H-x86_64-mingw32/nios2-elf/lib\libc.a(lib_a-makebuf.o)
                0x000000000205006c                __smakebuf_r
 .text          0x0000000002050220      0x19c c:/altera/14.1/nios2eds/bin/gnu/h-x86_64-mingw32/bin/../lib/gcc/nios2-elf/4.8.3/../../../../../H-x86_64-mingw32/nios2-elf/lib\libc.a(lib_a-mbrtowc.o)
                0x0000000002050220                _mbrtowc_r
                0x00000000020502cc                mbrtowc
 .text          0x00000000020503bc       0xa0 c:/altera/14.1/nios2eds/bin/gnu/h-x86_64-mingw32/bin/../lib/gcc/nios2-elf/4.8.3/../../../../../H-x86_64-mingw32/nios2-elf/lib\libc.a(lib_a-mbtowc_r.o)
                0x00000000020503bc                __ascii_mbtowc
                0x0000000002050400                _mbtowc_r
 .text          0x000000000205045c       0xe8 c:/altera/14.1/nios2eds/bin/gnu/h-x86_64-mingw32/bin/../lib/gcc/nios2-elf/4.8.3/../../../../../H-x86_64-mingw32/nios2-elf/lib\libc.a(lib_a-memchr.o)
                0x000000000205045c                memchr
 .text          0x0000000002050544      0x13c c:/altera/14.1/nios2eds/bin/gnu/h-x86_64-mingw32/bin/../lib/gcc/nios2-elf/4.8.3/../../../../../H-x86_64-mingw32/nios2-elf/lib\libc.a(lib_a-memmove.o)
                0x0000000002050544                memmove
 .text          0x0000000002050680      0xf78 c:/altera/14.1/nios2eds/bin/gnu/h-x86_64-mingw32/bin/../lib/gcc/nios2-elf/4.8.3/../../../../../H-x86_64-mingw32/nios2-elf/lib\libc.a(lib_a-mprec.o)
                0x0000000002050680                _Balloc
                0x0000000002050728                _Bfree
                0x0000000002050750                __multadd
                0x0000000002050864                __s2b
                0x0000000002050968                __hi0bits
                0x00000000020509d0                __lo0bits
                0x0000000002050a80                __i2b
                0x0000000002050abc                __multiply
                0x0000000002050ca8                __pow5mult
                0x0000000002050df0                __lshift
                0x0000000002050f40                __mcmp
                0x0000000002050fa0                __mdiff
                0x0000000002051150                __ulp
                0x00000000020511b0                __b2d
                0x00000000020512a0                __d2b
                0x00000000020513e4                __ratio
                0x0000000002051484                _mprec_log10
                0x00000000020514f8                __copybits
                0x0000000002051570                __any_on
 .text          0x00000000020515f8      0x16c c:/altera/14.1/nios2eds/bin/gnu/h-x86_64-mingw32/bin/../lib/gcc/nios2-elf/4.8.3/../../../../../H-x86_64-mingw32/nios2-elf/lib\libc.a(lib_a-putc.o)
                0x00000000020515f8                _putc_r
                0x0000000002051698                putc
 .text          0x0000000002051764      0x564 c:/altera/14.1/nios2eds/bin/gnu/h-x86_64-mingw32/bin/../lib/gcc/nios2-elf/4.8.3/../../../../../H-x86_64-mingw32/nios2-elf/lib\libc.a(lib_a-reallocr.o)
                0x0000000002051764                _realloc_r
 .text          0x0000000002051cc8      0x1f4 c:/altera/14.1/nios2eds/bin/gnu/h-x86_64-mingw32/bin/../lib/gcc/nios2-elf/4.8.3/../../../../../H-x86_64-mingw32/nios2-elf/lib\libc.a(lib_a-refill.o)
                0x0000000002051ce4                __srefill_r
 .text          0x0000000002051ebc       0x68 c:/altera/14.1/nios2eds/bin/gnu/h-x86_64-mingw32/bin/../lib/gcc/nios2-elf/4.8.3/../../../../../H-x86_64-mingw32/nios2-elf/lib\libc.a(lib_a-s_fpclassify.o)
                0x0000000002051ebc                __fpclassifyd
 .text          0x0000000002051f24       0xc4 c:/altera/14.1/nios2eds/bin/gnu/h-x86_64-mingw32/bin/../lib/gcc/nios2-elf/4.8.3/../../../../../H-x86_64-mingw32/nios2-elf/lib\libc.a(lib_a-sccl.o)
                0x0000000002051f24                __sccl
 .text          0x0000000002051fe8        0x8 c:/altera/14.1/nios2eds/bin/gnu/h-x86_64-mingw32/bin/../lib/gcc/nios2-elf/4.8.3/../../../../../H-x86_64-mingw32/nios2-elf/lib\libc.a(lib_a-sf_nan.o)
                0x0000000002051fe8                nanf
 .text          0x0000000002051ff0      0x13c c:/altera/14.1/nios2eds/bin/gnu/h-x86_64-mingw32/bin/../lib/gcc/nios2-elf/4.8.3/../../../../../H-x86_64-mingw32/nios2-elf/lib\libc.a(lib_a-stdio.o)
                0x0000000002051ff0                __sread
                0x0000000002052044                __seofread
                0x000000000205204c                __swrite
                0x00000000020520c8                __sseek
                0x0000000002052124                __sclose
 .text          0x000000000205212c       0xa4 c:/altera/14.1/nios2eds/bin/gnu/h-x86_64-mingw32/bin/../lib/gcc/nios2-elf/4.8.3/../../../../../H-x86_64-mingw32/nios2-elf/lib\libc.a(lib_a-strcmp.o)
                0x000000000205212c                strcmp
 .text          0x00000000020521d0     0x1674 c:/altera/14.1/nios2eds/bin/gnu/h-x86_64-mingw32/bin/../lib/gcc/nios2-elf/4.8.3/../../../../../H-x86_64-mingw32/nios2-elf/lib\libc.a(lib_a-strtod.o)
                0x00000000020521d0                _strtod_r
                0x0000000002053708                strtod
                0x0000000002053724                strtof
 .text          0x0000000002053844      0x260 c:/altera/14.1/nios2eds/bin/gnu/h-x86_64-mingw32/bin/../lib/gcc/nios2-elf/4.8.3/../../../../../H-x86_64-mingw32/nios2-elf/lib\libc.a(lib_a-strtol.o)
                0x0000000002053844                _strtol_r
                0x0000000002053a80                strtol
 .text          0x0000000002053aa4      0x330 c:/altera/14.1/nios2eds/bin/gnu/h-x86_64-mingw32/bin/../lib/gcc/nios2-elf/4.8.3/../../../../../H-x86_64-mingw32/nios2-elf/lib\libc.a(lib_a-strtoll_r.o)
                0x0000000002053aa4                _strtoll_r
 .text          0x0000000002053dd4      0x264 c:/altera/14.1/nios2eds/bin/gnu/h-x86_64-mingw32/bin/../lib/gcc/nios2-elf/4.8.3/../../../../../H-x86_64-mingw32/nios2-elf/lib\libc.a(lib_a-strtoul.o)
                0x0000000002053dd4                _strtoul_r
                0x0000000002054014                strtoul
 .text          0x0000000002054038      0x334 c:/altera/14.1/nios2eds/bin/gnu/h-x86_64-mingw32/bin/../lib/gcc/nios2-elf/4.8.3/../../../../../H-x86_64-mingw32/nios2-elf/lib\libc.a(lib_a-strtoull_r.o)
                0x0000000002054038                _strtoull_r
 .text          0x000000000205436c     0x1198 c:/altera/14.1/nios2eds/bin/gnu/h-x86_64-mingw32/bin/../lib/gcc/nios2-elf/4.8.3/../../../../../H-x86_64-mingw32/nios2-elf/lib\libc.a(lib_a-svfiprintf.o)
                0x000000000205436c                __ssprint_r
                0x0000000002054538                ___svfiprintf_internal_r
 .text          0x0000000002055504      0x2a0 c:/altera/14.1/nios2eds/bin/gnu/h-x86_64-mingw32/bin/../lib/gcc/nios2-elf/4.8.3/../../../../../H-x86_64-mingw32/nios2-elf/lib\libc.a(lib_a-ungetc.o)
                0x0000000002055504                __submore
                0x00000000020555f4                _ungetc_r
                0x0000000002055788                ungetc
 .text          0x00000000020557a4     0x13a8 c:/altera/14.1/nios2eds/bin/gnu/h-x86_64-mingw32/bin/../lib/gcc/nios2-elf/4.8.3/../../../../../H-x86_64-mingw32/nios2-elf/lib\libc.a(lib_a-vfiprintf.o)
                0x00000000020558a0                __sprint_r
                0x00000000020558b8                ___vfiprintf_internal_r
                0x0000000002056b28                __vfiprintf_internal
 .text          0x0000000002056b4c      0x19c c:/altera/14.1/nios2eds/bin/gnu/h-x86_64-mingw32/bin/../lib/gcc/nios2-elf/4.8.3/../../../../../H-x86_64-mingw32/nios2-elf/lib\libc.a(lib_a-wbuf.o)
                0x0000000002056b4c                __swbuf_r
                0x0000000002056ccc                __swbuf
 .text          0x0000000002056ce8       0x6c c:/altera/14.1/nios2eds/bin/gnu/h-x86_64-mingw32/bin/../lib/gcc/nios2-elf/4.8.3/../../../../../H-x86_64-mingw32/nios2-elf/lib\libc.a(lib_a-writer.o)
                0x0000000002056ce8                _write_r
 .text          0x0000000002056d54       0x64 c:/altera/14.1/nios2eds/bin/gnu/h-x86_64-mingw32/bin/../lib/gcc/nios2-elf/4.8.3/../../../../../H-x86_64-mingw32/nios2-elf/lib\libc.a(closer.o)
                0x0000000002056d54                _close_r
 .text          0x0000000002056db8       0xc4 c:/altera/14.1/nios2eds/bin/gnu/h-x86_64-mingw32/bin/../lib/gcc/nios2-elf/4.8.3/../../../../../H-x86_64-mingw32/nios2-elf/lib\libc.a(lib_a-callocr.o)
                0x0000000002056db8                _calloc_r
 .text          0x0000000002056e7c      0x13c c:/altera/14.1/nios2eds/bin/gnu/h-x86_64-mingw32/bin/../lib/gcc/nios2-elf/4.8.3/../../../../../H-x86_64-mingw32/nios2-elf/lib\libc.a(lib_a-fclose.o)
                0x0000000002056e7c                _fclose_r
                0x0000000002056fa4                fclose
 .text          0x0000000002056fb8      0x1fc c:/altera/14.1/nios2eds/bin/gnu/h-x86_64-mingw32/bin/../lib/gcc/nios2-elf/4.8.3/../../../../../H-x86_64-mingw32/nios2-elf/lib\libc.a(lib_a-fputwc.o)
                0x0000000002056fb8                _fputwc_r
                0x000000000205713c                fputwc
 .text          0x00000000020571b4       0x68 c:/altera/14.1/nios2eds/bin/gnu/h-x86_64-mingw32/bin/../lib/gcc/nios2-elf/4.8.3/../../../../../H-x86_64-mingw32/nios2-elf/lib\libc.a(lib_a-fstatr.o)
                0x00000000020571b4                _fstat_r
 .text          0x000000000205721c      0x9a4 c:/altera/14.1/nios2eds/bin/gnu/h-x86_64-mingw32/bin/../lib/gcc/nios2-elf/4.8.3/../../../../../H-x86_64-mingw32/nios2-elf/lib\libc.a(lib_a-gdtoa-gethex.o)
                0x0000000002057318                __hexdig_init
                0x00000000020573a8                __gethex
 .text          0x0000000002057bc0      0x2c8 c:/altera/14.1/nios2eds/bin/gnu/h-x86_64-mingw32/bin/../lib/gcc/nios2-elf/4.8.3/../../../../../H-x86_64-mingw32/nios2-elf/lib\libc.a(lib_a-gdtoa-hexnan.o)
                0x0000000002057bc0                __hexnan
 .text          0x0000000002057e88       0x64 c:/altera/14.1/nios2eds/bin/gnu/h-x86_64-mingw32/bin/../lib/gcc/nios2-elf/4.8.3/../../../../../H-x86_64-mingw32/nios2-elf/lib\libc.a(lib_a-isattyr.o)
                0x0000000002057e88                _isatty_r
 .text          0x0000000002057eec       0x6c c:/altera/14.1/nios2eds/bin/gnu/h-x86_64-mingw32/bin/../lib/gcc/nios2-elf/4.8.3/../../../../../H-x86_64-mingw32/nios2-elf/lib\libc.a(lib_a-lseekr.o)
                0x0000000002057eec                _lseek_r
 .text          0x0000000002057f58       0x6c c:/altera/14.1/nios2eds/bin/gnu/h-x86_64-mingw32/bin/../lib/gcc/nios2-elf/4.8.3/../../../../../H-x86_64-mingw32/nios2-elf/lib\libc.a(lib_a-readr.o)
                0x0000000002057f58                _read_r
 .text          0x0000000002057fc4       0xfc c:/altera/14.1/nios2eds/bin/gnu/h-x86_64-mingw32/bin/../lib/gcc/nios2-elf/4.8.3/../../../../../H-x86_64-mingw32/nios2-elf/lib\libc.a(lib_a-strncmp.o)
                0x0000000002057fc4                strncmp
 .text          0x00000000020580c0      0x174 c:/altera/14.1/nios2eds/bin/gnu/h-x86_64-mingw32/bin/../lib/gcc/nios2-elf/4.8.3/../../../../../H-x86_64-mingw32/nios2-elf/lib\libc.a(lib_a-wcrtomb.o)
                0x00000000020580c0                _wcrtomb_r
                0x000000000205815c                wcrtomb
 .text          0x0000000002058234       0x8c c:/altera/14.1/nios2eds/bin/gnu/h-x86_64-mingw32/bin/../lib/gcc/nios2-elf/4.8.3/../../../../../H-x86_64-mingw32/nios2-elf/lib\libc.a(lib_a-wctomb_r.o)
                0x0000000002058234                __ascii_wctomb
                0x0000000002058264                _wctomb_r
 .text          0x00000000020582c0       0x60 c:/altera/14.1/nios2eds/bin/gnu/h-x86_64-mingw32/bin/../lib/gcc/nios2-elf/4.8.3\libgcc.a(_muldi3.o)
                0x00000000020582c0                __muldi3
 .text          0x0000000002058320       0x84 c:/altera/14.1/nios2eds/bin/gnu/h-x86_64-mingw32/bin/../lib/gcc/nios2-elf/4.8.3\libgcc.a(_fixunsdfsi.o)
                0x0000000002058320                __fixunsdfsi
 .text          0x00000000020583a4      0x5c4 c:/altera/14.1/nios2eds/bin/gnu/h-x86_64-mingw32/bin/../lib/gcc/nios2-elf/4.8.3\libgcc.a(_udivdi3.o)
                0x00000000020583a4                __udivdi3
 .text          0x0000000002058968      0x598 c:/altera/14.1/nios2eds/bin/gnu/h-x86_64-mingw32/bin/../lib/gcc/nios2-elf/4.8.3\libgcc.a(_umoddi3.o)
                0x0000000002058968                __umoddi3
 .text          0x0000000002058f00       0x74 c:/altera/14.1/nios2eds/bin/gnu/h-x86_64-mingw32/bin/../lib/gcc/nios2-elf/4.8.3\libgcc.a(eqsf2.o)
                0x0000000002058f00                __eqsf2
                0x0000000002058f00                __nesf2
 .text          0x0000000002058f74       0xb4 c:/altera/14.1/nios2eds/bin/gnu/h-x86_64-mingw32/bin/../lib/gcc/nios2-elf/4.8.3\libgcc.a(gesf2.o)
                0x0000000002058f74                __gesf2
                0x0000000002058f74                __gtsf2
 .text          0x0000000002059028       0xd0 c:/altera/14.1/nios2eds/bin/gnu/h-x86_64-mingw32/bin/../lib/gcc/nios2-elf/4.8.3\libgcc.a(lesf2.o)
                0x0000000002059028                __ltsf2
                0x0000000002059028                __lesf2
 .text          0x00000000020590f8      0x87c c:/altera/14.1/nios2eds/bin/gnu/h-x86_64-mingw32/bin/../lib/gcc/nios2-elf/4.8.3\libgcc.a(adddf3.o)
                0x00000000020590f8                __adddf3
 .text          0x0000000002059974       0x84 c:/altera/14.1/nios2eds/bin/gnu/h-x86_64-mingw32/bin/../lib/gcc/nios2-elf/4.8.3\libgcc.a(eqdf2.o)
                0x0000000002059974                __nedf2
                0x0000000002059974                __eqdf2
 .text          0x00000000020599f8       0xd8 c:/altera/14.1/nios2eds/bin/gnu/h-x86_64-mingw32/bin/../lib/gcc/nios2-elf/4.8.3\libgcc.a(gedf2.o)
                0x00000000020599f8                __gedf2
                0x00000000020599f8                __gtdf2
 .text          0x0000000002059ad0       0xec c:/altera/14.1/nios2eds/bin/gnu/h-x86_64-mingw32/bin/../lib/gcc/nios2-elf/4.8.3\libgcc.a(ledf2.o)
                0x0000000002059ad0                __ledf2
                0x0000000002059ad0                __ltdf2
 .text          0x0000000002059bbc      0x6ec c:/altera/14.1/nios2eds/bin/gnu/h-x86_64-mingw32/bin/../lib/gcc/nios2-elf/4.8.3\libgcc.a(muldf3.o)
                0x0000000002059bbc                __muldf3
 .text          0x000000000205a2a8      0x888 c:/altera/14.1/nios2eds/bin/gnu/h-x86_64-mingw32/bin/../lib/gcc/nios2-elf/4.8.3\libgcc.a(subdf3.o)
                0x000000000205a2a8                __subdf3
 .text          0x000000000205ab30       0x80 c:/altera/14.1/nios2eds/bin/gnu/h-x86_64-mingw32/bin/../lib/gcc/nios2-elf/4.8.3\libgcc.a(fixdfsi.o)
                0x000000000205ab30                __fixdfsi
 .text          0x000000000205abb0       0xd0 c:/altera/14.1/nios2eds/bin/gnu/h-x86_64-mingw32/bin/../lib/gcc/nios2-elf/4.8.3\libgcc.a(floatsidf.o)
                0x000000000205abb0                __floatsidf
 .text          0x000000000205ac80       0xa0 c:/altera/14.1/nios2eds/bin/gnu/h-x86_64-mingw32/bin/../lib/gcc/nios2-elf/4.8.3\libgcc.a(floatunsidf.o)
                0x000000000205ac80                __floatunsidf
 .text          0x000000000205ad20      0x118 ../DE2_115_SD_CARD_bsp/\libhal_bsp.a(alt_close.o)
                0x000000000205ad70                close
 .text          0x000000000205ae38       0x2c ../DE2_115_SD_CARD_bsp/\libhal_bsp.a(alt_dev.o)
 .text          0x000000000205ae64        0x0 ../DE2_115_SD_CARD_bsp/\libhal_bsp.a(alt_errno.o)
 .text          0x000000000205ae64       0x90 ../DE2_115_SD_CARD_bsp/\libhal_bsp.a(alt_find_dev.o)
                0x000000000205ae64                alt_find_dev
 .text          0x000000000205aef4       0xfc ../DE2_115_SD_CARD_bsp/\libhal_bsp.a(alt_fstat.o)
                0x000000000205af44                fstat
 .text          0x000000000205aff0       0xf0 ../DE2_115_SD_CARD_bsp/\libhal_bsp.a(alt_isatty.o)
                0x000000000205b040                isatty
 .text          0x000000000205b0e0       0xe4 ../DE2_115_SD_CARD_bsp/\libhal_bsp.a(alt_load.o)
                0x000000000205b144                alt_load
 .text          0x000000000205b1c4      0x120 ../DE2_115_SD_CARD_bsp/\libhal_bsp.a(alt_lseek.o)
                0x000000000205b214                lseek
 .text          0x000000000205b2e4       0xd0 ../DE2_115_SD_CARD_bsp/\libhal_bsp.a(alt_main.o)
                0x000000000205b2e4                alt_main
 .text          0x000000000205b3b4       0x40 ../DE2_115_SD_CARD_bsp/\libhal_bsp.a(alt_malloc_lock.o)
                0x000000000205b3b4                __malloc_lock
                0x000000000205b3d4                __malloc_unlock
 .text          0x000000000205b3f4      0x140 ../DE2_115_SD_CARD_bsp/\libhal_bsp.a(alt_read.o)
                0x000000000205b444                read
 .text          0x000000000205b534       0x60 ../DE2_115_SD_CARD_bsp/\libhal_bsp.a(alt_release_fd.o)
                0x000000000205b534                alt_release_fd
 .text          0x000000000205b594       0xb0 ../DE2_115_SD_CARD_bsp/\libhal_bsp.a(alt_sbrk.o)
                0x000000000205b594                sbrk
 .text          0x000000000205b644      0x19c ../DE2_115_SD_CARD_bsp/\libhal_bsp.a(alt_tick.o)
                0x000000000205b644                alt_alarm_stop
                0x000000000205b6dc                alt_tick
 .text          0x000000000205b7e0       0x30 ../DE2_115_SD_CARD_bsp/\libhal_bsp.a(alt_usleep.o)
                0x000000000205b7e0                usleep
 .text          0x000000000205b810      0x13c ../DE2_115_SD_CARD_bsp/\libhal_bsp.a(alt_write.o)
                0x000000000205b860                write
 .text          0x000000000205b94c      0x108 ../DE2_115_SD_CARD_bsp/\libhal_bsp.a(alt_sys_init.o)
                0x000000000205b984                alt_irq_init
                0x000000000205b9b8                alt_sys_init
 .text          0x000000000205ba54      0x88c ../DE2_115_SD_CARD_bsp/\libhal_bsp.a(altera_avalon_cfi_flash.o)
                0x000000000205ba8c                alt_flash_cfi_init
                0x000000000205bb1c                alt_flash_cfi_write
                0x000000000205bdc8                alt_flash_cfi_get_info
                0x000000000205be54                alt_flash_cfi_read
                0x000000000205beb8                alt_write_value_to_flash
                0x000000000205c010                alt_flash_program_block
 .text          0x000000000205c2e0     0x1440 ../DE2_115_SD_CARD_bsp/\libhal_bsp.a(altera_avalon_cfi_flash_table.o)
                0x000000000205c2e0                alt_read_query_entry_8bit
                0x000000000205c31c                alt_read_query_entry_16bit
                0x000000000205c35c                alt_read_query_entry_32bit
                0x000000000205c39c                alt_write_flash_command_8bit_device_8bit_mode
                0x000000000205c3e0                alt_write_flash_command_16bit_device_8bit_mode
                0x000000000205c454                alt_write_flash_command_32bit_device_8bit_mode
                0x000000000205c4a0                alt_write_flash_command_16bit_device_16bit_mode
                0x000000000205c4e8                alt_write_flash_command_32bit_device_16bit_mode
                0x000000000205c534                alt_write_flash_command_32bit_device_32bit_mode
                0x000000000205c580                alt_write_native_8bit
                0x000000000205c5b8                alt_write_native_16bit
                0x000000000205c5f0                alt_write_native_32bit
                0x000000000205c624                alt_set_flash_width_func
                0x000000000205c7e0                alt_set_flash_algorithm_func
                0x000000000205c8fc                alt_read_cfi_table
                0x000000000205cec4                alt_read_cfi_width
                0x000000000205d648                alt_check_primary_table
 .text          0x000000000205d720      0x164 ../DE2_115_SD_CARD_bsp/\libhal_bsp.a(altera_avalon_jtag_uart_fd.o)
                0x000000000205d720                altera_avalon_jtag_uart_read_fd
                0x000000000205d780                altera_avalon_jtag_uart_write_fd
                0x000000000205d7e0                altera_avalon_jtag_uart_close_fd
                0x000000000205d830                altera_avalon_jtag_uart_ioctl_fd
 .text          0x000000000205d884      0x3c8 ../DE2_115_SD_CARD_bsp/\libhal_bsp.a(altera_avalon_jtag_uart_init.o)
                0x000000000205d884                altera_avalon_jtag_uart_init
                0x000000000205dbe4                altera_avalon_jtag_uart_close
 .text          0x000000000205dc4c       0xec ../DE2_115_SD_CARD_bsp/\libhal_bsp.a(altera_avalon_jtag_uart_ioctl.o)
                0x000000000205dc4c                altera_avalon_jtag_uart_ioctl
 .text          0x000000000205dd38      0x208 ../DE2_115_SD_CARD_bsp/\libhal_bsp.a(altera_avalon_jtag_uart_read.o)
                0x000000000205dd38                altera_avalon_jtag_uart_read
 .text          0x000000000205df40      0x218 ../DE2_115_SD_CARD_bsp/\libhal_bsp.a(altera_avalon_jtag_uart_write.o)
                0x000000000205df40                altera_avalon_jtag_uart_write
 .text          0x000000000205e158      0xe74 ../DE2_115_SD_CARD_bsp/\libhal_bsp.a(altera_avalon_lcd_16207.o)
                0x000000000205e900                altera_avalon_lcd_16207_write
                0x000000000205ee94                altera_avalon_lcd_16207_init
 .text          0x000000000205efcc       0x60 ../DE2_115_SD_CARD_bsp/\libhal_bsp.a(altera_avalon_lcd_16207_fd.o)
                0x000000000205efcc                altera_avalon_lcd_16207_write_fd
 .text          0x000000000205f02c       0xfc ../DE2_115_SD_CARD_bsp/\libhal_bsp.a(altera_avalon_timer_sc.o)
                0x000000000205f0a0                alt_avalon_timer_sc_init
 .text          0x000000000205f128      0x110 ../DE2_115_SD_CARD_bsp/\libhal_bsp.a(altera_avalon_uart_fd.o)
                0x000000000205f128                altera_avalon_uart_read_fd
                0x000000000205f188                altera_avalon_uart_write_fd
                0x000000000205f1e8                altera_avalon_uart_close_fd
 .text          0x000000000205f238      0x3b4 ../DE2_115_SD_CARD_bsp/\libhal_bsp.a(altera_avalon_uart_init.o)
                0x000000000205f238                altera_avalon_uart_init
                0x000000000205f598                altera_avalon_uart_close
 .text          0x000000000205f5ec      0x22c ../DE2_115_SD_CARD_bsp/\libhal_bsp.a(altera_avalon_uart_read.o)
                0x000000000205f63c                altera_avalon_uart_read
 .text          0x000000000205f818      0x1f8 ../DE2_115_SD_CARD_bsp/\libhal_bsp.a(altera_avalon_uart_write.o)
                0x000000000205f868                altera_avalon_uart_write
 .text          0x000000000205fa10      0x140 ../DE2_115_SD_CARD_bsp/\libhal_bsp.a(alt_alarm_start.o)
                0x000000000205fa10                alt_alarm_start
 .text          0x000000000205fb50      0x154 ../DE2_115_SD_CARD_bsp/\libhal_bsp.a(alt_busy_sleep.o)
                0x000000000205fb50                alt_busy_sleep
 .text          0x000000000205fca4       0x74 ../DE2_115_SD_CARD_bsp/\libhal_bsp.a(alt_dcache_flush.o)
                0x000000000205fca4                alt_dcache_flush
 .text          0x000000000205fd18       0x44 ../DE2_115_SD_CARD_bsp/\libhal_bsp.a(alt_dcache_flush_all.o)
                0x000000000205fd18                alt_dcache_flush_all
 .text          0x000000000205fd5c       0xf0 ../DE2_115_SD_CARD_bsp/\libhal_bsp.a(alt_dev_llist_insert.o)
                0x000000000205fdac                alt_dev_llist_insert
 .text          0x000000000205fe4c       0x5c ../DE2_115_SD_CARD_bsp/\libhal_bsp.a(alt_do_ctors.o)
                0x000000000205fe4c                _do_ctors
 .text          0x000000000205fea8       0x5c ../DE2_115_SD_CARD_bsp/\libhal_bsp.a(alt_do_dtors.o)
                0x000000000205fea8                _do_dtors
 .text          0x000000000205ff04       0xb8 ../DE2_115_SD_CARD_bsp/\libhal_bsp.a(alt_flash_dev.o)
                0x000000000205ff04                alt_flash_open_dev
                0x000000000205ff6c                alt_flash_close_dev
 .text          0x000000000205ffbc       0x30 ../DE2_115_SD_CARD_bsp/\libhal_bsp.a(alt_icache_flush_all.o)
                0x000000000205ffbc                alt_icache_flush_all
 .text          0x000000000205ffec      0x1d8 ../DE2_115_SD_CARD_bsp/\libhal_bsp.a(alt_iic.o)
                0x000000000205ffec                alt_ic_isr_register
                0x000000000206003c                alt_ic_irq_enable
                0x00000000020600d8                alt_ic_irq_disable
                0x0000000002060178                alt_ic_irq_enabled
 .text          0x00000000020601c4       0xf0 ../DE2_115_SD_CARD_bsp/\libhal_bsp.a(alt_iic_isr_register.o)
                0x00000000020601c4                alt_iic_isr_register
 .text          0x00000000020602b4      0x138 ../DE2_115_SD_CARD_bsp/\libhal_bsp.a(alt_io_redirect.o)
                0x0000000002060374                alt_io_redirect
 .text          0x00000000020603ec        0x0 ../DE2_115_SD_CARD_bsp/\libhal_bsp.a(alt_irq_entry.o)
 .text          0x00000000020603ec        0x0 ../DE2_115_SD_CARD_bsp/\libhal_bsp.a(alt_irq_handler.o)
 .text          0x00000000020603ec        0x0 ../DE2_115_SD_CARD_bsp/\libhal_bsp.a(alt_irq_vars.o)
 .text          0x00000000020603ec      0x270 ../DE2_115_SD_CARD_bsp/\libhal_bsp.a(alt_open.o)
                0x0000000002060508                open
 .text          0x000000000206065c       0x20 ../DE2_115_SD_CARD_bsp/\libhal_bsp.a(altera_nios2_qsys_irq.o)
                0x000000000206065c                altera_nios2_qsys_irq_init
 .text          0x000000000206067c      0x460 ../DE2_115_SD_CARD_bsp/\libhal_bsp.a(altera_avalon_cfi_flash_amd.o)
                0x000000000206067c                alt_program_amd
                0x00000000020606e4                alt_erase_block_amd
 .text          0x0000000002060adc      0x454 ../DE2_115_SD_CARD_bsp/\libhal_bsp.a(altera_avalon_cfi_flash_intel.o)
                0x0000000002060adc                alt_program_intel
                0x0000000002060b5c                alt_erase_block_intel
 .text          0x0000000002060f30        0x0 ../DE2_115_SD_CARD_bsp/\libhal_bsp.a(alt_exception_entry.o)
 .text          0x0000000002060f30      0x114 ../DE2_115_SD_CARD_bsp/\libhal_bsp.a(alt_find_file.o)
                0x0000000002060f30                alt_find_file
 .text          0x0000000002061044       0xb4 ../DE2_115_SD_CARD_bsp/\libhal_bsp.a(alt_get_fd.o)
                0x0000000002061044                alt_get_fd
 .text          0x00000000020610f8       0x8c ../DE2_115_SD_CARD_bsp/\libhal_bsp.a(alt_icache_flush.o)
                0x00000000020610f8                alt_icache_flush
 .text          0x0000000002061184       0x14 c:/altera/14.1/nios2eds/bin/gnu/h-x86_64-mingw32/bin/../lib/gcc/nios2-elf/4.8.3/../../../../../H-x86_64-mingw32/nios2-elf/lib\libc.a(lib_a-atexit.o)
                0x0000000002061184                atexit
 .text          0x0000000002061198       0x38 c:/altera/14.1/nios2eds/bin/gnu/h-x86_64-mingw32/bin/../lib/gcc/nios2-elf/4.8.3/../../../../../H-x86_64-mingw32/nios2-elf/lib\libc.a(lib_a-exit.o)
                0x0000000002061198                exit
 .text          0x00000000020611d0       0x7c c:/altera/14.1/nios2eds/bin/gnu/h-x86_64-mingw32/bin/../lib/gcc/nios2-elf/4.8.3/../../../../../H-x86_64-mingw32/nios2-elf/lib\libc.a(lib_a-memcmp.o)
                0x00000000020611d0                memcmp
 .text          0x000000000206124c      0x11c c:/altera/14.1/nios2eds/bin/gnu/h-x86_64-mingw32/bin/../lib/gcc/nios2-elf/4.8.3/../../../../../H-x86_64-mingw32/nios2-elf/lib\libc.a(lib_a-__atexit.o)
                0x000000000206124c                __register_exitproc
 .text          0x0000000002061368      0x1a4 c:/altera/14.1/nios2eds/bin/gnu/h-x86_64-mingw32/bin/../lib/gcc/nios2-elf/4.8.3/../../../../../H-x86_64-mingw32/nios2-elf/lib\libc.a(lib_a-__call_atexit.o)
                0x0000000002061368                __call_exitprocs
 .text          0x000000000206150c       0x34 ../DE2_115_SD_CARD_bsp/\libhal_bsp.a(alt_exit.o)
                0x000000000206150c                _exit
 *(.gnu.warning.*)
 *(.fini)
                0x0000000002061540                PROVIDE (__etext, ABSOLUTE (.))
                0x0000000002061540                PROVIDE (_etext, ABSOLUTE (.))
                0x0000000002061540                PROVIDE (etext, ABSOLUTE (.))
 *(.eh_frame_hdr)
                0x0000000002061540                . = ALIGN (0x4)
                0x0000000002061540                PROVIDE (__preinit_array_start, ABSOLUTE (.))
 *(.preinit_array)
                0x0000000002061540                PROVIDE (__preinit_array_end, ABSOLUTE (.))
                0x0000000002061540                PROVIDE (__init_array_start, ABSOLUTE (.))
 *(.init_array)
                0x0000000002061540                PROVIDE (__init_array_end, ABSOLUTE (.))
                0x0000000002061540                PROVIDE (__fini_array_start, ABSOLUTE (.))
 *(.fini_array)
                0x0000000002061540                PROVIDE (__fini_array_end, ABSOLUTE (.))
 *(.eh_frame)
 *(.gcc_except_table .gcc_except_table.*)
 *(.dynamic)
                0x0000000002061540                PROVIDE (__CTOR_LIST__, ABSOLUTE (.))
 *(.ctors)
 *(SORT(.ctors.*))
                0x0000000002061540                PROVIDE (__CTOR_END__, ABSOLUTE (.))
                0x0000000002061540                PROVIDE (__DTOR_LIST__, ABSOLUTE (.))
 *(.dtors)
 *(SORT(.dtors.*))
                0x0000000002061540                PROVIDE (__DTOR_END__, ABSOLUTE (.))
 *(.jcr)
                0x0000000002061540                . = ALIGN (0x4)

.rodata         0x0000000002061540      0xbb4
                0x0000000002061540                PROVIDE (__ram_rodata_start, ABSOLUTE (.))
                0x0000000002061540                . = ALIGN (0x4)
 *(.rodata .rodata.* .gnu.linkonce.r.*)
 .rodata        0x0000000002061540      0x1ec obj/default/main.o
 .rodata        0x000000000206172c       0x20 obj/default/terasic_fat/FatInternal.o
 .rodata        0x000000000206174c       0x10 obj/default/terasic_lib/debug.o
 .rodata        0x000000000206175c      0x200 obj/default/terasic_sdcard/crc16.o
 .rodata        0x000000000206195c      0x100 obj/default/terasic_sdcard/crc7.o
 .rodata        0x0000000002061a5c      0x100 c:/altera/14.1/nios2eds/bin/gnu/h-x86_64-mingw32/bin/../lib/gcc/nios2-elf/4.8.3\libgcc.a(_clz.o)
                0x0000000002061a5c                __clz_tab
 .rodata.str1.4
                0x0000000002061b5c        0x2 c:/altera/14.1/nios2eds/bin/gnu/h-x86_64-mingw32/bin/../lib/gcc/nios2-elf/4.8.3/../../../../../H-x86_64-mingw32/nios2-elf/lib\libc.a(lib_a-puts.o)
                                          0x4 (size before relaxing)
 *fill*         0x0000000002061b5e        0x2 
 .rodata.str1.4
                0x0000000002061b60       0x42 c:/altera/14.1/nios2eds/bin/gnu/h-x86_64-mingw32/bin/../lib/gcc/nios2-elf/4.8.3/../../../../../H-x86_64-mingw32/nios2-elf/lib\libc.a(lib_a-svfprintf.o)
                                         0x44 (size before relaxing)
 .rodata        0x0000000002061ba2       0x20 c:/altera/14.1/nios2eds/bin/gnu/h-x86_64-mingw32/bin/../lib/gcc/nios2-elf/4.8.3/../../../../../H-x86_64-mingw32/nios2-elf/lib\libc.a(lib_a-svfprintf.o)
 .rodata.str1.4
                0x0000000000000000       0x44 c:/altera/14.1/nios2eds/bin/gnu/h-x86_64-mingw32/bin/../lib/gcc/nios2-elf/4.8.3/../../../../../H-x86_64-mingw32/nios2-elf/lib\libc.a(lib_a-vfprintf.o)
 .rodata        0x0000000002061bc2       0x20 c:/altera/14.1/nios2eds/bin/gnu/h-x86_64-mingw32/bin/../lib/gcc/nios2-elf/4.8.3/../../../../../H-x86_64-mingw32/nios2-elf/lib\libc.a(lib_a-vfprintf.o)
 *fill*         0x0000000002061be2        0x2 
 .rodata.str1.4
                0x0000000002061be4        0x5 c:/altera/14.1/nios2eds/bin/gnu/h-x86_64-mingw32/bin/../lib/gcc/nios2-elf/4.8.3/../../../../../H-x86_64-mingw32/nios2-elf/lib\libc.a(lib_a-vfscanf.o)
                                          0x8 (size before relaxing)
 *fill*         0x0000000002061be9        0x1 
 .rodata        0x0000000002061bea       0x22 c:/altera/14.1/nios2eds/bin/gnu/h-x86_64-mingw32/bin/../lib/gcc/nios2-elf/4.8.3/../../../../../H-x86_64-mingw32/nios2-elf/lib\libc.a(lib_a-vfscanf.o)
 .rodata        0x0000000002061c0c      0x281 c:/altera/14.1/nios2eds/bin/gnu/h-x86_64-mingw32/bin/../lib/gcc/nios2-elf/4.8.3/../../../../../H-x86_64-mingw32/nios2-elf/lib\libc.a(lib_a-ctype_.o)
                0x0000000002061c0c                _ctype_
 *fill*         0x0000000002061e8d        0x3 
 .rodata.str1.4
                0x0000000002061e90       0x10 c:/altera/14.1/nios2eds/bin/gnu/h-x86_64-mingw32/bin/../lib/gcc/nios2-elf/4.8.3/../../../../../H-x86_64-mingw32/nios2-elf/lib\libc.a(lib_a-dtoa.o)
                                         0x14 (size before relaxing)
 .rodata.str1.4
                0x0000000002061ea0        0x2 c:/altera/14.1/nios2eds/bin/gnu/h-x86_64-mingw32/bin/../lib/gcc/nios2-elf/4.8.3/../../../../../H-x86_64-mingw32/nios2-elf/lib\libc.a(lib_a-impure.o)
                                          0x4 (size before relaxing)
 *fill*         0x0000000002061ea2        0x2 
 .rodata.str1.4
                0x0000000002061ea4        0xa c:/altera/14.1/nios2eds/bin/gnu/h-x86_64-mingw32/bin/../lib/gcc/nios2-elf/4.8.3/../../../../../H-x86_64-mingw32/nios2-elf/lib\libc.a(lib_a-locale.o)
                                         0x14 (size before relaxing)
 .rodata.str1.4
                0x0000000000000000        0x4 c:/altera/14.1/nios2eds/bin/gnu/h-x86_64-mingw32/bin/../lib/gcc/nios2-elf/4.8.3/../../../../../H-x86_64-mingw32/nios2-elf/lib\libc.a(lib_a-mbrtowc.o)
 *fill*         0x0000000002061eae        0x2 
 .rodata        0x0000000002061eb0      0x124 c:/altera/14.1/nios2eds/bin/gnu/h-x86_64-mingw32/bin/../lib/gcc/nios2-elf/4.8.3/../../../../../H-x86_64-mingw32/nios2-elf/lib\libc.a(lib_a-mprec.o)
                0x0000000002061ebc                __mprec_tinytens
                0x0000000002061ee4                __mprec_bigtens
                0x0000000002061f0c                __mprec_tens
 .rodata.str1.4
                0x0000000002061fd4        0xf c:/altera/14.1/nios2eds/bin/gnu/h-x86_64-mingw32/bin/../lib/gcc/nios2-elf/4.8.3/../../../../../H-x86_64-mingw32/nios2-elf/lib\libc.a(lib_a-strtod.o)
                                         0x10 (size before relaxing)
 *fill*         0x0000000002061fe3        0x1 
 .rodata        0x0000000002061fe4       0x28 c:/altera/14.1/nios2eds/bin/gnu/h-x86_64-mingw32/bin/../lib/gcc/nios2-elf/4.8.3/../../../../../H-x86_64-mingw32/nios2-elf/lib\libc.a(lib_a-strtod.o)
 .rodata.str1.4
                0x0000000000000000       0x30 c:/altera/14.1/nios2eds/bin/gnu/h-x86_64-mingw32/bin/../lib/gcc/nios2-elf/4.8.3/../../../../../H-x86_64-mingw32/nios2-elf/lib\libc.a(lib_a-svfiprintf.o)
 .rodata        0x000000000206200c       0x20 c:/altera/14.1/nios2eds/bin/gnu/h-x86_64-mingw32/bin/../lib/gcc/nios2-elf/4.8.3/../../../../../H-x86_64-mingw32/nios2-elf/lib\libc.a(lib_a-svfiprintf.o)
 .rodata.str1.4
                0x0000000000000000       0x30 c:/altera/14.1/nios2eds/bin/gnu/h-x86_64-mingw32/bin/../lib/gcc/nios2-elf/4.8.3/../../../../../H-x86_64-mingw32/nios2-elf/lib\libc.a(lib_a-vfiprintf.o)
 .rodata        0x000000000206202c       0x20 c:/altera/14.1/nios2eds/bin/gnu/h-x86_64-mingw32/bin/../lib/gcc/nios2-elf/4.8.3/../../../../../H-x86_64-mingw32/nios2-elf/lib\libc.a(lib_a-vfiprintf.o)
 .rodata.str1.4
                0x000000000206204c       0x1c c:/altera/14.1/nios2eds/bin/gnu/h-x86_64-mingw32/bin/../lib/gcc/nios2-elf/4.8.3/../../../../../H-x86_64-mingw32/nios2-elf/lib\libc.a(lib_a-gdtoa-gethex.o)
 .rodata        0x0000000002062068        0xc ../DE2_115_SD_CARD_bsp/\libhal_bsp.a(alt_dev.o)
 .rodata        0x0000000002062074       0x48 ../DE2_115_SD_CARD_bsp/\libhal_bsp.a(alt_main.o)
 .rodata        0x00000000020620bc       0x38 ../DE2_115_SD_CARD_bsp/\libhal_bsp.a(alt_sys_init.o)
 *(.rodata1)
                0x00000000020620f4                . = ALIGN (0x4)
                0x00000000020620f4                PROVIDE (__ram_rodata_end, ABSOLUTE (.))
                0x0000000002061540                PROVIDE (__flash_rodata_start, LOADADDR (.rodata))

.rwdata         0x00000000020620f4     0x1df4 load address 0x0000000002063ee8
                0x00000000020620f4                PROVIDE (__ram_rwdata_start, ABSOLUTE (.))
                0x00000000020620f4                . = ALIGN (0x4)
 *(.got.plt)
 *(.got)
 *(.data1)
 *(.data .data.* .gnu.linkonce.d.*)
 .data          0x00000000020620f4        0x0 ../DE2_115_SD_CARD_bsp//obj/HAL/src/crt0.o
 .data          0x00000000020620f4        0x0 obj/default/altera_up_avalon_character_lcd.o
 .data          0x00000000020620f4        0x0 obj/default/main.o
 .data          0x00000000020620f4        0x0 obj/default/terasic_fat/FatFileSystem.o
 .data          0x00000000020620f4        0x0 obj/default/terasic_fat/FatInternal.o
 .data          0x00000000020620f4        0x0 obj/default/terasic_lib/debug.o
 .data          0x00000000020620f4        0x0 obj/default/terasic_sdcard/crc16.o
 .data          0x00000000020620f4        0x0 obj/default/terasic_sdcard/crc7.o
 .data          0x00000000020620f4        0x0 obj/default/terasic_sdcard/sd_hal.o
 .data          0x00000000020620f4        0x0 obj/default/terasic_sdcard/sd_lib.o
 .data          0x00000000020620f4        0x0 obj/default/terasic_sdcard/sd_protocol.o
 .data          0x00000000020620f4        0x0 c:/altera/14.1/nios2eds/bin/gnu/h-x86_64-mingw32/bin/../lib/gcc/nios2-elf/4.8.3\libgcc.a(lib2-divmod.o)
 .data          0x00000000020620f4        0x0 c:/altera/14.1/nios2eds/bin/gnu/h-x86_64-mingw32/bin/../lib/gcc/nios2-elf/4.8.3\libgcc.a(divsf3.o)
 .data          0x00000000020620f4        0x0 c:/altera/14.1/nios2eds/bin/gnu/h-x86_64-mingw32/bin/../lib/gcc/nios2-elf/4.8.3\libgcc.a(mulsf3.o)
 .data          0x00000000020620f4        0x0 c:/altera/14.1/nios2eds/bin/gnu/h-x86_64-mingw32/bin/../lib/gcc/nios2-elf/4.8.3\libgcc.a(floatunsisf.o)
 .data          0x00000000020620f4        0x0 c:/altera/14.1/nios2eds/bin/gnu/h-x86_64-mingw32/bin/../lib/gcc/nios2-elf/4.8.3\libgcc.a(divdf3.o)
 .data          0x00000000020620f4        0x0 c:/altera/14.1/nios2eds/bin/gnu/h-x86_64-mingw32/bin/../lib/gcc/nios2-elf/4.8.3\libgcc.a(extendsfdf2.o)
 .data          0x00000000020620f4        0x0 c:/altera/14.1/nios2eds/bin/gnu/h-x86_64-mingw32/bin/../lib/gcc/nios2-elf/4.8.3\libgcc.a(truncdfsf2.o)
 .data          0x00000000020620f4        0x0 c:/altera/14.1/nios2eds/bin/gnu/h-x86_64-mingw32/bin/../lib/gcc/nios2-elf/4.8.3\libgcc.a(_clzsi2.o)
 .data          0x00000000020620f4        0x0 c:/altera/14.1/nios2eds/bin/gnu/h-x86_64-mingw32/bin/../lib/gcc/nios2-elf/4.8.3\libgcc.a(_clz.o)
 .data          0x00000000020620f4        0x0 c:/altera/14.1/nios2eds/bin/gnu/h-x86_64-mingw32/bin/../lib/gcc/nios2-elf/4.8.3/../../../../../H-x86_64-mingw32/nios2-elf/lib\libc.a(lib_a-malloc.o)
 .data          0x00000000020620f4      0x408 c:/altera/14.1/nios2eds/bin/gnu/h-x86_64-mingw32/bin/../lib/gcc/nios2-elf/4.8.3/../../../../../H-x86_64-mingw32/nios2-elf/lib\libc.a(lib_a-mallocr.o)
                0x00000000020620f4                __malloc_av_
 .data          0x00000000020624fc        0x0 c:/altera/14.1/nios2eds/bin/gnu/h-x86_64-mingw32/bin/../lib/gcc/nios2-elf/4.8.3/../../../../../H-x86_64-mingw32/nios2-elf/lib\libc.a(lib_a-memcpy.o)
 .data          0x00000000020624fc        0x0 c:/altera/14.1/nios2eds/bin/gnu/h-x86_64-mingw32/bin/../lib/gcc/nios2-elf/4.8.3/../../../../../H-x86_64-mingw32/nios2-elf/lib\libc.a(lib_a-memset.o)
 .data          0x00000000020624fc        0x0 c:/altera/14.1/nios2eds/bin/gnu/h-x86_64-mingw32/bin/../lib/gcc/nios2-elf/4.8.3/../../../../../H-x86_64-mingw32/nios2-elf/lib\libc.a(lib_a-printf.o)
 .data          0x00000000020624fc        0x0 c:/altera/14.1/nios2eds/bin/gnu/h-x86_64-mingw32/bin/../lib/gcc/nios2-elf/4.8.3/../../../../../H-x86_64-mingw32/nios2-elf/lib\libc.a(lib_a-putchar.o)
 .data          0x00000000020624fc        0x0 c:/altera/14.1/nios2eds/bin/gnu/h-x86_64-mingw32/bin/../lib/gcc/nios2-elf/4.8.3/../../../../../H-x86_64-mingw32/nios2-elf/lib\libc.a(lib_a-puts.o)
 .data          0x00000000020624fc        0x0 c:/altera/14.1/nios2eds/bin/gnu/h-x86_64-mingw32/bin/../lib/gcc/nios2-elf/4.8.3/../../../../../H-x86_64-mingw32/nios2-elf/lib\libc.a(lib_a-sbrkr.o)
 .data          0x00000000020624fc        0x0 c:/altera/14.1/nios2eds/bin/gnu/h-x86_64-mingw32/bin/../lib/gcc/nios2-elf/4.8.3/../../../../../H-x86_64-mingw32/nios2-elf/lib\libc.a(lib_a-scanf.o)
 .data          0x00000000020624fc        0x0 c:/altera/14.1/nios2eds/bin/gnu/h-x86_64-mingw32/bin/../lib/gcc/nios2-elf/4.8.3/../../../../../H-x86_64-mingw32/nios2-elf/lib\libc.a(lib_a-sprintf.o)
 .data          0x00000000020624fc        0x0 c:/altera/14.1/nios2eds/bin/gnu/h-x86_64-mingw32/bin/../lib/gcc/nios2-elf/4.8.3/../../../../../H-x86_64-mingw32/nios2-elf/lib\libc.a(lib_a-strcasecmp.o)
 .data          0x00000000020624fc        0x0 c:/altera/14.1/nios2eds/bin/gnu/h-x86_64-mingw32/bin/../lib/gcc/nios2-elf/4.8.3/../../../../../H-x86_64-mingw32/nios2-elf/lib\libc.a(lib_a-strlen.o)
 .data          0x00000000020624fc        0x0 c:/altera/14.1/nios2eds/bin/gnu/h-x86_64-mingw32/bin/../lib/gcc/nios2-elf/4.8.3/../../../../../H-x86_64-mingw32/nios2-elf/lib\libc.a(lib_a-svfprintf.o)
 .data          0x00000000020624fc        0x0 c:/altera/14.1/nios2eds/bin/gnu/h-x86_64-mingw32/bin/../lib/gcc/nios2-elf/4.8.3/../../../../../H-x86_64-mingw32/nios2-elf/lib\libc.a(lib_a-vfprintf.o)
 .data          0x00000000020624fc        0x0 c:/altera/14.1/nios2eds/bin/gnu/h-x86_64-mingw32/bin/../lib/gcc/nios2-elf/4.8.3/../../../../../H-x86_64-mingw32/nios2-elf/lib\libc.a(lib_a-vfscanf.o)
 .data          0x00000000020624fc        0x0 c:/altera/14.1/nios2eds/bin/gnu/h-x86_64-mingw32/bin/../lib/gcc/nios2-elf/4.8.3/../../../../../H-x86_64-mingw32/nios2-elf/lib\libc.a(lib_a-vsnprintf.o)
 .data          0x00000000020624fc        0x0 c:/altera/14.1/nios2eds/bin/gnu/h-x86_64-mingw32/bin/../lib/gcc/nios2-elf/4.8.3/../../../../../H-x86_64-mingw32/nios2-elf/lib\libc.a(lib_a-wsetup.o)
 .data          0x00000000020624fc        0x0 c:/altera/14.1/nios2eds/bin/gnu/h-x86_64-mingw32/bin/../lib/gcc/nios2-elf/4.8.3/../../../../../H-x86_64-mingw32/nios2-elf/lib\libc.a(lib_a-ctype_.o)
 .data          0x00000000020624fc        0x0 c:/altera/14.1/nios2eds/bin/gnu/h-x86_64-mingw32/bin/../lib/gcc/nios2-elf/4.8.3/../../../../../H-x86_64-mingw32/nios2-elf/lib\libc.a(lib_a-dtoa.o)
 .data          0x00000000020624fc        0x0 c:/altera/14.1/nios2eds/bin/gnu/h-x86_64-mingw32/bin/../lib/gcc/nios2-elf/4.8.3/../../../../../H-x86_64-mingw32/nios2-elf/lib\libc.a(lib_a-fflush.o)
 .data          0x00000000020624fc        0x0 c:/altera/14.1/nios2eds/bin/gnu/h-x86_64-mingw32/bin/../lib/gcc/nios2-elf/4.8.3/../../../../../H-x86_64-mingw32/nios2-elf/lib\libc.a(lib_a-findfp.o)
 .data          0x00000000020624fc        0x0 c:/altera/14.1/nios2eds/bin/gnu/h-x86_64-mingw32/bin/../lib/gcc/nios2-elf/4.8.3/../../../../../H-x86_64-mingw32/nios2-elf/lib\libc.a(lib_a-fread.o)
 .data          0x00000000020624fc        0x0 c:/altera/14.1/nios2eds/bin/gnu/h-x86_64-mingw32/bin/../lib/gcc/nios2-elf/4.8.3/../../../../../H-x86_64-mingw32/nios2-elf/lib\libc.a(lib_a-freer.o)
 .data          0x00000000020624fc        0x0 c:/altera/14.1/nios2eds/bin/gnu/h-x86_64-mingw32/bin/../lib/gcc/nios2-elf/4.8.3/../../../../../H-x86_64-mingw32/nios2-elf/lib\libc.a(lib_a-fvwrite.o)
 .data          0x00000000020624fc        0x0 c:/altera/14.1/nios2eds/bin/gnu/h-x86_64-mingw32/bin/../lib/gcc/nios2-elf/4.8.3/../../../../../H-x86_64-mingw32/nios2-elf/lib\libc.a(lib_a-fwalk.o)
 .data          0x00000000020624fc      0x424 c:/altera/14.1/nios2eds/bin/gnu/h-x86_64-mingw32/bin/../lib/gcc/nios2-elf/4.8.3/../../../../../H-x86_64-mingw32/nios2-elf/lib\libc.a(lib_a-impure.o)
 .data          0x0000000002062920        0x0 c:/altera/14.1/nios2eds/bin/gnu/h-x86_64-mingw32/bin/../lib/gcc/nios2-elf/4.8.3/../../../../../H-x86_64-mingw32/nios2-elf/lib\libc.a(lib_a-int_errno.o)
 .data          0x0000000002062920        0x0 c:/altera/14.1/nios2eds/bin/gnu/h-x86_64-mingw32/bin/../lib/gcc/nios2-elf/4.8.3/../../../../../H-x86_64-mingw32/nios2-elf/lib\libc.a(lib_a-iswspace.o)
 .data          0x0000000002062920       0x78 c:/altera/14.1/nios2eds/bin/gnu/h-x86_64-mingw32/bin/../lib/gcc/nios2-elf/4.8.3/../../../../../H-x86_64-mingw32/nios2-elf/lib\libc.a(lib_a-locale.o)
 .data          0x0000000002062998        0x0 c:/altera/14.1/nios2eds/bin/gnu/h-x86_64-mingw32/bin/../lib/gcc/nios2-elf/4.8.3/../../../../../H-x86_64-mingw32/nios2-elf/lib\libc.a(lib_a-makebuf.o)
 .data          0x0000000002062998        0x0 c:/altera/14.1/nios2eds/bin/gnu/h-x86_64-mingw32/bin/../lib/gcc/nios2-elf/4.8.3/../../../../../H-x86_64-mingw32/nios2-elf/lib\libc.a(lib_a-mbrtowc.o)
 .data          0x0000000002062998        0x0 c:/altera/14.1/nios2eds/bin/gnu/h-x86_64-mingw32/bin/../lib/gcc/nios2-elf/4.8.3/../../../../../H-x86_64-mingw32/nios2-elf/lib\libc.a(lib_a-mbtowc_r.o)
 .data          0x0000000002062998        0x0 c:/altera/14.1/nios2eds/bin/gnu/h-x86_64-mingw32/bin/../lib/gcc/nios2-elf/4.8.3/../../../../../H-x86_64-mingw32/nios2-elf/lib\libc.a(lib_a-memchr.o)
 .data          0x0000000002062998        0x0 c:/altera/14.1/nios2eds/bin/gnu/h-x86_64-mingw32/bin/../lib/gcc/nios2-elf/4.8.3/../../../../../H-x86_64-mingw32/nios2-elf/lib\libc.a(lib_a-memmove.o)
 .data          0x0000000002062998        0x0 c:/altera/14.1/nios2eds/bin/gnu/h-x86_64-mingw32/bin/../lib/gcc/nios2-elf/4.8.3/../../../../../H-x86_64-mingw32/nios2-elf/lib\libc.a(lib_a-mprec.o)
 .data          0x0000000002062998        0x0 c:/altera/14.1/nios2eds/bin/gnu/h-x86_64-mingw32/bin/../lib/gcc/nios2-elf/4.8.3/../../../../../H-x86_64-mingw32/nios2-elf/lib\libc.a(lib_a-putc.o)
 .data          0x0000000002062998        0x0 c:/altera/14.1/nios2eds/bin/gnu/h-x86_64-mingw32/bin/../lib/gcc/nios2-elf/4.8.3/../../../../../H-x86_64-mingw32/nios2-elf/lib\libc.a(lib_a-reallocr.o)
 .data          0x0000000002062998        0x0 c:/altera/14.1/nios2eds/bin/gnu/h-x86_64-mingw32/bin/../lib/gcc/nios2-elf/4.8.3/../../../../../H-x86_64-mingw32/nios2-elf/lib\libc.a(lib_a-refill.o)
 .data          0x0000000002062998        0x0 c:/altera/14.1/nios2eds/bin/gnu/h-x86_64-mingw32/bin/../lib/gcc/nios2-elf/4.8.3/../../../../../H-x86_64-mingw32/nios2-elf/lib\libc.a(lib_a-s_fpclassify.o)
 .data          0x0000000002062998        0x0 c:/altera/14.1/nios2eds/bin/gnu/h-x86_64-mingw32/bin/../lib/gcc/nios2-elf/4.8.3/../../../../../H-x86_64-mingw32/nios2-elf/lib\libc.a(lib_a-sccl.o)
 .data          0x0000000002062998        0x0 c:/altera/14.1/nios2eds/bin/gnu/h-x86_64-mingw32/bin/../lib/gcc/nios2-elf/4.8.3/../../../../../H-x86_64-mingw32/nios2-elf/lib\libc.a(lib_a-sf_nan.o)
 .data          0x0000000002062998        0x0 c:/altera/14.1/nios2eds/bin/gnu/h-x86_64-mingw32/bin/../lib/gcc/nios2-elf/4.8.3/../../../../../H-x86_64-mingw32/nios2-elf/lib\libc.a(lib_a-stdio.o)
 .data          0x0000000002062998        0x0 c:/altera/14.1/nios2eds/bin/gnu/h-x86_64-mingw32/bin/../lib/gcc/nios2-elf/4.8.3/../../../../../H-x86_64-mingw32/nios2-elf/lib\libc.a(lib_a-strcmp.o)
 .data          0x0000000002062998       0x28 c:/altera/14.1/nios2eds/bin/gnu/h-x86_64-mingw32/bin/../lib/gcc/nios2-elf/4.8.3/../../../../../H-x86_64-mingw32/nios2-elf/lib\libc.a(lib_a-strtod.o)
 .data          0x00000000020629c0        0x0 c:/altera/14.1/nios2eds/bin/gnu/h-x86_64-mingw32/bin/../lib/gcc/nios2-elf/4.8.3/../../../../../H-x86_64-mingw32/nios2-elf/lib\libc.a(lib_a-strtol.o)
 .data          0x00000000020629c0        0x0 c:/altera/14.1/nios2eds/bin/gnu/h-x86_64-mingw32/bin/../lib/gcc/nios2-elf/4.8.3/../../../../../H-x86_64-mingw32/nios2-elf/lib\libc.a(lib_a-strtoll_r.o)
 .data          0x00000000020629c0        0x0 c:/altera/14.1/nios2eds/bin/gnu/h-x86_64-mingw32/bin/../lib/gcc/nios2-elf/4.8.3/../../../../../H-x86_64-mingw32/nios2-elf/lib\libc.a(lib_a-strtoul.o)
 .data          0x00000000020629c0        0x0 c:/altera/14.1/nios2eds/bin/gnu/h-x86_64-mingw32/bin/../lib/gcc/nios2-elf/4.8.3/../../../../../H-x86_64-mingw32/nios2-elf/lib\libc.a(lib_a-strtoull_r.o)
 .data          0x00000000020629c0        0x0 c:/altera/14.1/nios2eds/bin/gnu/h-x86_64-mingw32/bin/../lib/gcc/nios2-elf/4.8.3/../../../../../H-x86_64-mingw32/nios2-elf/lib\libc.a(lib_a-svfiprintf.o)
 .data          0x00000000020629c0        0x0 c:/altera/14.1/nios2eds/bin/gnu/h-x86_64-mingw32/bin/../lib/gcc/nios2-elf/4.8.3/../../../../../H-x86_64-mingw32/nios2-elf/lib\libc.a(lib_a-ungetc.o)
 .data          0x00000000020629c0        0x0 c:/altera/14.1/nios2eds/bin/gnu/h-x86_64-mingw32/bin/../lib/gcc/nios2-elf/4.8.3/../../../../../H-x86_64-mingw32/nios2-elf/lib\libc.a(lib_a-vfiprintf.o)
 .data          0x00000000020629c0        0x0 c:/altera/14.1/nios2eds/bin/gnu/h-x86_64-mingw32/bin/../lib/gcc/nios2-elf/4.8.3/../../../../../H-x86_64-mingw32/nios2-elf/lib\libc.a(lib_a-wbuf.o)
 .data          0x00000000020629c0        0x0 c:/altera/14.1/nios2eds/bin/gnu/h-x86_64-mingw32/bin/../lib/gcc/nios2-elf/4.8.3/../../../../../H-x86_64-mingw32/nios2-elf/lib\libc.a(lib_a-writer.o)
 .data          0x00000000020629c0        0x0 c:/altera/14.1/nios2eds/bin/gnu/h-x86_64-mingw32/bin/../lib/gcc/nios2-elf/4.8.3/../../../../../H-x86_64-mingw32/nios2-elf/lib\libc.a(closer.o)
 .data          0x00000000020629c0        0x0 c:/altera/14.1/nios2eds/bin/gnu/h-x86_64-mingw32/bin/../lib/gcc/nios2-elf/4.8.3/../../../../../H-x86_64-mingw32/nios2-elf/lib\libc.a(lib_a-callocr.o)
 .data          0x00000000020629c0        0x0 c:/altera/14.1/nios2eds/bin/gnu/h-x86_64-mingw32/bin/../lib/gcc/nios2-elf/4.8.3/../../../../../H-x86_64-mingw32/nios2-elf/lib\libc.a(lib_a-fclose.o)
 .data          0x00000000020629c0        0x0 c:/altera/14.1/nios2eds/bin/gnu/h-x86_64-mingw32/bin/../lib/gcc/nios2-elf/4.8.3/../../../../../H-x86_64-mingw32/nios2-elf/lib\libc.a(lib_a-fputwc.o)
 .data          0x00000000020629c0        0x0 c:/altera/14.1/nios2eds/bin/gnu/h-x86_64-mingw32/bin/../lib/gcc/nios2-elf/4.8.3/../../../../../H-x86_64-mingw32/nios2-elf/lib\libc.a(lib_a-fstatr.o)
 .data          0x00000000020629c0        0x0 c:/altera/14.1/nios2eds/bin/gnu/h-x86_64-mingw32/bin/../lib/gcc/nios2-elf/4.8.3/../../../../../H-x86_64-mingw32/nios2-elf/lib\libc.a(lib_a-gdtoa-gethex.o)
 .data          0x00000000020629c0        0x0 c:/altera/14.1/nios2eds/bin/gnu/h-x86_64-mingw32/bin/../lib/gcc/nios2-elf/4.8.3/../../../../../H-x86_64-mingw32/nios2-elf/lib\libc.a(lib_a-gdtoa-hexnan.o)
 .data          0x00000000020629c0        0x0 c:/altera/14.1/nios2eds/bin/gnu/h-x86_64-mingw32/bin/../lib/gcc/nios2-elf/4.8.3/../../../../../H-x86_64-mingw32/nios2-elf/lib\libc.a(lib_a-isattyr.o)
 .data          0x00000000020629c0        0x0 c:/altera/14.1/nios2eds/bin/gnu/h-x86_64-mingw32/bin/../lib/gcc/nios2-elf/4.8.3/../../../../../H-x86_64-mingw32/nios2-elf/lib\libc.a(lib_a-lseekr.o)
 .data          0x00000000020629c0        0x0 c:/altera/14.1/nios2eds/bin/gnu/h-x86_64-mingw32/bin/../lib/gcc/nios2-elf/4.8.3/../../../../../H-x86_64-mingw32/nios2-elf/lib\libc.a(lib_a-readr.o)
 .data          0x00000000020629c0        0x0 c:/altera/14.1/nios2eds/bin/gnu/h-x86_64-mingw32/bin/../lib/gcc/nios2-elf/4.8.3/../../../../../H-x86_64-mingw32/nios2-elf/lib\libc.a(lib_a-strncmp.o)
 .data          0x00000000020629c0        0x0 c:/altera/14.1/nios2eds/bin/gnu/h-x86_64-mingw32/bin/../lib/gcc/nios2-elf/4.8.3/../../../../../H-x86_64-mingw32/nios2-elf/lib\libc.a(lib_a-wcrtomb.o)
 .data          0x00000000020629c0        0x0 c:/altera/14.1/nios2eds/bin/gnu/h-x86_64-mingw32/bin/../lib/gcc/nios2-elf/4.8.3/../../../../../H-x86_64-mingw32/nios2-elf/lib\libc.a(lib_a-wctomb_r.o)
 .data          0x00000000020629c0        0x0 c:/altera/14.1/nios2eds/bin/gnu/h-x86_64-mingw32/bin/../lib/gcc/nios2-elf/4.8.3\libgcc.a(_muldi3.o)
 .data          0x00000000020629c0        0x0 c:/altera/14.1/nios2eds/bin/gnu/h-x86_64-mingw32/bin/../lib/gcc/nios2-elf/4.8.3\libgcc.a(_fixunsdfsi.o)
 .data          0x00000000020629c0        0x0 c:/altera/14.1/nios2eds/bin/gnu/h-x86_64-mingw32/bin/../lib/gcc/nios2-elf/4.8.3\libgcc.a(_udivdi3.o)
 .data          0x00000000020629c0        0x0 c:/altera/14.1/nios2eds/bin/gnu/h-x86_64-mingw32/bin/../lib/gcc/nios2-elf/4.8.3\libgcc.a(_umoddi3.o)
 .data          0x00000000020629c0        0x0 c:/altera/14.1/nios2eds/bin/gnu/h-x86_64-mingw32/bin/../lib/gcc/nios2-elf/4.8.3\libgcc.a(eqsf2.o)
 .data          0x00000000020629c0        0x0 c:/altera/14.1/nios2eds/bin/gnu/h-x86_64-mingw32/bin/../lib/gcc/nios2-elf/4.8.3\libgcc.a(gesf2.o)
 .data          0x00000000020629c0        0x0 c:/altera/14.1/nios2eds/bin/gnu/h-x86_64-mingw32/bin/../lib/gcc/nios2-elf/4.8.3\libgcc.a(lesf2.o)
 .data          0x00000000020629c0        0x0 c:/altera/14.1/nios2eds/bin/gnu/h-x86_64-mingw32/bin/../lib/gcc/nios2-elf/4.8.3\libgcc.a(adddf3.o)
 .data          0x00000000020629c0        0x0 c:/altera/14.1/nios2eds/bin/gnu/h-x86_64-mingw32/bin/../lib/gcc/nios2-elf/4.8.3\libgcc.a(eqdf2.o)
 .data          0x00000000020629c0        0x0 c:/altera/14.1/nios2eds/bin/gnu/h-x86_64-mingw32/bin/../lib/gcc/nios2-elf/4.8.3\libgcc.a(gedf2.o)
 .data          0x00000000020629c0        0x0 c:/altera/14.1/nios2eds/bin/gnu/h-x86_64-mingw32/bin/../lib/gcc/nios2-elf/4.8.3\libgcc.a(ledf2.o)
 .data          0x00000000020629c0        0x0 c:/altera/14.1/nios2eds/bin/gnu/h-x86_64-mingw32/bin/../lib/gcc/nios2-elf/4.8.3\libgcc.a(muldf3.o)
 .data          0x00000000020629c0        0x0 c:/altera/14.1/nios2eds/bin/gnu/h-x86_64-mingw32/bin/../lib/gcc/nios2-elf/4.8.3\libgcc.a(subdf3.o)
 .data          0x00000000020629c0        0x0 c:/altera/14.1/nios2eds/bin/gnu/h-x86_64-mingw32/bin/../lib/gcc/nios2-elf/4.8.3\libgcc.a(fixdfsi.o)
 .data          0x00000000020629c0        0x0 c:/altera/14.1/nios2eds/bin/gnu/h-x86_64-mingw32/bin/../lib/gcc/nios2-elf/4.8.3\libgcc.a(floatsidf.o)
 .data          0x00000000020629c0        0x0 c:/altera/14.1/nios2eds/bin/gnu/h-x86_64-mingw32/bin/../lib/gcc/nios2-elf/4.8.3\libgcc.a(floatunsidf.o)
 .data          0x00000000020629c0        0x0 ../DE2_115_SD_CARD_bsp/\libhal_bsp.a(alt_close.o)
 .data          0x00000000020629c0      0x1a8 ../DE2_115_SD_CARD_bsp/\libhal_bsp.a(alt_dev.o)
                0x00000000020629c0                alt_dev_null
                0x00000000020629e8                alt_fd_list
 .data          0x0000000002062b68        0x0 ../DE2_115_SD_CARD_bsp/\libhal_bsp.a(alt_errno.o)
 .data          0x0000000002062b68        0x0 ../DE2_115_SD_CARD_bsp/\libhal_bsp.a(alt_find_dev.o)
 .data          0x0000000002062b68        0x0 ../DE2_115_SD_CARD_bsp/\libhal_bsp.a(alt_fstat.o)
 .data          0x0000000002062b68        0x0 ../DE2_115_SD_CARD_bsp/\libhal_bsp.a(alt_isatty.o)
 .data          0x0000000002062b68        0x0 ../DE2_115_SD_CARD_bsp/\libhal_bsp.a(alt_load.o)
 .data          0x0000000002062b68        0x0 ../DE2_115_SD_CARD_bsp/\libhal_bsp.a(alt_lseek.o)
 .data          0x0000000002062b68        0x0 ../DE2_115_SD_CARD_bsp/\libhal_bsp.a(alt_main.o)
 .data          0x0000000002062b68        0x0 ../DE2_115_SD_CARD_bsp/\libhal_bsp.a(alt_malloc_lock.o)
 .data          0x0000000002062b68        0x0 ../DE2_115_SD_CARD_bsp/\libhal_bsp.a(alt_read.o)
 .data          0x0000000002062b68        0x0 ../DE2_115_SD_CARD_bsp/\libhal_bsp.a(alt_release_fd.o)
 .data          0x0000000002062b68        0x0 ../DE2_115_SD_CARD_bsp/\libhal_bsp.a(alt_sbrk.o)
 .data          0x0000000002062b68        0x0 ../DE2_115_SD_CARD_bsp/\libhal_bsp.a(alt_tick.o)
 .data          0x0000000002062b68        0x0 ../DE2_115_SD_CARD_bsp/\libhal_bsp.a(alt_usleep.o)
 .data          0x0000000002062b68        0x0 ../DE2_115_SD_CARD_bsp/\libhal_bsp.a(alt_write.o)
 .data          0x0000000002062b68     0x131c ../DE2_115_SD_CARD_bsp/\libhal_bsp.a(alt_sys_init.o)
 .data          0x0000000002063e84        0x0 ../DE2_115_SD_CARD_bsp/\libhal_bsp.a(altera_avalon_cfi_flash.o)
 .data          0x0000000002063e84        0x0 ../DE2_115_SD_CARD_bsp/\libhal_bsp.a(altera_avalon_cfi_flash_table.o)
 .data          0x0000000002063e84        0x0 ../DE2_115_SD_CARD_bsp/\libhal_bsp.a(altera_avalon_jtag_uart_fd.o)
 .data          0x0000000002063e84        0x0 ../DE2_115_SD_CARD_bsp/\libhal_bsp.a(altera_avalon_jtag_uart_init.o)
 .data          0x0000000002063e84        0x0 ../DE2_115_SD_CARD_bsp/\libhal_bsp.a(altera_avalon_jtag_uart_ioctl.o)
 .data          0x0000000002063e84        0x0 ../DE2_115_SD_CARD_bsp/\libhal_bsp.a(altera_avalon_jtag_uart_read.o)
 .data          0x0000000002063e84        0x0 ../DE2_115_SD_CARD_bsp/\libhal_bsp.a(altera_avalon_jtag_uart_write.o)
 .data          0x0000000002063e84        0x0 ../DE2_115_SD_CARD_bsp/\libhal_bsp.a(altera_avalon_lcd_16207.o)
 .data          0x0000000002063e84        0x0 ../DE2_115_SD_CARD_bsp/\libhal_bsp.a(altera_avalon_lcd_16207_fd.o)
 .data          0x0000000002063e84        0x0 ../DE2_115_SD_CARD_bsp/\libhal_bsp.a(altera_avalon_timer_sc.o)
 .data          0x0000000002063e84        0x0 ../DE2_115_SD_CARD_bsp/\libhal_bsp.a(altera_avalon_uart_fd.o)
 .data          0x0000000002063e84        0x0 ../DE2_115_SD_CARD_bsp/\libhal_bsp.a(altera_avalon_uart_init.o)
 .data          0x0000000002063e84        0x0 ../DE2_115_SD_CARD_bsp/\libhal_bsp.a(altera_avalon_uart_read.o)
 .data          0x0000000002063e84        0x0 ../DE2_115_SD_CARD_bsp/\libhal_bsp.a(altera_avalon_uart_write.o)
 .data          0x0000000002063e84        0x0 ../DE2_115_SD_CARD_bsp/\libhal_bsp.a(alt_alarm_start.o)
 .data          0x0000000002063e84        0x0 ../DE2_115_SD_CARD_bsp/\libhal_bsp.a(alt_busy_sleep.o)
 .data          0x0000000002063e84        0x0 ../DE2_115_SD_CARD_bsp/\libhal_bsp.a(alt_dcache_flush.o)
 .data          0x0000000002063e84        0x0 ../DE2_115_SD_CARD_bsp/\libhal_bsp.a(alt_dcache_flush_all.o)
 .data          0x0000000002063e84        0x0 ../DE2_115_SD_CARD_bsp/\libhal_bsp.a(alt_dev_llist_insert.o)
 .data          0x0000000002063e84        0x0 ../DE2_115_SD_CARD_bsp/\libhal_bsp.a(alt_do_ctors.o)
 .data          0x0000000002063e84        0x0 ../DE2_115_SD_CARD_bsp/\libhal_bsp.a(alt_do_dtors.o)
 .data          0x0000000002063e84        0x0 ../DE2_115_SD_CARD_bsp/\libhal_bsp.a(alt_flash_dev.o)
 .data          0x0000000002063e84        0x0 ../DE2_115_SD_CARD_bsp/\libhal_bsp.a(alt_icache_flush_all.o)
 .data          0x0000000002063e84        0x0 ../DE2_115_SD_CARD_bsp/\libhal_bsp.a(alt_iic.o)
 .data          0x0000000002063e84        0x0 ../DE2_115_SD_CARD_bsp/\libhal_bsp.a(alt_iic_isr_register.o)
 .data          0x0000000002063e84        0x0 ../DE2_115_SD_CARD_bsp/\libhal_bsp.a(alt_io_redirect.o)
 .data          0x0000000002063e84        0x0 ../DE2_115_SD_CARD_bsp/\libhal_bsp.a(alt_irq_entry.o)
 .data          0x0000000002063e84        0x0 ../DE2_115_SD_CARD_bsp/\libhal_bsp.a(alt_irq_handler.o)
 .data          0x0000000002063e84        0x0 ../DE2_115_SD_CARD_bsp/\libhal_bsp.a(alt_irq_vars.o)
 .data          0x0000000002063e84        0x0 ../DE2_115_SD_CARD_bsp/\libhal_bsp.a(alt_open.o)
 .data          0x0000000002063e84        0x0 ../DE2_115_SD_CARD_bsp/\libhal_bsp.a(altera_nios2_qsys_irq.o)
 .data          0x0000000002063e84        0x0 ../DE2_115_SD_CARD_bsp/\libhal_bsp.a(altera_avalon_cfi_flash_amd.o)
 .data          0x0000000002063e84        0x0 ../DE2_115_SD_CARD_bsp/\libhal_bsp.a(altera_avalon_cfi_flash_intel.o)
 .data          0x0000000002063e84        0x0 ../DE2_115_SD_CARD_bsp/\libhal_bsp.a(alt_exception_entry.o)
 .data          0x0000000002063e84        0x0 ../DE2_115_SD_CARD_bsp/\libhal_bsp.a(alt_find_file.o)
 .data          0x0000000002063e84        0x0 ../DE2_115_SD_CARD_bsp/\libhal_bsp.a(alt_get_fd.o)
 .data          0x0000000002063e84        0x0 ../DE2_115_SD_CARD_bsp/\libhal_bsp.a(alt_icache_flush.o)
 .data          0x0000000002063e84        0x0 c:/altera/14.1/nios2eds/bin/gnu/h-x86_64-mingw32/bin/../lib/gcc/nios2-elf/4.8.3/../../../../../H-x86_64-mingw32/nios2-elf/lib\libc.a(lib_a-atexit.o)
 .data          0x0000000002063e84        0x0 c:/altera/14.1/nios2eds/bin/gnu/h-x86_64-mingw32/bin/../lib/gcc/nios2-elf/4.8.3/../../../../../H-x86_64-mingw32/nios2-elf/lib\libc.a(lib_a-exit.o)
 .data          0x0000000002063e84        0x0 c:/altera/14.1/nios2eds/bin/gnu/h-x86_64-mingw32/bin/../lib/gcc/nios2-elf/4.8.3/../../../../../H-x86_64-mingw32/nios2-elf/lib\libc.a(lib_a-memcmp.o)
 .data          0x0000000002063e84        0x0 c:/altera/14.1/nios2eds/bin/gnu/h-x86_64-mingw32/bin/../lib/gcc/nios2-elf/4.8.3/../../../../../H-x86_64-mingw32/nios2-elf/lib\libc.a(lib_a-__atexit.o)
 .data          0x0000000002063e84        0x0 c:/altera/14.1/nios2eds/bin/gnu/h-x86_64-mingw32/bin/../lib/gcc/nios2-elf/4.8.3/../../../../../H-x86_64-mingw32/nios2-elf/lib\libc.a(lib_a-__call_atexit.o)
 .data          0x0000000002063e84        0x0 ../DE2_115_SD_CARD_bsp/\libhal_bsp.a(alt_exit.o)
                0x000000000206be84                _gp = ABSOLUTE ((. + 0x8000))
                0x000000000206be84                PROVIDE (gp, _gp)
 *(.rwdata .rwdata.*)
 *(.sdata .sdata.* .gnu.linkonce.s.*)
 .sdata         0x0000000002063e84       0x10 obj/default/main.o
                0x0000000002063e84                TO_HW_PORT
                0x0000000002063e88                TO_HW_SIG
                0x0000000002063e8c                TO_SW_SIG
                0x0000000002063e90                LCD_SCREEN
 .sdata         0x0000000002063e94        0x8 c:/altera/14.1/nios2eds/bin/gnu/h-x86_64-mingw32/bin/../lib/gcc/nios2-elf/4.8.3/../../../../../H-x86_64-mingw32/nios2-elf/lib\libc.a(lib_a-mallocr.o)
                0x0000000002063e94                __malloc_sbrk_base
                0x0000000002063e98                __malloc_trim_threshold
 .sdata         0x0000000002063e9c        0x4 c:/altera/14.1/nios2eds/bin/gnu/h-x86_64-mingw32/bin/../lib/gcc/nios2-elf/4.8.3/../../../../../H-x86_64-mingw32/nios2-elf/lib\libc.a(lib_a-ctype_.o)
                0x0000000002063e9c                __ctype_ptr__
 .sdata         0x0000000002063ea0        0x8 c:/altera/14.1/nios2eds/bin/gnu/h-x86_64-mingw32/bin/../lib/gcc/nios2-elf/4.8.3/../../../../../H-x86_64-mingw32/nios2-elf/lib\libc.a(lib_a-impure.o)
                0x0000000002063ea0                _global_impure_ptr
                0x0000000002063ea4                _impure_ptr
 .sdata         0x0000000002063ea8        0x4 c:/altera/14.1/nios2eds/bin/gnu/h-x86_64-mingw32/bin/../lib/gcc/nios2-elf/4.8.3/../../../../../H-x86_64-mingw32/nios2-elf/lib\libc.a(lib_a-locale.o)
                0x0000000002063ea8                __mb_cur_max
 .sdata         0x0000000002063eac        0x4 c:/altera/14.1/nios2eds/bin/gnu/h-x86_64-mingw32/bin/../lib/gcc/nios2-elf/4.8.3/../../../../../H-x86_64-mingw32/nios2-elf/lib\libc.a(lib_a-mbtowc_r.o)
                0x0000000002063eac                __mbtowc
 .sdata         0x0000000002063eb0        0x4 c:/altera/14.1/nios2eds/bin/gnu/h-x86_64-mingw32/bin/../lib/gcc/nios2-elf/4.8.3/../../../../../H-x86_64-mingw32/nios2-elf/lib\libc.a(lib_a-wctomb_r.o)
                0x0000000002063eb0                __wctomb
 .sdata         0x0000000002063eb4       0x14 ../DE2_115_SD_CARD_bsp/\libhal_bsp.a(alt_dev.o)
                0x0000000002063eb4                alt_fs_list
                0x0000000002063ebc                alt_dev_list
                0x0000000002063ec4                alt_max_fd
 .sdata         0x0000000002063ec8        0x4 ../DE2_115_SD_CARD_bsp/\libhal_bsp.a(alt_errno.o)
                0x0000000002063ec8                alt_errno
 .sdata         0x0000000002063ecc        0x4 ../DE2_115_SD_CARD_bsp/\libhal_bsp.a(alt_sbrk.o)
 .sdata         0x0000000002063ed0        0x8 ../DE2_115_SD_CARD_bsp/\libhal_bsp.a(alt_tick.o)
                0x0000000002063ed0                alt_alarm_list
 .sdata         0x0000000002063ed8        0x4 ../DE2_115_SD_CARD_bsp/\libhal_bsp.a(altera_avalon_lcd_16207.o)
 .sdata         0x0000000002063edc        0x8 ../DE2_115_SD_CARD_bsp/\libhal_bsp.a(alt_flash_dev.o)
                0x0000000002063edc                alt_flash_dev_list
 .sdata         0x0000000002063ee4        0x4 ../DE2_115_SD_CARD_bsp/\libhal_bsp.a(alt_irq_vars.o)
                0x0000000002063ee4                alt_priority_mask
 *(.sdata2 .sdata2.* .gnu.linkonce.s2.*)
                0x0000000002063ee8                . = ALIGN (0x4)
                0x0000000002063ee8                _edata = ABSOLUTE (.)
                0x0000000002063ee8                PROVIDE (edata, ABSOLUTE (.))
                0x0000000002063ee8                PROVIDE (__ram_rwdata_end, ABSOLUTE (.))
                0x0000000002063ee8                PROVIDE (__flash_rwdata_start, LOADADDR (.rwdata))

.bss            0x0000000002065cdc      0x294
                0x0000000002065cdc                __bss_start = ABSOLUTE (.)
                0x0000000002065cdc                PROVIDE (__sbss_start, ABSOLUTE (.))
                0x0000000002065cdc                PROVIDE (___sbss_start, ABSOLUTE (.))
 *(.dynsbss)
 *(.sbss .sbss.* .gnu.linkonce.sb.*)
 .sbss          0x0000000002065cdc        0xc c:/altera/14.1/nios2eds/bin/gnu/h-x86_64-mingw32/bin/../lib/gcc/nios2-elf/4.8.3/../../../../../H-x86_64-mingw32/nios2-elf/lib\libc.a(lib_a-mallocr.o)
                0x0000000002065cdc                __malloc_max_total_mem
                0x0000000002065ce0                __malloc_max_sbrked_mem
                0x0000000002065ce4                __malloc_top_pad
 .sbss          0x0000000002065ce8        0x4 c:/altera/14.1/nios2eds/bin/gnu/h-x86_64-mingw32/bin/../lib/gcc/nios2-elf/4.8.3/../../../../../H-x86_64-mingw32/nios2-elf/lib\libc.a(lib_a-int_errno.o)
                0x0000000002065ce8                errno
 .sbss          0x0000000002065cec        0xc c:/altera/14.1/nios2eds/bin/gnu/h-x86_64-mingw32/bin/../lib/gcc/nios2-elf/4.8.3/../../../../../H-x86_64-mingw32/nios2-elf/lib\libc.a(lib_a-locale.o)
                0x0000000002065cec                _PathLocale
                0x0000000002065cf0                __mlocale_changed
                0x0000000002065cf4                __nlocale_changed
 .sbss          0x0000000002065cf8        0xc ../DE2_115_SD_CARD_bsp/\libhal_bsp.a(alt_main.o)
                0x0000000002065cf8                alt_argc
                0x0000000002065cfc                alt_argv
                0x0000000002065d00                alt_envp
 .sbss          0x0000000002065d04        0x8 ../DE2_115_SD_CARD_bsp/\libhal_bsp.a(alt_tick.o)
                0x0000000002065d04                _alt_tick_rate
                0x0000000002065d08                _alt_nticks
 .sbss          0x0000000002065d0c        0x4 ../DE2_115_SD_CARD_bsp/\libhal_bsp.a(alt_irq_vars.o)
                0x0000000002065d0c                alt_irq_active
 *(.sbss2 .sbss2.* .gnu.linkonce.sb2.*)
 *(.scommon)
                0x0000000002065d10                PROVIDE (__sbss_end, ABSOLUTE (.))
                0x0000000002065d10                PROVIDE (___sbss_end, ABSOLUTE (.))
 *(.dynbss)
 *(.bss .bss.* .gnu.linkonce.b.*)
 .bss           0x0000000002065d10        0x0 ../DE2_115_SD_CARD_bsp//obj/HAL/src/crt0.o
 .bss           0x0000000002065d10        0x0 obj/default/altera_up_avalon_character_lcd.o
 .bss           0x0000000002065d10        0x0 obj/default/main.o
 .bss           0x0000000002065d10        0x0 obj/default/terasic_fat/FatFileSystem.o
 .bss           0x0000000002065d10        0x0 obj/default/terasic_fat/FatInternal.o
 .bss           0x0000000002065d10        0x0 obj/default/terasic_lib/debug.o
 .bss           0x0000000002065d10        0x0 obj/default/terasic_sdcard/crc16.o
 .bss           0x0000000002065d10        0x0 obj/default/terasic_sdcard/crc7.o
 .bss           0x0000000002065d10        0x0 obj/default/terasic_sdcard/sd_hal.o
 .bss           0x0000000002065d10       0x38 obj/default/terasic_sdcard/sd_lib.o
 .bss           0x0000000002065d48        0x0 obj/default/terasic_sdcard/sd_protocol.o
 .bss           0x0000000002065d48        0x0 c:/altera/14.1/nios2eds/bin/gnu/h-x86_64-mingw32/bin/../lib/gcc/nios2-elf/4.8.3\libgcc.a(lib2-divmod.o)
 .bss           0x0000000002065d48        0x0 c:/altera/14.1/nios2eds/bin/gnu/h-x86_64-mingw32/bin/../lib/gcc/nios2-elf/4.8.3\libgcc.a(divsf3.o)
 .bss           0x0000000002065d48        0x0 c:/altera/14.1/nios2eds/bin/gnu/h-x86_64-mingw32/bin/../lib/gcc/nios2-elf/4.8.3\libgcc.a(mulsf3.o)
 .bss           0x0000000002065d48        0x0 c:/altera/14.1/nios2eds/bin/gnu/h-x86_64-mingw32/bin/../lib/gcc/nios2-elf/4.8.3\libgcc.a(floatunsisf.o)
 .bss           0x0000000002065d48        0x0 c:/altera/14.1/nios2eds/bin/gnu/h-x86_64-mingw32/bin/../lib/gcc/nios2-elf/4.8.3\libgcc.a(divdf3.o)
 .bss           0x0000000002065d48        0x0 c:/altera/14.1/nios2eds/bin/gnu/h-x86_64-mingw32/bin/../lib/gcc/nios2-elf/4.8.3\libgcc.a(extendsfdf2.o)
 .bss           0x0000000002065d48        0x0 c:/altera/14.1/nios2eds/bin/gnu/h-x86_64-mingw32/bin/../lib/gcc/nios2-elf/4.8.3\libgcc.a(truncdfsf2.o)
 .bss           0x0000000002065d48        0x0 c:/altera/14.1/nios2eds/bin/gnu/h-x86_64-mingw32/bin/../lib/gcc/nios2-elf/4.8.3\libgcc.a(_clzsi2.o)
 .bss           0x0000000002065d48        0x0 c:/altera/14.1/nios2eds/bin/gnu/h-x86_64-mingw32/bin/../lib/gcc/nios2-elf/4.8.3\libgcc.a(_clz.o)
 .bss           0x0000000002065d48        0x0 c:/altera/14.1/nios2eds/bin/gnu/h-x86_64-mingw32/bin/../lib/gcc/nios2-elf/4.8.3/../../../../../H-x86_64-mingw32/nios2-elf/lib\libc.a(lib_a-malloc.o)
 .bss           0x0000000002065d48       0x28 c:/altera/14.1/nios2eds/bin/gnu/h-x86_64-mingw32/bin/../lib/gcc/nios2-elf/4.8.3/../../../../../H-x86_64-mingw32/nios2-elf/lib\libc.a(lib_a-mallocr.o)
                0x0000000002065d48                __malloc_current_mallinfo
 .bss           0x0000000002065d70        0x0 c:/altera/14.1/nios2eds/bin/gnu/h-x86_64-mingw32/bin/../lib/gcc/nios2-elf/4.8.3/../../../../../H-x86_64-mingw32/nios2-elf/lib\libc.a(lib_a-memcpy.o)
 .bss           0x0000000002065d70        0x0 c:/altera/14.1/nios2eds/bin/gnu/h-x86_64-mingw32/bin/../lib/gcc/nios2-elf/4.8.3/../../../../../H-x86_64-mingw32/nios2-elf/lib\libc.a(lib_a-memset.o)
 .bss           0x0000000002065d70        0x0 c:/altera/14.1/nios2eds/bin/gnu/h-x86_64-mingw32/bin/../lib/gcc/nios2-elf/4.8.3/../../../../../H-x86_64-mingw32/nios2-elf/lib\libc.a(lib_a-printf.o)
 .bss           0x0000000002065d70        0x0 c:/altera/14.1/nios2eds/bin/gnu/h-x86_64-mingw32/bin/../lib/gcc/nios2-elf/4.8.3/../../../../../H-x86_64-mingw32/nios2-elf/lib\libc.a(lib_a-putchar.o)
 .bss           0x0000000002065d70        0x0 c:/altera/14.1/nios2eds/bin/gnu/h-x86_64-mingw32/bin/../lib/gcc/nios2-elf/4.8.3/../../../../../H-x86_64-mingw32/nios2-elf/lib\libc.a(lib_a-puts.o)