Archive member included to satisfy reference by file (symbol)

c:/altera/15.0/nios2eds/bin/gnu/h-x86_64-mingw32/bin/../lib/gcc/nios2-elf/4.9.1\libgcc.a(lib2-divmod.o)
                              obj/default/terasic_fat/FatFileSystem.o (__udivsi3)
c:/altera/15.0/nios2eds/bin/gnu/h-x86_64-mingw32/bin/../lib/gcc/nios2-elf/4.9.1\libgcc.a(divsf3.o)
                              obj/default/terasic_fat/FatFileSystem.o (__divsf3)
c:/altera/15.0/nios2eds/bin/gnu/h-x86_64-mingw32/bin/../lib/gcc/nios2-elf/4.9.1\libgcc.a(mulsf3.o)
                              obj/default/terasic_fat/FatFileSystem.o (__mulsf3)
c:/altera/15.0/nios2eds/bin/gnu/h-x86_64-mingw32/bin/../lib/gcc/nios2-elf/4.9.1\libgcc.a(floatunsisf.o)
                              obj/default/terasic_fat/FatFileSystem.o (__floatunsisf)
c:/altera/15.0/nios2eds/bin/gnu/h-x86_64-mingw32/bin/../lib/gcc/nios2-elf/4.9.1\libgcc.a(divdf3.o)
                              obj/default/terasic_fat/FatFileSystem.o (__divdf3)
c:/altera/15.0/nios2eds/bin/gnu/h-x86_64-mingw32/bin/../lib/gcc/nios2-elf/4.9.1\libgcc.a(extendsfdf2.o)
                              obj/default/terasic_fat/FatFileSystem.o (__extendsfdf2)
c:/altera/15.0/nios2eds/bin/gnu/h-x86_64-mingw32/bin/../lib/gcc/nios2-elf/4.9.1\libgcc.a(truncdfsf2.o)
                              obj/default/terasic_fat/FatFileSystem.o (__truncdfsf2)
c:/altera/15.0/nios2eds/bin/gnu/h-x86_64-mingw32/bin/../lib/gcc/nios2-elf/4.9.1\libgcc.a(_clzsi2.o)
                              c:/altera/15.0/nios2eds/bin/gnu/h-x86_64-mingw32/bin/../lib/gcc/nios2-elf/4.9.1\libgcc.a(divsf3.o) (__clzsi2)
c:/altera/15.0/nios2eds/bin/gnu/h-x86_64-mingw32/bin/../lib/gcc/nios2-elf/4.9.1\libgcc.a(_clz.o)
                              c:/altera/15.0/nios2eds/bin/gnu/h-x86_64-mingw32/bin/../lib/gcc/nios2-elf/4.9.1\libgcc.a(_clzsi2.o) (__clz_tab)
c:/altera/15.0/nios2eds/bin/gnu/h-x86_64-mingw32/bin/../lib/gcc/nios2-elf/4.9.1/../../../../../H-x86_64-mingw32/nios2-elf/lib\libc.a(lib_a-fclose.o)
                              obj/default/main.o (fclose)
c:/altera/15.0/nios2eds/bin/gnu/h-x86_64-mingw32/bin/../lib/gcc/nios2-elf/4.9.1/../../../../../H-x86_64-mingw32/nios2-elf/lib\libc.a(lib_a-fflush.o)
                              c:/altera/15.0/nios2eds/bin/gnu/h-x86_64-mingw32/bin/../lib/gcc/nios2-elf/4.9.1/../../../../../H-x86_64-mingw32/nios2-elf/lib\libc.a(lib_a-fclose.o) (_fflush_r)
c:/altera/15.0/nios2eds/bin/gnu/h-x86_64-mingw32/bin/../lib/gcc/nios2-elf/4.9.1/../../../../../H-x86_64-mingw32/nios2-elf/lib\libc.a(lib_a-findfp.o)
                              c:/altera/15.0/nios2eds/bin/gnu/h-x86_64-mingw32/bin/../lib/gcc/nios2-elf/4.9.1/../../../../../H-x86_64-mingw32/nios2-elf/lib\libc.a(lib_a-fclose.o) (__sinit)
c:/altera/15.0/nios2eds/bin/gnu/h-x86_64-mingw32/bin/../lib/gcc/nios2-elf/4.9.1/../../../../../H-x86_64-mingw32/nios2-elf/lib\libc.a(lib_a-fopen.o)
                              obj/default/main.o (fopen)
c:/altera/15.0/nios2eds/bin/gnu/h-x86_64-mingw32/bin/../lib/gcc/nios2-elf/4.9.1/../../../../../H-x86_64-mingw32/nios2-elf/lib\libc.a(lib_a-freer.o)
                              c:/altera/15.0/nios2eds/bin/gnu/h-x86_64-mingw32/bin/../lib/gcc/nios2-elf/4.9.1/../../../../../H-x86_64-mingw32/nios2-elf/lib\libc.a(lib_a-fclose.o) (_free_r)
c:/altera/15.0/nios2eds/bin/gnu/h-x86_64-mingw32/bin/../lib/gcc/nios2-elf/4.9.1/../../../../../H-x86_64-mingw32/nios2-elf/lib\libc.a(lib_a-fseek.o)
                              c:/altera/15.0/nios2eds/bin/gnu/h-x86_64-mingw32/bin/../lib/gcc/nios2-elf/4.9.1/../../../../../H-x86_64-mingw32/nios2-elf/lib\libc.a(lib_a-fopen.o) (_fseek_r)
c:/altera/15.0/nios2eds/bin/gnu/h-x86_64-mingw32/bin/../lib/gcc/nios2-elf/4.9.1/../../../../../H-x86_64-mingw32/nios2-elf/lib\libc.a(lib_a-fstatr.o)
                              c:/altera/15.0/nios2eds/bin/gnu/h-x86_64-mingw32/bin/../lib/gcc/nios2-elf/4.9.1/../../../../../H-x86_64-mingw32/nios2-elf/lib\libc.a(lib_a-fseek.o) (_fstat_r)
c:/altera/15.0/nios2eds/bin/gnu/h-x86_64-mingw32/bin/../lib/gcc/nios2-elf/4.9.1/../../../../../H-x86_64-mingw32/nios2-elf/lib\libc.a(lib_a-fwalk.o)
                              c:/altera/15.0/nios2eds/bin/gnu/h-x86_64-mingw32/bin/../lib/gcc/nios2-elf/4.9.1/../../../../../H-x86_64-mingw32/nios2-elf/lib\libc.a(lib_a-findfp.o) (_fwalk)
c:/altera/15.0/nios2eds/bin/gnu/h-x86_64-mingw32/bin/../lib/gcc/nios2-elf/4.9.1/../../../../../H-x86_64-mingw32/nios2-elf/lib\libc.a(lib_a-fwrite.o)
                              obj/default/main.o (fwrite)
c:/altera/15.0/nios2eds/bin/gnu/h-x86_64-mingw32/bin/../lib/gcc/nios2-elf/4.9.1/../../../../../H-x86_64-mingw32/nios2-elf/lib\libc.a(lib_a-impure.o)
                              c:/altera/15.0/nios2eds/bin/gnu/h-x86_64-mingw32/bin/../lib/gcc/nios2-elf/4.9.1/../../../../../H-x86_64-mingw32/nios2-elf/lib\libc.a(lib_a-fflush.o) (_global_impure_ptr)
c:/altera/15.0/nios2eds/bin/gnu/h-x86_64-mingw32/bin/../lib/gcc/nios2-elf/4.9.1/../../../../../H-x86_64-mingw32/nios2-elf/lib\libc.a(lib_a-int_errno.o)
[...]
Memory Configuration

Name             Origin             Length             Attributes
cfi_flash        0x0000000001800000 0x0000000000800000
reset            0x0000000002040000 0x0000000000000020
onchip_memory2   0x0000000002040020 0x000000000003ffe0
*default*        0x0000000000000000 0xffffffffffffffff

Linker script and memory map

LOAD ../DE2_115_SD_CARD_bsp//obj/HAL/src/crt0.o
LOAD obj/default/main.o
LOAD obj/default/terasic_fat/FatFileSystem.o
LOAD obj/default/terasic_fat/FatInternal.o
LOAD obj/default/terasic_lib/debug.o
LOAD obj/default/terasic_sdcard/crc16.o
LOAD obj/default/terasic_sdcard/crc7.o
LOAD obj/default/terasic_sdcard/sd_hal.o
LOAD obj/default/terasic_sdcard/sd_lib.o
LOAD obj/default/terasic_sdcard/sd_protocol.o
LOAD c:/altera/15.0/nios2eds/bin/gnu/h-x86_64-mingw32/bin/../lib/gcc/nios2-elf/4.9.1/../../../../../H-x86_64-mingw32/nios2-elf/lib\libstdc++.a
LOAD c:/altera/15.0/nios2eds/bin/gnu/h-x86_64-mingw32/bin/../lib/gcc/nios2-elf/4.9.1/../../../../../H-x86_64-mingw32/nios2-elf/lib\libm.a
LOAD c:/altera/15.0/nios2eds/bin/gnu/h-x86_64-mingw32/bin/../lib/gcc/nios2-elf/4.9.1\libgcc.a
START GROUP
LOAD c:/altera/15.0/nios2eds/bin/gnu/h-x86_64-mingw32/bin/../lib/gcc/nios2-elf/4.9.1/../../../../../H-x86_64-mingw32/nios2-elf/lib\libc.a
LOAD c:/altera/15.0/nios2eds/bin/gnu/h-x86_64-mingw32/bin/../lib/gcc/nios2-elf/4.9.1\libgcc.a
LOAD ../DE2_115_SD_CARD_bsp/\libhal_bsp.a
END GROUP
LOAD c:/altera/15.0/nios2eds/bin/gnu/h-x86_64-mingw32/bin/../lib/gcc/nios2-elf/4.9.1\libgcc.a
                0x0000000001800000                __alt_mem_cfi_flash = 0x1800000
                0x0000000002040000                __alt_mem_onchip_memory2 = 0x2040000

.entry          0x0000000002040000       0x20
 *(.entry)
 .entry         0x0000000002040000       0x20 ../DE2_115_SD_CARD_bsp//obj/HAL/src/crt0.o
                0x0000000002040000                __reset

.exceptions     0x0000000002040020      0x19c
                0x0000000002040020                PROVIDE (__ram_exceptions_start, ABSOLUTE (.))
                0x0000000002040020                . = ALIGN (0x20)
 *(.irq)
 *(.exceptions.entry.label)
 .exceptions.entry.label
                0x0000000002040020        0x0 ../DE2_115_SD_CARD_bsp/\libhal_bsp.a(alt_irq_entry.o)
                0x0000000002040020                alt_irq_entry
 .exceptions.entry.label
                0x0000000002040020        0x0 ../DE2_115_SD_CARD_bsp/\libhal_bsp.a(alt_exception_entry.o)
                0x0000000002040020                alt_exception
 *(.exceptions.entry.user)
 *(.exceptions.entry.ecc_fatal)
 *(.exceptions.entry)
 .exceptions.entry
                0x0000000002040020       0x54 ../DE2_115_SD_CARD_bsp/\libhal_bsp.a(alt_exception_entry.o)
 *(.exceptions.irqtest.user)
 *(.exceptions.irqtest)
 .exceptions.irqtest
                0x0000000002040074       0x10 ../DE2_115_SD_CARD_bsp/\libhal_bsp.a(alt_irq_entry.o)
 *(.exceptions.irqhandler.user)
 *(.exceptions.irqhandler)
 .exceptions.irqhandler
                0x0000000002040084        0x4 ../DE2_115_SD_CARD_bsp/\libhal_bsp.a(alt_irq_entry.o)
 *(.exceptions.irqreturn.user)
 *(.exceptions.irqreturn)
 .exceptions.irqreturn
                0x0000000002040088        0x4 ../DE2_115_SD_CARD_bsp/\libhal_bsp.a(alt_irq_entry.o)
 *(.exceptions.notirq.label)
 .exceptions.notirq.label
                0x000000000204008c        0x0 ../DE2_115_SD_CARD_bsp/\libhal_bsp.a(alt_irq_entry.o)
 *(.exceptions.notirq.user)
 *(.exceptions.notirq)
 .exceptions.notirq
                0x000000000204008c        0x8 ../DE2_115_SD_CARD_bsp/\libhal_bsp.a(alt_exception_entry.o)
 *(.exceptions.soft.user)
 *(.exceptions.soft)
 *(.exceptions.unknown.user)
 *(.exceptions.unknown)
 .exceptions.unknown
                0x0000000002040094        0x4 ../DE2_115_SD_CARD_bsp/\libhal_bsp.a(alt_exception_entry.o)
 *(.exceptions.exit.label)
 .exceptions.exit.label
                0x0000000002040098        0x0 ../DE2_115_SD_CARD_bsp/\libhal_bsp.a(alt_irq_entry.o)
 .exceptions.exit.label
                0x0000000002040098        0x0 ../DE2_115_SD_CARD_bsp/\libhal_bsp.a(alt_exception_entry.o)
 *(.exceptions.exit.user)
 *(.exceptions.exit)
 .exceptions.exit
                0x0000000002040098       0x54 ../DE2_115_SD_CARD_bsp/\libhal_bsp.a(alt_exception_entry.o)
 *(.exceptions)
 .exceptions    0x00000000020400ec       0xd0 ../DE2_115_SD_CARD_bsp/\libhal_bsp.a(alt_irq_handler.o)
                0x00000000020400ec                alt_irq_handler
                0x00000000020401bc                PROVIDE (__ram_exceptions_end, ABSOLUTE (.))
                0x0000000002040020                PROVIDE (__flash_exceptions_start, LOADADDR (.exceptions))

.text           0x00000000020401bc    0x21b04
                0x00000000020401bc                PROVIDE (stext, ABSOLUTE (.))
 *(.interp)
 *(.hash)
 *(.dynsym)
 *(.dynstr)
 *(.gnu.version)
 *(.gnu.version_d)
 *(.gnu.version_r)
 *(.rel.init)
 *(.rela.init)
 *(.rel.text .rel.text.* .rel.gnu.linkonce.t.*)
 *(.rela.text .rela.text.* .rela.gnu.linkonce.t.*)
 *(.rel.fini)
 *(.rela.fini)
 *(.rel.rodata .rel.rodata.* .rel.gnu.linkonce.r.*)
 *(.rela.rodata .rela.rodata.* .rela.gnu.linkonce.r.*)
 *(.rel.data .rel.data.* .rel.gnu.linkonce.d.*)
 *(.rela.data .rela.data.* .rela.gnu.linkonce.d.*)
 *(.rel.tdata .rel.tdata.* .rel.gnu.linkonce.td.*)
 *(.rela.tdata .rela.tdata.* .rela.gnu.linkonce.td.*)
 *(.rel.tbss .rel.tbss.* .rel.gnu.linkonce.tb.*)
 *(.rela.tbss .rela.tbss.* .rela.gnu.linkonce.tb.*)
 *(.rel.ctors)
 *(.rela.ctors)
 *(.rel.dtors)
 *(.rela.dtors)
 *(.rel.got)
 *(.rela.got)
 *(.rel.sdata .rel.sdata.* .rel.gnu.linkonce.s.*)
 *(.rela.sdata .rela.sdata.* .rela.gnu.linkonce.s.*)
 *(.rel.sbss .rel.sbss.* .rel.gnu.linkonce.sb.*)
 *(.rela.sbss .rela.sbss.* .rela.gnu.linkonce.sb.*)
 *(.rel.sdata2 .rel.sdata2.* .rel.gnu.linkonce.s2.*)
 *(.rela.sdata2 .rela.sdata2.* .rela.gnu.linkonce.s2.*)
 *(.rel.sbss2 .rel.sbss2.* .rel.gnu.linkonce.sb2.*)
 *(.rela.sbss2 .rela.sbss2.* .rela.gnu.linkonce.sb2.*)
 *(.rel.bss .rel.bss.* .rel.gnu.linkonce.b.*)
 *(.rela.bss .rela.bss.* .rela.gnu.linkonce.b.*)
 *(.rel.plt)
 *(.rela.plt)
 *(.rel.dyn)
 *(.init)
 *(.plt)
 *(.text .stub .text.* .gnu.linkonce.t.*)
 .text          0x00000000020401bc       0x4c ../DE2_115_SD_CARD_bsp//obj/HAL/src/crt0.o
                0x00000000020401bc                _start
 .text          0x0000000002040208      0x690 obj/default/main.o
                0x0000000002040208                LCD_Open
                0x0000000002040258                LCD_TextOut
                0x00000000020402b8                LCD_Clear
                0x0000000002040338                LCD_Close
                0x0000000002040374                Fat_Test
                0x0000000002040764                main
 .text          0x0000000002040898     0x1204 obj/default/terasic_fat/FatFileSystem.o
                0x0000000002040898                Fat_Mount
                0x00000000020408dc                Fat_Unmount
                0x0000000002040928                Fat_Type
                0x0000000002040994                Fat_FileBrowseBegin
                0x0000000002040a00                Fat_FileBrowseNext
                0x0000000002040e2c                Fat_FileCount
                0x0000000002040e98                fatSameLongFilename
                0x0000000002040f2c                fatComposeShortFilename
                0x00000000020410dc                Fat_FileExist
                0x000000000204118c                Fat_FileOpen
                0x00000000020412b4                Fat_FileSize
                0x00000000020412f8                Fat_FileRead
                0x0000000002041768                Fat_FileSeek
                0x0000000002041868                Fat_FileClose
                0x00000000020418ac                Fat_SpeedTest
 .text          0x0000000002041a9c     0x1110 obj/default/terasic_fat/FatInternal.o
                0x0000000002041a9c                fat16ClusterType
                0x0000000002041b4c                fat32ClusterType
                0x0000000002041c18                fatNextCluster
                0x0000000002041d80                fatFindUnusedCluster
                0x0000000002041ef8                fatDelClusterList
                0x00000000020420e0                fatDumpDate
                0x000000000204213c                fatDumpTime
                0x0000000002042198                fatIsLastDir
                0x00000000020421dc                fatIsValidDir
                0x0000000002042284                fatIsUnusedDir
                0x00000000020422cc                fatDump
                0x0000000002042464                fatArray2Value
                0x00000000020424ec                fatReadSecter
                0x000000000204257c                fatFindDirectory
                0x0000000002042628                fatFindUnusedDirectory
                0x0000000002042738                fatMount
                0x0000000002042a40                SD_ReadBlock512
                0x0000000002042a7c                SD_WriteBlock512
                0x0000000002042ab8                fatMountSdcard
 .text          0x0000000002042bac      0x1b4 obj/default/terasic_lib/debug.o
                0x0000000002042bac                debug_output
                0x0000000002042bdc                myprintf
                0x0000000002042c48                myprintf_hexarray
                0x0000000002042cd0                myprintf_dwordarray
 .text          0x0000000002042d60       0xa4 obj/default/terasic_sdcard/crc16.o
                0x0000000002042d60                crc16
 .text          0x0000000002042e04       0xc0 obj/default/terasic_sdcard/crc7.o
                0x0000000002042e04                crc7_byte
                0x0000000002042e54                crc7
 .text          0x0000000002042ec4      0x9e8 obj/default/terasic_sdcard/sd_hal.o
                0x0000000002042ec4                SDHAL_IsSupport4Bits
                0x0000000002042ef0                SDHAL_Init
                0x0000000002042f48                SDHAL_SendCmd
                0x0000000002043028                SDHAL_GetResponse
                0x0000000002043214                SDHAL_ReadData
                0x00000000020436ac                SDHAL_WriteData
                0x0000000002043854                SDHAL_DummyClock
 .text          0x00000000020438ac      0x434 obj/default/terasic_sdcard/sd_lib.o
                0x00000000020438ac                SDLIB_Init
                0x0000000002043be0                SDLIB_ReadBlock512
                0x0000000002043c60                SDLIB_WriteBlock512
 .text          0x0000000002043ce0     0x16a4 obj/default/terasic_sdcard/sd_protocol.o
                0x0000000002043ce0                SD_Init
                0x0000000002043d08                SD_IsSupport4Bits
                0x0000000002043d30                SD_CMD0
                0x0000000002043db8                SD_CMD8
                0x0000000002043f44                SD_CMD55
                0x00000000020440c4                SD_ACMD41
                0x0000000002044260                SD_CMD2
                0x00000000020443f8                SD_CMD3
                0x0000000002044594                SD_CMD9
                0x0000000002044754                SD_CMD10
                0x0000000002044914                SD_CMD7
                0x0000000002044a94                SD_CMD16
                0x0000000002044c34                SD_ACMD6
                0x0000000002044dc0                SD_ACMD42
                0x0000000002044f40                SD_CMD17
                0x00000000020450e8                SD_CMD24
                0x0000000002045290                SD_ReadData
                0x00000000020452d0                SD_WriteData
                0x0000000002045310                ArrayToU32
 .text          0x0000000002045384      0x12c c:/altera/15.0/nios2eds/bin/gnu/h-x86_64-mingw32/bin/../lib/gcc/nios2-elf/4.9.1\libgcc.a(lib2-divmod.o)
                0x00000000020453f0                __divsi3
                0x0000000002045444                __modsi3
                0x00000000020454a0                __udivsi3
                0x00000000020454a8                __umodsi3
 .text          0x00000000020454b0      0x450 c:/altera/15.0/nios2eds/bin/gnu/h-x86_64-mingw32/bin/../lib/gcc/nios2-elf/4.9.1\libgcc.a(divsf3.o)
                0x00000000020454b0                __divsf3
 .text          0x0000000002045900      0x424 c:/altera/15.0/nios2eds/bin/gnu/h-x86_64-mingw32/bin/../lib/gcc/nios2-elf/4.9.1\libgcc.a(mulsf3.o)
                0x0000000002045900                __mulsf3
 .text          0x0000000002045d24      0x110 c:/altera/15.0/nios2eds/bin/gnu/h-x86_64-mingw32/bin/../lib/gcc/nios2-elf/4.9.1\libgcc.a(floatunsisf.o)
                0x0000000002045d24                __floatunsisf
 .text          0x0000000002045e34      0x8cc c:/altera/15.0/nios2eds/bin/gnu/h-x86_64-mingw32/bin/../lib/gcc/nios2-elf/4.9.1\libgcc.a(divdf3.o)
                0x0000000002045e34                __divdf3
 .text          0x0000000002046700      0x110 c:/altera/15.0/nios2eds/bin/gnu/h-x86_64-mingw32/bin/../lib/gcc/nios2-elf/4.9.1\libgcc.a(extendsfdf2.o)
                0x0000000002046700                __extendsfdf2
 .text          0x0000000002046810      0x198 c:/altera/15.0/nios2eds/bin/gnu/h-x86_64-mingw32/bin/../lib/gcc/nios2-elf/4.9.1\libgcc.a(truncdfsf2.o)
                0x0000000002046810                __truncdfsf2
 .text          0x00000000020469a8       0x64 c:/altera/15.0/nios2eds/bin/gnu/h-x86_64-mingw32/bin/../lib/gcc/nios2-elf/4.9.1\libgcc.a(_clzsi2.o)
                0x00000000020469a8                __clzsi2
 .text          0x0000000002046a0c        0x0 c:/altera/15.0/nios2eds/bin/gnu/h-x86_64-mingw32/bin/../lib/gcc/nios2-elf/4.9.1\libgcc.a(_clz.o)
 .text          0x0000000002046a0c      0x114 c:/altera/15.0/nios2eds/bin/gnu/h-x86_64-mingw32/bin/../lib/gcc/nios2-elf/4.9.1/../../../../../H-x86_64-mingw32/nios2-elf/lib\libc.a(lib_a-fclose.o)
                0x0000000002046a0c                _fclose_r
                0x0000000002046b0c                fclose
 .text          0x0000000002046b20      0x258 c:/altera/15.0/nios2eds/bin/gnu/h-x86_64-mingw32/bin/../lib/gcc/nios2-elf/4.9.1/../../../../../H-x86_64-mingw32/nios2-elf/lib\libc.a(lib_a-fflush.o)
                0x0000000002046b20                _fflush_r
                0x0000000002046d48                fflush
 .text          0x0000000002046d78      0x3a0 c:/altera/15.0/nios2eds/bin/gnu/h-x86_64-mingw32/bin/../lib/gcc/nios2-elf/4.9.1/../../../../../H-x86_64-mingw32/nios2-elf/lib\libc.a(lib_a-findfp.o)
                0x0000000002046d88                _cleanup_r
                0x0000000002046f34                __sfmoreglue
                0x0000000002046f98                __sfp
                0x00000000020470b0                _cleanup
                0x00000000020470c8                __sinit
                0x00000000020470d8                __sfp_lock_acquire
                0x00000000020470dc                __sfp_lock_release
                0x00000000020470e0                __sinit_lock_acquire
                0x00000000020470e4                __sinit_lock_release
                0x00000000020470e8                __fp_lock_all
                0x0000000002047100                __fp_unlock_all
 .text          0x0000000002047118      0x10c c:/altera/15.0/nios2eds/bin/gnu/h-x86_64-mingw32/bin/../lib/gcc/nios2-elf/4.9.1/../../../../../H-x86_64-mingw32/nios2-elf/lib\libc.a(lib_a-fopen.o)
                0x0000000002047118                _fopen_r
                0x0000000002047208                fopen
 .text          0x0000000002047224      0x414 c:/altera/15.0/nios2eds/bin/gnu/h-x86_64-mingw32/bin/../lib/gcc/nios2-elf/4.9.1/../../../../../H-x86_64-mingw32/nios2-elf/lib\libc.a(lib_a-freer.o)
                0x0000000002047224                _malloc_trim_r
                0x0000000002047348                _free_r
 .text          0x0000000002047638      0x478 c:/altera/15.0/nios2eds/bin/gnu/h-x86_64-mingw32/bin/../lib/gcc/nios2-elf/4.9.1/../../../../../H-x86_64-mingw32/nios2-elf/lib\libc.a(lib_a-fseek.o)
                0x0000000002047638                _fseek_r
                0x0000000002047a8c                fseek
 .text          0x0000000002047ab0       0x58 c:/altera/15.0/nios2eds/bin/gnu/h-x86_64-mingw32/bin/../lib/gcc/nios2-elf/4.9.1/../../../../../H-x86_64-mingw32/nios2-elf/lib\libc.a(lib_a-fstatr.o)
                0x0000000002047ab0                _fstat_r
 .text          0x0000000002047b08      0x170 c:/altera/15.0/nios2eds/bin/gnu/h-x86_64-mingw32/bin/../lib/gcc/nios2-elf/4.9.1/../../../../../H-x86_64-mingw32/nios2-elf/lib\libc.a(lib_a-fwalk.o)
                0x0000000002047b08                _fwalk
                0x0000000002047bc0                _fwalk_reent
 .text          0x0000000002047c78      0x10c c:/altera/15.0/nios2eds/bin/gnu/h-x86_64-mingw32/bin/../lib/gcc/nios2-elf/4.9.1/../../../../../H-x86_64-mingw32/nios2-elf/lib\libc.a(lib_a-fwrite.o)
                0x0000000002047c78                _fwrite_r
                0x0000000002047d44                fwrite
 .text          0x0000000002047d84        0x0 c:/altera/15.0/nios2eds/bin/gnu/h-x86_64-mingw32/bin/../lib/gcc/nios2-elf/4.9.1/../../../../../H-x86_64-mingw32/nios2-elf/lib\libc.a(lib_a-impure.o)
 .text          0x0000000002047d84        0x0 c:/altera/15.0/nios2eds/bin/gnu/h-x86_64-mingw32/bin/../lib/gcc/nios2-elf/4.9.1/../../../../../H-x86_64-mingw32/nios2-elf/lib\libc.a(lib_a-int_errno.o)
 .text          0x0000000002047d84      0x1b8 c:/altera/15.0/nios2eds/bin/gnu/h-x86_64-mingw32/bin/../lib/gcc/nios2-elf/4.9.1/../../../../../H-x86_64-mingw32/nios2-elf/lib\libc.a(lib_a-makebuf.o)
                0x0000000002047d84                __smakebuf_r
 .text          0x0000000002047f3c       0x28 c:/altera/15.0/nios2eds/bin/gnu/h-x86_64-mingw32/bin/../lib/gcc/nios2-elf/4.9.1/../../../../../H-x86_64-mingw32/nios2-elf/lib\libc.a(lib_a-malloc.o)
                0x0000000002047f3c                malloc
                0x0000000002047f50                free
 .text          0x0000000002047f64      0x7a8 c:/altera/15.0/nios2eds/bin/gnu/h-x86_64-mingw32/bin/../lib/gcc/nios2-elf/4.9.1/../../../../../H-x86_64-mingw32/nios2-elf/lib\libc.a(lib_a-mallocr.o)
                0x0000000002047f64                _malloc_r
 .text          0x000000000204870c      0x138 c:/altera/15.0/nios2eds/bin/gnu/h-x86_64-mingw32/bin/../lib/gcc/nios2-elf/4.9.1/../../../../../H-x86_64-mingw32/nios2-elf/lib\libc.a(lib_a-memcpy.o)
                0x000000000204870c                memcpy
 .text          0x0000000002048844      0x124 c:/altera/15.0/nios2eds/bin/gnu/h-x86_64-mingw32/bin/../lib/gcc/nios2-elf/4.9.1/../../../../../H-x86_64-mingw32/nios2-elf/lib\libc.a(lib_a-memset.o)
                0x0000000002048844                memset
 .text          0x0000000002048968       0x5c c:/altera/15.0/nios2eds/bin/gnu/h-x86_64-mingw32/bin/../lib/gcc/nios2-elf/4.9.1/../../../../../H-x86_64-mingw32/nios2-elf/lib\libc.a(lib_a-openr.o)
                0x0000000002048968                _open_r
 .text          0x00000000020489c4       0x68 c:/altera/15.0/nios2eds/bin/gnu/h-x86_64-mingw32/bin/../lib/gcc/nios2-elf/4.9.1/../../../../../H-x86_64-mingw32/nios2-elf/lib\libc.a(lib_a-printf.o)
                0x00000000020489c4                _printf_r
                0x00000000020489f0                printf
 .text          0x0000000002048a2c       0x20 c:/altera/15.0/nios2eds/bin/gnu/h-x86_64-mingw32/bin/../lib/gcc/nios2-elf/4.9.1/../../../../../H-x86_64-mingw32/nios2-elf/lib\libc.a(lib_a-putchar.o)
                0x0000000002048a2c                _putchar_r
                0x0000000002048a34                putchar
 .text          0x0000000002048a4c       0xcc c:/altera/15.0/nios2eds/bin/gnu/h-x86_64-mingw32/bin/../lib/gcc/nios2-elf/4.9.1/../../../../../H-x86_64-mingw32/nios2-elf/lib\libc.a(lib_a-puts.o)
                0x0000000002048a4c                _puts_r
                0x0000000002048b04                puts
 .text          0x0000000002048b18      0x1c4 c:/altera/15.0/nios2eds/bin/gnu/h-x86_64-mingw32/bin/../lib/gcc/nios2-elf/4.9.1/../../../../../H-x86_64-mingw32/nios2-elf/lib\libc.a(lib_a-refill.o)
                0x0000000002048b34                __srefill_r
 .text          0x0000000002048cdc       0x54 c:/altera/15.0/nios2eds/bin/gnu/h-x86_64-mingw32/bin/../lib/gcc/nios2-elf/4.9.1/../../../../../H-x86_64-mingw32/nios2-elf/lib\libc.a(lib_a-sbrkr.o)
                0x0000000002048cdc                _sbrk_r
 .text          0x0000000002048d30       0x68 c:/altera/15.0/nios2eds/bin/gnu/h-x86_64-mingw32/bin/../lib/gcc/nios2-elf/4.9.1/../../../../../H-x86_64-mingw32/nios2-elf/lib\libc.a(lib_a-scanf.o)
                0x0000000002048d30                scanf
                0x0000000002048d6c                _scanf_r
 .text          0x0000000002048d98       0xc4 c:/altera/15.0/nios2eds/bin/gnu/h-x86_64-mingw32/bin/../lib/gcc/nios2-elf/4.9.1/../../../../../H-x86_64-mingw32/nios2-elf/lib\libc.a(lib_a-sprintf.o)
                0x0000000002048d98                _sprintf_r
                0x0000000002048df0                sprintf
 .text          0x0000000002048e5c      0x13c c:/altera/15.0/nios2eds/bin/gnu/h-x86_64-mingw32/bin/../lib/gcc/nios2-elf/4.9.1/../../../../../H-x86_64-mingw32/nios2-elf/lib\libc.a(lib_a-stdio.o)
                0x0000000002048e5c                __sread
                0x0000000002048eb0                __seofread
                0x0000000002048eb8                __swrite
                0x0000000002048f34                __sseek
                0x0000000002048f90                __sclose
 .text          0x0000000002048f98       0x70 c:/altera/15.0/nios2eds/bin/gnu/h-x86_64-mingw32/bin/../lib/gcc/nios2-elf/4.9.1/../../../../../H-x86_64-mingw32/nios2-elf/lib\libc.a(lib_a-strcasecmp.o)
                0x0000000002048f98                strcasecmp
 .text          0x0000000002049008       0x98 c:/altera/15.0/nios2eds/bin/gnu/h-x86_64-mingw32/bin/../lib/gcc/nios2-elf/4.9.1/../../../../../H-x86_64-mingw32/nios2-elf/lib\libc.a(lib_a-strlen.o)
                0x0000000002049008                strlen
 .text          0x00000000020490a0     0x1f90 c:/altera/15.0/nios2eds/bin/gnu/h-x86_64-mingw32/bin/../lib/gcc/nios2-elf/4.9.1/../../../../../H-x86_64-mingw32/nios2-elf/lib\libc.a(lib_a-svfprintf.o)
                0x00000000020490a0                ___svfprintf_internal_r
 .text          0x000000000204b030     0x2020 c:/altera/15.0/nios2eds/bin/gnu/h-x86_64-mingw32/bin/../lib/gcc/nios2-elf/4.9.1/../../../../../H-x86_64-mingw32/nios2-elf/lib\libc.a(lib_a-vfprintf.o)
                0x000000000204b030                ___vfprintf_internal_r
                0x000000000204d02c                __vfprintf_internal
 .text          0x000000000204d050     0x1840 c:/altera/15.0/nios2eds/bin/gnu/h-x86_64-mingw32/bin/../lib/gcc/nios2-elf/4.9.1/../../../../../H-x86_64-mingw32/nios2-elf/lib\libc.a(lib_a-vfscanf.o)
                0x000000000204d050                __svfscanf_r
                0x000000000204e7b8                vfscanf
                0x000000000204e820                __svfscanf
                0x000000000204e844                _vfscanf_r
 .text          0x000000000204e890      0x130 c:/altera/15.0/nios2eds/bin/gnu/h-x86_64-mingw32/bin/../lib/gcc/nios2-elf/4.9.1/../../../../../H-x86_64-mingw32/nios2-elf/lib\libc.a(lib_a-vsnprintf.o)
                0x000000000204e890                _vsnprintf_r
                0x000000000204e980                vsnprintf
 .text          0x000000000204e9c0       0x5c c:/altera/15.0/nios2eds/bin/gnu/h-x86_64-mingw32/bin/../lib/gcc/nios2-elf/4.9.1/../../../../../H-x86_64-mingw32/nios2-elf/lib\libc.a(lib_a-writer.o)
                0x000000000204e9c0                _write_r
 .text          0x000000000204ea1c      0x130 c:/altera/15.0/nios2eds/bin/gnu/h-x86_64-mingw32/bin/../lib/gcc/nios2-elf/4.9.1/../../../../../H-x86_64-mingw32/nios2-elf/lib\libc.a(lib_a-wsetup.o)
                0x000000000204ea1c                __swsetup_r
 .text          0x000000000204eb4c       0x54 c:/altera/15.0/nios2eds/bin/gnu/h-x86_64-mingw32/bin/../lib/gcc/nios2-elf/4.9.1/../../../../../H-x86_64-mingw32/nios2-elf/lib\libc.a(closer.o)
                0x000000000204eb4c                _close_r
 .text          0x000000000204eba0        0x0 c:/altera/15.0/nios2eds/bin/gnu/h-x86_64-mingw32/bin/../lib/gcc/nios2-elf/4.9.1/../../../../../H-x86_64-mingw32/nios2-elf/lib\libc.a(lib_a-ctype_.o)
 .text          0x000000000204eba0     0x1928 c:/altera/15.0/nios2eds/bin/gnu/h-x86_64-mingw32/bin/../lib/gcc/nios2-elf/4.9.1/../../../../../H-x86_64-mingw32/nios2-elf/lib\libc.a(lib_a-dtoa.o)
                0x000000000204eda0                _dtoa_r
 .text          0x00000000020504c8       0x98 c:/altera/15.0/nios2eds/bin/gnu/h-x86_64-mingw32/bin/../lib/gcc/nios2-elf/4.9.1/../../../../../H-x86_64-mingw32/nios2-elf/lib\libc.a(lib_a-flags.o)
                0x00000000020504c8                __sflags
 .text          0x0000000002050560      0x280 c:/altera/15.0/nios2eds/bin/gnu/h-x86_64-mingw32/bin/../lib/gcc/nios2-elf/4.9.1/../../../../../H-x86_64-mingw32/nios2-elf/lib\libc.a(lib_a-fread.o)
                0x0000000002050560                _fread_r
                0x00000000020507a0                fread
 .text          0x00000000020507e0      0x4a4 c:/altera/15.0/nios2eds/bin/gnu/h-x86_64-mingw32/bin/../lib/gcc/nios2-elf/4.9.1/../../../../../H-x86_64-mingw32/nios2-elf/lib\libc.a(lib_a-fvwrite.o)
                0x00000000020507e0                __sfvwrite_r
 .text          0x0000000002050c84       0x54 c:/altera/15.0/nios2eds/bin/gnu/h-x86_64-mingw32/bin/../lib/gcc/nios2-elf/4.9.1/../../../../../H-x86_64-mingw32/nios2-elf/lib\libc.a(lib_a-isattyr.o)
                0x0000000002050c84                _isatty_r
 .text          0x0000000002050cd8       0x30 c:/altera/15.0/nios2eds/bin/gnu/h-x86_64-mingw32/bin/../lib/gcc/nios2-elf/4.9.1/../../../../../H-x86_64-mingw32/nios2-elf/lib\libc.a(lib_a-iswspace.o)
                0x0000000002050cd8                iswspace
 .text          0x0000000002050d08       0xe0 c:/altera/15.0/nios2eds/bin/gnu/h-x86_64-mingw32/bin/../lib/gcc/nios2-elf/4.9.1/../../../../../H-x86_64-mingw32/nios2-elf/lib\libc.a(lib_a-locale.o)
                0x0000000002050d08                _setlocale_r
                0x0000000002050d84                __locale_charset
                0x0000000002050d90                __locale_mb_cur_max
                0x0000000002050da0                __locale_msgcharset
                0x0000000002050dac                __locale_cjk_lang
                0x0000000002050db4                _localeconv_r
                0x0000000002050dc0                setlocale
                0x0000000002050ddc                localeconv
 .text          0x0000000002050de8       0x5c c:/altera/15.0/nios2eds/bin/gnu/h-x86_64-mingw32/bin/../lib/gcc/nios2-elf/4.9.1/../../../../../H-x86_64-mingw32/nios2-elf/lib\libc.a(lib_a-lseekr.o)
                0x0000000002050de8                _lseek_r
 .text          0x0000000002050e44      0x19c c:/altera/15.0/nios2eds/bin/gnu/h-x86_64-mingw32/bin/../lib/gcc/nios2-elf/4.9.1/../../../../../H-x86_64-mingw32/nios2-elf/lib\libc.a(lib_a-mbrtowc.o)
                0x0000000002050e44                _mbrtowc_r
                0x0000000002050ef0                mbrtowc
 .text          0x0000000002050fe0       0xa0 c:/altera/15.0/nios2eds/bin/gnu/h-x86_64-mingw32/bin/../lib/gcc/nios2-elf/4.9.1/../../../../../H-x86_64-mingw32/nios2-elf/lib\libc.a(lib_a-mbtowc_r.o)
                0x0000000002050fe0                __ascii_mbtowc
                0x0000000002051024                _mbtowc_r
 .text          0x0000000002051080       0xe8 c:/altera/15.0/nios2eds/bin/gnu/h-x86_64-mingw32/bin/../lib/gcc/nios2-elf/4.9.1/../../../../../H-x86_64-mingw32/nios2-elf/lib\libc.a(lib_a-memchr.o)
                0x0000000002051080                memchr
 .text          0x0000000002051168      0x15c c:/altera/15.0/nios2eds/bin/gnu/h-x86_64-mingw32/bin/../lib/gcc/nios2-elf/4.9.1/../../../../../H-x86_64-mingw32/nios2-elf/lib\libc.a(lib_a-memmove.o)
                0x0000000002051168                memmove
 .text          0x00000000020512c4      0xf8c c:/altera/15.0/nios2eds/bin/gnu/h-x86_64-mingw32/bin/../lib/gcc/nios2-elf/4.9.1/../../../../../H-x86_64-mingw32/nios2-elf/lib\libc.a(lib_a-mprec.o)
                0x00000000020512c4                _Balloc
                0x000000000205136c                _Bfree
                0x0000000002051394                __multadd
                0x00000000020514a8                __s2b
                0x00000000020515ac                __hi0bits
                0x0000000002051614                __lo0bits
                0x00000000020516c4                __i2b
                0x0000000002051700                __multiply
                0x00000000020518fc                __pow5mult
                0x0000000002051a3c                __lshift
                0x0000000002051b84                __mcmp
                0x0000000002051be4                __mdiff
                0x0000000002051d7c                __ulp
                0x0000000002051ddc                __b2d
                0x0000000002051ef8                __d2b
                0x0000000002052034                __ratio
                0x00000000020520d8                _mprec_log10
                0x000000000205214c                __copybits
                0x00000000020521c4                __any_on
 .text          0x0000000002052250      0x168 c:/altera/15.0/nios2eds/bin/gnu/h-x86_64-mingw32/bin/../lib/gcc/nios2-elf/4.9.1/../../../../../H-x86_64-mingw32/nios2-elf/lib\libc.a(lib_a-putc.o)
                0x0000000002052250                _putc_r
                0x00000000020522f0                putc
 .text          0x00000000020523b8       0x5c c:/altera/15.0/nios2eds/bin/gnu/h-x86_64-mingw32/bin/../lib/gcc/nios2-elf/4.9.1/../../../../../H-x86_64-mingw32/nios2-elf/lib\libc.a(lib_a-readr.o)
                0x00000000020523b8                _read_r
 .text          0x0000000002052414      0x5a0 c:/altera/15.0/nios2eds/bin/gnu/h-x86_64-mingw32/bin/../lib/gcc/nios2-elf/4.9.1/../../../../../H-x86_64-mingw32/nios2-elf/lib\libc.a(lib_a-reallocr.o)
                0x0000000002052414                _realloc_r
 .text          0x00000000020529b4       0x74 c:/altera/15.0/nios2eds/bin/gnu/h-x86_64-mingw32/bin/../lib/gcc/nios2-elf/4.9.1/../../../../../H-x86_64-mingw32/nios2-elf/lib\libc.a(lib_a-s_fpclassify.o)
                0x00000000020529b4                __fpclassifyd
 .text          0x0000000002052a28       0xc0 c:/altera/15.0/nios2eds/bin/gnu/h-x86_64-mingw32/bin/../lib/gcc/nios2-elf/4.9.1/../../../../../H-x86_64-mingw32/nios2-elf/lib\libc.a(lib_a-sccl.o)
                0x0000000002052a28                __sccl
 .text          0x0000000002052ae8        0x8 c:/altera/15.0/nios2eds/bin/gnu/h-x86_64-mingw32/bin/../lib/gcc/nios2-elf/4.9.1/../../../../../H-x86_64-mingw32/nios2-elf/lib\libc.a(lib_a-sf_nan.o)
                0x0000000002052ae8                nanf
 .text          0x0000000002052af0       0xa4 c:/altera/15.0/nios2eds/bin/gnu/h-x86_64-mingw32/bin/../lib/gcc/nios2-elf/4.9.1/../../../../../H-x86_64-mingw32/nios2-elf/lib\libc.a(lib_a-strcmp.o)
                0x0000000002052af0                strcmp
 .text          0x0000000002052b94     0x1660 c:/altera/15.0/nios2eds/bin/gnu/h-x86_64-mingw32/bin/../lib/gcc/nios2-elf/4.9.1/../../../../../H-x86_64-mingw32/nios2-elf/lib\libc.a(lib_a-strtod.o)
                0x0000000002052b94                _strtod_r
                0x00000000020540d4                strtod
                0x00000000020540f0                strtof
 .text          0x00000000020541f4      0x284 c:/altera/15.0/nios2eds/bin/gnu/h-x86_64-mingw32/bin/../lib/gcc/nios2-elf/4.9.1/../../../../../H-x86_64-mingw32/nios2-elf/lib\libc.a(lib_a-strtol.o)
                0x00000000020541f4                _strtol_r
                0x0000000002054454                strtol
 .text          0x0000000002054478      0x314 c:/altera/15.0/nios2eds/bin/gnu/h-x86_64-mingw32/bin/../lib/gcc/nios2-elf/4.9.1/../../../../../H-x86_64-mingw32/nios2-elf/lib\libc.a(lib_a-strtoll_r.o)
                0x0000000002054478                _strtoll_r
 .text          0x000000000205478c      0x2ac c:/altera/15.0/nios2eds/bin/gnu/h-x86_64-mingw32/bin/../lib/gcc/nios2-elf/4.9.1/../../../../../H-x86_64-mingw32/nios2-elf/lib\libc.a(lib_a-strtoul.o)
                0x000000000205478c                _strtoul_r
                0x0000000002054a14                strtoul
 .text          0x0000000002054a38      0x354 c:/altera/15.0/nios2eds/bin/gnu/h-x86_64-mingw32/bin/../lib/gcc/nios2-elf/4.9.1/../../../../../H-x86_64-mingw32/nios2-elf/lib\libc.a(lib_a-strtoull_r.o)
                0x0000000002054a38                _strtoull_r
 .text          0x0000000002054d8c     0x1230 c:/altera/15.0/nios2eds/bin/gnu/h-x86_64-mingw32/bin/../lib/gcc/nios2-elf/4.9.1/../../../../../H-x86_64-mingw32/nios2-elf/lib\libc.a(lib_a-svfiprintf.o)
                0x0000000002054d8c                __ssprint_r
                0x0000000002054f54                ___svfiprintf_internal_r
 .text          0x0000000002055fbc      0x278 c:/altera/15.0/nios2eds/bin/gnu/h-x86_64-mingw32/bin/../lib/gcc/nios2-elf/4.9.1/../../../../../H-x86_64-mingw32/nios2-elf/lib\libc.a(lib_a-ungetc.o)
                0x0000000002055fbc                __submore
                0x0000000002056090                _ungetc_r
                0x0000000002056218                ungetc
 .text          0x0000000002056234     0x1494 c:/altera/15.0/nios2eds/bin/gnu/h-x86_64-mingw32/bin/../lib/gcc/nios2-elf/4.9.1/../../../../../H-x86_64-mingw32/nios2-elf/lib\libc.a(lib_a-vfiprintf.o)
                0x0000000002056330                __sprint_r
                0x0000000002056348                ___vfiprintf_internal_r
                0x00000000020576a4                __vfiprintf_internal
 .text          0x00000000020576c8      0x170 c:/altera/15.0/nios2eds/bin/gnu/h-x86_64-mingw32/bin/../lib/gcc/nios2-elf/4.9.1/../../../../../H-x86_64-mingw32/nios2-elf/lib\libc.a(lib_a-wbuf.o)
                0x00000000020576c8                __swbuf_r
                0x000000000205781c                __swbuf
 .text          0x0000000002057838       0xc4 c:/altera/15.0/nios2eds/bin/gnu/h-x86_64-mingw32/bin/../lib/gcc/nios2-elf/4.9.1/../../../../../H-x86_64-mingw32/nios2-elf/lib\libc.a(lib_a-callocr.o)
                0x0000000002057838                _calloc_r
 .text          0x00000000020578fc      0x1dc c:/altera/15.0/nios2eds/bin/gnu/h-x86_64-mingw32/bin/../lib/gcc/nios2-elf/4.9.1/../../../../../H-x86_64-mingw32/nios2-elf/lib\libc.a(lib_a-fputwc.o)
                0x00000000020578fc                _fputwc_r
                0x0000000002057a80                fputwc
 .text          0x0000000002057ad8      0x9a0 c:/altera/15.0/nios2eds/bin/gnu/h-x86_64-mingw32/bin/../lib/gcc/nios2-elf/4.9.1/../../../../../H-x86_64-mingw32/nios2-elf/lib\libc.a(lib_a-gdtoa-gethex.o)
                0x0000000002057bd8                __hexdig_init
                0x0000000002057c5c                __gethex
 .text          0x0000000002058478      0x294 c:/altera/15.0/nios2eds/bin/gnu/h-x86_64-mingw32/bin/../lib/gcc/nios2-elf/4.9.1/../../../../../H-x86_64-mingw32/nios2-elf/lib\libc.a(lib_a-gdtoa-hexnan.o)
                0x0000000002058478                __hexnan
 .text          0x000000000205870c       0xc0 c:/altera/15.0/nios2eds/bin/gnu/h-x86_64-mingw32/bin/../lib/gcc/nios2-elf/4.9.1/../../../../../H-x86_64-mingw32/nios2-elf/lib\libc.a(lib_a-strncmp.o)
                0x000000000205870c                strncmp
 .text          0x00000000020587cc      0x174 c:/altera/15.0/nios2eds/bin/gnu/h-x86_64-mingw32/bin/../lib/gcc/nios2-elf/4.9.1/../../../../../H-x86_64-mingw32/nios2-elf/lib\libc.a(lib_a-wcrtomb.o)
                0x00000000020587cc                _wcrtomb_r
                0x0000000002058868                wcrtomb
 .text          0x0000000002058940       0x8c c:/altera/15.0/nios2eds/bin/gnu/h-x86_64-mingw32/bin/../lib/gcc/nios2-elf/4.9.1/../../../../../H-x86_64-mingw32/nios2-elf/lib\libc.a(lib_a-wctomb_r.o)
                0x0000000002058940                __ascii_wctomb
                0x0000000002058970                _wctomb_r
 .text          0x00000000020589cc       0x60 c:/altera/15.0/nios2eds/bin/gnu/h-x86_64-mingw32/bin/../lib/gcc/nios2-elf/4.9.1\libgcc.a(_muldi3.o)
                0x00000000020589cc                __muldi3
 .text          0x0000000002058a2c       0x74 c:/altera/15.0/nios2eds/bin/gnu/h-x86_64-mingw32/bin/../lib/gcc/nios2-elf/4.9.1\libgcc.a(_fixunsdfsi.o)
                0x0000000002058a2c                __fixunsdfsi
 .text          0x0000000002058aa0      0x5c0 c:/altera/15.0/nios2eds/bin/gnu/h-x86_64-mingw32/bin/../lib/gcc/nios2-elf/4.9.1\libgcc.a(_udivdi3.o)
                0x0000000002058aa0                __udivdi3
 .text          0x0000000002059060      0x590 c:/altera/15.0/nios2eds/bin/gnu/h-x86_64-mingw32/bin/../lib/gcc/nios2-elf/4.9.1\libgcc.a(_umoddi3.o)
                0x0000000002059060                __umoddi3
 .text          0x00000000020595f0       0x74 c:/altera/15.0/nios2eds/bin/gnu/h-x86_64-mingw32/bin/../lib/gcc/nios2-elf/4.9.1\libgcc.a(eqsf2.o)
                0x00000000020595f0                __eqsf2
                0x00000000020595f0                __nesf2
 .text          0x0000000002059664       0xb8 c:/altera/15.0/nios2eds/bin/gnu/h-x86_64-mingw32/bin/../lib/gcc/nios2-elf/4.9.1\libgcc.a(gesf2.o)
                0x0000000002059664                __gesf2
                0x0000000002059664                __gtsf2
 .text          0x000000000205971c       0xb8 c:/altera/15.0/nios2eds/bin/gnu/h-x86_64-mingw32/bin/../lib/gcc/nios2-elf/4.9.1\libgcc.a(lesf2.o)
                0x000000000205971c                __ltsf2
                0x000000000205971c                __lesf2
 .text          0x00000000020597d4      0x89c c:/altera/15.0/nios2eds/bin/gnu/h-x86_64-mingw32/bin/../lib/gcc/nios2-elf/4.9.1\libgcc.a(adddf3.o)
                0x00000000020597d4                __adddf3
 .text          0x000000000205a070       0x84 c:/altera/15.0/nios2eds/bin/gnu/h-x86_64-mingw32/bin/../lib/gcc/nios2-elf/4.9.1\libgcc.a(eqdf2.o)
                0x000000000205a070                __nedf2
                0x000000000205a070                __eqdf2
 .text          0x000000000205a0f4       0xe0 c:/altera/15.0/nios2eds/bin/gnu/h-x86_64-mingw32/bin/../lib/gcc/nios2-elf/4.9.1\libgcc.a(gedf2.o)
                0x000000000205a0f4                __gedf2
                0x000000000205a0f4                __gtdf2
 .text          0x000000000205a1d4       0xe0 c:/altera/15.0/nios2eds/bin/gnu/h-x86_64-mingw32/bin/../lib/gcc/nios2-elf/4.9.1\libgcc.a(ledf2.o)
                0x000000000205a1d4                __ledf2
                0x000000000205a1d4                __ltdf2
 .text          0x000000000205a2b4      0x724 c:/altera/15.0/nios2eds/bin/gnu/h-x86_64-mingw32/bin/../lib/gcc/nios2-elf/4.9.1\libgcc.a(muldf3.o)
                0x000000000205a2b4                __muldf3
 .text          0x000000000205a9d8      0x8d0 c:/altera/15.0/nios2eds/bin/gnu/h-x86_64-mingw32/bin/../lib/gcc/nios2-elf/4.9.1\libgcc.a(subdf3.o)
                0x000000000205a9d8                __subdf3
 .text          0x000000000205b2a8       0x88 c:/altera/15.0/nios2eds/bin/gnu/h-x86_64-mingw32/bin/../lib/gcc/nios2-elf/4.9.1\libgcc.a(fixdfsi.o)
                0x000000000205b2a8                __fixdfsi
 .text          0x000000000205b330       0xd0 c:/altera/15.0/nios2eds/bin/gnu/h-x86_64-mingw32/bin/../lib/gcc/nios2-elf/4.9.1\libgcc.a(floatsidf.o)
                0x000000000205b330                __floatsidf
 .text          0x000000000205b400       0xa4 c:/altera/15.0/nios2eds/bin/gnu/h-x86_64-mingw32/bin/../lib/gcc/nios2-elf/4.9.1\libgcc.a(floatunsidf.o)
                0x000000000205b400                __floatunsidf
 .text          0x000000000205b4a4      0x120 ../DE2_115_SD_CARD_bsp/\libhal_bsp.a(alt_close.o)
                0x000000000205b4f4                close
 .text          0x000000000205b5c4       0x2c ../DE2_115_SD_CARD_bsp/\libhal_bsp.a(alt_dev.o)
 .text          0x000000000205b5f0        0x0 ../DE2_115_SD_CARD_bsp/\libhal_bsp.a(alt_errno.o)
 .text          0x000000000205b5f0      0x100 ../DE2_115_SD_CARD_bsp/\libhal_bsp.a(alt_fstat.o)
                0x000000000205b640                fstat
 .text          0x000000000205b6f0       0xf4 ../DE2_115_SD_CARD_bsp/\libhal_bsp.a(alt_isatty.o)
                0x000000000205b740                isatty
 .text          0x000000000205b7e4       0xe4 ../DE2_115_SD_CARD_bsp/\libhal_bsp.a(alt_load.o)
                0x000000000205b848                alt_load
 .text          0x000000000205b8c8      0x124 ../DE2_115_SD_CARD_bsp/\libhal_bsp.a(alt_lseek.o)
                0x000000000205b918                lseek
 .text          0x000000000205b9ec       0x78 ../DE2_115_SD_CARD_bsp/\libhal_bsp.a(alt_main.o)
                0x000000000205b9ec                alt_main
 .text          0x000000000205ba64       0x40 ../DE2_115_SD_CARD_bsp/\libhal_bsp.a(alt_malloc_lock.o)
                0x000000000205ba64                __malloc_lock
                0x000000000205ba84                __malloc_unlock
 .text          0x000000000205baa4      0x274 ../DE2_115_SD_CARD_bsp/\libhal_bsp.a(alt_open.o)
                0x000000000205bbc0                open
 .text          0x000000000205bd18      0x14c ../DE2_115_SD_CARD_bsp/\libhal_bsp.a(alt_read.o)
                0x000000000205bd68                read
 .text          0x000000000205be64       0x60 ../DE2_115_SD_CARD_bsp/\libhal_bsp.a(alt_release_fd.o)
                0x000000000205be64                alt_release_fd
 .text          0x000000000205bec4       0xb0 ../DE2_115_SD_CARD_bsp/\libhal_bsp.a(alt_sbrk.o)
                0x000000000205bec4                sbrk
 .text          0x000000000205bf74      0x19c ../DE2_115_SD_CARD_bsp/\libhal_bsp.a(alt_tick.o)
                0x000000000205bf74                alt_alarm_stop
                0x000000000205c00c                alt_tick
 .text          0x000000000205c110       0x30 ../DE2_115_SD_CARD_bsp/\libhal_bsp.a(alt_usleep.o)
                0x000000000205c110                usleep
 .text          0x000000000205c140      0x148 ../DE2_115_SD_CARD_bsp/\libhal_bsp.a(alt_write.o)
                0x000000000205c190                write
 .text          0x000000000205c288      0x108 ../DE2_115_SD_CARD_bsp/\libhal_bsp.a(alt_sys_init.o)
                0x000000000205c2c0                alt_irq_init
                0x000000000205c2f4                alt_sys_init
 .text          0x000000000205c390      0x88c ../DE2_115_SD_CARD_bsp/\libhal_bsp.a(altera_avalon_cfi_flash.o)
                0x000000000205c3c8                alt_flash_cfi_init
                0x000000000205c458                alt_flash_cfi_write
                0x000000000205c700                alt_flash_cfi_get_info
                0x000000000205c78c                alt_flash_cfi_read
                0x000000000205c7f0                alt_write_value_to_flash
                0x000000000205c948                alt_flash_program_block
 .text          0x000000000205cc1c     0x1454 ../DE2_115_SD_CARD_bsp/\libhal_bsp.a(altera_avalon_cfi_flash_table.o)
                0x000000000205cc1c                alt_read_query_entry_8bit
                0x000000000205cc58                alt_read_query_entry_16bit
                0x000000000205cc98                alt_read_query_entry_32bit
                0x000000000205ccd8                alt_write_flash_command_8bit_device_8bit_mode
                0x000000000205cd1c                alt_write_flash_command_16bit_device_8bit_mode
                0x000000000205cd94                alt_write_flash_command_32bit_device_8bit_mode
                0x000000000205cde4                alt_write_flash_command_16bit_device_16bit_mode
                0x000000000205ce30                alt_write_flash_command_32bit_device_16bit_mode
                0x000000000205ce80                alt_write_flash_command_32bit_device_32bit_mode
                0x000000000205ced0                alt_write_native_8bit
                0x000000000205cf08                alt_write_native_16bit
                0x000000000205cf40                alt_write_native_32bit
                0x000000000205cf74                alt_set_flash_width_func
                0x000000000205d130                alt_set_flash_algorithm_func
                0x000000000205d24c                alt_read_cfi_table
                0x000000000205d814                alt_read_cfi_width
                0x000000000205df98                alt_check_primary_table
 .text          0x000000000205e070      0x164 ../DE2_115_SD_CARD_bsp/\libhal_bsp.a(altera_avalon_jtag_uart_fd.o)
                0x000000000205e070                altera_avalon_jtag_uart_read_fd
                0x000000000205e0d0                altera_avalon_jtag_uart_write_fd
                0x000000000205e130                altera_avalon_jtag_uart_close_fd
                0x000000000205e180                altera_avalon_jtag_uart_ioctl_fd
 .text          0x000000000205e1d4      0x3d8 ../DE2_115_SD_CARD_bsp/\libhal_bsp.a(altera_avalon_jtag_uart_init.o)
                0x000000000205e1d4                altera_avalon_jtag_uart_init
                0x000000000205e544                altera_avalon_jtag_uart_close
 .text          0x000000000205e5ac       0xec ../DE2_115_SD_CARD_bsp/\libhal_bsp.a(altera_avalon_jtag_uart_ioctl.o)
                0x000000000205e5ac                altera_avalon_jtag_uart_ioctl
 .text          0x000000000205e698      0x20c ../DE2_115_SD_CARD_bsp/\libhal_bsp.a(altera_avalon_jtag_uart_read.o)
                0x000000000205e698                altera_avalon_jtag_uart_read
 .text          0x000000000205e8a4      0x218 ../DE2_115_SD_CARD_bsp/\libhal_bsp.a(altera_avalon_jtag_uart_write.o)
                0x000000000205e8a4                altera_avalon_jtag_uart_write
 .text          0x000000000205eabc      0xe70 ../DE2_115_SD_CARD_bsp/\libhal_bsp.a(altera_avalon_lcd_16207.o)
                0x000000000205f260                altera_avalon_lcd_16207_write
                0x000000000205f7f4                altera_avalon_lcd_16207_init
 .text          0x000000000205f92c       0x60 ../DE2_115_SD_CARD_bsp/\libhal_bsp.a(altera_avalon_lcd_16207_fd.o)
                0x000000000205f92c                altera_avalon_lcd_16207_write_fd
 .text          0x000000000205f98c       0xfc ../DE2_115_SD_CARD_bsp/\libhal_bsp.a(altera_avalon_timer_sc.o)
                0x000000000205fa00                alt_avalon_timer_sc_init
 .text          0x000000000205fa88      0x110 ../DE2_115_SD_CARD_bsp/\libhal_bsp.a(altera_avalon_uart_fd.o)
                0x000000000205fa88                altera_avalon_uart_read_fd
                0x000000000205fae8                altera_avalon_uart_write_fd
                0x000000000205fb48                altera_avalon_uart_close_fd
 .text          0x000000000205fb98      0x3b8 ../DE2_115_SD_CARD_bsp/\libhal_bsp.a(altera_avalon_uart_init.o)
                0x000000000205fb98                altera_avalon_uart_init
                0x000000000205fefc                altera_avalon_uart_close
 .text          0x000000000205ff50      0x22c ../DE2_115_SD_CARD_bsp/\libhal_bsp.a(altera_avalon_uart_read.o)
                0x000000000205ffa0                altera_avalon_uart_read
 .text          0x000000000206017c      0x1fc ../DE2_115_SD_CARD_bsp/\libhal_bsp.a(altera_avalon_uart_write.o)
                0x00000000020601cc                altera_avalon_uart_write
 .text          0x0000000002060378      0x140 ../DE2_115_SD_CARD_bsp/\libhal_bsp.a(alt_alarm_start.o)
                0x0000000002060378                alt_alarm_start
 .text          0x00000000020604b8      0x158 ../DE2_115_SD_CARD_bsp/\libhal_bsp.a(alt_busy_sleep.o)
                0x00000000020604b8                alt_busy_sleep
 .text          0x0000000002060610       0x74 ../DE2_115_SD_CARD_bsp/\libhal_bsp.a(alt_dcache_flush.o)
                0x0000000002060610                alt_dcache_flush
 .text          0x0000000002060684       0x44 ../DE2_115_SD_CARD_bsp/\libhal_bsp.a(alt_dcache_flush_all.o)
                0x0000000002060684                alt_dcache_flush_all
 .text          0x00000000020606c8       0xf4 ../DE2_115_SD_CARD_bsp/\libhal_bsp.a(alt_dev_llist_insert.o)
                0x0000000002060718                alt_dev_llist_insert
 .text          0x00000000020607bc       0x5c ../DE2_115_SD_CARD_bsp/\libhal_bsp.a(alt_do_ctors.o)
                0x00000000020607bc                _do_ctors
 .text          0x0000000002060818       0x5c ../DE2_115_SD_CARD_bsp/\libhal_bsp.a(alt_do_dtors.o)
                0x0000000002060818                _do_dtors
 .text          0x0000000002060874       0x90 ../DE2_115_SD_CARD_bsp/\libhal_bsp.a(alt_find_dev.o)
                0x0000000002060874                alt_find_dev
 .text          0x0000000002060904      0x114 ../DE2_115_SD_CARD_bsp/\libhal_bsp.a(alt_find_file.o)
                0x0000000002060904                alt_find_file
 .text          0x0000000002060a18       0xb8 ../DE2_115_SD_CARD_bsp/\libhal_bsp.a(alt_flash_dev.o)
                0x0000000002060a18                alt_flash_open_dev
                0x0000000002060a80                alt_flash_close_dev
 .text          0x0000000002060ad0       0xb4 ../DE2_115_SD_CARD_bsp/\libhal_bsp.a(alt_get_fd.o)
                0x0000000002060ad0                alt_get_fd
 .text          0x0000000002060b84       0x30 ../DE2_115_SD_CARD_bsp/\libhal_bsp.a(alt_icache_flush_all.o)
                0x0000000002060b84                alt_icache_flush_all
 .text          0x0000000002060bb4      0x1e0 ../DE2_115_SD_CARD_bsp/\libhal_bsp.a(alt_iic.o)
                0x0000000002060bb4                alt_ic_isr_register
                0x0000000002060c04                alt_ic_irq_enable
                0x0000000002060ca4                alt_ic_irq_disable
                0x0000000002060d48                alt_ic_irq_enabled
 .text          0x0000000002060d94       0xf0 ../DE2_115_SD_CARD_bsp/\libhal_bsp.a(alt_iic_isr_register.o)
                0x0000000002060d94                alt_iic_isr_register
 .text          0x0000000002060e84      0x138 ../DE2_115_SD_CARD_bsp/\libhal_bsp.a(alt_io_redirect.o)
                0x0000000002060f44                alt_io_redirect
 .text          0x0000000002060fbc        0x0 ../DE2_115_SD_CARD_bsp/\libhal_bsp.a(alt_irq_entry.o)
 .text          0x0000000002060fbc        0x0 ../DE2_115_SD_CARD_bsp/\libhal_bsp.a(alt_irq_handler.o)
 .text          0x0000000002060fbc        0x0 ../DE2_115_SD_CARD_bsp/\libhal_bsp.a(alt_irq_vars.o)
 .text          0x0000000002060fbc       0x20 ../DE2_115_SD_CARD_bsp/\libhal_bsp.a(altera_nios2_qsys_irq.o)
                0x0000000002060fbc                altera_nios2_qsys_irq_init
 .text          0x0000000002060fdc      0x460 ../DE2_115_SD_CARD_bsp/\libhal_bsp.a(altera_avalon_cfi_flash_amd.o)
                0x0000000002060fdc                alt_program_amd
                0x0000000002061044                alt_erase_block_amd
 .text          0x000000000206143c      0x454 ../DE2_115_SD_CARD_bsp/\libhal_bsp.a(altera_avalon_cfi_flash_intel.o)
                0x000000000206143c                alt_program_intel
                0x00000000020614bc                alt_erase_block_intel
 .text          0x0000000002061890        0x0 ../DE2_115_SD_CARD_bsp/\libhal_bsp.a(alt_exception_entry.o)
 .text          0x0000000002061890       0x8c ../DE2_115_SD_CARD_bsp/\libhal_bsp.a(alt_icache_flush.o)
                0x0000000002061890                alt_icache_flush
 .text          0x000000000206191c       0x14 c:/altera/15.0/nios2eds/bin/gnu/h-x86_64-mingw32/bin/../lib/gcc/nios2-elf/4.9.1/../../../../../H-x86_64-mingw32/nios2-elf/lib\libc.a(lib_a-atexit.o)
                0x000000000206191c                atexit
 .text          0x0000000002061930       0x38 c:/altera/15.0/nios2eds/bin/gnu/h-x86_64-mingw32/bin/../lib/gcc/nios2-elf/4.9.1/../../../../../H-x86_64-mingw32/nios2-elf/lib\libc.a(lib_a-exit.o)
                0x0000000002061930                exit
 .text          0x0000000002061968       0x7c c:/altera/15.0/nios2eds/bin/gnu/h-x86_64-mingw32/bin/../lib/gcc/nios2-elf/4.9.1/../../../../../H-x86_64-mingw32/nios2-elf/lib\libc.a(lib_a-memcmp.o)
                0x0000000002061968                memcmp
 .text          0x00000000020619e4      0x114 c:/altera/15.0/nios2eds/bin/gnu/h-x86_64-mingw32/bin/../lib/gcc/nios2-elf/4.9.1/../../../../../H-x86_64-mingw32/nios2-elf/lib\libc.a(lib_a-__atexit.o)
                0x00000000020619e4                __register_exitproc
 .text          0x0000000002061af8      0x194 c:/altera/15.0/nios2eds/bin/gnu/h-x86_64-mingw32/bin/../lib/gcc/nios2-elf/4.9.1/../../../../../H-x86_64-mingw32/nios2-elf/lib\libc.a(lib_a-__call_atexit.o)
                0x0000000002061af8                __call_exitprocs
 .text          0x0000000002061c8c       0x34 ../DE2_115_SD_CARD_bsp/\libhal_bsp.a(alt_exit.o)
                0x0000000002061c8c                _exit
 *(.gnu.warning.*)
 *(.fini)
                0x0000000002061cc0                PROVIDE (__etext, ABSOLUTE (.))
                0x0000000002061cc0                PROVIDE (_etext, ABSOLUTE (.))
                0x0000000002061cc0                PROVIDE (etext, ABSOLUTE (.))
 *(.eh_frame_hdr)
                0x0000000002061cc0                . = ALIGN (0x4)
                0x0000000002061cc0                PROVIDE (__preinit_array_start, ABSOLUTE (.))
 *(.preinit_array)
                0x0000000002061cc0                PROVIDE (__preinit_array_end, ABSOLUTE (.))
                0x0000000002061cc0                PROVIDE (__init_array_start, ABSOLUTE (.))
 *(.init_array)
                0x0000000002061cc0                PROVIDE (__init_array_end, ABSOLUTE (.))
                0x0000000002061cc0                PROVIDE (__fini_array_start, ABSOLUTE (.))
 *(.fini_array)
                0x0000000002061cc0                PROVIDE (__fini_array_end, ABSOLUTE (.))
 *(.eh_frame)
 *(.gcc_except_table .gcc_except_table.*)
 *(.dynamic)
                0x0000000002061cc0                PROVIDE (__CTOR_LIST__, ABSOLUTE (.))
 *(.ctors)
 *(SORT(.ctors.*))
                0x0000000002061cc0                PROVIDE (__CTOR_END__, ABSOLUTE (.))
                0x0000000002061cc0                PROVIDE (__DTOR_LIST__, ABSOLUTE (.))
 *(.dtors)
 *(SORT(.dtors.*))
                0x0000000002061cc0                PROVIDE (__DTOR_END__, ABSOLUTE (.))
 *(.jcr)
                0x0000000002061cc0                . = ALIGN (0x4)

.rodata         0x0000000002061cc0      0xba0
                0x0000000002061cc0                PROVIDE (__ram_rodata_start, ABSOLUTE (.))
                0x0000000002061cc0                . = ALIGN (0x4)
 *(.rodata .rodata.* .gnu.linkonce.r.*)
 .rodata        0x0000000002061cc0      0x210 obj/default/main.o
 .rodata        0x0000000002061ed0       0x20 obj/default/terasic_fat/FatInternal.o
 .rodata        0x0000000002061ef0       0x10 obj/default/terasic_lib/debug.o
 .rodata        0x0000000002061f00      0x200 obj/default/terasic_sdcard/crc16.o
 .rodata        0x0000000002062100      0x100 obj/default/terasic_sdcard/crc7.o
 .rodata        0x0000000002062200      0x100 c:/altera/15.0/nios2eds/bin/gnu/h-x86_64-mingw32/bin/../lib/gcc/nios2-elf/4.9.1\libgcc.a(_clz.o)
                0x0000000002062200                __clz_tab
 .rodata.str1.4
                0x0000000002062300        0x2 c:/altera/15.0/nios2eds/bin/gnu/h-x86_64-mingw32/bin/../lib/gcc/nios2-elf/4.9.1/../../../../../H-x86_64-mingw32/nios2-elf/lib\libc.a(lib_a-impure.o)
                                          0x4 (size before relaxing)
 *fill*         0x0000000002062302        0x2 
 .rodata.str1.4
                0x0000000002062304        0x2 c:/altera/15.0/nios2eds/bin/gnu/h-x86_64-mingw32/bin/../lib/gcc/nios2-elf/4.9.1/../../../../../H-x86_64-mingw32/nios2-elf/lib\libc.a(lib_a-puts.o)
                                          0x4 (size before relaxing)
 *fill*         0x0000000002062306        0x2 
 .rodata.str1.4
                0x0000000002062308       0x42 c:/altera/15.0/nios2eds/bin/gnu/h-x86_64-mingw32/bin/../lib/gcc/nios2-elf/4.9.1/../../../../../H-x86_64-mingw32/nios2-elf/lib\libc.a(lib_a-svfprintf.o)
                                         0x44 (size before relaxing)
 .rodata        0x000000000206234a       0x20 c:/altera/15.0/nios2eds/bin/gnu/h-x86_64-mingw32/bin/../lib/gcc/nios2-elf/4.9.1/../../../../../H-x86_64-mingw32/nios2-elf/lib\libc.a(lib_a-svfprintf.o)
 .rodata.str1.4
                0x0000000000000000       0x44 c:/altera/15.0/nios2eds/bin/gnu/h-x86_64-mingw32/bin/../lib/gcc/nios2-elf/4.9.1/../../../../../H-x86_64-mingw32/nios2-elf/lib\libc.a(lib_a-vfprintf.o)
 .rodata        0x000000000206236a       0x20 c:/altera/15.0/nios2eds/bin/gnu/h-x86_64-mingw32/bin/../lib/gcc/nios2-elf/4.9.1/../../../../../H-x86_64-mingw32/nios2-elf/lib\libc.a(lib_a-vfprintf.o)
 *fill*         0x000000000206238a        0x2 
 .rodata.str1.4
                0x000000000206238c        0x5 c:/altera/15.0/nios2eds/bin/gnu/h-x86_64-mingw32/bin/../lib/gcc/nios2-elf/4.9.1/../../../../../H-x86_64-mingw32/nios2-elf/lib\libc.a(lib_a-vfscanf.o)
                                          0x8 (size before relaxing)
 *fill*         0x0000000002062391        0x1 
 .rodata        0x0000000002062392       0x22 c:/altera/15.0/nios2eds/bin/gnu/h-x86_64-mingw32/bin/../lib/gcc/nios2-elf/4.9.1/../../../../../H-x86_64-mingw32/nios2-elf/lib\libc.a(lib_a-vfscanf.o)
 .rodata        0x00000000020623b4      0x281 c:/altera/15.0/nios2eds/bin/gnu/h-x86_64-mingw32/bin/../lib/gcc/nios2-elf/4.9.1/../../../../../H-x86_64-mingw32/nios2-elf/lib\libc.a(lib_a-ctype_.o)
                0x00000000020623b4                _ctype_
 *fill*         0x0000000002062635        0x3 
 .rodata.str1.4
                0x0000000002062638       0x10 c:/altera/15.0/nios2eds/bin/gnu/h-x86_64-mingw32/bin/../lib/gcc/nios2-elf/4.9.1/../../../../../H-x86_64-mingw32/nios2-elf/lib\libc.a(lib_a-dtoa.o)
                                         0x14 (size before relaxing)
 .rodata.str1.4
                0x0000000002062648        0xa c:/altera/15.0/nios2eds/bin/gnu/h-x86_64-mingw32/bin/../lib/gcc/nios2-elf/4.9.1/../../../../../H-x86_64-mingw32/nios2-elf/lib\libc.a(lib_a-locale.o)
                                         0x14 (size before relaxing)
 .rodata.str1.4
                0x0000000000000000        0x4 c:/altera/15.0/nios2eds/bin/gnu/h-x86_64-mingw32/bin/../lib/gcc/nios2-elf/4.9.1/../../../../../H-x86_64-mingw32/nios2-elf/lib\libc.a(lib_a-mbrtowc.o)
 *fill*         0x0000000002062652        0x2 
 .rodata        0x0000000002062654      0x124 c:/altera/15.0/nios2eds/bin/gnu/h-x86_64-mingw32/bin/../lib/gcc/nios2-elf/4.9.1/../../../../../H-x86_64-mingw32/nios2-elf/lib\libc.a(lib_a-mprec.o)
                0x0000000002062660                __mprec_tinytens
                0x0000000002062688                __mprec_bigtens
                0x00000000020626b0                __mprec_tens
 .rodata.str1.4
                0x0000000002062778        0xf c:/altera/15.0/nios2eds/bin/gnu/h-x86_64-mingw32/bin/../lib/gcc/nios2-elf/4.9.1/../../../../../H-x86_64-mingw32/nios2-elf/lib\libc.a(lib_a-strtod.o)
                                         0x10 (size before relaxing)
 *fill*         0x0000000002062787        0x1 
 .rodata        0x0000000002062788       0x28 c:/altera/15.0/nios2eds/bin/gnu/h-x86_64-mingw32/bin/../lib/gcc/nios2-elf/4.9.1/../../../../../H-x86_64-mingw32/nios2-elf/lib\libc.a(lib_a-strtod.o)
 .rodata.str1.4
                0x0000000000000000       0x30 c:/altera/15.0/nios2eds/bin/gnu/h-x86_64-mingw32/bin/../lib/gcc/nios2-elf/4.9.1/../../../../../H-x86_64-mingw32/nios2-elf/lib\libc.a(lib_a-svfiprintf.o)
 .rodata        0x00000000020627b0       0x20 c:/altera/15.0/nios2eds/bin/gnu/h-x86_64-mingw32/bin/../lib/gcc/nios2-elf/4.9.1/../../../../../H-x86_64-mingw32/nios2-elf/lib\libc.a(lib_a-svfiprintf.o)
 .rodata.str1.4
                0x0000000000000000       0x30 c:/altera/15.0/nios2eds/bin/gnu/h-x86_64-mingw32/bin/../lib/gcc/nios2-elf/4.9.1/../../../../../H-x86_64-mingw32/nios2-elf/lib\libc.a(lib_a-vfiprintf.o)
 .rodata        0x00000000020627d0       0x20 c:/altera/15.0/nios2eds/bin/gnu/h-x86_64-mingw32/bin/../lib/gcc/nios2-elf/4.9.1/../../../../../H-x86_64-mingw32/nios2-elf/lib\libc.a(lib_a-vfiprintf.o)
 .rodata.str1.4
                0x00000000020627f0       0x1c c:/altera/15.0/nios2eds/bin/gnu/h-x86_64-mingw32/bin/../lib/gcc/nios2-elf/4.9.1/../../../../../H-x86_64-mingw32/nios2-elf/lib\libc.a(lib_a-gdtoa-gethex.o)
 .rodata        0x000000000206280c        0xc ../DE2_115_SD_CARD_bsp/\libhal_bsp.a(alt_dev.o)
 .rodata        0x0000000002062818       0x10 ../DE2_115_SD_CARD_bsp/\libhal_bsp.a(alt_main.o)
 .rodata        0x0000000002062828       0x38 ../DE2_115_SD_CARD_bsp/\libhal_bsp.a(alt_sys_init.o)
 *(.rodata1)
                0x0000000002062860                . = ALIGN (0x4)
                0x0000000002062860                PROVIDE (__ram_rodata_end, ABSOLUTE (.))
                0x0000000002061cc0                PROVIDE (__flash_rodata_start, LOADADDR (.rodata))

.rwdata         0x0000000002062860     0x1de8 load address 0x0000000002064648
                0x0000000002062860                PROVIDE (__ram_rwdata_start, ABSOLUTE (.))
                0x0000000002062860                . = ALIGN (0x4)
 *(.got.plt)
 *(.got)
 *(.data1)
 *(.data .data.* .gnu.linkonce.d.*)
 .data          0x0000000002062860        0x0 ../DE2_115_SD_CARD_bsp//obj/HAL/src/crt0.o
 .data          0x0000000002062860        0x0 obj/default/main.o
 .data          0x0000000002062860        0x0 obj/default/terasic_fat/FatFileSystem.o
 .data          0x0000000002062860        0x0 obj/default/terasic_fat/FatInternal.o
 .data          0x0000000002062860        0x0 obj/default/terasic_lib/debug.o
 .data          0x0000000002062860        0x0 obj/default/terasic_sdcard/crc16.o
 .data          0x0000000002062860        0x0 obj/default/terasic_sdcard/crc7.o
 .data          0x0000000002062860        0x0 obj/default/terasic_sdcard/sd_hal.o
 .data          0x0000000002062860        0x0 obj/default/terasic_sdcard/sd_lib.o
 .data          0x0000000002062860        0x0 obj/default/terasic_sdcard/sd_protocol.o
 .data          0x0000000002062860        0x0 c:/altera/15.0/nios2eds/bin/gnu/h-x86_64-mingw32/bin/../lib/gcc/nios2-elf/4.9.1\libgcc.a(lib2-divmod.o)
 .data          0x0000000002062860        0x0 c:/altera/15.0/nios2eds/bin/gnu/h-x86_64-mingw32/bin/../lib/gcc/nios2-elf/4.9.1\libgcc.a(divsf3.o)
 .data          0x0000000002062860        0x0 c:/altera/15.0/nios2eds/bin/gnu/h-x86_64-mingw32/bin/../lib/gcc/nios2-elf/4.9.1\libgcc.a(mulsf3.o)
 .data          0x0000000002062860        0x0 c:/altera/15.0/nios2eds/bin/gnu/h-x86_64-mingw32/bin/../lib/gcc/nios2-elf/4.9.1\libgcc.a(floatunsisf.o)
 .data          0x0000000002062860        0x0 c:/altera/15.0/nios2eds/bin/gnu/h-x86_64-mingw32/bin/../lib/gcc/nios2-elf/4.9.1\libgcc.a(divdf3.o)
 .data          0x0000000002062860        0x0 c:/altera/15.0/nios2eds/bin/gnu/h-x86_64-mingw32/bin/../lib/gcc/nios2-elf/4.9.1\libgcc.a(extendsfdf2.o)
 .data          0x0000000002062860        0x0 c:/altera/15.0/nios2eds/bin/gnu/h-x86_64-mingw32/bin/../lib/gcc/nios2-elf/4.9.1\libgcc.a(truncdfsf2.o)
 .data          0x0000000002062860        0x0 c:/altera/15.0/nios2eds/bin/gnu/h-x86_64-mingw32/bin/../lib/gcc/nios2-elf/4.9.1\libgcc.a(_clzsi2.o)
 .data          0x0000000002062860        0x0 c:/altera/15.0/nios2eds/bin/gnu/h-x86_64-mingw32/bin/../lib/gcc/nios2-elf/4.9.1\libgcc.a(_clz.o)
 .data          0x0000000002062860        0x0 c:/altera/15.0/nios2eds/bin/gnu/h-x86_64-mingw32/bin/../lib/gcc/nios2-elf/4.9.1/../../../../../H-x86_64-mingw32/nios2-elf/lib\libc.a(lib_a-fclose.o)
 .data          0x0000000002062860        0x0 c:/altera/15.0/nios2eds/bin/gnu/h-x86_64-mingw32/bin/../lib/gcc/nios2-elf/4.9.1/../../../../../H-x86_64-mingw32/nios2-elf/lib\libc.a(lib_a-fflush.o)
 .data          0x0000000002062860        0x0 c:/altera/15.0/nios2eds/bin/gnu/h-x86_64-mingw32/bin/../lib/gcc/nios2-elf/4.9.1/../../../../../H-x86_64-mingw32/nios2-elf/lib\libc.a(lib_a-findfp.o)
 .data          0x0000000002062860        0x0 c:/altera/15.0/nios2eds/bin/gnu/h-x86_64-mingw32/bin/../lib/gcc/nios2-elf/4.9.1/../../../../../H-x86_64-mingw32/nios2-elf/lib\libc.a(lib_a-fopen.o)
 .data          0x0000000002062860        0x0 c:/altera/15.0/nios2eds/bin/gnu/h-x86_64-mingw32/bin/../lib/gcc/nios2-elf/4.9.1/../../../../../H-x86_64-mingw32/nios2-elf/lib\libc.a(lib_a-freer.o)
 .data          0x0000000002062860        0x0 c:/altera/15.0/nios2eds/bin/gnu/h-x86_64-mingw32/bin/../lib/gcc/nios2-elf/4.9.1/../../../../../H-x86_64-mingw32/nios2-elf/lib\libc.a(lib_a-fseek.o)
 .data          0x0000000002062860        0x0 c:/altera/15.0/nios2eds/bin/gnu/h-x86_64-mingw32/bin/../lib/gcc/nios2-elf/4.9.1/../../../../../H-x86_64-mingw32/nios2-elf/lib\libc.a(lib_a-fstatr.o)
 .data          0x0000000002062860        0x0 c:/altera/15.0/nios2eds/bin/gnu/h-x86_64-mingw32/bin/../lib/gcc/nios2-elf/4.9.1/../../../../../H-x86_64-mingw32/nios2-elf/lib\libc.a(lib_a-fwalk.o)
 .data          0x0000000002062860        0x0 c:/altera/15.0/nios2eds/bin/gnu/h-x86_64-mingw32/bin/../lib/gcc/nios2-elf/4.9.1/../../../../../H-x86_64-mingw32/nios2-elf/lib\libc.a(lib_a-fwrite.o)
 .data          0x0000000002062860      0x424 c:/altera/15.0/nios2eds/bin/gnu/h-x86_64-mingw32/bin/../lib/gcc/nios2-elf/4.9.1/../../../../../H-x86_64-mingw32/nios2-elf/lib\libc.a(lib_a-impure.o)
 .data          0x0000000002062c84        0x0 c:/altera/15.0/nios2eds/bin/gnu/h-x86_64-mingw32/bin/../lib/gcc/nios2-elf/4.9.1/../../../../../H-x86_64-mingw32/nios2-elf/lib\libc.a(lib_a-int_errno.o)
 .data          0x0000000002062c84        0x0 c:/altera/15.0/nios2eds/bin/gnu/h-x86_64-mingw32/bin/../lib/gcc/nios2-elf/4.9.1/../../../../../H-x86_64-mingw32/nios2-elf/lib\libc.a(lib_a-makebuf.o)
 .data          0x0000000002062c84        0x0 c:/altera/15.0/nios2eds/bin/gnu/h-x86_64-mingw32/bin/../lib/gcc/nios2-elf/4.9.1/../../../../../H-x86_64-mingw32/nios2-elf/lib\libc.a(lib_a-malloc.o)
 .data          0x0000000002062c84      0x408 c:/altera/15.0/nios2eds/bin/gnu/h-x86_64-mingw32/bin/../lib/gcc/nios2-elf/4.9.1/../../../../../H-x86_64-mingw32/nios2-elf/lib\libc.a(lib_a-mallocr.o)
                0x0000000002062c84                __malloc_av_
 .data          0x000000000206308c        0x0 c:/altera/15.0/nios2eds/bin/gnu/h-x86_64-mingw32/bin/../lib/gcc/nios2-elf/4.9.1/../../../../../H-x86_64-mingw32/nios2-elf/lib\libc.a(lib_a-memcpy.o)
 .data          0x000000000206308c        0x0 c:/altera/15.0/nios2eds/bin/gnu/h-x86_64-mingw32/bin/../lib/gcc/nios2-elf/4.9.1/../../../../../H-x86_64-mingw32/nios2-elf/lib\libc.a(lib_a-memset.o)
 .data          0x000000000206308c        0x0 c:/altera/15.0/nios2eds/bin/gnu/h-x86_64-mingw32/bin/../lib/gcc/nios2-elf/4.9.1/../../../../../H-x86_64-mingw32/nios2-elf/lib\libc.a(lib_a-openr.o)
 .data          0x000000000206308c        0x0 c:/altera/15.0/nios2eds/bin/gnu/h-x86_64-mingw32/bin/../lib/gcc/nios2-elf/4.9.1/../../../../../H-x86_64-mingw32/nios2-elf/lib\libc.a(lib_a-printf.o)
 .data          0x000000000206308c        0x0 c:/altera/15.0/nios2eds/bin/gnu/h-x86_64-mingw32/bin/../lib/gcc/nios2-elf/4.9.1/../../../../../H-x86_64-mingw32/nios2-elf/lib\libc.a(lib_a-putchar.o)
 .data          0x000000000206308c        0x0 c:/altera/15.0/nios2eds/bin/gnu/h-x86_64-mingw32/bin/../lib/gcc/nios2-elf/4.9.1/../../../../../H-x86_64-mingw32/nios2-elf/lib\libc.a(lib_a-puts.o)
 .data          0x000000000206308c        0x0 c:/altera/15.0/nios2eds/bin/gnu/h-x86_64-mingw32/bin/../lib/gcc/nios2-elf/4.9.1/../../../../../H-x86_64-mingw32/nios2-elf/lib\libc.a(lib_a-refill.o)
 .data          0x000000000206308c        0x0 c:/altera/15.0/nios2eds/bin/gnu/h-x86_64-mingw32/bin/../lib/gcc/nios2-elf/4.9.1/../../../../../H-x86_64-mingw32/nios2-elf/lib\libc.a(lib_a-sbrkr.o)
 .data          0x000000000206308c        0x0 c:/altera/15.0/nios2eds/bin/gnu/h-x86_64-mingw32/bin/../lib/gcc/nios2-elf/4.9.1/../../../../../H-x86_64-mingw32/nios2-elf/lib\libc.a(lib_a-scanf.o)
 .data          0x000000000206308c        0x0 c:/altera/15.0/nios2eds/bin/gnu/h-x86_64-mingw32/bin/../lib/gcc/nios2-elf/4.9.1/../../../../../H-x86_64-mingw32/nios2-elf/lib\libc.a(lib_a-sprintf.o)
 .data          0x000000000206308c        0x0 c:/altera/15.0/nios2eds/bin/gnu/h-x86_64-mingw32/bin/../lib/gcc/nios2-elf/4.9.1/../../../../../H-x86_64-mingw32/nios2-elf/lib\libc.a(lib_a-stdio.o)
 .data          0x000000000206308c        0x0 c:/altera/15.0/nios2eds/bin/gnu/h-x86_64-mingw32/bin/../lib/gcc/nios2-elf/4.9.1/../../../../../H-x86_64-mingw32/nios2-elf/lib\libc.a(lib_a-strcasecmp.o)
 .data          0x000000000206308c        0x0 c:/altera/15.0/nios2eds/bin/gnu/h-x86_64-mingw32/bin/../lib/gcc/nios2-elf/4.9.1/../../../../../H-x86_64-mingw32/nios2-elf/lib\libc.a(lib_a-strlen.o)
 .data          0x000000000206308c        0x0 c:/altera/15.0/nios2eds/bin/gnu/h-x86_64-mingw32/bin/../lib/gcc/nios2-elf/4.9.1/../../../../../H-x86_64-mingw32/nios2-elf/lib\libc.a(lib_a-svfprintf.o)
 .data          0x000000000206308c        0x0 c:/altera/15.0/nios2eds/bin/gnu/h-x86_64-mingw32/bin/../lib/gcc/nios2-elf/4.9.1/../../../../../H-x86_64-mingw32/nios2-elf/lib\libc.a(lib_a-vfprintf.o)
 .data          0x000000000206308c        0x0 c:/altera/15.0/nios2eds/bin/gnu/h-x86_64-mingw32/bin/../lib/gcc/nios2-elf/4.9.1/../../../../../H-x86_64-mingw32/nios2-elf/lib\libc.a(lib_a-vfscanf.o)
 .data          0x000000000206308c        0x0 c:/altera/15.0/nios2eds/bin/gnu/h-x86_64-mingw32/bin/../lib/gcc/nios2-elf/4.9.1/../../../../../H-x86_64-mingw32/nios2-elf/lib\libc.a(lib_a-vsnprintf.o)
 .data          0x000000000206308c        0x0 c:/altera/15.0/nios2eds/bin/gnu/h-x86_64-mingw32/bin/../lib/gcc/nios2-elf/4.9.1/../../../../../H-x86_64-mingw32/nios2-elf/lib\libc.a(lib_a-writer.o)
 .data          0x000000000206308c        0x0 c:/altera/15.0/nios2eds/bin/gnu/h-x86_64-mingw32/bin/../lib/gcc/nios2-elf/4.9.1/../../../../../H-x86_64-mingw32/nios2-elf/lib\libc.a(lib_a-wsetup.o)
 .data          0x000000000206308c        0x0 c:/altera/15.0/nios2eds/bin/gnu/h-x86_64-mingw32/bin/../lib/gcc/nios2-elf/4.9.1/../../../../../H-x86_64-mingw32/nios2-elf/lib\libc.a(closer.o)
 .data          0x000000000206308c        0x0 c:/altera/15.0/nios2eds/bin/gnu/h-x86_64-mingw32/bin/../lib/gcc/nios2-elf/4.9.1/../../../../../H-x86_64-mingw32/nios2-elf/lib\libc.a(lib_a-ctype_.o)
 .data          0x000000000206308c        0x0 c:/altera/15.0/nios2eds/bin/gnu/h-x86_64-mingw32/bin/../lib/gcc/nios2-elf/4.9.1/../../../../../H-x86_64-mingw32/nios2-elf/lib\libc.a(lib_a-dtoa.o)
 .data          0x000000000206308c        0x0 c:/altera/15.0/nios2eds/bin/gnu/h-x86_64-mingw32/bin/../lib/gcc/nios2-elf/4.9.1/../../../../../H-x86_64-mingw32/nios2-elf/lib\libc.a(lib_a-flags.o)
 .data          0x000000000206308c        0x0 c:/altera/15.0/nios2eds/bin/gnu/h-x86_64-mingw32/bin/../lib/gcc/nios2-elf/4.9.1/../../../../../H-x86_64-mingw32/nios2-elf/lib\libc.a(lib_a-fread.o)
 .data          0x000000000206308c        0x0 c:/altera/15.0/nios2eds/bin/gnu/h-x86_64-mingw32/bin/../lib/gcc/nios2-elf/4.9.1/../../../../../H-x86_64-mingw32/nios2-elf/lib\libc.a(lib_a-fvwrite.o)
 .data          0x000000000206308c        0x0 c:/altera/15.0/nios2eds/bin/gnu/h-x86_64-mingw32/bin/../lib/gcc/nios2-elf/4.9.1/../../../../../H-x86_64-mingw32/nios2-elf/lib\libc.a(lib_a-isattyr.o)
 .data          0x000000000206308c        0x0 c:/altera/15.0/nios2eds/bin/gnu/h-x86_64-mingw32/bin/../lib/gcc/nios2-elf/4.9.1/../../../../../H-x86_64-mingw32/nios2-elf/lib\libc.a(lib_a-iswspace.o)
 .data          0x000000000206308c       0x78 c:/altera/15.0/nios2eds/bin/gnu/h-x86_64-mingw32/bin/../lib/gcc/nios2-elf/4.9.1/../../../../../H-x86_64-mingw32/nios2-elf/lib\libc.a(lib_a-locale.o)
 .data          0x0000000002063104        0x0 c:/altera/15.0/nios2eds/bin/gnu/h-x86_64-mingw32/bin/../lib/gcc/nios2-elf/4.9.1/../../../../../H-x86_64-mingw32/nios2-elf/lib\libc.a(lib_a-lseekr.o)
 .data          0x0000000002063104        0x0 c:/altera/15.0/nios2eds/bin/gnu/h-x86_64-mingw32/bin/../lib/gcc/nios2-elf/4.9.1/../../../../../H-x86_64-mingw32/nios2-elf/lib\libc.a(lib_a-mbrtowc.o)
 .data          0x0000000002063104        0x0 c:/altera/15.0/nios2eds/bin/gnu/h-x86_64-mingw32/bin/../lib/gcc/nios2-elf/4.9.1/../../../../../H-x86_64-mingw32/nios2-elf/lib\libc.a(lib_a-mbtowc_r.o)
 .data          0x0000000002063104        0x0 c:/altera/15.0/nios2eds/bin/gnu/h-x86_64-mingw32/bin/../lib/gcc/nios2-elf/4.9.1/../../../../../H-x86_64-mingw32/nios2-elf/lib\libc.a(lib_a-memchr.o)
 .data          0x0000000002063104        0x0 c:/altera/15.0/nios2eds/bin/gnu/h-x86_64-mingw32/bin/../lib/gcc/nios2-elf/4.9.1/../../../../../H-x86_64-mingw32/nios2-elf/lib\libc.a(lib_a-memmove.o)
 .data          0x0000000002063104        0x0 c:/altera/15.0/nios2eds/bin/gnu/h-x86_64-mingw32/bin/../lib/gcc/nios2-elf/4.9.1/../../../../../H-x86_64-mingw32/nios2-elf/lib\libc.a(lib_a-mprec.o)
 .data          0x0000000002063104        0x0 c:/altera/15.0/nios2eds/bin/gnu/h-x86_64-mingw32/bin/../lib/gcc/nios2-elf/4.9.1/../../../../../H-x86_64-mingw32/nios2-elf/lib\libc.a(lib_a-putc.o)
 .data          0x0000000002063104        0x0 c:/altera/15.0/nios2eds/bin/gnu/h-x86_64-mingw32/bin/../lib/gcc/nios2-elf/4.9.1/../../../../../H-x86_64-mingw32/nios2-elf/lib\libc.a(lib_a-readr.o)
 .data          0x0000000002063104        0x0 c:/altera/15.0/nios2eds/bin/gnu/h-x86_64-mingw32/bin/../lib/gcc/nios2-elf/4.9.1/../../../../../H-x86_64-mingw32/nios2-elf/lib\libc.a(lib_a-reallocr.o)
 .data          0x0000000002063104        0x0 c:/altera/15.0/nios2eds/bin/gnu/h-x86_64-mingw32/bin/../lib/gcc/nios2-elf/4.9.1/../../../../../H-x86_64-mingw32/nios2-elf/lib\libc.a(lib_a-s_fpclassify.o)
 .data          0x0000000002063104        0x0 c:/altera/15.0/nios2eds/bin/gnu/h-x86_64-mingw32/bin/../lib/gcc/nios2-elf/4.9.1/../../../../../H-x86_64-mingw32/nios2-elf/lib\libc.a(lib_a-sccl.o)
 .data          0x0000000002063104        0x0 c:/altera/15.0/nios2eds/bin/gnu/h-x86_64-mingw32/bin/../lib/gcc/nios2-elf/4.9.1/../../../../../H-x86_64-mingw32/nios2-elf/lib\libc.a(lib_a-sf_nan.o)
 .data          0x0000000002063104        0x0 c:/altera/15.0/nios2eds/bin/gnu/h-x86_64-mingw32/bin/../lib/gcc/nios2-elf/4.9.1/../../../../../H-x86_64-mingw32/nios2-elf/lib\libc.a(lib_a-strcmp.o)
 .data          0x0000000002063104       0x28 c:/altera/15.0/nios2eds/bin/gnu/h-x86_64-mingw32/bin/../lib/gcc/nios2-elf/4.9.1/../../../../../H-x86_64-mingw32/nios2-elf/lib\libc.a(lib_a-strtod.o)
 .data          0x000000000206312c        0x0 c:/altera/15.0/nios2eds/bin/gnu/h-x86_64-mingw32/bin/../lib/gcc/nios2-elf/4.9.1/../../../../../H-x86_64-mingw32/nios2-elf/lib\libc.a(lib_a-strtol.o)
 .data          0x000000000206312c        0x0 c:/altera/15.0/nios2eds/bin/gnu/h-x86_64-mingw32/bin/../lib/gcc/nios2-elf/4.9.1/../../../../../H-x86_64-mingw32/nios2-elf/lib\libc.a(lib_a-strtoll_r.o)
 .data          0x000000000206312c        0x0 c:/altera/15.0/nios2eds/bin/gnu/h-x86_64-mingw32/bin/../lib/gcc/nios2-elf/4.9.1/../../../../../H-x86_64-mingw32/nios2-elf/lib\libc.a(lib_a-strtoul.o)
 .data          0x000000000206312c        0x0 c:/altera/15.0/nios2eds/bin/gnu/h-x86_64-mingw32/bin/../lib/gcc/nios2-elf/4.9.1/../../../../../H-x86_64-mingw32/nios2-elf/lib\libc.a(lib_a-strtoull_r.o)
 .data          0x000000000206312c        0x0 c:/altera/15.0/nios2eds/bin/gnu/h-x86_64-mingw32/bin/../lib/gcc/nios2-elf/4.9.1/../../../../../H-x86_64-mingw32/nios2-elf/lib\libc.a(lib_a-svfiprintf.o)
 .data          0x000000000206312c        0x0 c:/altera/15.0/nios2eds/bin/gnu/h-x86_64-mingw32/bin/../lib/gcc/nios2-elf/4.9.1/../../../../../H-x86_64-mingw32/nios2-elf/lib\libc.a(lib_a-ungetc.o)
 .data          0x000000000206312c        0x0 c:/altera/15.0/nios2eds/bin/gnu/h-x86_64-mingw32/bin/../lib/gcc/nios2-elf/4.9.1/../../../../../H-x86_64-mingw32/nios2-elf/lib\libc.a(lib_a-vfiprintf.o)
 .data          0x000000000206312c        0x0 c:/altera/15.0/nios2eds/bin/gnu/h-x86_64-mingw32/bin/../lib/gcc/nios2-elf/4.9.1/../../../../../H-x86_64-mingw32/nios2-elf/lib\libc.a(lib_a-wbuf.o)
 .data          0x000000000206312c        0x0 c:/altera/15.0/nios2eds/bin/gnu/h-x86_64-mingw32/bin/../lib/gcc/nios2-elf/4.9.1/../../../../../H-x86_64-mingw32/nios2-elf/lib\libc.a(lib_a-callocr.o)
 .data          0x000000000206312c        0x0 c:/altera/15.0/nios2eds/bin/gnu/h-x86_64-mingw32/bin/../lib/gcc/nios2-elf/4.9.1/../../../../../H-x86_64-mingw32/nios2-elf/lib\libc.a(lib_a-fputwc.o)
 .data          0x000000000206312c        0x0 c:/altera/15.0/nios2eds/bin/gnu/h-x86_64-mingw32/bin/../lib/gcc/nios2-elf/4.9.1/../../../../../H-x86_64-mingw32/nios2-elf/lib\libc.a(lib_a-gdtoa-gethex.o)
 .data          0x000000000206312c        0x0 c:/altera/15.0/nios2eds/bin/gnu/h-x86_64-mingw32/bin/../lib/gcc/nios2-elf/4.9.1/../../../../../H-x86_64-mingw32/nios2-elf/lib\libc.a(lib_a-gdtoa-hexnan.o)
 .data          0x000000000206312c        0x0 c:/altera/15.0/nios2eds/bin/gnu/h-x86_64-mingw32/bin/../lib/gcc/nios2-elf/4.9.1/../../../../../H-x86_64-mingw32/nios2-elf/lib\libc.a(lib_a-strncmp.o)
 .data          0x000000000206312c        0x0 c:/altera/15.0/nios2eds/bin/gnu/h-x86_64-mingw32/bin/../lib/gcc/nios2-elf/4.9.1/../../../../../H-x86_64-mingw32/nios2-elf/lib\libc.a(lib_a-wcrtomb.o)
 .data          0x000000000206312c        0x0 c:/altera/15.0/nios2eds/bin/gnu/h-x86_64-mingw32/bin/../lib/gcc/nios2-elf/4.9.1/../../../../../H-x86_64-mingw32/nios2-elf/lib\libc.a(lib_a-wctomb_r.o)
 .data          0x000000000206312c        0x0 c:/altera/15.0/nios2eds/bin/gnu/h-x86_64-mingw32/bin/../lib/gcc/nios2-elf/4.9.1\libgcc.a(_muldi3.o)
 .data          0x000000000206312c        0x0 c:/altera/15.0/nios2eds/bin/gnu/h-x86_64-mingw32/bin/../lib/gcc/nios2-elf/4.9.1\libgcc.a(_fixunsdfsi.o)
 .data          0x000000000206312c        0x0 c:/altera/15.0/nios2eds/bin/gnu/h-x86_64-mingw32/bin/../lib/gcc/nios2-elf/4.9.1\libgcc.a(_udivdi3.o)
 .data          0x000000000206312c        0x0 c:/altera/15.0/nios2eds/bin/gnu/h-x86_64-mingw32/bin/../lib/gcc/nios2-elf/4.9.1\libgcc.a(_umoddi3.o)
 .data          0x000000000206312c        0x0 c:/altera/15.0/nios2eds/bin/gnu/h-x86_64-mingw32/bin/../lib/gcc/nios2-elf/4.9.1\libgcc.a(eqsf2.o)
 .data          0x000000000206312c        0x0 c:/altera/15.0/nios2eds/bin/gnu/h-x86_64-mingw32/bin/../lib/gcc/nios2-elf/4.9.1\libgcc.a(gesf2.o)
 .data          0x000000000206312c        0x0 c:/altera/15.0/nios2eds/bin/gnu/h-x86_64-mingw32/bin/../lib/gcc/nios2-elf/4.9.1\libgcc.a(lesf2.o)
 .data          0x000000000206312c        0x0 c:/altera/15.0/nios2eds/bin/gnu/h-x86_64-mingw32/bin/../lib/gcc/nios2-elf/4.9.1\libgcc.a(adddf3.o)
 .data          0x000000000206312c        0x0 c:/altera/15.0/nios2eds/bin/gnu/h-x86_64-mingw32/bin/../lib/gcc/nios2-elf/4.9.1\libgcc.a(eqdf2.o)
 .data          0x000000000206312c        0x0 c:/altera/15.0/nios2eds/bin/gnu/h-x86_64-mingw32/bin/../lib/gcc/nios2-elf/4.9.1\libgcc.a(gedf2.o)
 .data          0x000000000206312c        0x0 c:/altera/15.0/nios2eds/bin/gnu/h-x86_64-mingw32/bin/../lib/gcc/nios2-elf/4.9.1\libgcc.a(ledf2.o)
 .data          0x000000000206312c        0x0 c:/altera/15.0/nios2eds/bin/gnu/h-x86_64-mingw32/bin/../lib/gcc/nios2-elf/4.9.1\libgcc.a(muldf3.o)
 .data          0x000000000206312c        0x0 c:/altera/15.0/nios2eds/bin/gnu/h-x86_64-mingw32/bin/../lib/gcc/nios2-elf/4.9.1\libgcc.a(subdf3.o)
 .data          0x000000000206312c        0x0 c:/altera/15.0/nios2eds/bin/gnu/h-x86_64-mingw32/bin/../lib/gcc/nios2-elf/4.9.1\libgcc.a(fixdfsi.o)
 .data          0x000000000206312c        0x0 c:/altera/15.0/nios2eds/bin/gnu/h-x86_64-mingw32/bin/../lib/gcc/nios2-elf/4.9.1\libgcc.a(floatsidf.o)
 .data          0x000000000206312c        0x0 c:/altera/15.0/nios2eds/bin/gnu/h-x86_64-mingw32/bin/../lib/gcc/nios2-elf/4.9.1\libgcc.a(floatunsidf.o)
 .data          0x000000000206312c        0x0 ../DE2_115_SD_CARD_bsp/\libhal_bsp.a(alt_close.o)
 .data          0x000000000206312c      0x1a8 ../DE2_115_SD_CARD_bsp/\libhal_bsp.a(alt_dev.o)
                0x000000000206312c                alt_dev_null
                0x0000000002063154                alt_fd_list
 .data          0x00000000020632d4        0x0 ../DE2_115_SD_CARD_bsp/\libhal_bsp.a(alt_errno.o)
 .data          0x00000000020632d4        0x0 ../DE2_115_SD_CARD_bsp/\libhal_bsp.a(alt_fstat.o)
 .data          0x00000000020632d4        0x0 ../DE2_115_SD_CARD_bsp/\libhal_bsp.a(alt_isatty.o)
 .data          0x00000000020632d4        0x0 ../DE2_115_SD_CARD_bsp/\libhal_bsp.a(alt_load.o)
 .data          0x00000000020632d4        0x0 ../DE2_115_SD_CARD_bsp/\libhal_bsp.a(alt_lseek.o)
 .data          0x00000000020632d4        0x0 ../DE2_115_SD_CARD_bsp/\libhal_bsp.a(alt_main.o)
 .data          0x00000000020632d4        0x0 ../DE2_115_SD_CARD_bsp/\libhal_bsp.a(alt_malloc_lock.o)
 .data          0x00000000020632d4        0x0 ../DE2_115_SD_CARD_bsp/\libhal_bsp.a(alt_open.o)
 .data          0x00000000020632d4        0x0 ../DE2_115_SD_CARD_bsp/\libhal_bsp.a(alt_read.o)
 .data          0x00000000020632d4        0x0 ../DE2_115_SD_CARD_bsp/\libhal_bsp.a(alt_release_fd.o)
 .data          0x00000000020632d4        0x0 ../DE2_115_SD_CARD_bsp/\libhal_bsp.a(alt_sbrk.o)
 .data          0x00000000020632d4        0x0 ../DE2_115_SD_CARD_bsp/\libhal_bsp.a(alt_tick.o)
 .data          0x00000000020632d4        0x0 ../DE2_115_SD_CARD_bsp/\libhal_bsp.a(alt_usleep.o)
 .data          0x00000000020632d4        0x0 ../DE2_115_SD_CARD_bsp/\libhal_bsp.a(alt_write.o)
 .data          0x00000000020632d4     0x1320 ../DE2_115_SD_CARD_bsp/\libhal_bsp.a(alt_sys_init.o)
 .data          0x00000000020645f4        0x0 ../DE2_115_SD_CARD_bsp/\libhal_bsp.a(altera_avalon_cfi_flash.o)
 .data          0x00000000020645f4        0x0 ../DE2_115_SD_CARD_bsp/\libhal_bsp.a(altera_avalon_cfi_flash_table.o)
 .data          0x00000000020645f4        0x0 ../DE2_115_SD_CARD_bsp/\libhal_bsp.a(altera_avalon_jtag_uart_fd.o)
 .data          0x00000000020645f4        0x0 ../DE2_115_SD_CARD_bsp/\libhal_bsp.a(altera_avalon_jtag_uart_init.o)
 .data          0x00000000020645f4        0x0 ../DE2_115_SD_CARD_bsp/\libhal_bsp.a(altera_avalon_jtag_uart_ioctl.o)
 .data          0x00000000020645f4        0x0 ../DE2_115_SD_CARD_bsp/\libhal_bsp.a(altera_avalon_jtag_uart_read.o)
 .data          0x00000000020645f4        0x0 ../DE2_115_SD_CARD_bsp/\libhal_bsp.a(altera_avalon_jtag_uart_write.o)
 .data          0x00000000020645f4        0x0 ../DE2_115_SD_CARD_bsp/\libhal_bsp.a(altera_avalon_lcd_16207.o)
 .data          0x00000000020645f4        0x0 ../DE2_115_SD_CARD_bsp/\libhal_bsp.a(altera_avalon_lcd_16207_fd.o)
 .data          0x00000000020645f4        0x0 ../DE2_115_SD_CARD_bsp/\libhal_bsp.a(altera_avalon_timer_sc.o)
 .data          0x00000000020645f4        0x0 ../DE2_115_SD_CARD_bsp/\libhal_bsp.a(altera_avalon_uart_fd.o)
 .data          0x00000000020645f4        0x0 ../DE2_115_SD_CARD_bsp/\libhal_bsp.a(altera_avalon_uart_init.o)
 .data          0x00000000020645f4        0x0 ../DE2_115_SD_CARD_bsp/\libhal_bsp.a(altera_avalon_uart_read.o)
 .data          0x00000000020645f4        0x0 ../DE2_115_SD_CARD_bsp/\libhal_bsp.a(altera_avalon_uart_write.o)
 .data          0x00000000020645f4        0x0 ../DE2_115_SD_CARD_bsp/\libhal_bsp.a(alt_alarm_start.o)
 .data          0x00000000020645f4        0x0 ../DE2_115_SD_CARD_bsp/\libhal_bsp.a(alt_busy_sleep.o)
 .data          0x00000000020645f4        0x0 ../DE2_115_SD_CARD_bsp/\libhal_bsp.a(alt_dcache_flush.o)
 .data          0x00000000020645f4        0x0 ../DE2_115_SD_CARD_bsp/\libhal_bsp.a(alt_dcache_flush_all.o)
 .data          0x00000000020645f4        0x0 ../DE2_115_SD_CARD_bsp/\libhal_bsp.a(alt_dev_llist_insert.o)
 .data          0x00000000020645f4        0x0 ../DE2_115_SD_CARD_bsp/\libhal_bsp.a(alt_do_ctors.o)
 .data          0x00000000020645f4        0x0 ../DE2_115_SD_CARD_bsp/\libhal_bsp.a(alt_do_dtors.o)
 .data          0x00000000020645f4        0x0 ../DE2_115_SD_CARD_bsp/\libhal_bsp.a(alt_find_dev.o)
 .data          0x00000000020645f4        0x0 ../DE2_115_SD_CARD_bsp/\libhal_bsp.a(alt_find_file.o)
 .data          0x00000000020645f4        0x0 ../DE2_115_SD_CARD_bsp/\libhal_bsp.a(alt_flash_dev.o)
 .data          0x00000000020645f4        0x0 ../DE2_115_SD_CARD_bsp/\libhal_bsp.a(alt_get_fd.o)
 .data          0x00000000020645f4        0x0 ../DE2_115_SD_CARD_bsp/\libhal_bsp.a(alt_icache_flush_all.o)
 .data          0x00000000020645f4        0x0 ../DE2_115_SD_CARD_bsp/\libhal_bsp.a(alt_iic.o)
 .data          0x00000000020645f4        0x0 ../DE2_115_SD_CARD_bsp/\libhal_bsp.a(alt_iic_isr_register.o)
 .data          0x00000000020645f4        0x0 ../DE2_115_SD_CARD_bsp/\libhal_bsp.a(alt_io_redirect.o)
 .data          0x00000000020645f4        0x0 ../DE2_115_SD_CARD_bsp/\libhal_bsp.a(alt_irq_entry.o)
 .data          0x00000000020645f4        0x0 ../DE2_115_SD_CARD_bsp/\libhal_bsp.a(alt_irq_handler.o)
 .data          0x00000000020645f4        0x0 ../DE2_115_SD_CARD_bsp/\libhal_bsp.a(alt_irq_vars.o)
 .data          0x00000000020645f4        0x0 ../DE2_115_SD_CARD_bsp/\libhal_bsp.a(altera_nios2_qsys_irq.o)
 .data          0x00000000020645f4        0x0 ../DE2_115_SD_CARD_bsp/\libhal_bsp.a(altera_avalon_cfi_flash_amd.o)
 .data          0x00000000020645f4        0x0 ../DE2_115_SD_CARD_bsp/\libhal_bsp.a(altera_avalon_cfi_flash_intel.o)
 .data          0x00000000020645f4        0x0 ../DE2_115_SD_CARD_bsp/\libhal_bsp.a(alt_exception_entry.o)
 .data          0x00000000020645f4        0x0 ../DE2_115_SD_CARD_bsp/\libhal_bsp.a(alt_icache_flush.o)
 .data          0x00000000020645f4        0x0 c:/altera/15.0/nios2eds/bin/gnu/h-x86_64-mingw32/bin/../lib/gcc/nios2-elf/4.9.1/../../../../../H-x86_64-mingw32/nios2-elf/lib\libc.a(lib_a-atexit.o)
 .data          0x00000000020645f4        0x0 c:/altera/15.0/nios2eds/bin/gnu/h-x86_64-mingw32/bin/../lib/gcc/nios2-elf/4.9.1/../../../../../H-x86_64-mingw32/nios2-elf/lib\libc.a(lib_a-exit.o)
 .data          0x00000000020645f4        0x0 c:/altera/15.0/nios2eds/bin/gnu/h-x86_64-mingw32/bin/../lib/gcc/nios2-elf/4.9.1/../../../../../H-x86_64-mingw32/nios2-elf/lib\libc.a(lib_a-memcmp.o)
 .data          0x00000000020645f4        0x0 c:/altera/15.0/nios2eds/bin/gnu/h-x86_64-mingw32/bin/../lib/gcc/nios2-elf/4.9.1/../../../../../H-x86_64-mingw32/nios2-elf/lib\libc.a(lib_a-__atexit.o)
 .data          0x00000000020645f4        0x0 c:/altera/15.0/nios2eds/bin/gnu/h-x86_64-mingw32/bin/../lib/gcc/nios2-elf/4.9.1/../../../../../H-x86_64-mingw32/nios2-elf/lib\libc.a(lib_a-__call_atexit.o)
 .data          0x00000000020645f4        0x0 ../DE2_115_SD_CARD_bsp/\libhal_bsp.a(alt_exit.o)
                0x000000000206c5f4                _gp = ABSOLUTE ((. + 0x8000))
                0x000000000206c5f4                PROVIDE (gp, _gp)
 *(.rwdata .rwdata.*)
 *(.sdata .sdata.* .gnu.linkonce.s.*)
 .sdata         0x00000000020645f4        0x8 c:/altera/15.0/nios2eds/bin/gnu/h-x86_64-mingw32/bin/../lib/gcc/nios2-elf/4.9.1/../../../../../H-x86_64-mingw32/nios2-elf/lib\libc.a(lib_a-impure.o)
                0x00000000020645f4                _global_impure_ptr
                0x00000000020645f8                _impure_ptr
 .sdata         0x00000000020645fc        0x8 c:/altera/15.0/nios2eds/bin/gnu/h-x86_64-mingw32/bin/../lib/gcc/nios2-elf/4.9.1/../../../../../H-x86_64-mingw32/nios2-elf/lib\libc.a(lib_a-mallocr.o)
                0x00000000020645fc                __malloc_sbrk_base
                0x0000000002064600                __malloc_trim_threshold
 .sdata         0x0000000002064604        0x4 c:/altera/15.0/nios2eds/bin/gnu/h-x86_64-mingw32/bin/../lib/gcc/nios2-elf/4.9.1/../../../../../H-x86_64-mingw32/nios2-elf/lib\libc.a(lib_a-ctype_.o)
                0x0000000002064604                __ctype_ptr__
 .sdata         0x0000000002064608        0x4 c:/altera/15.0/nios2eds/bin/gnu/h-x86_64-mingw32/bin/../lib/gcc/nios2-elf/4.9.1/../../../../../H-x86_64-mingw32/nios2-elf/lib\libc.a(lib_a-locale.o)
                0x0000000002064608                __mb_cur_max
 .sdata         0x000000000206460c        0x4 c:/altera/15.0/nios2eds/bin/gnu/h-x86_64-mingw32/bin/../lib/gcc/nios2-elf/4.9.1/../../../../../H-x86_64-mingw32/nios2-elf/lib\libc.a(lib_a-mbtowc_r.o)
                0x000000000206460c                __mbtowc
 .sdata         0x0000000002064610        0x4 c:/altera/15.0/nios2eds/bin/gnu/h-x86_64-mingw32/bin/../lib/gcc/nios2-elf/4.9.1/../../../../../H-x86_64-mingw32/nios2-elf/lib\libc.a(lib_a-wctomb_r.o)
                0x0000000002064610                __wctomb
 .sdata         0x0000000002064614       0x14 ../DE2_115_SD_CARD_bsp/\libhal_bsp.a(alt_dev.o)
                0x0000000002064614                alt_fs_list
                0x000000000206461c                alt_dev_list
                0x0000000002064624                alt_max_fd
 .sdata         0x0000000002064628        0x4 ../DE2_115_SD_CARD_bsp/\libhal_bsp.a(alt_errno.o)
                0x0000000002064628                alt_errno
 .sdata         0x000000000206462c        0x4 ../DE2_115_SD_CARD_bsp/\libhal_bsp.a(alt_sbrk.o)
 .sdata         0x0000000002064630        0x8 ../DE2_115_SD_CARD_bsp/\libhal_bsp.a(alt_tick.o)
                0x0000000002064630                alt_alarm_list
 .sdata         0x0000000002064638        0x4 ../DE2_115_SD_CARD_bsp/\libhal_bsp.a(altera_avalon_lcd_16207.o)
 .sdata         0x000000000206463c        0x8 ../DE2_115_SD_CARD_bsp/\libhal_bsp.a(alt_flash_dev.o)
                0x000000000206463c                alt_flash_dev_list
 .sdata         0x0000000002064644        0x4 ../DE2_115_SD_CARD_bsp/\libhal_bsp.a(alt_irq_vars.o)
                0x0000000002064644                alt_priority_mask
 *(.sdata2 .sdata2.* .gnu.linkonce.s2.*)
                0x0000000002064648                . = ALIGN (0x4)
                0x0000000002064648                _edata = ABSOLUTE (.)
                0x0000000002064648                PROVIDE (edata, ABSOLUTE (.))
                0x0000000002064648                PROVIDE (__ram_rwdata_end, ABSOLUTE (.))
                0x0000000002064648                PROVIDE (__flash_rwdata_start, LOADADDR (.rwdata))

.bss            0x0000000002066430      0x298
                0x0000000002066430                __bss_start = ABSOLUTE (.)
                0x0000000002066430                PROVIDE (__sbss_start, ABSOLUTE (.))
                0x0000000002066430                PROVIDE (___sbss_start, ABSOLUTE (.))
 *(.dynsbss)
 *(.sbss .sbss.* .gnu.linkonce.sb.*)
 .sbss          0x0000000002066430        0x4 obj/default/main.o
 .sbss          0x0000000002066434        0x4 c:/altera/15.0/nios2eds/bin/gnu/h-x86_64-mingw32/bin/../lib/gcc/nios2-elf/4.9.1/../../../../../H-x86_64-mingw32/nios2-elf/lib\libc.a(lib_a-int_errno.o)
                0x0000000002066434                errno
 .sbss          0x0000000002066438        0xc c:/altera/15.0/nios2eds/bin/gnu/h-x86_64-mingw32/bin/../lib/gcc/nios2-elf/4.9.1/../../../../../H-x86_64-mingw32/nios2-elf/lib\libc.a(lib_a-mallocr.o)
                0x0000000002066438                __malloc_max_total_mem
                0x000000000206643c                __malloc_max_sbrked_mem
                0x0000000002066440                __malloc_top_pad
 .sbss          0x0000000002066444        0xc c:/altera/15.0/nios2eds/bin/gnu/h-x86_64-mingw32/bin/../lib/gcc/nios2-elf/4.9.1/../../../../../H-x86_64-mingw32/nios2-elf/lib\libc.a(lib_a-locale.o)
                0x0000000002066444                _PathLocale
                0x0000000002066448                __mlocale_changed
                0x000000000206644c                __nlocale_changed
 .sbss          0x0000000002066450        0xc ../DE2_115_SD_CARD_bsp/\libhal_bsp.a(alt_main.o)
                0x0000000002066450                alt_argc
                0x0000000002066454                alt_argv
                0x0000000002066458                alt_envp
 .sbss          0x000000000206645c        0x8 ../DE2_115_SD_CARD_bsp/\libhal_bsp.a(alt_tick.o)
                0x000000000206645c                _alt_tick_rate
                0x0000000002066460                _alt_nticks
 .sbss          0x0000000002066464        0x4 ../DE2_115_SD_CARD_bsp/\libhal_bsp.a(alt_irq_vars.o)
                0x0000000002066464                alt_irq_active
 *(.sbss2 .sbss2.* .gnu.linkonce.sb2.*)
 *(.scommon)
                0x0000000002066468                PROVIDE (__sbss_end, ABSOLUTE (.))
                0x0000000002066468                PROVIDE (___sbss_end, ABSOLUTE (.))
 *(.dynbss)
 *(.bss .bss.* .gnu.linkonce.b.*)
 .bss           0x0000000002066468        0x0 ../DE2_115_SD_CARD_bsp//obj/HAL/src/crt0.o
 .bss           0x0000000002066468        0x0 obj/default/main.o
 .bss           0x0000000002066468        0x0 obj/default/terasic_fat/FatFileSystem.o
 .bss           0x0000000002066468        0x0 obj/default/terasic_fat/FatInternal.o
 .bss           0x0000000002066468        0x0 obj/default/terasic_lib/debug.o
 .bss           0x0000000002066468        0x0 obj/default/terasic_sdcard/crc16.o
 .bss           0x0000000002066468        0x0 obj/default/terasic_sdcard/crc7.o
 .bss           0x0000000002066468        0x0 obj/default/terasic_sdcard/sd_hal.o
 .bss           0x0000000002066468       0x38 obj/default/terasic_sdcard/sd_lib.o
 .bss           0x00000000020664a0        0x0 obj/default/terasic_sdcard/sd_protocol.o
 .bss           0x00000000020664a0        0x0 c:/altera/15.0/nios2eds/bin/gnu/h-x86_64-mingw32/bin/../lib/gcc/nios2-elf/4.9.1\libgcc.a(lib2-divmod.o)
 .bss           0x00000000020664a0        0x0 c:/altera/15.0/nios2eds/bin/gnu/h-x86_64-mingw32/bin/../lib/gcc/nios2-elf/4.9.1\libgcc.a(divsf3.o)
 .bss           0x00000000020664a0        0x0 c:/altera/15.0/nios2eds/bin/gnu/h-x86_64-mingw32/bin/../lib/gcc/nios2-elf/4.9.1\libgcc.a(mulsf3.o)
 .bss           0x00000000020664a0        0x0 c:/altera/15.0/nios2eds/bin/gnu/h-x86_64-mingw32/bin/../lib/gcc/nios2-elf/4.9.1\libgcc.a(floatunsisf.o)
 .bss           0x00000000020664a0        0x0 c:/altera/15.0/nios2eds/bin/gnu/h-x86_64-mingw32/bin/../lib/gcc/nios2-elf/4.9.1\libgcc.a(divdf3.o)
 .bss           0x00000000020664a0        0x0 c:/altera/15.0/nios2eds/bin/gnu/h-x86_64-mingw32/bin/../lib/gcc/nios2-elf/4.9.1\libgcc.a(extendsfdf2.o)
 .bss           0x00000000020664a0        0x0 c:/altera/15.0/nios2eds/bin/gnu/h-x86_64-mingw32/bin/../lib/gcc/nios2-elf/4.9.1\libgcc.a(truncdfsf2.o)
 .bss           0x00000000020664a0        0x0 c:/altera/15.0/nios2eds/bin/gnu/h-x86_64-mingw32/bin/../lib/gcc/nios2-elf/4.9.1\libgcc.a(_clzsi2.o)
 .bss           0x00000000020664a0        0x0 c:/altera/15.0/nios2eds/bin/gnu/h-x86_64-mingw32/bin/../lib/gcc/nios2-elf/4.9.1\libgcc.a(_clz.o)
 .bss           0x00000000020664a0        0x0 c:/altera/15.0/nios2eds/bin/gnu/h-x86_64-mingw32/bin/../lib/gcc/nios2-elf/4.9.1/../../../../../H-x86_64-mingw32/nios2-elf/lib\libc.a(lib_a-fclose.o)